Component: ARM Compiler 5.06 update 6 (build 750) Tool: armlink [4d35ed]

==============================================================================

Section Cross References

    startup_stm32l052xx.o(RESET) refers to startup_stm32l052xx.o(STACK) for __initial_sp
    startup_stm32l052xx.o(RESET) refers to startup_stm32l052xx.o(.text) for Reset_Handler
    startup_stm32l052xx.o(RESET) refers to stm32l0xx_it.o(i.NMI_Handler) for NMI_Handler
    startup_stm32l052xx.o(RESET) refers to stm32l0xx_it.o(i.HardFault_Handler) for HardFault_Handler
    startup_stm32l052xx.o(RESET) refers to stm32l0xx_it.o(i.SVC_Handler) for SVC_Handler
    startup_stm32l052xx.o(RESET) refers to stm32l0xx_it.o(i.PendSV_Handler) for PendSV_Handler
    startup_stm32l052xx.o(RESET) refers to stm32l0xx_it.o(i.SysTick_Handler) for SysTick_Handler
    startup_stm32l052xx.o(RESET) refers to stm32l0xx_it.o(i.RTC_IRQHandler) for RTC_IRQHandler
    startup_stm32l052xx.o(RESET) refers to stm32l0xx_it.o(i.EXTI0_1_IRQHandler) for EXTI0_1_IRQHandler
    startup_stm32l052xx.o(RESET) refers to stm32l0xx_it.o(i.EXTI4_15_IRQHandler) for EXTI4_15_IRQHandler
    startup_stm32l052xx.o(RESET) refers to stm32l0xx_it.o(i.DMA1_Channel2_3_IRQHandler) for DMA1_Channel2_3_IRQHandler
    startup_stm32l052xx.o(RESET) refers to stm32l0xx_it.o(i.DMA1_Channel4_5_6_7_IRQHandler) for DMA1_Channel4_5_6_7_IRQHandler
    startup_stm32l052xx.o(RESET) refers to stm32l0xx_it.o(i.TIM6_DAC_IRQHandler) for TIM6_DAC_IRQHandler
    startup_stm32l052xx.o(.text) refers to system_stm32l0xx.o(i.SystemInit) for SystemInit
    startup_stm32l052xx.o(.text) refers to entry.o(.ARM.Collect$$$$00000000) for __main
    st_sigfox_init.o(i.ST_Sigfox_Init) refers to s2lp_aux_utils.o(i.S2LPManagementGetXtalFrequency) for S2LPManagementGetXtalFrequency
    st_sigfox_init.o(i.ST_Sigfox_Init) refers to rf_api.o(i.ST_RF_API_set_xtal_freq) for ST_RF_API_set_xtal_freq
    st_sigfox_init.o(i.ST_Sigfox_Init) refers to nvm_api.o(i.SetNVMInitial) for SetNVMInitial
    st_sigfox_init.o(i.ST_Sigfox_Init) refers to retriever_api.o(.text) for enc_utils_retrieve_data_from_flash
    st_sigfox_init.o(i.ST_Sigfox_Init) refers to rf_api.o(i.ST_RF_API_set_rssi_offset) for ST_RF_API_set_rssi_offset
    st_sigfox_init.o(i.ST_Sigfox_Init) refers to rf_api.o(i.ST_RF_API_set_lbt_thr_offset) for ST_RF_API_set_lbt_thr_offset
    st_sigfox_init.o(i.ST_Sigfox_Init) refers to st_sigfox_init.o(i.St_Sigfox_Open_RCZ) for St_Sigfox_Open_RCZ
    st_sigfox_init.o(i.ST_Sigfox_Init) refers to st_sigfox_init.o(.constdata) for .constdata
    st_sigfox_init.o(i.ST_Sigfox_Init) refers to sdk_utils_flash.o(.noinit.sigfox_nvm_data) for nvm_data
    st_sigfox_init.o(i.ST_Sigfox_Init) refers to sdk_utils_flash.o(.noinit.sigfox_board_data) for board_data
    st_sigfox_init.o(i.ST_Sigfox_SetPublicKey) refers to retriever_api.o(.text) for enc_utils_set_public_key
    st_sigfox_init.o(i.St_Sigfox_Open_RCZ) refers to st_sigfox_init.o(i.__ARM_common_switch8) for __ARM_common_switch8
    st_sigfox_init.o(i.St_Sigfox_Open_RCZ) refers to memcpya.o(.text) for __aeabi_memcpy4
    st_sigfox_init.o(i.St_Sigfox_Open_RCZ) refers to sigfox_api.o(.text) for SIGFOX_API_open
    st_sigfox_init.o(i.St_Sigfox_Open_RCZ) refers to st_sigfox_init.o(.constdata) for .constdata
    main.o(i.MCU_Config) refers to main.o(i.ST_Init) for ST_Init
    main.o(i.MCU_Config) refers to st_sigfox_init.o(i.ST_Sigfox_Init) for ST_Sigfox_Init
    main.o(i.MCU_Config) refers to printf5.o(i.__0printf$5) for __2printf
    main.o(i.MCU_Config) refers to tim.o(i.ST_MCU_API_TimerCalibration) for ST_MCU_API_TimerCalibration
    main.o(i.MCU_Config) refers to rf_api.o(i.ST_RF_API_set_xtal_freq) for ST_RF_API_set_xtal_freq
    main.o(i.MCU_Config) refers to rf_api.o(i.ST_RF_API_set_freq_offset) for ST_RF_API_set_freq_offset
    main.o(i.MCU_Config) refers to rf_api.o(i.ST_RF_API_set_rssi_offset) for ST_RF_API_set_rssi_offset
    main.o(i.MCU_Config) refers to rf_api.o(i.ST_RF_API_set_lbt_thr_offset) for ST_RF_API_set_lbt_thr_offset
    main.o(i.MCU_Config) refers to memseta.o(.text) for __aeabi_memclr
    main.o(i.ST_Init) refers to gpio.o(i.S2LPShutdownInit) for S2LPShutdownInit
    main.o(i.ST_Init) refers to stm32l0xx_hal.o(i.HAL_Delay) for HAL_Delay
    main.o(i.ST_Init) refers to gpio.o(i.S2LPShutdownExit) for S2LPShutdownExit
    main.o(i.ST_Init) refers to stm32l0xx_hal_tim.o(i.HAL_TIM_Base_Start_IT) for HAL_TIM_Base_Start_IT
    main.o(i.ST_Init) refers to s2lp_aux_utils.o(i.S2LPRadioSetXtalFrequency) for S2LPRadioSetXtalFrequency
    main.o(i.ST_Init) refers to s2lp_aux_utils.o(i.S2LPManagementSetBand) for S2LPManagementSetBand
    main.o(i.ST_Init) refers to s2lp_aux_utils.o(i.S2LPManagementSetRangeExtender) for S2LPManagementSetRangeExtender
    main.o(i.ST_Init) refers to gpio.o(i.S2LPIRQInit) for S2LPIRQInit
    main.o(i.ST_Init) refers to gpio.o(i.S2LPIRQEnable) for S2LPIRQEnable
[...]
    LSM6DSL_ACC_GetAxes                      0x08006b29   Thumb Code   116  lsm6dsl.o(i.LSM6DSL_ACC_GetAxes)
    LSM6DSL_ACC_GetAxesRaw                   0x08006b9d   Thumb Code    44  lsm6dsl.o(i.LSM6DSL_ACC_GetAxesRaw)
    LSM6DSL_ACC_GetFullScale                 0x08006bc9   Thumb Code    64  lsm6dsl.o(i.LSM6DSL_ACC_GetFullScale)
    LSM6DSL_ACC_GetOutputDataRate            0x08006c0d   Thumb Code   100  lsm6dsl.o(i.LSM6DSL_ACC_GetOutputDataRate)
    LSM6DSL_ACC_GetSensitivity               0x08006ca1   Thumb Code    64  lsm6dsl.o(i.LSM6DSL_ACC_GetSensitivity)
    LSM6DSL_ACC_SetFullScale                 0x08006cf5   Thumb Code    44  lsm6dsl.o(i.LSM6DSL_ACC_SetFullScale)
    LSM6DSL_ACC_SetOutputDataRate            0x08006d21   Thumb Code   116  lsm6dsl.o(i.LSM6DSL_ACC_SetOutputDataRate)
    LSM6DSL_DeInit                           0x08006e4d   Thumb Code    44  lsm6dsl.o(i.LSM6DSL_DeInit)
    LSM6DSL_GYRO_Disable                     0x08006e79   Thumb Code    62  lsm6dsl.o(i.LSM6DSL_GYRO_Disable)
    LSM6DSL_GYRO_Enable                      0x08006eb7   Thumb Code    40  lsm6dsl.o(i.LSM6DSL_GYRO_Enable)
    LSM6DSL_GYRO_GetAxes                     0x08006edf   Thumb Code   110  lsm6dsl.o(i.LSM6DSL_GYRO_GetAxes)
    LSM6DSL_GYRO_GetAxesRaw                  0x08006f4d   Thumb Code    44  lsm6dsl.o(i.LSM6DSL_GYRO_GetAxesRaw)
    LSM6DSL_GYRO_GetFullScale                0x08006f79   Thumb Code    74  lsm6dsl.o(i.LSM6DSL_GYRO_GetFullScale)
    LSM6DSL_GYRO_GetOutputDataRate           0x08006fc9   Thumb Code    96  lsm6dsl.o(i.LSM6DSL_GYRO_GetOutputDataRate)
    LSM6DSL_GYRO_GetSensitivity              0x08007055   Thumb Code    68  lsm6dsl.o(i.LSM6DSL_GYRO_GetSensitivity)
    LSM6DSL_GYRO_SetFullScale                0x080070b1   Thumb Code    60  lsm6dsl.o(i.LSM6DSL_GYRO_SetFullScale)
    LSM6DSL_GYRO_SetOutputDataRate           0x080070ed   Thumb Code   116  lsm6dsl.o(i.LSM6DSL_GYRO_SetOutputDataRate)
    LSM6DSL_GetCapabilities                  0x08007219   Thumb Code    34  lsm6dsl.o(i.LSM6DSL_GetCapabilities)
    LSM6DSL_Init                             0x08007241   Thumb Code   114  lsm6dsl.o(i.LSM6DSL_Init)
    LSM6DSL_ReadID                           0x080072b3   Thumb Code    18  lsm6dsl.o(i.LSM6DSL_ReadID)
    LSM6DSL_RegisterBusIO                    0x080072c5   Thumb Code    94  lsm6dsl.o(i.LSM6DSL_RegisterBusIO)
    LSM6DSL_Write_Reg                        0x0800732d   Thumb Code    22  lsm6dsl.o(i.LSM6DSL_Write_Reg)
    MCU_API_aes_128_cbc_encrypt              0x08007343   Thumb Code    14  mcu_api_stm32.o(i.MCU_API_aes_128_cbc_encrypt)
    MCU_API_delay                            0x08007351   Thumb Code    50  mcu_api_stm32.o(i.MCU_API_delay)
    MCU_API_free                             0x08007383   Thumb Code     4  mcu_api_stm32.o(i.MCU_API_free)
    MCU_API_get_device_id_and_payload_encryption_flag 0x08007389   Thumb Code    18  mcu_api_stm32.o(i.MCU_API_get_device_id_and_payload_encryption_flag)
    MCU_API_get_initial_pac                  0x080073a1   Thumb Code    10  mcu_api_stm32.o(i.MCU_API_get_initial_pac)
    MCU_API_get_nv_mem                       0x080073ab   Thumb Code    10  mcu_api_stm32.o(i.MCU_API_get_nv_mem)
    MCU_API_get_version                      0x080073b5   Thumb Code    12  mcu_api_stm32.o(i.MCU_API_get_version)
    MCU_API_get_voltage_temperature          0x080073c5   Thumb Code    12  mcu_api_stm32.o(i.MCU_API_get_voltage_temperature)
    MCU_API_malloc                           0x080073d1   Thumb Code    20  mcu_api_stm32.o(i.MCU_API_malloc)
    MCU_API_report_test_result               0x080073e9   Thumb Code     4  mcu_api_stm32.o(i.MCU_API_report_test_result)
    MCU_API_set_nv_mem                       0x080073ed   Thumb Code    10  mcu_api_stm32.o(i.MCU_API_set_nv_mem)
    MCU_API_timer_start                      0x080073f9   Thumb Code   124  tim.o(i.MCU_API_timer_start)
    MCU_API_timer_start_carrier_sense        0x08007485   Thumb Code   186  tim.o(i.MCU_API_timer_start_carrier_sense)
    MCU_API_timer_stop                       0x08007551   Thumb Code    24  tim.o(i.MCU_API_timer_stop)
    MCU_API_timer_stop_carrier_sense         0x0800756d   Thumb Code    52  tim.o(i.MCU_API_timer_stop_carrier_sense)
    MCU_API_timer_wait_for_end               0x080075a5   Thumb Code    26  tim.o(i.MCU_API_timer_wait_for_end)
    MCU_Config                               0x080075c1   Thumb Code   130  main.o(i.MCU_Config)
    MX_DMA_Init                              0x0800768d   Thumb Code    52  dma.o(i.MX_DMA_Init)
    MX_GPIO_Init                             0x080076c5   Thumb Code   218  gpio.o(i.MX_GPIO_Init)
    MX_I2C1_Init                             0x080077b1   Thumb Code    74  custom_bus.o(i.MX_I2C1_Init)
    MX_MEMS_Init                             0x08007805   Thumb Code     2  app_x-cube-mems1.o(i.MX_MEMS_Init)
    MX_MEMS_Process                          0x08007807   Thumb Code     2  app_x-cube-mems1.o(i.MX_MEMS_Process)
    MX_RTC_Init                              0x08007809   Thumb Code   136  rtc.o(i.MX_RTC_Init)
    MX_SPI1_Init                             0x08007899   Thumb Code    56  spi.o(i.MX_SPI1_Init)
    MX_TIM22_Init                            0x080078d9   Thumb Code   100  tim.o(i.MX_TIM22_Init)
    MX_TIM6_Init                             0x0800794d   Thumb Code    60  tim.o(i.MX_TIM6_Init)
    MX_USART1_UART_Init                      0x08007995   Thumb Code    48  usart.o(i.MX_USART1_UART_Init)
    MonarchScan                              0x080079cd   Thumb Code    20  monarch_app.o(i.MonarchScan)
    NMI_Handler                              0x08007a01   Thumb Code     2  stm32l0xx_it.o(i.NMI_Handler)
    NVM_Read                                 0x08007a49   Thumb Code    18  nvm_api.o(i.NVM_Read)
    NVM_ReadRecord                           0x08007a5d   Thumb Code   160  nvm_api.o(i.NVM_ReadRecord)
    NVM_Write                                0x08007b05   Thumb Code    18  nvm_api.o(i.NVM_Write)
    NVM_WriteRecord                          0x08007b19   Thumb Code   122  nvm_api.o(i.NVM_WriteRecord)
    PendSV_Handler                           0x08007b9d   Thumb Code     2  stm32l0xx_it.o(i.PendSV_Handler)
    RF_API_change_frequency                  0x08007ba1   Thumb Code   200  rf_api.o(i.RF_API_change_frequency)
    RF_API_get_version                       0x08007c75   Thumb Code    12  rf_api.o(i.RF_API_get_version)
    RF_API_init                              0x08007c85   Thumb Code   346  rf_api.o(i.RF_API_init)
    RF_API_send                              0x08007df5   Thumb Code    82  rf_api.o(i.RF_API_send)
    RF_API_start_continuous_transmission     0x08007e4d   Thumb Code   146  rf_api.o(i.RF_API_start_continuous_transmission)
    RF_API_stop                              0x08007ee9   Thumb Code    32  rf_api.o(i.RF_API_stop)
    RF_API_stop_continuous_transmission      0x08007f0d   Thumb Code    34  rf_api.o(i.RF_API_stop_continuous_transmission)
    RF_API_wait_for_clear_channel            0x08007f35   Thumb Code   382  rf_api.o(i.RF_API_wait_for_clear_channel)
    RF_API_wait_frame                        0x080080c1   Thumb Code   236  rf_api.o(i.RF_API_wait_frame)
    RTC_ByteToBcd2                           0x080081b1   Thumb Code    24  stm32l0xx_hal_rtc.o(i.RTC_ByteToBcd2)
    RTC_EnterInitMode                        0x080081c9   Thumb Code    56  stm32l0xx_hal_rtc.o(i.RTC_EnterInitMode)
    RTC_IRQHandler                           0x08008201   Thumb Code   106  stm32l0xx_it.o(i.RTC_IRQHandler)
    S2LPGetSpiInUse                          0x080082bd   Thumb Code     6  spi.o(i.S2LPGetSpiInUse)
    S2LPIRQEnable                            0x080082c9   Thumb Code    94  gpio.o(i.S2LPIRQEnable)
    S2LPIRQInit                              0x08008331   Thumb Code    68  gpio.o(i.S2LPIRQInit)
    S2LPManagementGetRangeExtender           0x08008381   Thumb Code     6  s2lp_aux_utils.o(i.S2LPManagementGetRangeExtender)
    S2LPManagementGetXtalFrequency           0x0800838d   Thumb Code     6  s2lp_aux_utils.o(i.S2LPManagementGetXtalFrequency)
    S2LPManagementSetBand                    0x08008399   Thumb Code     6  s2lp_aux_utils.o(i.S2LPManagementSetBand)
    S2LPManagementSetRangeExtender           0x080083a5   Thumb Code     6  s2lp_aux_utils.o(i.S2LPManagementSetRangeExtender)
    S2LPRadioSetPALevelMaxIndex              0x080083b1   Thumb Code     2  s2lp_aux_fem_auto.o(i.S2LPRadioSetPALevelMaxIndex)
    S2LPRadioSetPALeveldBm                   0x080083b3   Thumb Code     2  s2lp_aux_fem_auto.o(i.S2LPRadioSetPALeveldBm)
    S2LPRadioSetXtalFrequency                0x080083b5   Thumb Code     6  s2lp_aux_utils.o(i.S2LPRadioSetXtalFrequency)
    S2LPShutdownEnter                        0x080083c1   Thumb Code    14  gpio.o(i.S2LPShutdownEnter)
    S2LPShutdownExit                         0x080083d5   Thumb Code    34  gpio.o(i.S2LPShutdownExit)
    S2LPShutdownInit                         0x080083fd   Thumb Code    52  gpio.o(i.S2LPShutdownInit)
    S2LPSpiRaw                               0x08008439   Thumb Code   250  spi.o(i.S2LPSpiRaw)
    S2LPSpiWriteRegisters                    0x08008541   Thumb Code   216  spi.o(i.S2LPSpiWriteRegisters)
    ST_Init                                  0x08008839   Thumb Code    58  main.o(i.ST_Init)
    ST_MCU_API_GpioIRQ                       0x0800887d   Thumb Code    20  gpio.o(i.ST_MCU_API_GpioIRQ)
    ST_MCU_API_Shutdown                      0x08008891   Thumb Code    18  gpio.o(i.ST_MCU_API_Shutdown)
    ST_MCU_API_SpiRaw                        0x080088a3   Thumb Code    10  spi.o(i.ST_MCU_API_SpiRaw)
    ST_MCU_API_TimerCalibration              0x080088ad   Thumb Code   166  tim.o(i.ST_MCU_API_TimerCalibration)
    ST_MCU_API_WaitForInterrupt              0x0800896d   Thumb Code    50  tim.o(i.ST_MCU_API_WaitForInterrupt)
    ST_RF_API_GetRSSI                        0x080089a5   Thumb Code    28  rf_api.o(i.ST_RF_API_GetRSSI)
    ST_RF_API_Get_Continuous_TX_or_MONARCH_Scan_Flag 0x080089c5   Thumb Code     6  rf_api.o(i.ST_RF_API_Get_Continuous_TX_or_MONARCH_Scan_Flag)
    ST_RF_API_ReadFifo                       0x080089d1   Thumb Code    26  rf_api.o(i.ST_RF_API_ReadFifo)
    ST_RF_API_ReadFifoStatus                 0x080089eb   Thumb Code    18  rf_api.o(i.ST_RF_API_ReadFifoStatus)
    ST_RF_API_S2LP_IRQ_CB                    0x080089fd   Thumb Code    48  rf_api.o(i.ST_RF_API_S2LP_IRQ_CB)
    ST_RF_API_SetFifoLength                  0x08008a31   Thumb Code    28  rf_api.o(i.ST_RF_API_SetFifoLength)
    ST_RF_API_StartRx                        0x08008a4d   Thumb Code    18  rf_api.o(i.ST_RF_API_StartRx)
    ST_RF_API_StartTx                        0x08008a61   Thumb Code    30  rf_api.o(i.ST_RF_API_StartTx)
    ST_RF_API_StopRxTx                       0x08008a85   Thumb Code    18  rf_api.o(i.ST_RF_API_StopRxTx)
    ST_RF_API_Timer_CB                       0x08008a99   Thumb Code     6  rf_api.o(i.ST_RF_API_Timer_CB)
    ST_RF_API_Timer_Channel_Clear_CB         0x08008aa5   Thumb Code     8  rf_api.o(i.ST_RF_API_Timer_Channel_Clear_CB)
    ST_RF_API_custom_setting                 0x08008ab1   Thumb Code     2  rf_api.o(i.ST_RF_API_custom_setting)
    ST_RF_API_get_ramp_duration              0x08008ab5   Thumb Code    12  rf_api.o(i.ST_RF_API_get_ramp_duration)
    ST_RF_API_gpio_rx_pin                    0x08008ac5   Thumb Code    20  rf_api.o(i.ST_RF_API_gpio_rx_pin)
    ST_RF_API_gpio_tx_pin                    0x08008add   Thumb Code    20  rf_api.o(i.ST_RF_API_gpio_tx_pin)
    ST_RF_API_gpio_tx_rx_pin                 0x08008af5   Thumb Code    20  rf_api.o(i.ST_RF_API_gpio_tx_rx_pin)
    ST_RF_API_reduce_output_power            0x08008b0d   Thumb Code     8  rf_api.o(i.ST_RF_API_reduce_output_power)
    ST_RF_API_set_freq_offset                0x08008b19   Thumb Code     8  rf_api.o(i.ST_RF_API_set_freq_offset)
    ST_RF_API_set_lbt_thr_offset             0x08008b25   Thumb Code     8  rf_api.o(i.ST_RF_API_set_lbt_thr_offset)
    ST_RF_API_set_rssi_offset                0x08008b31   Thumb Code     8  rf_api.o(i.ST_RF_API_set_rssi_offset)
    ST_RF_API_set_xtal_freq                  0x08008b3d   Thumb Code     8  rf_api.o(i.ST_RF_API_set_xtal_freq)
    ST_Sigfox_Init                           0x08008b49   Thumb Code   120  st_sigfox_init.o(i.ST_Sigfox_Init)
    SVC_Handler                              0x08008bcd   Thumb Code     2  stm32l0xx_it.o(i.SVC_Handler)
    SdkEvalGetDaughterBoardType              0x08008bd1   Thumb Code     6  s2lp_aux_utils.o(i.SdkEvalGetDaughterBoardType)
    SdkEvalSpiRawTC                          0x08008bdd   Thumb Code     2  spi.o(i.SdkEvalSpiRawTC)
    SdkEvalTimersFindFactors                 0x08008be1   Thumb Code   148  tim.o(i.SdkEvalTimersFindFactors)
    SdkEvalTimersTimConfig                   0x08008c79   Thumb Code   130  tim.o(i.SdkEvalTimersTimConfig)
    SetNVMInitial                            0x08008d09   Thumb Code    58  nvm_api.o(i.SetNVMInitial)
    St_Sigfox_Open_RCZ                       0x08008d49   Thumb Code   224  st_sigfox_init.o(i.St_Sigfox_Open_RCZ)
    SysTick_Handler                          0x08008e2d   Thumb Code     8  stm32l0xx_it.o(i.SysTick_Handler)
    SystemClock_Config                       0x08008e35   Thumb Code   110  main.o(i.SystemClock_Config)
    SystemInit                               0x08008ea9   Thumb Code    66  system_stm32l0xx.o(i.SystemInit)
    TIM6_DAC_IRQHandler                      0x08008efd   Thumb Code    10  stm32l0xx_it.o(i.TIM6_DAC_IRQHandler)
    UART_AdvFeatureConfig                    0x08008fd3   Thumb Code   202  stm32l0xx_hal_uart.o(i.UART_AdvFeatureConfig)
    UART_CheckIdleState                      0x0800909d   Thumb Code    90  stm32l0xx_hal_uart.o(i.UART_CheckIdleState)
    UART_SetConfig                           0x080090fd   Thumb Code   506  stm32l0xx_hal_uart.o(i.UART_SetConfig)
    UART_WaitOnFlagUntilTimeout              0x08009325   Thumb Code    98  stm32l0xx_hal_uart.o(i.UART_WaitOnFlagUntilTimeout)
    __0printf$5                              0x080093cd   Thumb Code    24  printf5.o(i.__0printf$5)
    __1printf$5                              0x080093cd   Thumb Code     0  printf5.o(i.__0printf$5)
    __2printf                                0x080093cd   Thumb Code     0  printf5.o(i.__0printf$5)
    __ARM_common_ll_muluu                    0x080093ed   Thumb Code    48  rf_api.o(i.__ARM_common_ll_muluu)
    __ARM_common_switch8                     0x0800941d   Thumb Code    26  st_sigfox_init.o(i.__ARM_common_switch8)
    __scatterload_copy                       0x08009437   Thumb Code    14  handlers.o(i.__scatterload_copy)
    __scatterload_null                       0x08009445   Thumb Code     2  handlers.o(i.__scatterload_null)
    __scatterload_zeroinit                   0x08009447   Thumb Code    14  handlers.o(i.__scatterload_zeroinit)
    callback                                 0x080097a5   Thumb Code  1404  monarch_app.o(i.callback)
    closeSigfoxLib                           0x08009da1   Thumb Code    18  monarch_app.o(i.closeSigfoxLib)
    configRegion                             0x08009dc9   Thumb Code   186  monarch_app.o(i.configRegion)
    eraseAllSector                           0x08009e9d   Thumb Code    26  nvm_api.o(i.eraseAllSector)
    fputc                                    0x08009ebd   Thumb Code    28  usart.o(i.fputc)
    getLowPowerFlag                          0x08009edd   Thumb Code     6  gpio.o(i.getLowPowerFlag)
    getNIntermediateTimIrqFlag               0x08009ee9   Thumb Code     6  tim.o(i.getNIntermediateTimIrqFlag)
    getNextRtcWakeUpFlag                     0x08009ef5   Thumb Code     6  rtc.o(i.getNextRtcWakeUpFlag)
    getNotifyEndFlag                         0x08009f01   Thumb Code     6  tim.o(i.getNotifyEndFlag)
    getRtcHandler                            0x08009f0d   Thumb Code     4  rtc.o(i.getRtcHandler)
    getRtcInUseFlag                          0x08009f15   Thumb Code     6  rtc.o(i.getRtcInUseFlag)
    getRtcInUseForCsFlag                     0x08009f21   Thumb Code     6  rtc.o(i.getRtcInUseForCsFlag)
    getRtcIrqFlag                            0x08009f2d   Thumb Code     6  rtc.o(i.getRtcIrqFlag)
    getRtcPrescFlag                          0x08009f39   Thumb Code     6  rtc.o(i.getRtcPrescFlag)
    getS2lpIrqRaisedFlag                     0x08009f45   Thumb Code     6  gpio.o(i.getS2lpIrqRaisedFlag)
    getScanStatus                            0x08009f51   Thumb Code     6  monarch_app.o(i.getScanStatus)
    handle_ACC_exti                          0x08009f5d   Thumb Code    84  main.o(i.handle_ACC_exti)
    lsm303agr_acceleration_raw_get           0x08009fb9   Thumb Code    14  lsm303agr_reg.o(i.lsm303agr_acceleration_raw_get)
    lsm303agr_mag_block_data_update_set      0x08009fc7   Thumb Code    52  lsm303agr_reg.o(i.lsm303agr_mag_block_data_update_set)
    lsm303agr_mag_data_rate_get              0x08009ffb   Thumb Code    56  lsm303agr_reg.o(i.lsm303agr_mag_data_rate_get)
    lsm303agr_mag_data_rate_set              0x0800a033   Thumb Code    52  lsm303agr_reg.o(i.lsm303agr_mag_data_rate_set)
    lsm303agr_mag_device_id_get              0x0800a067   Thumb Code    14  lsm303agr_reg.o(i.lsm303agr_mag_device_id_get)
    lsm303agr_mag_i2c_interface_set          0x0800a075   Thumb Code    52  lsm303agr_reg.o(i.lsm303agr_mag_i2c_interface_set)
    lsm303agr_mag_operating_mode_set         0x0800a0a9   Thumb Code    52  lsm303agr_reg.o(i.lsm303agr_mag_operating_mode_set)
    lsm303agr_mag_self_test_set              0x0800a0dd   Thumb Code    52  lsm303agr_reg.o(i.lsm303agr_mag_self_test_set)
    lsm303agr_magnetic_raw_get               0x0800a111   Thumb Code    14  lsm303agr_reg.o(i.lsm303agr_magnetic_raw_get)
    lsm303agr_read_reg                       0x0800a11f   Thumb Code    14  lsm303agr_reg.o(i.lsm303agr_read_reg)
    lsm303agr_write_reg                      0x0800a12d   Thumb Code    14  lsm303agr_reg.o(i.lsm303agr_write_reg)
    lsm303agr_xl_block_data_update_set       0x0800a13b   Thumb Code    50  lsm303agr_reg.o(i.lsm303agr_xl_block_data_update_set)
    lsm303agr_xl_data_rate_get               0x0800a16d   Thumb Code    78  lsm303agr_reg.o(i.lsm303agr_xl_data_rate_get)
    lsm303agr_xl_data_rate_set               0x0800a1bb   Thumb Code    50  lsm303agr_reg.o(i.lsm303agr_xl_data_rate_set)
    lsm303agr_xl_device_id_get               0x0800a1ed   Thumb Code    14  lsm303agr_reg.o(i.lsm303agr_xl_device_id_get)
    lsm303agr_xl_fifo_mode_set               0x0800a1fb   Thumb Code    50  lsm303agr_reg.o(i.lsm303agr_xl_fifo_mode_set)
    lsm303agr_xl_full_scale_get              0x0800a22d   Thumb Code    56  lsm303agr_reg.o(i.lsm303agr_xl_full_scale_get)
    lsm303agr_xl_full_scale_set              0x0800a265   Thumb Code    52  lsm303agr_reg.o(i.lsm303agr_xl_full_scale_set)
    lsm303agr_xl_operating_mode_get          0x0800a299   Thumb Code    62  lsm303agr_reg.o(i.lsm303agr_xl_operating_mode_get)
    lsm6dsl_acceleration_raw_get             0x0800a2d7   Thumb Code    14  lsm6dsl_reg.o(i.lsm6dsl_acceleration_raw_get)
    lsm6dsl_angular_rate_raw_get             0x0800a2e5   Thumb Code    14  lsm6dsl_reg.o(i.lsm6dsl_angular_rate_raw_get)
    lsm6dsl_auto_increment_set               0x0800a2f3   Thumb Code    52  lsm6dsl_reg.o(i.lsm6dsl_auto_increment_set)
    lsm6dsl_block_data_update_set            0x0800a327   Thumb Code    52  lsm6dsl_reg.o(i.lsm6dsl_block_data_update_set)
    lsm6dsl_device_id_get                    0x0800a35b   Thumb Code    14  lsm6dsl_reg.o(i.lsm6dsl_device_id_get)
    lsm6dsl_fifo_mode_set                    0x0800a369   Thumb Code    52  lsm6dsl_reg.o(i.lsm6dsl_fifo_mode_set)
    lsm6dsl_gy_data_rate_get                 0x0800a39d   Thumb Code    90  lsm6dsl_reg.o(i.lsm6dsl_gy_data_rate_get)
    lsm6dsl_gy_data_rate_set                 0x0800a3f7   Thumb Code    50  lsm6dsl_reg.o(i.lsm6dsl_gy_data_rate_set)
    lsm6dsl_gy_full_scale_get                0x0800a429   Thumb Code    64  lsm6dsl_reg.o(i.lsm6dsl_gy_full_scale_get)
    lsm6dsl_gy_full_scale_set                0x0800a469   Thumb Code    52  lsm6dsl_reg.o(i.lsm6dsl_gy_full_scale_set)
    lsm6dsl_pin_int1_route_get               0x0800a49d   Thumb Code   344  lsm6dsl_reg.o(i.lsm6dsl_pin_int1_route_get)
    lsm6dsl_pin_int1_route_set               0x0800a5f5   Thumb Code   502  lsm6dsl_reg.o(i.lsm6dsl_pin_int1_route_set)
    lsm6dsl_pin_int2_route_get               0x0800a7eb   Thumb Code   304  lsm6dsl_reg.o(i.lsm6dsl_pin_int2_route_get)
    lsm6dsl_pin_int2_route_set               0x0800a91b   Thumb Code   452  lsm6dsl_reg.o(i.lsm6dsl_pin_int2_route_set)
    lsm6dsl_read_reg                         0x0800aadf   Thumb Code    14  lsm6dsl_reg.o(i.lsm6dsl_read_reg)
    lsm6dsl_wkup_dur_set                     0x0800aaed   Thumb Code    52  lsm6dsl_reg.o(i.lsm6dsl_wkup_dur_set)
    lsm6dsl_wkup_threshold_set               0x0800ab21   Thumb Code    52  lsm6dsl_reg.o(i.lsm6dsl_wkup_threshold_set)
    lsm6dsl_write_reg                        0x0800ab55   Thumb Code    14  lsm6dsl_reg.o(i.lsm6dsl_write_reg)
    lsm6dsl_xl_data_rate_get                 0x0800ab63   Thumb Code    94  lsm6dsl_reg.o(i.lsm6dsl_xl_data_rate_get)
    lsm6dsl_xl_data_rate_set                 0x0800abc1   Thumb Code    50  lsm6dsl_reg.o(i.lsm6dsl_xl_data_rate_set)
    lsm6dsl_xl_full_scale_get                0x0800abf3   Thumb Code    42  lsm6dsl_reg.o(i.lsm6dsl_xl_full_scale_get)
    lsm6dsl_xl_full_scale_set                0x0800ac1d   Thumb Code    52  lsm6dsl_reg.o(i.lsm6dsl_xl_full_scale_set)
    main                                     0x0800ac51   Thumb Code  1648  main.o(i.main)
    pn9_next                                 0x0800b2d1   Thumb Code    24  rf_api.o(i.pn9_next)
    pn9_next_byte                            0x0800b2e9   Thumb Code    22  rf_api.o(i.pn9_next_byte)
    readButton                               0x0800bd11   Thumb Code    14  gpio.o(i.readButton)
    sendFrameRCZ                             0x0800bd25   Thumb Code    42  monarch_app.o(i.sendFrameRCZ)
    setNIntermediateTimIrqFlag               0x0800bd6d   Thumb Code     6  tim.o(i.setNIntermediateTimIrqFlag)
    setNextRtcWakeUpFlag                     0x0800bd79   Thumb Code     6  rtc.o(i.setNextRtcWakeUpFlag)
    setRtcInUseFlag                          0x0800bd85   Thumb Code     6  rtc.o(i.setRtcInUseFlag)
    setRtcInUseForCsFlag                     0x0800bd91   Thumb Code     6  rtc.o(i.setRtcInUseForCsFlag)
    setRtcIrqFlag                            0x0800bd9d   Thumb Code     6  rtc.o(i.setRtcIrqFlag)
    setRtcPrescFlag                          0x0800bda9   Thumb Code     6  rtc.o(i.setRtcPrescFlag)
    setS2lpIrqRaisedFlag                     0x0800bdb5   Thumb Code     6  gpio.o(i.setS2lpIrqRaisedFlag)
    setScanStatus                            0x0800bdc1   Thumb Code     6  monarch_app.o(i.setScanStatus)
    AHBPrescTable                            0x0800bef0   Data          16  system_stm32l0xx.o(.constdata)
    PLLMulTable                              0x0800bf00   Data           9  system_stm32l0xx.o(.constdata)
    APBPrescTable                            0x0800bf09   Data           8  system_stm32l0xx.o(.constdata)
    Region$$Table$$Base                      0x0800ce3c   Number         0  anon$$obj.o(Region$$Table)
    Region$$Table$$Limit                     0x0800ce5c   Number         0  anon$$obj.o(Region$$Table)
    board_data                               0x08080000   Data         128  sdk_utils_flash.o(.noinit.sigfox_board_data)
    nvm_data                                 0x08080080   Data         128  sdk_utils_flash.o(.noinit.sigfox_nvm_data)
    AccInstance                              0x20000000   Data           4  main.o(.data)
    counter_exti                             0x20000004   Data           4  main.o(.data)
    FSM_state                                0x20000008   Data           4  main.o(.data)
    led_status                               0x2000000c   Data           4  main.o(.data)
    msg_send                                 0x20000010   Data           4  main.o(.data)
    timer_latter                             0x20000014   Data           4  main.o(.data)
    Tim6_Handler                             0x20000018   Data          60  main.o(.data)
    rtcHandler                               0x20000070   Data           4  tim.o(.data)
    uwTick                                   0x200000bc   Data           4  stm32l0xx_hal.o(.data)
    SystemCoreClock                          0x200000c0   Data           4  system_stm32l0xx.o(.data)
    tmp                                      0x200000cc   Data           3  s2lp_aux_fem_auto.o(.data)
    LSM6DSL_COMMON_Driver                    0x20000184   Data          16  lsm6dsl.o(.data)
    LSM6DSL_ACC_Driver                       0x20000194   Data          36  lsm6dsl.o(.data)
    LSM6DSL_GYRO_Driver                      0x200001b8   Data          36  lsm6dsl.o(.data)
    LSM303AGR_ACC_COMMON_Driver              0x200001dc   Data          16  lsm303agr.o(.data)
    LSM303AGR_ACC_Driver                     0x200001ec   Data          36  lsm303agr.o(.data)
    LSM303AGR_MAG_COMMON_Driver              0x20000210   Data          16  lsm303agr.o(.data)
    LSM303AGR_MAG_Driver                     0x20000220   Data          36  lsm303agr.o(.data)
    zeroIV                                   0x200002c8   Data          16  retriever_api.o(.data)
    monarch_rc                               0x200002d8   Data          56  sigfox_monarch_api.o(.data)
    __stdout                                 0x20000310   Data           4  stdout.o(.data)
    hrtc                                     0x20000314   Data          36  rtc.o(.bss)
    hspi1                                    0x20000438   Data          88  spi.o(.bss)
    hdma_spi1_tx                             0x20000490   Data          72  spi.o(.bss)
    hdma_spi1_rx                             0x200004d8   Data          72  spi.o(.bss)
    htim6                                    0x20000520   Data          60  tim.o(.bss)
    htim22                                   0x2000055c   Data          60  tim.o(.bss)
    huart1                                   0x20000598   Data         128  usart.o(.bss)
    hdma_usart1_rx                           0x20000618   Data          72  usart.o(.bss)
    hdma_usart1_tx                           0x20000660   Data          72  usart.o(.bss)
    hi2c1                                    0x200006a8   Data          76  custom_bus.o(.bss)
    pFlash                                   0x200006f4   Data          24  stm32l0xx_hal_flash.o(.bss)
    MotionCompObj                            0x200009ec   Data          12  iks01a2_motion_sensors.o(.bss)
    g_state                                  0x20000ae4   Data           1  sigfox_api.o(.bss)
    rs                                       0x20000ae8   Data           4  sigfox_api.o(.bss)
    monarch_rs                               0x20000aec   Data           4  sigfox_monarch_api.o(.bss)
    patt2search_size                         0x20000db9   Data           1  monarch_api.o(.bss)
    patterns2search                          0x20000dbc   Data          48  monarch_api.o(.bss)
    aes_in                                   0x20000e50   Data          32  sigfox_hmac.o(.bss)
    __initial_sp                             0x20001270   Data           0  startup_stm32l052xx.o(STACK)



==============================================================================

Memory Map of the image

  Image Entry point : 0x080000c1

  Load Region LR_IROM1 (Base: 0x08000000, Size: 0x0000d170, Max: 0x00010000, ABSOLUTE, COMPRESSED[0x0000cf74])

    Execution Region ER_IROM1 (Exec base: 0x08000000, Load base: 0x08000000, Size: 0x0000ce5c, Max: 0x00010000, ABSOLUTE)

    Exec Addr    Load Addr    Size         Type   Attr      Idx    E Section Name        Object

    0x08000000   0x08000000   0x000000c0   Data   RO            3    RESET               startup_stm32l052xx.o
    0x080000c0   0x080000c0   0x00000000   Code   RO        10695  * .ARM.Collect$$$$00000000  mc_p.l(entry.o)
    0x080000c0   0x080000c0   0x00000004   Code   RO        10991    .ARM.Collect$$$$00000001  mc_p.l(entry2.o)
    0x080000c4   0x080000c4   0x00000004   Code   RO        10994    .ARM.Collect$$$$00000004  mc_p.l(entry5.o)
    0x080000c8   0x080000c8   0x00000000   Code   RO        10996    .ARM.Collect$$$$00000008  mc_p.l(entry7b.o)
    0x080000c8   0x080000c8   0x00000000   Code   RO        10998    .ARM.Collect$$$$0000000A  mc_p.l(entry8b.o)
    0x080000c8   0x080000c8   0x00000008   Code   RO        10999    .ARM.Collect$$$$0000000B  mc_p.l(entry9a.o)
    0x080000d0   0x080000d0   0x00000000   Code   RO        11001    .ARM.Collect$$$$0000000D  mc_p.l(entry10a.o)
    0x080000d0   0x080000d0   0x00000000   Code   RO        11003    .ARM.Collect$$$$0000000F  mc_p.l(entry11a.o)
    0x080000d0   0x080000d0   0x00000004   Code   RO        10992    .ARM.Collect$$$$00002712  mc_p.l(entry2.o)
    0x080000d4   0x080000d4   0x0000001c   Code   RO            4    .text               startup_stm32l052xx.o
    0x080000f0   0x080000f0   0x00000bcc   Code   RO        10541    .text               ST_RETRIEVER_LIB_STM32L053xx.a(retriever_api.o)
    0x08000cbc   0x08000cbc   0x00000548   Code   RO        10575    .text               SFX_LIB_V2.8.0_FDL_MON_IAR8.11_cortexM0+.a(sigfox_api.o)
    0x08001204   0x08001204   0x000001a8   Code   RO        10599    .text               SFX_LIB_V2.8.0_FDL_MON_IAR8.11_cortexM0+.a(sigfox_monarch_api.o)
    0x080013ac   0x080013ac   0x00000730   Code   RO        10612    .text               ST_MONARCH_LIB_CM0.a(monarch_api.o)
    0x08001adc   0x08001adc   0x00000230   Code   RO        10630    .text               SFX_LIB_V2.8.0_FDL_MON_IAR8.11_cortexM0+.a(sigfox_callback.o)
    0x08001d0c   0x08001d0c   0x00000f3e   Code   RO        10638    .text               SFX_LIB_V2.8.0_FDL_MON_IAR8.11_cortexM0+.a(sigfox_internal.o)
    0x08002c4a   0x08002c4a   0x00000002   PAD
    0x08002c4c   0x08002c4c   0x0000007e   Code   RO        10665    .text               SFX_LIB_V2.8.0_FDL_MON_IAR8.11_cortexM0+.a(sigfox_crc.o)
    0x08002cca   0x08002cca   0x00000002   PAD
    0x08002ccc   0x08002ccc   0x0000020c   Code   RO        10672    .text               SFX_LIB_V2.8.0_FDL_MON_IAR8.11_cortexM0+.a(sigfox_decode.o)
    0x08002ed8   0x08002ed8   0x00000074   Code   RO        10680    .text               SFX_LIB_V2.8.0_FDL_MON_IAR8.11_cortexM0+.a(sigfox_hmac.o)
    0x08002f4c   0x08002f4c   0x00000064   Code   RO        10685    .text               SFX_LIB_V2.8.0_FDL_MON_IAR8.11_cortexM0+.a(sigfox_pn.o)
    0x08002fb0   0x08002fb0   0x0000008c   Code   RO        10690    .text               SFX_LIB_V2.8.0_FDL_MON_IAR8.11_cortexM0+.a(sigfox_scramb.o)
    0x0800303c   0x0800303c   0x0000002c   Code   RO        10698    .text               mc_p.l(uidiv.o)
    0x08003068   0x08003068   0x00000028   Code   RO        10700    .text               mc_p.l(idiv.o)
    0x08003090   0x08003090   0x00000060   Code   RO        10702    .text               mc_p.l(uldiv.o)
    0x080030f0   0x080030f0   0x0000007a   Code   RO        10704    .text               mc_p.l(llmul.o)
    0x0800316a   0x0800316a   0x00000022   Code   RO        10706    .text               mc_p.l(llushr.o)
    0x0800318c   0x0800318c   0x00000024   Code   RO        10708    .text               mc_p.l(memcpya.o)
    0x080031b0   0x080031b0   0x00000024   Code   RO        10710    .text               mc_p.l(memseta.o)
    0x080031d4   0x080031d4   0x0000007a   Code   RO        10977    .text               mf_p.l(fmul.o)
    0x0800324e   0x0800324e   0x0000007c   Code   RO        10979    .text               mf_p.l(fdiv.o)
    0x080032ca   0x080032ca   0x00000016   Code   RO        10983    .text               mf_p.l(fflti.o)
    0x080032e0   0x080032e0   0x0000000e   Code   RO        10985    .text               mf_p.l(ffltui.o)
    0x080032ee   0x080032ee   0x00000032   Code   RO        10987    .text               mf_p.l(ffixi.o)
    0x08003320   0x08003320   0x00000028   Code   RO        10989    .text               mf_p.l(ffixui.o)
    0x08003348   0x08003348   0x00000020   Code   RO        11006    .text               mc_p.l(llshl.o)
    0x08003368   0x08003368   0x00000000   Code   RO        11008    .text               mc_p.l(iusefp.o)
    0x08003368   0x08003368   0x00000082   Code   RO        11009    .text               mf_p.l(fepilogue.o)
    0x080033ea   0x080033ea   0x00000002   PAD
    0x080033ec   0x080033ec   0x00000024   Code   RO        11021    .text               mc_p.l(init.o)
    0x08003410   0x08003410   0x00000056   Code   RO        11037    .text               mc_p.l(__dczerorl2.o)
    0x08003466   0x08003466   0x00000008   Code   RO          967    i.BSP_GetTick       custom_bus.o
    0x0800346e   0x0800346e   0x00000002   PAD
    0x08003470   0x08003470   0x00000048   Code   RO          968    i.BSP_I2C1_DeInit   custom_bus.o
    0x080034b8   0x080034b8   0x0000008c   Code   RO          969    i.BSP_I2C1_Init     custom_bus.o
    0x08003544   0x08003544   0x00000038   Code   RO          971    i.BSP_I2C1_ReadReg  custom_bus.o
    0x0800357c   0x0800357c   0x00000038   Code   RO          975    i.BSP_I2C1_WriteReg  custom_bus.o
    0x080035b4   0x080035b4   0x00000050   Code   RO          557    i.Configure_RTC_Clock  rtc.o
    0x08003604   0x08003604   0x00000018   Code   RO         1054    i.DMA1_Channel2_3_IRQHandler  stm32l0xx_it.o
    0x0800361c   0x0800361c   0x00000018   Code   RO         1055    i.DMA1_Channel4_5_6_7_IRQHandler  stm32l0xx_it.o
    0x08003634   0x08003634   0x0000002c   Code   RO         4225    i.DMA_SetConfig     stm32l0xx_hal_dma.o
    0x08003660   0x08003660   0x00000026   Code   RO         5451    i.DataEepromErase   sdk_utils_flash.o
    0x08003686   0x08003686   0x0000000a   Code   RO         1056    i.EXTI0_1_IRQHandler  stm32l0xx_it.o
    0x08003690   0x08003690   0x0000000a   Code   RO         1057    i.EXTI4_15_IRQHandler  stm32l0xx_it.o
    0x0800369a   0x0800369a   0x00000002   PAD
    0x0800369c   0x0800369c   0x00000060   Code   RO         4766    i.EepromRead        s2lp_aux_eeprom.o
    0x080036fc   0x080036fc   0x00000024   Code   RO         4767    i.EepromSPICSHigh   s2lp_aux_eeprom.o
    0x08003720   0x08003720   0x00000028   Code   RO         4768    i.EepromSPICSLow    s2lp_aux_eeprom.o
    0x08003748   0x08003748   0x00000044   Code   RO         4772    i.EepromWaitEndWriteOperation  s2lp_aux_eeprom.o
    0x0800378c   0x0800378c   0x00000002   Code   RO          304    i.Error_Handler     main.o
    0x0800378e   0x0800378e   0x00000002   PAD
    0x08003790   0x08003790   0x00000054   Code   RO         4723    i.FEM_Init          s2lp_aux_fem_auto.o
    0x080037e4   0x080037e4   0x00000048   Code   RO         4724    i.FEM_Operation     s2lp_aux_fem_auto.o
    0x0800382c   0x0800382c   0x00000090   Code   RO         3957    i.FLASH_SetErrorCode  stm32l0xx_hal_flash.o
    0x080038bc   0x080038bc   0x00000070   Code   RO         3958    i.FLASH_WaitForLastOperation  stm32l0xx_hal_flash.o
    0x0800392c   0x0800392c   0x00000034   Code   RO         5452    i.FlashErase        sdk_utils_flash.o
    0x08003960   0x08003960   0x0000004c   Code   RO         5453    i.FlashRead         sdk_utils_flash.o
    0x080039ac   0x080039ac   0x00000094   Code   RO         5454    i.FlashWrite        sdk_utils_flash.o
    0x08003a40   0x08003a40   0x0000000c   Code   RO         4860    i.GetNVMBoardDataAddress  nvm_api.o
    0x08003a4c   0x08003a4c   0x0000000e   Code   RO         5455    i.GetNumberOfPagesByBytes  sdk_utils_flash.o
    0x08003a5a   0x08003a5a   0x000000a8   Code   RO         4231    i.HAL_DMA_IRQHandler  stm32l0xx_hal_dma.o
    0x08003b02   0x08003b02   0x00000002   PAD
    0x08003b04   0x08003b04   0x00000090   Code   RO         4232    i.HAL_DMA_Init      stm32l0xx_hal_dma.o
    0x08003b94   0x08003b94   0x00000068   Code   RO         4236    i.HAL_DMA_Start_IT  stm32l0xx_hal_dma.o
    0x08003bfc   0x08003bfc   0x0000001c   Code   RO         3509    i.HAL_Delay         stm32l0xx_hal.o
    0x08003c18   0x08003c18   0x00000028   Code   RO         4060    i.HAL_FLASHEx_DATAEEPROM_Erase  stm32l0xx_hal_flash_ex.o
    0x08003c40   0x08003c40   0x00000014   Code   RO         4061    i.HAL_FLASHEx_DATAEEPROM_Lock  stm32l0xx_hal_flash_ex.o
    0x08003c54   0x08003c54   0x00000054   Code   RO         4062    i.HAL_FLASHEx_DATAEEPROM_Program  stm32l0xx_hal_flash_ex.o
    0x08003ca8   0x08003ca8   0x00000034   Code   RO         4063    i.HAL_FLASHEx_DATAEEPROM_Unlock  stm32l0xx_hal_flash_ex.o
    0x08003cdc   0x08003cdc   0x0000000c   Code   RO         3960    i.HAL_FLASH_GetError  stm32l0xx_hal_flash.o
    0x08003ce8   0x08003ce8   0x000000e4   Code   RO         4163    i.HAL_GPIO_DeInit   stm32l0xx_hal_gpio.o
    0x08003dcc   0x08003dcc   0x00000034   Code   RO          386    i.HAL_GPIO_EXTI_Callback  gpio.o
    0x08003e00   0x08003e00   0x00000018   Code   RO         4165    i.HAL_GPIO_EXTI_IRQHandler  stm32l0xx_hal_gpio.o
    0x08003e18   0x08003e18   0x00000178   Code   RO         4166    i.HAL_GPIO_Init     stm32l0xx_hal_gpio.o
    0x08003f90   0x08003f90   0x0000000c   Code   RO         4170    i.HAL_GPIO_WritePin  stm32l0xx_hal_gpio.o
    0x08003f9c   0x08003f9c   0x0000000c   Code   RO         3513    i.HAL_GetTick       stm32l0xx_hal.o
    0x08003fa8   0x08003fa8   0x0000004a   Code   RO         1678    i.HAL_I2CEx_ConfigAnalogFilter  stm32l0xx_hal_i2c_ex.o
    0x08003ff2   0x08003ff2   0x00000048   Code   RO         1679    i.HAL_I2CEx_ConfigDigitalFilter  stm32l0xx_hal_i2c_ex.o
    0x0800403a   0x0800403a   0x00000034   Code   RO         1227    i.HAL_I2C_DeInit    stm32l0xx_hal_i2c.o
    0x0800406e   0x0800406e   0x00000004   Code   RO         1233    i.HAL_I2C_GetError  stm32l0xx_hal_i2c.o
    0x08004072   0x08004072   0x00000006   Code   RO         1235    i.HAL_I2C_GetState  stm32l0xx_hal_i2c.o
    0x08004078   0x08004078   0x000000b4   Code   RO         1236    i.HAL_I2C_Init      stm32l0xx_hal_i2c.o
    0x0800412c   0x0800412c   0x00000154   Code   RO         1254    i.HAL_I2C_Mem_Read  stm32l0xx_hal_i2c.o
    0x08004280   0x08004280   0x0000014c   Code   RO         1257    i.HAL_I2C_Mem_Write  stm32l0xx_hal_i2c.o
    0x080043cc   0x080043cc   0x00000002   Code   RO         1260    i.HAL_I2C_MspDeInit  stm32l0xx_hal_i2c.o
    0x080043ce   0x080043ce   0x00000002   Code   RO         1261    i.HAL_I2C_MspInit   stm32l0xx_hal_i2c.o
    0x080043d0   0x080043d0   0x00000010   Code   RO         3517    i.HAL_IncTick       stm32l0xx_hal.o
    0x080043e0   0x080043e0   0x00000028   Code   RO         3518    i.HAL_Init          stm32l0xx_hal.o
    0x08004408   0x08004408   0x00000030   Code   RO         3519    i.HAL_InitTick      stm32l0xx_hal.o
    0x08004438   0x08004438   0x00000018   Code   RO         1146    i.HAL_MspInit       stm32l0xx_hal_msp.o
    0x08004450   0x08004450   0x00000014   Code   RO         4492    i.HAL_NVIC_DisableIRQ  stm32l0xx_hal_cortex.o
    0x08004464   0x08004464   0x00000014   Code   RO         4493    i.HAL_NVIC_EnableIRQ  stm32l0xx_hal_cortex.o
    0x08004478   0x08004478   0x00000008   Code   RO         4497    i.HAL_NVIC_SetPriority  stm32l0xx_hal_cortex.o
    0x08004480   0x08004480   0x00000010   Code   RO         4323    i.HAL_PWR_EnableBkUpAccess  stm32l0xx_hal_pwr.o
    0x08004490   0x08004490   0x00000034   Code   RO         4330    i.HAL_PWR_EnterSTOPMode  stm32l0xx_hal_pwr.o
    0x080044c4   0x080044c4   0x00000178   Code   RO         3798    i.HAL_RCCEx_PeriphCLKConfig  stm32l0xx_hal_rcc_ex.o
    0x0800463c   0x0800463c   0x0000016c   Code   RO         3689    i.HAL_RCC_ClockConfig  stm32l0xx_hal_rcc.o
    0x080047a8   0x080047a8   0x00000020   Code   RO         3695    i.HAL_RCC_GetPCLK1Freq  stm32l0xx_hal_rcc.o
    0x080047c8   0x080047c8   0x00000020   Code   RO         3696    i.HAL_RCC_GetPCLK2Freq  stm32l0xx_hal_rcc.o
    0x080047e8   0x080047e8   0x00000078   Code   RO         3697    i.HAL_RCC_GetSysClockFreq  stm32l0xx_hal_rcc.o
    0x08004860   0x08004860   0x00000486   Code   RO         3700    i.HAL_RCC_OscConfig  stm32l0xx_hal_rcc.o
    0x08004ce6   0x08004ce6   0x0000007a   Code   RO         1868    i.HAL_RTCEx_DeactivateWakeUpTimer  stm32l0xx_hal_rtc_ex.o
    0x08004d60   0x08004d60   0x000000f8   Code   RO         1887    i.HAL_RTCEx_SetWakeUpTimer_IT  stm32l0xx_hal_rtc_ex.o
    0x08004e58   0x08004e58   0x00000002   Code   RO         1892    i.HAL_RTCEx_WakeUpTimerEventCallback  stm32l0xx_hal_rtc_ex.o
    0x08004e5a   0x08004e5a   0x00000002   PAD
    0x08004e5c   0x08004e5c   0x00000038   Code   RO         1893    i.HAL_RTCEx_WakeUpTimerIRQHandler  stm32l0xx_hal_rtc_ex.o
    0x08004e94   0x08004e94   0x000000bc   Code   RO         1736    i.HAL_RTC_Init      stm32l0xx_hal_rtc.o
    0x08004f50   0x08004f50   0x00000030   Code   RO          559    i.HAL_RTC_MspInit   rtc.o
    0x08004f80   0x08004f80   0x000000c4   Code   RO         1742    i.HAL_RTC_SetDate   stm32l0xx_hal_rtc.o
    0x08005044   0x08005044   0x000000e8   Code   RO         1743    i.HAL_RTC_SetTime   stm32l0xx_hal_rtc.o
    0x0800512c   0x0800512c   0x00000034   Code   RO         1744    i.HAL_RTC_WaitForSynchro  stm32l0xx_hal_rtc.o
    0x08005160   0x08005160   0x00000002   Code   RO         2080    i.HAL_SPI_ErrorCallback  stm32l0xx_hal_spi.o
    0x08005162   0x08005162   0x00000006   Code   RO         2082    i.HAL_SPI_GetState  stm32l0xx_hal_spi.o
    0x08005168   0x08005168   0x00000080   Code   RO         2084    i.HAL_SPI_Init      stm32l0xx_hal_spi.o
    0x080051e8   0x080051e8   0x000000dc   Code   RO          669    i.HAL_SPI_MspInit   spi.o
    0x080052c4   0x080052c4   0x00000002   Code   RO         2090    i.HAL_SPI_RxCpltCallback  stm32l0xx_hal_spi.o
    0x080052c6   0x080052c6   0x00000002   Code   RO         2091    i.HAL_SPI_RxHalfCpltCallback  stm32l0xx_hal_spi.o
    0x080052c8   0x080052c8   0x000001f0   Code   RO         2093    i.HAL_SPI_TransmitReceive  stm32l0xx_hal_spi.o
    0x080054b8   0x080054b8   0x00000128   Code   RO         2094    i.HAL_SPI_TransmitReceive_DMA  stm32l0xx_hal_spi.o
    0x080055e0   0x080055e0   0x00000024   Code   RO          670    i.HAL_SPI_TxRxCpltCallback  spi.o
    0x08005604   0x08005604   0x00000002   Code   RO         2101    i.HAL_SPI_TxRxHalfCpltCallback  stm32l0xx_hal_spi.o
    0x08005606   0x08005606   0x00000002   PAD
    0x08005608   0x08005608   0x00000030   Code   RO         4501    i.HAL_SYSTICK_Config  stm32l0xx_hal_cortex.o
    0x08005638   0x08005638   0x0000003c   Code   RO         3060    i.HAL_TIMEx_MasterConfigSynchronization  stm32l0xx_hal_tim_ex.o
    0x08005674   0x08005674   0x00000034   Code   RO         2393    i.HAL_TIM_Base_Init  stm32l0xx_hal_tim.o
    0x080056a8   0x080056a8   0x00000048   Code   RO          800    i.HAL_TIM_Base_MspInit  tim.o
    0x080056f0   0x080056f0   0x00000022   Code   RO         2396    i.HAL_TIM_Base_Start  stm32l0xx_hal_tim.o
    0x08005712   0x08005712   0x00000020   Code   RO         2398    i.HAL_TIM_Base_Start_IT  stm32l0xx_hal_tim.o
    0x08005732   0x08005732   0x00000002   PAD
    0x08005734   0x08005734   0x00000028   Code   RO         2399    i.HAL_TIM_Base_Stop  stm32l0xx_hal_tim.o
    0x0800575c   0x0800575c   0x00000024   Code   RO         2401    i.HAL_TIM_Base_Stop_IT  stm32l0xx_hal_tim.o
    0x08005780   0x08005780   0x000000d0   Code   RO         2402    i.HAL_TIM_ConfigClockSource  stm32l0xx_hal_tim.o
    0x08005850   0x08005850   0x00000002   Code   RO         2422    i.HAL_TIM_IC_CaptureCallback  stm32l0xx_hal_tim.o
    0x08005852   0x08005852   0x00000126   Code   RO         2436    i.HAL_TIM_IRQHandler  stm32l0xx_hal_tim.o
    0x08005978   0x08005978   0x00000002   Code   RO         2439    i.HAL_TIM_OC_DelayElapsedCallback  stm32l0xx_hal_tim.o
    0x0800597a   0x0800597a   0x00000002   Code   RO         2466    i.HAL_TIM_PWM_PulseFinishedCallback  stm32l0xx_hal_tim.o
    0x0800597c   0x0800597c   0x00000002   Code   RO         2474    i.HAL_TIM_PeriodElapsedCallback  stm32l0xx_hal_tim.o
    0x0800597e   0x0800597e   0x00000002   Code   RO         2479    i.HAL_TIM_TriggerCallback  stm32l0xx_hal_tim.o
    0x08005980   0x08005980   0x0000000a   Code   RO         3110    i.HAL_UART_GetState  stm32l0xx_hal_uart.o
    0x0800598a   0x0800598a   0x0000006a   Code   RO         3112    i.HAL_UART_Init     stm32l0xx_hal_uart.o
    0x080059f4   0x080059f4   0x000000c0   Code   RO          924    i.HAL_UART_MspInit  usart.o
    0x08005ab4   0x08005ab4   0x000000ce   Code   RO         3120    i.HAL_UART_Transmit  stm32l0xx_hal_uart.o
    0x08005b82   0x08005b82   0x00000002   Code   RO         1058    i.HardFault_Handler  stm32l0xx_it.o
    0x08005b84   0x08005b84   0x00000022   Code   RO         1283    i.I2C_Flush_TXDR    stm32l0xx_hal_i2c.o
    0x08005ba6   0x08005ba6   0x00000002   PAD
    0x08005ba8   0x08005ba8   0x00000070   Code   RO         1291    i.I2C_IsAcknowledgeFailed  stm32l0xx_hal_i2c.o
    0x08005c18   0x08005c18   0x00000060   Code   RO         1294    i.I2C_RequestMemoryRead  stm32l0xx_hal_i2c.o
    0x08005c78   0x08005c78   0x00000060   Code   RO         1295    i.I2C_RequestMemoryWrite  stm32l0xx_hal_i2c.o
    0x08005cd8   0x08005cd8   0x00000028   Code   RO         1298    i.I2C_TransferConfig  stm32l0xx_hal_i2c.o
    0x08005d00   0x08005d00   0x0000004e   Code   RO         1299    i.I2C_WaitOnFlagUntilTimeout  stm32l0xx_hal_i2c.o
    0x08005d4e   0x08005d4e   0x0000004c   Code   RO         1301    i.I2C_WaitOnSTOPFlagUntilTimeout  stm32l0xx_hal_i2c.o
    0x08005d9a   0x08005d9a   0x00000050   Code   RO         1302    i.I2C_WaitOnTXISFlagUntilTimeout  stm32l0xx_hal_i2c.o
    0x08005dea   0x08005dea   0x00000002   PAD
    0x08005dec   0x08005dec   0x0000002c   Code   RO        10003    i.IKS01A2_MOTION_SENSOR_Disable_Wake_Up_Detection  iks01a2_motion_sensors_ex.o
    0x08005e18   0x08005e18   0x00000048   Code   RO         9871    i.IKS01A2_MOTION_SENSOR_Enable  iks01a2_motion_sensors.o
    0x08005e60   0x08005e60   0x0000002c   Code   RO        10012    i.IKS01A2_MOTION_SENSOR_Enable_Wake_Up_Detection  iks01a2_motion_sensors_ex.o
    0x08005e8c   0x08005e8c   0x000000ec   Code   RO         9878    i.IKS01A2_MOTION_SENSOR_Init  iks01a2_motion_sensors.o
    0x08005f78   0x08005f78   0x000000d0   Code   RO         9882    i.LSM303AGR_ACC_0_Probe  iks01a2_motion_sensors.o
    0x08006048   0x08006048   0x0000001c   Code   RO         8462    i.LSM303AGR_ACC_DeInit  lsm303agr.o
    0x08006064   0x08006064   0x0000003e   Code   RO         8463    i.LSM303AGR_ACC_Disable  lsm303agr.o
    0x080060a2   0x080060a2   0x00000028   Code   RO         8464    i.LSM303AGR_ACC_Enable  lsm303agr.o
    0x080060ca   0x080060ca   0x00000072   Code   RO         8465    i.LSM303AGR_ACC_GetAxes  lsm303agr.o
    0x0800613c   0x0800613c   0x0000007c   Code   RO         8466    i.LSM303AGR_ACC_GetAxesRaw  lsm303agr.o
    0x080061b8   0x080061b8   0x00000024   Code   RO         8467    i.LSM303AGR_ACC_GetCapabilities  lsm303agr.o
    0x080061dc   0x080061dc   0x00000044   Code   RO         8468    i.LSM303AGR_ACC_GetFullScale  lsm303agr.o
    0x08006220   0x08006220   0x000000b4   Code   RO         8469    i.LSM303AGR_ACC_GetOutputDataRate  lsm303agr.o
    0x080062d4   0x080062d4   0x000000e8   Code   RO         8470    i.LSM303AGR_ACC_GetSensitivity  lsm303agr.o
    0x080063bc   0x080063bc   0x0000004c   Code   RO         8473    i.LSM303AGR_ACC_Init  lsm303agr.o
    0x08006408   0x08006408   0x00000012   Code   RO         8474    i.LSM303AGR_ACC_ReadID  lsm303agr.o
    0x0800641a   0x0800641a   0x00000002   PAD
    0x0800641c   0x0800641c   0x0000006c   Code   RO         8476    i.LSM303AGR_ACC_RegisterBusIO  lsm303agr.o
    0x08006488   0x08006488   0x0000002c   Code   RO         8477    i.LSM303AGR_ACC_SetFullScale  lsm303agr.o
    0x080064b4   0x080064b4   0x000000ac   Code   RO         8478    i.LSM303AGR_ACC_SetOutputDataRate  lsm303agr.o
    0x08006560   0x08006560   0x00000016   Code   RO         8479    i.LSM303AGR_ACC_Write_Reg  lsm303agr.o
    0x08006576   0x08006576   0x00000002   PAD
    0x08006578   0x08006578   0x000000cc   Code   RO         9883    i.LSM303AGR_MAG_0_Probe  iks01a2_motion_sensors.o
    0x08006644   0x08006644   0x0000001a   Code   RO         8480    i.LSM303AGR_MAG_DeInit  lsm303agr.o
    0x0800665e   0x0800665e   0x00000028   Code   RO         8481    i.LSM303AGR_MAG_Disable  lsm303agr.o
    0x08006686   0x08006686   0x00000028   Code   RO         8482    i.LSM303AGR_MAG_Enable  lsm303agr.o
    0x080066ae   0x080066ae   0x00000060   Code   RO         8483    i.LSM303AGR_MAG_GetAxes  lsm303agr.o
    0x0800670e   0x0800670e   0x0000002c   Code   RO         8484    i.LSM303AGR_MAG_GetAxesRaw  lsm303agr.o
    0x0800673a   0x0800673a   0x00000002   PAD
    0x0800673c   0x0800673c   0x00000024   Code   RO         8485    i.LSM303AGR_MAG_GetCapabilities  lsm303agr.o
    0x08006760   0x08006760   0x00000008   Code   RO         8486    i.LSM303AGR_MAG_GetFullScale  lsm303agr.o
    0x08006768   0x08006768   0x00000054   Code   RO         8487    i.LSM303AGR_MAG_GetOutputDataRate  lsm303agr.o
    0x080067bc   0x080067bc   0x0000000a   Code   RO         8488    i.LSM303AGR_MAG_GetSensitivity  lsm303agr.o
    0x080067c6   0x080067c6   0x00000048   Code   RO         8491    i.LSM303AGR_MAG_Init  lsm303agr.o
    0x0800680e   0x0800680e   0x00000012   Code   RO         8492    i.LSM303AGR_MAG_ReadID  lsm303agr.o
    0x08006820   0x08006820   0x0000006c   Code   RO         8494    i.LSM303AGR_MAG_RegisterBusIO  lsm303agr.o
    0x0800688c   0x0800688c   0x00000004   Code   RO         8495    i.LSM303AGR_MAG_SetFullScale  lsm303agr.o
    0x08006890   0x08006890   0x00000040   Code   RO         8496    i.LSM303AGR_MAG_SetOutputDataRate  lsm303agr.o
    0x080068d0   0x080068d0   0x000000f8   Code   RO         9884    i.LSM6DSL_0_Probe   iks01a2_motion_sensors.o
    0x080069c8   0x080069c8   0x0000003e   Code   RO         6990    i.LSM6DSL_ACC_Disable  lsm6dsl.o
    0x08006a06   0x08006a06   0x00000066   Code   RO         6999    i.LSM6DSL_ACC_Disable_Wake_Up_Detection  lsm6dsl.o
    0x08006a6c   0x08006a6c   0x00000028   Code   RO         7000    i.LSM6DSL_ACC_Enable  lsm6dsl.o
    0x08006a94   0x08006a94   0x00000094   Code   RO         7009    i.LSM6DSL_ACC_Enable_Wake_Up_Detection  lsm6dsl.o
    0x08006b28   0x08006b28   0x00000074   Code   RO         7010    i.LSM6DSL_ACC_GetAxes  lsm6dsl.o
    0x08006b9c   0x08006b9c   0x0000002c   Code   RO         7011    i.LSM6DSL_ACC_GetAxesRaw  lsm6dsl.o
    0x08006bc8   0x08006bc8   0x00000044   Code   RO         7012    i.LSM6DSL_ACC_GetFullScale  lsm6dsl.o
    0x08006c0c   0x08006c0c   0x00000094   Code   RO         7013    i.LSM6DSL_ACC_GetOutputDataRate  lsm6dsl.o
    0x08006ca0   0x08006ca0   0x00000054   Code   RO         7014    i.LSM6DSL_ACC_GetSensitivity  lsm6dsl.o
    0x08006cf4   0x08006cf4   0x0000002c   Code   RO         7025    i.LSM6DSL_ACC_SetFullScale  lsm6dsl.o
    0x08006d20   0x08006d20   0x00000098   Code   RO         7026    i.LSM6DSL_ACC_SetOutputDataRate  lsm6dsl.o
    0x08006db8   0x08006db8   0x00000094   Code   RO         7027    i.LSM6DSL_ACC_SetOutputDataRate_When_Enabled  lsm6dsl.o
    0x08006e4c   0x08006e4c   0x0000002c   Code   RO         7041    i.LSM6DSL_DeInit    lsm6dsl.o
    0x08006e78   0x08006e78   0x0000003e   Code   RO         7055    i.LSM6DSL_GYRO_Disable  lsm6dsl.o
    0x08006eb6   0x08006eb6   0x00000028   Code   RO         7056    i.LSM6DSL_GYRO_Enable  lsm6dsl.o
    0x08006ede   0x08006ede   0x0000006e   Code   RO         7057    i.LSM6DSL_GYRO_GetAxes  lsm6dsl.o
    0x08006f4c   0x08006f4c   0x0000002c   Code   RO         7058    i.LSM6DSL_GYRO_GetAxesRaw  lsm6dsl.o
    0x08006f78   0x08006f78   0x00000050   Code   RO         7059    i.LSM6DSL_GYRO_GetFullScale  lsm6dsl.o
    0x08006fc8   0x08006fc8   0x0000008c   Code   RO         7060    i.LSM6DSL_GYRO_GetOutputDataRate  lsm6dsl.o
    0x08007054   0x08007054   0x0000005c   Code   RO         7061    i.LSM6DSL_GYRO_GetSensitivity  lsm6dsl.o
    0x080070b0   0x080070b0   0x0000003c   Code   RO         7064    i.LSM6DSL_GYRO_SetFullScale  lsm6dsl.o
    0x080070ec   0x080070ec   0x00000098   Code   RO         7065    i.LSM6DSL_GYRO_SetOutputDataRate  lsm6dsl.o
    0x08007184   0x08007184   0x00000094   Code   RO         7066    i.LSM6DSL_GYRO_SetOutputDataRate_When_Enabled  lsm6dsl.o
    0x08007218   0x08007218   0x00000028   Code   RO         7069    i.LSM6DSL_GetCapabilities  lsm6dsl.o
    0x08007240   0x08007240   0x00000072   Code   RO         7070    i.LSM6DSL_Init      lsm6dsl.o
    0x080072b2   0x080072b2   0x00000012   Code   RO         7071    i.LSM6DSL_ReadID    lsm6dsl.o
    0x080072c4   0x080072c4   0x00000068   Code   RO         7073    i.LSM6DSL_RegisterBusIO  lsm6dsl.o
    0x0800732c   0x0800732c   0x00000016   Code   RO         7076    i.LSM6DSL_Write_Reg  lsm6dsl.o
    0x08007342   0x08007342   0x0000000e   Code   RO         5351    i.MCU_API_aes_128_cbc_encrypt  mcu_api_stm32.o
    0x08007350   0x08007350   0x00000032   Code   RO         5352    i.MCU_API_delay     mcu_api_stm32.o
    0x08007382   0x08007382   0x00000004   Code   RO         5353    i.MCU_API_free      mcu_api_stm32.o
    0x08007386   0x08007386   0x00000002   PAD
    0x08007388   0x08007388   0x00000018   Code   RO         5354    i.MCU_API_get_device_id_and_payload_encryption_flag  mcu_api_stm32.o
    0x080073a0   0x080073a0   0x0000000a   Code   RO         5355    i.MCU_API_get_initial_pac  mcu_api_stm32.o
    0x080073aa   0x080073aa   0x0000000a   Code   RO         5356    i.MCU_API_get_nv_mem  mcu_api_stm32.o
    0x080073b4   0x080073b4   0x00000010   Code   RO         5357    i.MCU_API_get_version  mcu_api_stm32.o
    0x080073c4   0x080073c4   0x0000000c   Code   RO         5358    i.MCU_API_get_voltage_temperature  mcu_api_stm32.o
    0x080073d0   0x080073d0   0x00000018   Code   RO         5359    i.MCU_API_malloc    mcu_api_stm32.o
    0x080073e8   0x080073e8   0x00000004   Code   RO         5360    i.MCU_API_report_test_result  mcu_api_stm32.o
    0x080073ec   0x080073ec   0x0000000a   Code   RO         5361    i.MCU_API_set_nv_mem  mcu_api_stm32.o
    0x080073f6   0x080073f6   0x00000002   PAD
    0x080073f8   0x080073f8   0x0000008c   Code   RO          801    i.MCU_API_timer_start  tim.o
    0x08007484   0x08007484   0x000000cc   Code   RO          802    i.MCU_API_timer_start_carrier_sense  tim.o
    0x08007550   0x08007550   0x0000001c   Code   RO          803    i.MCU_API_timer_stop  tim.o
    0x0800756c   0x0800756c   0x00000038   Code   RO          804    i.MCU_API_timer_stop_carrier_sense  tim.o
    0x080075a4   0x080075a4   0x0000001a   Code   RO          805    i.MCU_API_timer_wait_for_end  tim.o
    0x080075be   0x080075be   0x00000002   PAD
    0x080075c0   0x080075c0   0x000000cc   Code   RO          305    i.MCU_Config        main.o
    0x0800768c   0x0800768c   0x00000038   Code   RO          522    i.MX_DMA_Init       dma.o
    0x080076c4   0x080076c4   0x000000ec   Code   RO          387    i.MX_GPIO_Init      gpio.o
    0x080077b0   0x080077b0   0x00000054   Code   RO          977    i.MX_I2C1_Init      custom_bus.o
    0x08007804   0x08007804   0x00000002   Code   RO          773    i.MX_MEMS_Init      app_x-cube-mems1.o
    0x08007806   0x08007806   0x00000002   Code   RO          774    i.MX_MEMS_Process   app_x-cube-mems1.o
    0x08007808   0x08007808   0x00000090   Code   RO          560    i.MX_RTC_Init       rtc.o
    0x08007898   0x08007898   0x00000040   Code   RO          671    i.MX_SPI1_Init      spi.o
    0x080078d8   0x080078d8   0x00000074   Code   RO          806    i.MX_TIM22_Init     tim.o
    0x0800794c   0x0800794c   0x00000048   Code   RO          807    i.MX_TIM6_Init      tim.o
    0x08007994   0x08007994   0x00000038   Code   RO          925    i.MX_USART1_UART_Init  usart.o
    0x080079cc   0x080079cc   0x00000034   Code   RO         1166    i.MonarchScan       monarch_app.o
    0x08007a00   0x08007a00   0x00000002   Code   RO         1059    i.NMI_Handler       stm32l0xx_it.o
    0x08007a02   0x08007a02   0x00000002   PAD
    0x08007a04   0x08007a04   0x00000044   Code   RO         4503    i.NVIC_SetPriority  stm32l0xx_hal_cortex.o
    0x08007a48   0x08007a48   0x00000012   Code   RO         4863    i.NVM_Read          nvm_api.o
    0x08007a5a   0x08007a5a   0x00000002   PAD
    0x08007a5c   0x08007a5c   0x000000a8   Code   RO         4864    i.NVM_ReadRecord    nvm_api.o
    0x08007b04   0x08007b04   0x00000012   Code   RO         4866    i.NVM_Write         nvm_api.o
    0x08007b16   0x08007b16   0x00000002   PAD
    0x08007b18   0x08007b18   0x00000084   Code   RO         4867    i.NVM_WriteRecord   nvm_api.o
    0x08007b9c   0x08007b9c   0x00000002   Code   RO         1060    i.PendSV_Handler    stm32l0xx_it.o
    0x08007b9e   0x08007b9e   0x00000002   PAD
    0x08007ba0   0x08007ba0   0x000000d4   Code   RO         4970    i.RF_API_change_frequency  rf_api.o
    0x08007c74   0x08007c74   0x00000010   Code   RO         4971    i.RF_API_get_version  rf_api.o
    0x08007c84   0x08007c84   0x00000170   Code   RO         4972    i.RF_API_init       rf_api.o
    0x08007df4   0x08007df4   0x00000058   Code   RO         4973    i.RF_API_send       rf_api.o
    0x08007e4c   0x08007e4c   0x0000009c   Code   RO         4974    i.RF_API_start_continuous_transmission  rf_api.o
    0x08007ee8   0x08007ee8   0x00000024   Code   RO         4975    i.RF_API_stop       rf_api.o
    0x08007f0c   0x08007f0c   0x00000028   Code   RO         4976    i.RF_API_stop_continuous_transmission  rf_api.o
    0x08007f34   0x08007f34   0x0000018c   Code   RO         4977    i.RF_API_wait_for_clear_channel  rf_api.o
    0x080080c0   0x080080c0   0x000000f0   Code   RO         4978    i.RF_API_wait_frame  rf_api.o
    0x080081b0   0x080081b0   0x00000018   Code   RO         1746    i.RTC_ByteToBcd2    stm32l0xx_hal_rtc.o
    0x080081c8   0x080081c8   0x00000038   Code   RO         1747    i.RTC_EnterInitMode  stm32l0xx_hal_rtc.o
    0x08008200   0x08008200   0x00000074   Code   RO         1061    i.RTC_IRQHandler    stm32l0xx_it.o
    0x08008274   0x08008274   0x0000001c   Code   RO         8498    i.ReadAccRegWrap    lsm303agr.o
    0x08008290   0x08008290   0x0000001c   Code   RO         8499    i.ReadMagRegWrap    lsm303agr.o
    0x080082ac   0x080082ac   0x0000000e   Code   RO         7077    i.ReadRegWrap       lsm6dsl.o
    0x080082ba   0x080082ba   0x00000002   PAD
    0x080082bc   0x080082bc   0x0000000c   Code   RO          672    i.S2LPGetSpiInUse   spi.o
    0x080082c8   0x080082c8   0x00000068   Code   RO          388    i.S2LPIRQEnable     gpio.o
    0x08008330   0x08008330   0x00000050   Code   RO          389    i.S2LPIRQInit       gpio.o
    0x08008380   0x08008380   0x0000000c   Code   RO         4637    i.S2LPManagementGetRangeExtender  s2lp_aux_utils.o
    0x0800838c   0x0800838c   0x0000000c   Code   RO         4639    i.S2LPManagementGetXtalFrequency  s2lp_aux_utils.o
    0x08008398   0x08008398   0x0000000c   Code   RO         4641    i.S2LPManagementSetBand  s2lp_aux_utils.o
    0x080083a4   0x080083a4   0x0000000c   Code   RO         4642    i.S2LPManagementSetRangeExtender  s2lp_aux_utils.o
    0x080083b0   0x080083b0   0x00000002   Code   RO         4725    i.S2LPRadioSetPALevelMaxIndex  s2lp_aux_fem_auto.o
    0x080083b2   0x080083b2   0x00000002   Code   RO         4726    i.S2LPRadioSetPALeveldBm  s2lp_aux_fem_auto.o
    0x080083b4   0x080083b4   0x0000000c   Code   RO         4643    i.S2LPRadioSetXtalFrequency  s2lp_aux_utils.o
    0x080083c0   0x080083c0   0x00000014   Code   RO          391    i.S2LPShutdownEnter  gpio.o
    0x080083d4   0x080083d4   0x00000028   Code   RO          392    i.S2LPShutdownExit  gpio.o
    0x080083fc   0x080083fc   0x0000003c   Code   RO          393    i.S2LPShutdownInit  gpio.o
    0x08008438   0x08008438   0x00000108   Code   RO          675    i.S2LPSpiRaw        spi.o
    0x08008540   0x08008540   0x000000e4   Code   RO          679    i.S2LPSpiWriteRegisters  spi.o
    0x08008624   0x08008624   0x00000022   Code   RO         2112    i.SPI_DMAError      stm32l0xx_hal_spi.o
    0x08008646   0x08008646   0x0000000a   Code   RO         2113    i.SPI_DMAHalfReceiveCplt  stm32l0xx_hal_spi.o
    0x08008650   0x08008650   0x0000000a   Code   RO         2115    i.SPI_DMAHalfTransmitReceiveCplt  stm32l0xx_hal_spi.o
    0x0800865a   0x0800865a   0x00000056   Code   RO         2116    i.SPI_DMAReceiveCplt  stm32l0xx_hal_spi.o
    0x080086b0   0x080086b0   0x0000005c   Code   RO         2119    i.SPI_DMATransmitReceiveCplt  stm32l0xx_hal_spi.o
    0x0800870c   0x0800870c   0x0000005c   Code   RO         2121    i.SPI_EndRxTransaction  stm32l0xx_hal_spi.o
    0x08008768   0x08008768   0x00000042   Code   RO         2122    i.SPI_EndRxTxTransaction  stm32l0xx_hal_spi.o
    0x080087aa   0x080087aa   0x0000008c   Code   RO         2127    i.SPI_WaitFlagStateUntilTimeout  stm32l0xx_hal_spi.o
    0x08008836   0x08008836   0x00000002   PAD
    0x08008838   0x08008838   0x00000044   Code   RO          306    i.ST_Init           main.o
    0x0800887c   0x0800887c   0x00000014   Code   RO          394    i.ST_MCU_API_GpioIRQ  gpio.o
    0x08008890   0x08008890   0x00000012   Code   RO          396    i.ST_MCU_API_Shutdown  gpio.o
    0x080088a2   0x080088a2   0x0000000a   Code   RO          680    i.ST_MCU_API_SpiRaw  spi.o
    0x080088ac   0x080088ac   0x000000c0   Code   RO          808    i.ST_MCU_API_TimerCalibration  tim.o
    0x0800896c   0x0800896c   0x00000038   Code   RO          809    i.ST_MCU_API_WaitForInterrupt  tim.o
    0x080089a4   0x080089a4   0x00000020   Code   RO         4979    i.ST_RF_API_GetRSSI  rf_api.o
    0x080089c4   0x080089c4   0x0000000c   Code   RO         4980    i.ST_RF_API_Get_Continuous_TX_or_MONARCH_Scan_Flag  rf_api.o
    0x080089d0   0x080089d0   0x0000001a   Code   RO         4981    i.ST_RF_API_ReadFifo  rf_api.o
    0x080089ea   0x080089ea   0x00000012   Code   RO         4982    i.ST_RF_API_ReadFifoStatus  rf_api.o
    0x080089fc   0x080089fc   0x00000034   Code   RO         4983    i.ST_RF_API_S2LP_IRQ_CB  rf_api.o
    0x08008a30   0x08008a30   0x0000001c   Code   RO         4984    i.ST_RF_API_SetFifoLength  rf_api.o
    0x08008a4c   0x08008a4c   0x00000012   Code   RO         4985    i.ST_RF_API_StartRx  rf_api.o
    0x08008a5e   0x08008a5e   0x00000002   PAD
    0x08008a60   0x08008a60   0x00000024   Code   RO         4986    i.ST_RF_API_StartTx  rf_api.o
    0x08008a84   0x08008a84   0x00000012   Code   RO         4987    i.ST_RF_API_StopRxTx  rf_api.o
    0x08008a96   0x08008a96   0x00000002   PAD
    0x08008a98   0x08008a98   0x0000000c   Code   RO         4988    i.ST_RF_API_Timer_CB  rf_api.o
    0x08008aa4   0x08008aa4   0x0000000c   Code   RO         4989    i.ST_RF_API_Timer_Channel_Clear_CB  rf_api.o
    0x08008ab0   0x08008ab0   0x00000002   Code   RO         4990    i.ST_RF_API_custom_setting  rf_api.o
    0x08008ab2   0x08008ab2   0x00000002   PAD
    0x08008ab4   0x08008ab4   0x00000010   Code   RO         4993    i.ST_RF_API_get_ramp_duration  rf_api.o
    0x08008ac4   0x08008ac4   0x00000018   Code   RO         4997    i.ST_RF_API_gpio_rx_pin  rf_api.o
    0x08008adc   0x08008adc   0x00000018   Code   RO         4998    i.ST_RF_API_gpio_tx_pin  rf_api.o
    0x08008af4   0x08008af4   0x00000018   Code   RO         4999    i.ST_RF_API_gpio_tx_rx_pin  rf_api.o
    0x08008b0c   0x08008b0c   0x0000000c   Code   RO         5000    i.ST_RF_API_reduce_output_power  rf_api.o
    0x08008b18   0x08008b18   0x0000000c   Code   RO         5001    i.ST_RF_API_set_freq_offset  rf_api.o
    0x08008b24   0x08008b24   0x0000000c   Code   RO         5002    i.ST_RF_API_set_lbt_thr_offset  rf_api.o
    0x08008b30   0x08008b30   0x0000000c   Code   RO         5004    i.ST_RF_API_set_rssi_offset  rf_api.o
    0x08008b3c   0x08008b3c   0x0000000c   Code   RO         5006    i.ST_RF_API_set_xtal_freq  rf_api.o
    0x08008b48   0x08008b48   0x00000084   Code   RO           12    i.ST_Sigfox_Init    st_sigfox_init.o
    0x08008bcc   0x08008bcc   0x00000002   Code   RO         1062    i.SVC_Handler       stm32l0xx_it.o
    0x08008bce   0x08008bce   0x00000002   PAD
    0x08008bd0   0x08008bd0   0x0000000c   Code   RO         4644    i.SdkEvalGetDaughterBoardType  s2lp_aux_utils.o
    0x08008bdc   0x08008bdc   0x00000002   Code   RO          681    i.SdkEvalSpiRawTC   spi.o
    0x08008bde   0x08008bde   0x00000002   PAD
    0x08008be0   0x08008be0   0x00000098   Code   RO          810    i.SdkEvalTimersFindFactors  tim.o
    0x08008c78   0x08008c78   0x00000090   Code   RO          811    i.SdkEvalTimersTimConfig  tim.o
    0x08008d08   0x08008d08   0x00000040   Code   RO         4868    i.SetNVMInitial     nvm_api.o
    0x08008d48   0x08008d48   0x000000e4   Code   RO           14    i.St_Sigfox_Open_RCZ  st_sigfox_init.o
    0x08008e2c   0x08008e2c   0x00000008   Code   RO         1063    i.SysTick_Handler   stm32l0xx_it.o
    0x08008e34   0x08008e34   0x00000074   Code   RO          307    i.SystemClock_Config  main.o
    0x08008ea8   0x08008ea8   0x00000054   Code   RO         4601    i.SystemInit        system_stm32l0xx.o
    0x08008efc   0x08008efc   0x00000010   Code   RO         1064    i.TIM6_DAC_IRQHandler  stm32l0xx_it.o
    0x08008f0c   0x08008f0c   0x00000058   Code   RO         2481    i.TIM_Base_SetConfig  stm32l0xx_hal_tim.o
    0x08008f64   0x08008f64   0x00000016   Code   RO         2492    i.TIM_ETR_SetConfig  stm32l0xx_hal_tim.o
    0x08008f7a   0x08008f7a   0x00000010   Code   RO         2493    i.TIM_ITRx_SetConfig  stm32l0xx_hal_tim.o
    0x08008f8a   0x08008f8a   0x00000022   Code   RO         2499    i.TIM_TI1_ConfigInputStage  stm32l0xx_hal_tim.o
    0x08008fac   0x08008fac   0x00000026   Code   RO         2501    i.TIM_TI2_ConfigInputStage  stm32l0xx_hal_tim.o
    0x08008fd2   0x08008fd2   0x000000ca   Code   RO         3125    i.UART_AdvFeatureConfig  stm32l0xx_hal_uart.o
    0x0800909c   0x0800909c   0x00000060   Code   RO         3126    i.UART_CheckIdleState  stm32l0xx_hal_uart.o
    0x080090fc   0x080090fc   0x00000228   Code   RO         3141    i.UART_SetConfig    stm32l0xx_hal_uart.o
    0x08009324   0x08009324   0x00000062   Code   RO         3144    i.UART_WaitOnFlagUntilTimeout  stm32l0xx_hal_uart.o
    0x08009386   0x08009386   0x0000001c   Code   RO         8500    i.WriteAccRegWrap   lsm303agr.o
    0x080093a2   0x080093a2   0x0000001c   Code   RO         8501    i.WriteMagRegWrap   lsm303agr.o
    0x080093be   0x080093be   0x0000000e   Code   RO         7078    i.WriteRegWrap      lsm6dsl.o
    0x080093cc   0x080093cc   0x00000020   Code   RO        10847    i.__0printf$5       mc_p.l(printf5.o)
    0x080093ec   0x080093ec   0x00000030   Code   RO         5309    i.__ARM_common_ll_muluu  rf_api.o
    0x0800941c   0x0800941c   0x0000001a   Code   RO           40    i.__ARM_common_switch8  st_sigfox_init.o
    0x08009436   0x08009436   0x0000000e   Code   RO        11031    i.__scatterload_copy  mc_p.l(handlers.o)
    0x08009444   0x08009444   0x00000002   Code   RO        11032    i.__scatterload_null  mc_p.l(handlers.o)
    0x08009446   0x08009446   0x0000000e   Code   RO        11033    i.__scatterload_zeroinit  mc_p.l(handlers.o)
    0x08009454   0x08009454   0x000002dc   Code   RO        10854    i._printf_core      mc_p.l(printf5.o)
    0x08009730   0x08009730   0x00000040   Code   RO         4869    i._setBlockState    nvm_api.o
    0x08009770   0x08009770   0x00000032   Code   RO         4870    i._writeRecordInternal  nvm_api.o
    0x080097a2   0x080097a2   0x00000002   PAD
    0x080097a4   0x080097a4   0x000005fc   Code   RO         1167    i.callback          monarch_app.o
    0x08009da0   0x08009da0   0x00000028   Code   RO         1168    i.closeSigfoxLib    monarch_app.o
    0x08009dc8   0x08009dc8   0x000000d4   Code   RO         1169    i.configRegion      monarch_app.o
    0x08009e9c   0x08009e9c   0x00000020   Code   RO         4871    i.eraseAllSector    nvm_api.o
    0x08009ebc   0x08009ebc   0x00000020   Code   RO          926    i.fputc             usart.o
    0x08009edc   0x08009edc   0x0000000c   Code   RO          398    i.getLowPowerFlag   gpio.o
    0x08009ee8   0x08009ee8   0x0000000c   Code   RO          812    i.getNIntermediateTimIrqFlag  tim.o
    0x08009ef4   0x08009ef4   0x0000000c   Code   RO          561    i.getNextRtcWakeUpFlag  rtc.o
    0x08009f00   0x08009f00   0x0000000c   Code   RO          813    i.getNotifyEndFlag  tim.o
    0x08009f0c   0x08009f0c   0x00000008   Code   RO          562    i.getRtcHandler     rtc.o
    0x08009f14   0x08009f14   0x0000000c   Code   RO          563    i.getRtcInUseFlag   rtc.o
    0x08009f20   0x08009f20   0x0000000c   Code   RO          564    i.getRtcInUseForCsFlag  rtc.o
    0x08009f2c   0x08009f2c   0x0000000c   Code   RO          565    i.getRtcIrqFlag     rtc.o
    0x08009f38   0x08009f38   0x0000000c   Code   RO          566    i.getRtcPrescFlag   rtc.o
    0x08009f44   0x08009f44   0x0000000c   Code   RO          399    i.getS2lpIrqRaisedFlag  gpio.o
    0x08009f50   0x08009f50   0x0000000c   Code   RO         1170    i.getScanStatus     monarch_app.o
    0x08009f5c   0x08009f5c   0x0000005c   Code   RO          308    i.handle_ACC_exti   main.o
    0x08009fb8   0x08009fb8   0x0000000e   Code   RO         7536    i.lsm303agr_acceleration_raw_get  lsm303agr_reg.o
    0x08009fc6   0x08009fc6   0x00000034   Code   RO         7560    i.lsm303agr_mag_block_data_update_set  lsm303agr_reg.o
    0x08009ffa   0x08009ffa   0x00000038   Code   RO         7566    i.lsm303agr_mag_data_rate_get  lsm303agr_reg.o
    0x0800a032   0x0800a032   0x00000034   Code   RO         7567    i.lsm303agr_mag_data_rate_set  lsm303agr_reg.o
    0x0800a066   0x0800a066   0x0000000e   Code   RO         7569    i.lsm303agr_mag_device_id_get  lsm303agr_reg.o
    0x0800a074   0x0800a074   0x00000034   Code   RO         7573    i.lsm303agr_mag_i2c_interface_set  lsm303agr_reg.o
    0x0800a0a8   0x0800a0a8   0x00000034   Code   RO         7588    i.lsm303agr_mag_operating_mode_set  lsm303agr_reg.o
    0x0800a0dc   0x0800a0dc   0x00000034   Code   RO         7594    i.lsm303agr_mag_self_test_set  lsm303agr_reg.o
    0x0800a110   0x0800a110   0x0000000e   Code   RO         7602    i.lsm303agr_magnetic_raw_get  lsm303agr_reg.o
    0x0800a11e   0x0800a11e   0x0000000e   Code   RO         7605    i.lsm303agr_read_reg  lsm303agr_reg.o
    0x0800a12c   0x0800a12c   0x0000000e   Code   RO         7619    i.lsm303agr_write_reg  lsm303agr_reg.o
    0x0800a13a   0x0800a13a   0x00000032   Code   RO         7621    i.lsm303agr_xl_block_data_update_set  lsm303agr_reg.o
    0x0800a16c   0x0800a16c   0x0000004e   Code   RO         7627    i.lsm303agr_xl_data_rate_get  lsm303agr_reg.o
    0x0800a1ba   0x0800a1ba   0x00000032   Code   RO         7628    i.lsm303agr_xl_data_rate_set  lsm303agr_reg.o
    0x0800a1ec   0x0800a1ec   0x0000000e   Code   RO         7630    i.lsm303agr_xl_device_id_get  lsm303agr_reg.o
    0x0800a1fa   0x0800a1fa   0x00000032   Code   RO         7636    i.lsm303agr_xl_fifo_mode_set  lsm303agr_reg.o
    0x0800a22c   0x0800a22c   0x00000038   Code   RO         7646    i.lsm303agr_xl_full_scale_get  lsm303agr_reg.o
    0x0800a264   0x0800a264   0x00000034   Code   RO         7647    i.lsm303agr_xl_full_scale_set  lsm303agr_reg.o
    0x0800a298   0x0800a298   0x0000003e   Code   RO         7678    i.lsm303agr_xl_operating_mode_get  lsm303agr_reg.o
    0x0800a2d6   0x0800a2d6   0x0000000e   Code   RO         5512    i.lsm6dsl_acceleration_raw_get  lsm6dsl_reg.o
    0x0800a2e4   0x0800a2e4   0x0000000e   Code   RO         5520    i.lsm6dsl_angular_rate_raw_get  lsm6dsl_reg.o
    0x0800a2f2   0x0800a2f2   0x00000034   Code   RO         5522    i.lsm6dsl_auto_increment_set  lsm6dsl_reg.o
    0x0800a326   0x0800a326   0x00000034   Code   RO         5524    i.lsm6dsl_block_data_update_set  lsm6dsl_reg.o
    0x0800a35a   0x0800a35a   0x0000000e   Code   RO         5543    i.lsm6dsl_device_id_get  lsm6dsl_reg.o
    0x0800a368   0x0800a368   0x00000034   Code   RO         5558    i.lsm6dsl_fifo_mode_set  lsm6dsl_reg.o
    0x0800a39c   0x0800a39c   0x0000005a   Code   RO         5591    i.lsm6dsl_gy_data_rate_get  lsm6dsl_reg.o
    0x0800a3f6   0x0800a3f6   0x00000032   Code   RO         5592    i.lsm6dsl_gy_data_rate_set  lsm6dsl_reg.o
    0x0800a428   0x0800a428   0x00000040   Code   RO         5594    i.lsm6dsl_gy_full_scale_get  lsm6dsl_reg.o
    0x0800a468   0x0800a468   0x00000034   Code   RO         5595    i.lsm6dsl_gy_full_scale_set  lsm6dsl_reg.o
    0x0800a49c   0x0800a49c   0x00000158   Code   RO         5635    i.lsm6dsl_pin_int1_route_get  lsm6dsl_reg.o
    0x0800a5f4   0x0800a5f4   0x000001f6   Code   RO         5636    i.lsm6dsl_pin_int1_route_set  lsm6dsl_reg.o
    0x0800a7ea   0x0800a7ea   0x00000130   Code   RO         5637    i.lsm6dsl_pin_int2_route_get  lsm6dsl_reg.o
    0x0800a91a   0x0800a91a   0x000001c4   Code   RO         5638    i.lsm6dsl_pin_int2_route_set  lsm6dsl_reg.o
    0x0800aade   0x0800aade   0x0000000e   Code   RO         5643    i.lsm6dsl_read_reg  lsm6dsl_reg.o
    0x0800aaec   0x0800aaec   0x00000034   Code   RO         5721    i.lsm6dsl_wkup_dur_set  lsm6dsl_reg.o
    0x0800ab20   0x0800ab20   0x00000034   Code   RO         5723    i.lsm6dsl_wkup_threshold_set  lsm6dsl_reg.o
    0x0800ab54   0x0800ab54   0x0000000e   Code   RO         5726    i.lsm6dsl_write_reg  lsm6dsl_reg.o
    0x0800ab62   0x0800ab62   0x0000005e   Code   RO         5727    i.lsm6dsl_xl_data_rate_get  lsm6dsl_reg.o
    0x0800abc0   0x0800abc0   0x00000032   Code   RO         5728    i.lsm6dsl_xl_data_rate_set  lsm6dsl_reg.o
    0x0800abf2   0x0800abf2   0x0000002a   Code   RO         5732    i.lsm6dsl_xl_full_scale_get  lsm6dsl_reg.o
    0x0800ac1c   0x0800ac1c   0x00000034   Code   RO         5733    i.lsm6dsl_xl_full_scale_set  lsm6dsl_reg.o
    0x0800ac50   0x0800ac50   0x00000680   Code   RO          309    i.main              main.o
    0x0800b2d0   0x0800b2d0   0x00000018   Code   RO         5008    i.pn9_next          rf_api.o
    0x0800b2e8   0x0800b2e8   0x00000016   Code   RO         5009    i.pn9_next_byte     rf_api.o
    0x0800b2fe   0x0800b2fe   0x00000016   Code   RO         5010    i.priv_ST_MANUF_CmdStrobe  rf_api.o
    0x0800b314   0x0800b314   0x00000042   Code   RO         5011    i.priv_ST_MANUF_ReadRegisters  rf_api.o
    0x0800b356   0x0800b356   0x00000002   PAD
    0x0800b358   0x0800b358   0x00000060   Code   RO         5012    i.priv_ST_MANUF_SpiRaw_Ramp  rf_api.o
    0x0800b3b8   0x0800b3b8   0x000000f4   Code   RO         5013    i.priv_ST_MANUF_Transmission_Tick  rf_api.o
    0x0800b4ac   0x0800b4ac   0x0000002e   Code   RO         5014    i.priv_ST_MANUF_WriteRegisters  rf_api.o
    0x0800b4da   0x0800b4da   0x00000002   PAD
    0x0800b4dc   0x0800b4dc   0x0000005c   Code   RO         5015    i.priv_ST_MANUF_rf_load_first_ramp_up  rf_api.o
    0x0800b538   0x0800b538   0x00000108   Code   RO         5016    i.priv_ST_MANUF_rx_monarch_rf_init  rf_api.o
    0x0800b640   0x0800b640   0x0000020c   Code   RO         5017    i.priv_ST_MANUF_rx_rf_init  rf_api.o
    0x0800b84c   0x0800b84c   0x000003ac   Code   RO         5018    i.priv_ST_MANUF_tx_rf_dbpsk_init  rf_api.o
    0x0800bbf8   0x0800bbf8   0x0000003c   Code   RO         5019    i.priv_ST_MANUF_tx_rf_dbpsk_single_bit  rf_api.o
    0x0800bc34   0x0800bc34   0x000000dc   Code   RO         5020    i.priv_ST_MANUF_tx_rf_init  rf_api.o
    0x0800bd10   0x0800bd10   0x00000014   Code   RO          401    i.readButton        gpio.o
    0x0800bd24   0x0800bd24   0x00000048   Code   RO         1171    i.sendFrameRCZ      monarch_app.o
    0x0800bd6c   0x0800bd6c   0x0000000c   Code   RO          814    i.setNIntermediateTimIrqFlag  tim.o
    0x0800bd78   0x0800bd78   0x0000000c   Code   RO          567    i.setNextRtcWakeUpFlag  rtc.o
    0x0800bd84   0x0800bd84   0x0000000c   Code   RO          568    i.setRtcInUseFlag   rtc.o
    0x0800bd90   0x0800bd90   0x0000000c   Code   RO          569    i.setRtcInUseForCsFlag  rtc.o
    0x0800bd9c   0x0800bd9c   0x0000000c   Code   RO          570    i.setRtcIrqFlag     rtc.o
    0x0800bda8   0x0800bda8   0x0000000c   Code   RO          571    i.setRtcPrescFlag   rtc.o
    0x0800bdb4   0x0800bdb4   0x0000000c   Code   RO          403    i.setS2lpIrqRaisedFlag  gpio.o
    0x0800bdc0   0x0800bdc0   0x0000000c   Code   RO         1172    i.setScanStatus     monarch_app.o
    0x0800bdcc   0x0800bdcc   0x000000e8   Data   RO           15    .constdata          st_sigfox_init.o
    0x0800beb4   0x0800beb4   0x0000003c   Data   RO          817    .constdata          tim.o
    0x0800bef0   0x0800bef0   0x00000019   Data   RO         4602    .constdata          system_stm32l0xx.o
    0x0800bf09   0x0800bf09   0x00000008   Data   RO         4603    .constdata          system_stm32l0xx.o
    0x0800bf11   0x0800bf11   0x00000050   Data   RO         5021    .constdata          rf_api.o
    0x0800bf61   0x0800bf61   0x000001e1   Data   RO         5022    .constdata          rf_api.o
    0x0800c142   0x0800c142   0x000001e1   Data   RO         5023    .constdata          rf_api.o
    0x0800c323   0x0800c323   0x00000007   Data   RO         5364    .constdata          mcu_api_stm32.o
    0x0800c32a   0x0800c32a   0x00000002   PAD
    0x0800c32c   0x0800c32c   0x0000059d   Data   RO          310    .conststring        main.o
    0x0800c8c9   0x0800c8c9   0x00000003   PAD
    0x0800c8cc   0x0800c8cc   0x0000026f   Data   RO         1173    .conststring        monarch_app.o
    0x0800cb3b   0x0800cb3b   0x00000001   PAD
    0x0800cb3c   0x0800cb3c   0x00000100   Data   RO        10538    .rodata             ST_RETRIEVER_LIB_STM32L053xx.a(retriever_api.o)
    0x0800cc3c   0x0800cc3c   0x00000100   Data   RO        10539    .rodata             ST_RETRIEVER_LIB_STM32L053xx.a(retriever_api.o)
    0x0800cd3c   0x0800cd3c   0x00000100   Data   RO        10540    .rodata             ST_RETRIEVER_LIB_STM32L053xx.a(retriever_api.o)
    0x0800ce3c   0x0800ce3c   0x00000020   Data   RO        11029    Region$$Table       anon$$obj.o


    Execution Region BLOCK_SIGFOXUSER_FLASH_DATA (Exec base: 0x08080000, Load base: 0x0800cf74, Size: 0x00000100, Max: 0x00000100, ABSOLUTE, UNINIT)

    Exec Addr    Load Addr    Size         Type   Attr      Idx    E Section Name        Object

    0x08080000        -       0x00000080   Zero   RW         5458    .noinit.sigfox_board_data  sdk_utils_flash.o
    0x08080080        -       0x00000080   Zero   RW         5459    .noinit.sigfox_nvm_data  sdk_utils_flash.o


    Execution Region RW_IRAM1 (Exec base: 0x20000000, Load base: 0x0800ce5c, Size: 0x00001270, Max: 0x00002000, ABSOLUTE, COMPRESSED[0x00000118])

    Exec Addr    Load Addr    Size         Type   Attr      Idx    E Section Name        Object

    0x20000000   COMPRESSED   0x00000054   Data   RW          311    .data               main.o
    0x20000054   COMPRESSED   0x00000002   Data   RW          404    .data               gpio.o
    0x20000056   COMPRESSED   0x00000002   PAD
    0x20000058   COMPRESSED   0x0000000c   Data   RW          573    .data               rtc.o
    0x20000064   COMPRESSED   0x00000002   Data   RW          683    .data               spi.o
    0x20000066   COMPRESSED   0x00000002   PAD
    0x20000068   COMPRESSED   0x00000048   Data   RW          819    .data               tim.o
    0x200000b0   COMPRESSED   0x00000004   Data   RW          979    .data               custom_bus.o
    0x200000b4   COMPRESSED   0x00000004   Data   RW         1065    .data               stm32l0xx_it.o
    0x200000b8   COMPRESSED   0x00000003   Data   RW         1174    .data               monarch_app.o
    0x200000bb   COMPRESSED   0x00000001   PAD
    0x200000bc   COMPRESSED   0x00000004   Data   RW         3528    .data               stm32l0xx_hal.o
    0x200000c0   COMPRESSED   0x00000004   Data   RW         4604    .data               system_stm32l0xx.o
    0x200000c4   COMPRESSED   0x00000008   Data   RW         4647    .data               s2lp_aux_utils.o
    0x200000cc   COMPRESSED   0x00000003   Data   RW         4727    .data               s2lp_aux_fem_auto.o
    0x200000cf   COMPRESSED   0x00000001   PAD
    0x200000d0   COMPRESSED   0x00000010   Data   RW         4872    .data               nvm_api.o
    0x200000e0   COMPRESSED   0x000000a0   Data   RW         5024    .data               rf_api.o
    0x20000180   COMPRESSED   0x00000001   Data   RW         5365    .data               mcu_api_stm32.o
    0x20000181   COMPRESSED   0x00000003   PAD
    0x20000184   COMPRESSED   0x00000010   Data   RW         7079    .data               lsm6dsl.o
    0x20000194   COMPRESSED   0x00000024   Data   RW         7080    .data               lsm6dsl.o
    0x200001b8   COMPRESSED   0x00000024   Data   RW         7081    .data               lsm6dsl.o
    0x200001dc   COMPRESSED   0x00000010   Data   RW         8502    .data               lsm303agr.o
    0x200001ec   COMPRESSED   0x00000024   Data   RW         8503    .data               lsm303agr.o
    0x20000210   COMPRESSED   0x00000010   Data   RW         8504    .data               lsm303agr.o
    0x20000220   COMPRESSED   0x00000024   Data   RW         8505    .data               lsm303agr.o
    0x20000244   COMPRESSED   0x00000014   Data   RW         9886    .data               iks01a2_motion_sensors.o
    0x20000258   COMPRESSED   0x00000080   Data   RW        10542    .data               ST_RETRIEVER_LIB_STM32L053xx.a(retriever_api.o)
    0x200002d8   COMPRESSED   0x00000038   Data   RW        10597    .data               SFX_LIB_V2.8.0_FDL_MON_IAR8.11_cortexM0+.a(sigfox_monarch_api.o)
    0x20000310   COMPRESSED   0x00000004   Data   RW        11005    .data               mc_p.l(stdout.o)
    0x20000314        -       0x00000024   Zero   RW          572    .bss                rtc.o
    0x20000338        -       0x000001e8   Zero   RW          682    .bss                spi.o
    0x20000520        -       0x00000078   Zero   RW          816    .bss                tim.o
    0x20000598        -       0x00000110   Zero   RW          927    .bss                usart.o
    0x200006a8        -       0x0000004c   Zero   RW          978    .bss                custom_bus.o
    0x200006f4        -       0x00000018   Zero   RW         3970    .bss                stm32l0xx_hal_flash.o
    0x2000070c        -       0x00000058   Zero   RW         4777    .bss                s2lp_aux_eeprom.o
    0x20000764        -       0x000001f4   Zero   RW         5363    .bss                mcu_api_stm32.o
    0x20000958        -       0x0000000c   Zero   RW         5456    .bss                sdk_utils_flash.o
    0x20000964        -       0x000000d0   Zero   RW         9885    .bss                iks01a2_motion_sensors.o
    0x20000a34        -       0x000000b0   Zero   RW        10537    .bss                ST_RETRIEVER_LIB_STM32L053xx.a(retriever_api.o)
    0x20000ae4        -       0x00000008   Zero   RW        10574    .bss                SFX_LIB_V2.8.0_FDL_MON_IAR8.11_cortexM0+.a(sigfox_api.o)
    0x20000aec        -       0x00000004   Zero   RW        10598    .bss                SFX_LIB_V2.8.0_FDL_MON_IAR8.11_cortexM0+.a(sigfox_monarch_api.o)
    0x20000af0        -       0x000002c8   Zero   RW        10608    .bss                ST_MONARCH_LIB_CM0.a(monarch_api.o)
    0x20000db8        -       0x00000002   Zero   RW        10609    .bss                ST_MONARCH_LIB_CM0.a(monarch_api.o)
    0x20000dba   COMPRESSED   0x00000002   PAD
    0x20000dbc        -       0x00000030   Zero   RW        10611    .bss                ST_MONARCH_LIB_CM0.a(monarch_api.o)
    0x20000dec        -       0x00000064   Zero   RW        10613    .bss                ST_MONARCH_LIB_CM0.a(monarch_api.o)
    0x20000e50        -       0x00000020   Zero   RW        10679    .bss                SFX_LIB_V2.8.0_FDL_MON_IAR8.11_cortexM0+.a(sigfox_hmac.o)
    0x20000e70        -       0x00000400   Zero   RW            1    STACK               startup_stm32l052xx.o


==============================================================================

Image component sizes


      Code (inc. data)   RO Data    RW Data    ZI Data      Debug   Object Name

         4          0          0          0          0        909   app_x-cube-mems1.o
       416         54          0          4         76       4606   custom_bus.o
        56          4          0          0          0       5186   dma.o
       686         94          0          2          0      12279   gpio.o
       968        148          0         20        208      22615   iks01a2_motion_sensors.o
        88         12          0          0          0       1531   iks01a2_motion_sensors_ex.o
      2086        186          0        104          0      29650   lsm303agr.o
       798         12          0          0          0      25377   lsm303agr_reg.o
      2454        362          0         88          0      26718   lsm6dsl.o
      2426         38          0          0          0      45324   lsm6dsl_reg.o
      2146       1036       1437         84          0      10704   main.o
       178         14          7          1        500      25219   mcu_api_stm32.o
      1932       1290        623          3          0       5060   monarch_app.o
       558         36          0         16          0       7388   nvm_api.o
      4634        280       1042        160          0      53744   rf_api.o
       400         86          0         12         36       7657   rtc.o
       240         20          0          0         88       3758   s2lp_aux_eeprom.o
       160         12          0          3          0       3604   s2lp_aux_fem_auto.o
        72         36          0          8          0       4353   s2lp_aux_utils.o
       328          6          0          0        268       5940   sdk_utils_flash.o
       836         66          0          2        488       6555   spi.o
       386         26        232          0          0     426592   st_sigfox_init.o
        28          8        192          0       1024        668   startup_stm32l052xx.o
       144         20          0          4          0       4019   stm32l0xx_hal.o
       164         30          0          0          0      11479   stm32l0xx_hal_cortex.o
       460         12          0          0          0       3819   stm32l0xx_hal_dma.o
       268         22          0          0         24       3903   stm32l0xx_hal_flash.o
       196         36          0          0          0       3114   stm32l0xx_hal_flash_ex.o
       640         62          0          0          0       3985   stm32l0xx_hal_gpio.o
      1530         36          0          0          0      14707   stm32l0xx_hal_i2c.o
       146          0          0          0          0       2011   stm32l0xx_hal_i2c_ex.o
        24          4          0          0          0        466   stm32l0xx_hal_msp.o
        68         12          0          0          0       1215   stm32l0xx_hal_pwr.o
      1706         92          0          0          0       5792   stm32l0xx_hal_rcc.o
       376         14          0          0          0       1548   stm32l0xx_hal_rcc_ex.o
       748         14          0          0          0       5472   stm32l0xx_hal_rtc.o
       428         18          0          0          0       4103   stm32l0xx_hal_rtc_ex.o
      1464         22          0          0          0      12863   stm32l0xx_hal_spi.o
       904         20          0          0          0      12090   stm32l0xx_hal_tim.o
        60          0          0          0          0       1272   stm32l0xx_hal_tim_ex.o
      1270         76          0          0          0       7397   stm32l0xx_hal_uart.o
       216         32          0          4          0       6181   stm32l0xx_it.o
        84         18         33          4          0       1319   system_stm32l0xx.o
      1294        152         60         72        120      10521   tim.o
       280         30          0          0        272       2404   usart.o

    ----------------------------------------------------------------------
     34408       4548       3664        600       3104     855117   Object Totals
         0          0         32          0          0          0   (incl. Generated)
        58          0          6          9          0          0   (incl. Padding)

    ----------------------------------------------------------------------

      Code (inc. data)   RO Data    RW Data    ZI Data      Debug   Library Member Name

      1352         56          0          0          8       1112   sigfox_api.o
       560         20          0          0          0        221   sigfox_callback.o
       126          8          0          0          0        150   sigfox_crc.o
       524         44          0          0          0        159   sigfox_decode.o
       116         12          0          0         32         80   sigfox_hmac.o
      3902         80          0          0          0       1591   sigfox_internal.o
       424         20          0         56          4        301   sigfox_monarch_api.o
       100          4          0          0          0         78   sigfox_pn.o
       140         16          0          0          0         79   sigfox_scramb.o
      1840        148          0          0        862        808   monarch_api.o
      3020         44        768        128        176       1834   retriever_api.o
        86          0          0          0          0          0   __dczerorl2.o
         0          0          0          0          0          0   entry.o
         0          0          0          0          0          0   entry10a.o
         0          0          0          0          0          0   entry11a.o
         8          4          0          0          0          0   entry2.o
         4          0          0          0          0          0   entry5.o
         0          0          0          0          0          0   entry7b.o
         0          0          0          0          0          0   entry8b.o
         8          4          0          0          0          0   entry9a.o
        30          0          0          0          0          0   handlers.o
        40          0          0          0          0         72   idiv.o
        36          8          0          0          0         68   init.o
         0          0          0          0          0          0   iusefp.o
       122          0          0          0          0         84   llmul.o
        32          0          0          0          0         68   llshl.o
        34          0          0          0          0         68   llushr.o
        36          0          0          0          0         60   memcpya.o
        36          0          0          0          0        100   memseta.o
       764         52          0          0          0        168   printf5.o
         0          0          0          4          0          0   stdout.o
        44          0          0          0          0         72   uidiv.o
        96          0          0          0          0         84   uldiv.o
       124          0          0          0          0         72   fdiv.o
       130          0          0          0          0        144   fepilogue.o
        50          0          0          0          0         60   ffixi.o
        40          0          0          0          0         60   ffixui.o
        22          0          0          0          0         68   fflti.o
        14          0          0          0          0         68   ffltui.o
       122          0          0          0          0         72   fmul.o

    ----------------------------------------------------------------------
     13988        520        768        188       1084       7801   Library Totals
         6          0          0          0          2          0   (incl. Padding)

    ----------------------------------------------------------------------

      Code (inc. data)   RO Data    RW Data    ZI Data      Debug   Library Name

      7244        260          0         56         44       3771   SFX_LIB_V2.8.0_FDL_MON_IAR8.11_cortexM0+.a
      1840        148          0          0        862        808   ST_MONARCH_LIB_CM0.a
      3020         44        768        128        176       1834   ST_RETRIEVER_LIB_STM32L053xx.a
      1376         68          0          4          0        844   mc_p.l
       502          0          0          0          0        544   mf_p.l

    ----------------------------------------------------------------------
     13988        520        768        188       1084       7801   Library Totals

    ----------------------------------------------------------------------

==============================================================================


      Code (inc. data)   RO Data    RW Data    ZI Data      Debug   

     48396       5068       4432        788       4188     841626   Grand Totals
     48396       5068       4432        280       4188     841626   ELF Image Totals (compressed)
     48396       5068       4432        280          0          0   ROM Totals

==============================================================================

    Total RO  Size (Code + RO Data)                52828 (  51.59kB)
    Total RW  Size (RW Data + ZI Data)              4976 (   4.86kB)
    Total ROM Size (Code + RO Data + RW Data)      53108 (  51.86kB)

==============================================================================

