<html>
<body>
<pre>
<h1>µVision Build Log</h1>
<h2>Tool Versions:</h2>
IDE-Version: µVision V5.29.0.0
Copyright (C) 2019 ARM Ltd and ARM Germany GmbH. All rights reserved.
License Information: Hendrick Gonçalves, HT Micron, LIC=0K1BF-6M9F0-TUYL6-RMYJI-ZYPSU-1NV4Y
 
Tool Versions:
Toolchain:       MDK-ARM Cortex-M0/M0+ 256K for ST  Version: 5.29.0.0
Toolchain Path:  C:\Keil_v5\ARM\ARMCC\Bin
C Compiler:      Armcc.exe V5.06 update 6 (build 750)
Assembler:       Armasm.exe V5.06 update 6 (build 750)
Linker/Locator:  ArmLink.exe V5.06 update 6 (build 750)
Library Manager: ArmAr.exe V5.06 update 6 (build 750)
Hex Converter:   FromElf.exe V5.06 update 6 (build 750)
CPU DLL:         SARMCM3.DLL V5.29.0.0
Dialog DLL:      DARMCM1.DLL V1.19.2.0
Target DLL:      STLink\ST-LINKIII-KEIL_SWO.dll V3.0.7.0
Dialog DLL:      TARMCM1.DLL V1.14.1.0
 
<h2>Project:</h2>
C:\Users\hendrick.goncalves\Documents\WorkGitHub\Eeprom_Projects\ht32sx\firmware_applications\bootloaderRefresh\pushButton\MDK-ARM\Sigfox.uvprojx
Project File Date:  02/11/2020

<h2>Output:</h2>
*** Using Compiler 'V5.06 update 6 (build 750)', folder: 'C:\Keil_v5\ARM\ARMCC\Bin'
Rebuild target 'Sigfox'
assembling startup_stm32l052xx.s...
compiling dma.c...
compiling ST_Sigfox_Init.c...
compiling gpio.c...
compiling rtc.c...
compiling main.c...
compiling tim.c...
compiling spi.c...
compiling stm32l0xx_hal_msp.c...
compiling usart.c...
compiling stm32l0xx_it.c...
compiling stm32l0xx_hal_rtc_ex.c...
compiling stm32l0xx_hal_rtc.c...
compiling stm32l0xx_hal_spi.c...
compiling stm32l0xx_hal_tim.c...
compiling stm32l0xx_hal.c...
compiling stm32l0xx_hal_tim_ex.c...
compiling stm32l0xx_hal_i2c_ex.c...
compiling stm32l0xx_hal_uart_ex.c...
compiling stm32l0xx_hal_rcc.c...
compiling stm32l0xx_hal_uart.c...
compiling stm32l0xx_hal_i2c.c...
compiling stm32l0xx_hal_flash_ex.c...
compiling stm32l0xx_hal_gpio.c...
compiling stm32l0xx_hal_dma.c...
compiling stm32l0xx_hal_flash.c...
compiling stm32l0xx_hal_flash_ramfunc.c...
compiling stm32l0xx_hal_rcc_ex.c...
compiling stm32l0xx_hal_pwr.c...
compiling stm32l0xx_hal_pwr_ex.c...
compiling system_stm32l0xx.c...
compiling S2LP_AUX_EEPROM.c...
..\Drivers\S2LP_Middleware\STM32\src\S2LP_AUX_EEPROM.c(64): warning:  #550-D: variable "s_eeprom"  was set but never used
    static uint8_t s_eeprom  = 0;
..\Drivers\S2LP_Middleware\STM32\src\S2LP_AUX_EEPROM.c: 1 warning, 0 errors
compiling S2LP_AUX_TCXO_AUTO.c...
compiling stm32l0xx_hal_cortex.c...
compiling S2LP_AUX_UTILS.c...
compiling S2LP_AUX_FEM_AUTO.c...
compiling nvm_api.c...
compiling SDK_UTILS_Flash.c...
..\Drivers\Utils\STM32\src\SDK_UTILS_Flash.c(43): warning:  #550-D: variable "EraseInitStruct"  was set but never used
  static FLASH_EraseInitTypeDef EraseInitStruct; /* Variable used for Erase procedure */
..\Drivers\Utils\STM32\src\SDK_UTILS_Flash.c: 1 warning, 0 errors
compiling mcu_api_stm32.c...
compiling rf_api.c...
linking...
Program Size: Code=30216 RO-data=2408 RW-data=500 ZI-data=3492  
FromELF: creating hex file...
After Build - User command #1: C:\Keil_v5\\ARM\ARMCC\bin\fromelf.exe --bin --output=Sigfox.bin Sigfox\Sigfox.axf
"Sigfox\Sigfox.axf" - 0 Error(s), 2 Warning(s).

<h2>Software Packages used:</h2>

Package Vendor: ARM
                http://www.keil.com/pack/ARM.CMSIS.5.6.0.pack
                ARM.CMSIS.5.6.0
                CMSIS (Cortex Microcontroller Software Interface Standard)
   * Component: CORE Version: 5.3.0

Package Vendor: Keil
                http://www.keil.com/pack/Keil.STM32L0xx_DFP.2.0.1.pack
                Keil.STM32L0xx_DFP.2.0.1
                STMicroelectronics STM32L0 Series Device Support, Drivers and Examples

<h2>Collection of Component include folders:</h2>
  .\RTE\_Sigfox
  C:\Users\hendrick.goncalves\AppData\Local\Arm\Packs\ARM\CMSIS\5.6.0\CMSIS\Core\Include
  C:\Users\hendrick.goncalves\AppData\Local\Arm\Packs\Keil\STM32L0xx_DFP\2.0.1\Drivers\CMSIS\Device\ST\STM32L0xx\Include

<h2>Collection of Component Files used:</h2>

   * Component: ARM::CMSIS:CORE:5.3.0
Build Time Elapsed:  00:00:17
</pre>
</body>
</html>
