<!doctype html public "-//w3c//dtd html 4.0 transitional//en">
<html><head>
<title>Static Call Graph - [Sigfox\Sigfox.axf]</title></head>
<body><HR>
<H1>Static Call Graph for image Sigfox\Sigfox.axf</H1><HR>
<BR><P>#&#060CALLGRAPH&#062# ARM Linker, 5060750: Last Updated: Mon Feb 17 08:43:22 2020
<BR><P>
<H3>Maximum Stack Usage =        916 bytes + Unknown(Cycles, Untraceable Function Pointers)</H3><H3>
Call chain for Maximum Stack Depth:</H3>
main &rArr; configRegion &rArr; sendFrameRCZ &rArr; SIGFOX_API_send_frame &rArr; SIGFOX_INT_execute_communication_sequence &rArr; SIGFOX_INT_process_downlink &rArr; SIGFOX_INT_get_received_frames &rArr; RF_API_wait_frame &rArr; ST_MCU_API_WaitForInterrupt &rArr; ST_RF_API_S2LP_IRQ_CB &rArr; ST_MONARCH_API_AFTHR_GPIO_CB &rArr; NextFrequencyRequest &rArr; RF_API_change_frequency &rArr; priv_ST_MANUF_ReadRegisters &rArr; ST_MCU_API_SpiRaw &rArr; S2LPSpiRaw &rArr; HAL_SPI_TransmitReceive_DMA &rArr; HAL_DMA_Start_IT &rArr; DMA_SetConfig
<P>
<H3>
Mutually Recursive functions
</H3> <LI><a href="#[12]">ADC1_COMP_IRQHandler</a>&nbsp;&nbsp;&nbsp;&rArr;&nbsp;&nbsp;&nbsp;<a href="#[12]">ADC1_COMP_IRQHandler</a><BR>
 <LI><a href="#[2]">HardFault_Handler</a>&nbsp;&nbsp;&nbsp;&rArr;&nbsp;&nbsp;&nbsp;<a href="#[2]">HardFault_Handler</a><BR>
 <LI><a href="#[33]">[Anonymous Symbol]</a>&nbsp;&nbsp;&nbsp;&rArr;&nbsp;&nbsp;&nbsp;<a href="#[33]">[Anonymous Symbol]</a><BR>
</UL>
<P>
<H3>
Function Pointers
</H3><UL>
 <LI><a href="#[12]">ADC1_COMP_IRQHandler</a> from startup_stm32l052xx.o(.text) referenced from startup_stm32l052xx.o(RESET)
 <LI><a href="#[f]">DMA1_Channel1_IRQHandler</a> from startup_stm32l052xx.o(.text) referenced from startup_stm32l052xx.o(RESET)
 <LI><a href="#[10]">DMA1_Channel2_3_IRQHandler</a> from stm32l0xx_it.o(i.DMA1_Channel2_3_IRQHandler) referenced from startup_stm32l052xx.o(RESET)
 <LI><a href="#[11]">DMA1_Channel4_5_6_7_IRQHandler</a> from stm32l0xx_it.o(i.DMA1_Channel4_5_6_7_IRQHandler) referenced from startup_stm32l052xx.o(RESET)
 <LI><a href="#[b]">EXTI0_1_IRQHandler</a> from stm32l0xx_it.o(i.EXTI0_1_IRQHandler) referenced from startup_stm32l052xx.o(RESET)
 <LI><a href="#[c]">EXTI2_3_IRQHandler</a> from startup_stm32l052xx.o(.text) referenced from startup_stm32l052xx.o(RESET)
 <LI><a href="#[d]">EXTI4_15_IRQHandler</a> from startup_stm32l052xx.o(.text) referenced from startup_stm32l052xx.o(RESET)
 <LI><a href="#[9]">FLASH_IRQHandler</a> from startup_stm32l052xx.o(.text) referenced from startup_stm32l052xx.o(RESET)
 <LI><a href="#[2]">HardFault_Handler</a> from stm32l0xx_it.o(i.HardFault_Handler) referenced from startup_stm32l052xx.o(RESET)
 <LI><a href="#[18]">I2C1_IRQHandler</a> from startup_stm32l052xx.o(.text) referenced from startup_stm32l052xx.o(RESET)
 <LI><a href="#[19]">I2C2_IRQHandler</a> from startup_stm32l052xx.o(.text) referenced from startup_stm32l052xx.o(RESET)
 <LI><a href="#[13]">LPTIM1_IRQHandler</a> from startup_stm32l052xx.o(.text) referenced from startup_stm32l052xx.o(RESET)
 <LI><a href="#[1]">NMI_Handler</a> from stm32l0xx_it.o(i.NMI_Handler) referenced from startup_stm32l052xx.o(RESET)
 <LI><a href="#[7]">PVD_IRQHandler</a> from startup_stm32l052xx.o(.text) referenced from startup_stm32l052xx.o(RESET)
 <LI><a href="#[4]">PendSV_Handler</a> from stm32l0xx_it.o(i.PendSV_Handler) referenced from startup_stm32l052xx.o(RESET)
 <LI><a href="#[a]">RCC_CRS_IRQHandler</a> from startup_stm32l052xx.o(.text) referenced from startup_stm32l052xx.o(RESET)
 <LI><a href="#[1e]">RNG_LPUART1_IRQHandler</a> from startup_stm32l052xx.o(.text) referenced from startup_stm32l052xx.o(RESET)
 <LI><a href="#[8]">RTC_IRQHandler</a> from stm32l0xx_it.o(i.RTC_IRQHandler) referenced from startup_stm32l052xx.o(RESET)
 <LI><a href="#[0]">Reset_Handler</a> from startup_stm32l052xx.o(.text) referenced from startup_stm32l052xx.o(RESET)
 <LI><a href="#[24]">SIGFOX_CALLBACK_monarch_pattern_frequency_result</a> from sigfox_callback.o(.text) referenced 2 times from sigfox_monarch_api.o(.text)
 <LI><a href="#[23]">SIGFOX_CALLBACK_monarch_scan_timeout</a> from sigfox_callback.o(.text) referenced 2 times from sigfox_monarch_api.o(.text)
 <LI><a href="#[1a]">SPI1_IRQHandler</a> from startup_stm32l052xx.o(.text) referenced from startup_stm32l052xx.o(RESET)
 <LI><a href="#[1b]">SPI2_IRQHandler</a> from startup_stm32l052xx.o(.text) referenced from startup_stm32l052xx.o(RESET)
 <LI><a href="#[27]">SPI_DMAError</a> from stm32l0xx_hal_spi.o(i.SPI_DMAError) referenced from stm32l0xx_hal_spi.o(i.HAL_SPI_TransmitReceive_DMA)
 <LI><a href="#[28]">SPI_DMAHalfReceiveCplt</a> from stm32l0xx_hal_spi.o(i.SPI_DMAHalfReceiveCplt) referenced from stm32l0xx_hal_spi.o(i.HAL_SPI_TransmitReceive_DMA)
 <LI><a href="#[25]">SPI_DMAHalfTransmitReceiveCplt</a> from stm32l0xx_hal_spi.o(i.SPI_DMAHalfTransmitReceiveCplt) referenced from stm32l0xx_hal_spi.o(i.HAL_SPI_TransmitReceive_DMA)
 <LI><a href="#[29]">SPI_DMAReceiveCplt</a> from stm32l0xx_hal_spi.o(i.SPI_DMAReceiveCplt) referenced from stm32l0xx_hal_spi.o(i.HAL_SPI_TransmitReceive_DMA)
 <LI><a href="#[26]">SPI_DMATransmitReceiveCplt</a> from stm32l0xx_hal_spi.o(i.SPI_DMATransmitReceiveCplt) referenced from stm32l0xx_hal_spi.o(i.HAL_SPI_TransmitReceive_DMA)
 <LI><a href="#[3]">SVC_Handler</a> from stm32l0xx_it.o(i.SVC_Handler) referenced from startup_stm32l052xx.o(RESET)
 <LI><a href="#[5]">SysTick_Handler</a> from stm32l0xx_it.o(i.SysTick_Handler) referenced from startup_stm32l052xx.o(RESET)
 <LI><a href="#[21]">SystemInit</a> from system_stm32l0xx.o(i.SystemInit) referenced from startup_stm32l052xx.o(.text)
 <LI><a href="#[16]">TIM21_IRQHandler</a> from startup_stm32l052xx.o(.text) referenced from startup_stm32l052xx.o(RESET)
 <LI><a href="#[17]">TIM22_IRQHandler</a> from startup_stm32l052xx.o(.text) referenced from startup_stm32l052xx.o(RESET)
 <LI><a href="#[14]">TIM2_IRQHandler</a> from startup_stm32l052xx.o(.text) referenced from startup_stm32l052xx.o(RESET)
 <LI><a href="#[15]">TIM6_DAC_IRQHandler</a> from stm32l0xx_it.o(i.TIM6_DAC_IRQHandler) referenced from startup_stm32l052xx.o(RESET)
 <LI><a href="#[e]">TSC_IRQHandler</a> from startup_stm32l052xx.o(.text) referenced from startup_stm32l052xx.o(RESET)
 <LI><a href="#[1c]">USART1_IRQHandler</a> from startup_stm32l052xx.o(.text) referenced from startup_stm32l052xx.o(RESET)
 <LI><a href="#[1d]">USART2_IRQHandler</a> from startup_stm32l052xx.o(.text) referenced from startup_stm32l052xx.o(RESET)
 <LI><a href="#[1f]">USB_IRQHandler</a> from startup_stm32l052xx.o(.text) referenced from startup_stm32l052xx.o(RESET)
 <LI><a href="#[6]">WWDG_IRQHandler</a> from startup_stm32l052xx.o(.text) referenced from startup_stm32l052xx.o(RESET)
 <LI><a href="#[22]">__main</a> from entry.o(.ARM.Collect$$$$00000000) referenced from startup_stm32l052xx.o(.text)
 <LI><a href="#[2b]">callback</a> from monarch_app.o(i.callback) referenced from monarch_app.o(i.monarchScan)
 <LI><a href="#[2a]">fputc</a> from usart.o(i.fputc) referenced from printf5.o(i.__0printf$5)
 <LI><a href="#[20]">main</a> from main.o(i.main) referenced from entry9a.o(.ARM.Collect$$$$0000000B)
</UL>
<P>
<H3>
Global Symbols
</H3>
<P><STRONG><a name="[22]"></a>__main</STRONG> (Thumb, 0 bytes, Stack size unknown bytes, entry.o(.ARM.Collect$$$$00000000))
<BR>[Address Reference Count : 1]<UL><LI> startup_stm32l052xx.o(.text)
</UL>
<P><STRONG><a name="[177]"></a>_main_stk</STRONG> (Thumb, 0 bytes, Stack size unknown bytes, entry2.o(.ARM.Collect$$$$00000001))

<P><STRONG><a name="[2c]"></a>_main_scatterload</STRONG> (Thumb, 0 bytes, Stack size unknown bytes, entry5.o(.ARM.Collect$$$$00000004))
<BR><BR>[Calls]<UL><LI><a href="#[2d]">&gt;&gt;</a>&nbsp;&nbsp;&nbsp;__scatterload
</UL>

<P><STRONG><a name="[b5]"></a>__main_after_scatterload</STRONG> (Thumb, 0 bytes, Stack size unknown bytes, entry5.o(.ARM.Collect$$$$00000004))
<BR><BR>[Called By]<UL><LI><a href="#[2d]">&gt;&gt;</a>&nbsp;&nbsp;&nbsp;__scatterload
</UL>

<P><STRONG><a name="[178]"></a>_main_clock</STRONG> (Thumb, 0 bytes, Stack size unknown bytes, entry7b.o(.ARM.Collect$$$$00000008))

<P><STRONG><a name="[179]"></a>_main_cpp_init</STRONG> (Thumb, 0 bytes, Stack size unknown bytes, entry8b.o(.ARM.Collect$$$$0000000A))

<P><STRONG><a name="[17a]"></a>_main_init</STRONG> (Thumb, 0 bytes, Stack size unknown bytes, entry9a.o(.ARM.Collect$$$$0000000B))

<P><STRONG><a name="[17b]"></a>__rt_final_cpp</STRONG> (Thumb, 0 bytes, Stack size unknown bytes, entry10a.o(.ARM.Collect$$$$0000000D))

<P><STRONG><a name="[17c]"></a>__rt_final_exit</STRONG> (Thumb, 0 bytes, Stack size unknown bytes, entry11a.o(.ARM.Collect$$$$0000000F))

<P><STRONG><a name="[0]"></a>Reset_Handler</STRONG> (Thumb, 8 bytes, Stack size 0 bytes, startup_stm32l052xx.o(.text))
<BR>[Address Reference Count : 1]<UL><LI> startup_stm32l052xx.o(RESET)
</UL>
<P><STRONG><a name="[12]"></a>ADC1_COMP_IRQHandler</STRONG> (Thumb, 0 bytes, Stack size 0 bytes, startup_stm32l052xx.o(.text))
<BR><BR>[Calls]<UL><LI><a href="#[12]">&gt;&gt;</a>&nbsp;&nbsp;&nbsp;ADC1_COMP_IRQHandler
</UL>
<BR>[Called By]<UL><LI><a href="#[12]">&gt;&gt;</a>&nbsp;&nbsp;&nbsp;ADC1_COMP_IRQHandler
</UL>
<BR>[Address Reference Count : 1]<UL><LI> startup_stm32l052xx.o(RESET)
</UL>
<P><STRONG><a name="[f]"></a>DMA1_Channel1_IRQHandler</STRONG> (Thumb, 0 bytes, Stack size 0 bytes, startup_stm32l052xx.o(.text))
<BR>[Address Reference Count : 1]<UL><LI> startup_stm32l052xx.o(RESET)
</UL>
<P><STRONG><a name="[c]"></a>EXTI2_3_IRQHandler</STRONG> (Thumb, 0 bytes, Stack size 0 bytes, startup_stm32l052xx.o(.text))
<BR>[Address Reference Count : 1]<UL><LI> startup_stm32l052xx.o(RESET)
</UL>
<P><STRONG><a name="[d]"></a>EXTI4_15_IRQHandler</STRONG> (Thumb, 0 bytes, Stack size 0 bytes, startup_stm32l052xx.o(.text))
<BR>[Address Reference Count : 1]<UL><LI> startup_stm32l052xx.o(RESET)
</UL>
<P><STRONG><a name="[9]"></a>FLASH_IRQHandler</STRONG> (Thumb, 0 bytes, Stack size 0 bytes, startup_stm32l052xx.o(.text))
<BR>[Address Reference Count : 1]<UL><LI> startup_stm32l052xx.o(RESET)
</UL>
<P><STRONG><a name="[18]"></a>I2C1_IRQHandler</STRONG> (Thumb, 0 bytes, Stack size 0 bytes, startup_stm32l052xx.o(.text))
<BR>[Address Reference Count : 1]<UL><LI> startup_stm32l052xx.o(RESET)
</UL>
<P><STRONG><a name="[19]"></a>I2C2_IRQHandler</STRONG> (Thumb, 0 bytes, Stack size 0 bytes, startup_stm32l052xx.o(.text))
<BR>[Address Reference Count : 1]<UL><LI> startup_stm32l052xx.o(RESET)
</UL>
<P><STRONG><a name="[13]"></a>LPTIM1_IRQHandler</STRONG> (Thumb, 0 bytes, Stack size 0 bytes, startup_stm32l052xx.o(.text))
<BR>[Address Reference Count : 1]<UL><LI> startup_stm32l052xx.o(RESET)
</UL>
<P><STRONG><a name="[7]"></a>PVD_IRQHandler</STRONG> (Thumb, 0 bytes, Stack size 0 bytes, startup_stm32l052xx.o(.text))
<BR>[Address Reference Count : 1]<UL><LI> startup_stm32l052xx.o(RESET)
</UL>
<P><STRONG><a name="[a]"></a>RCC_CRS_IRQHandler</STRONG> (Thumb, 0 bytes, Stack size 0 bytes, startup_stm32l052xx.o(.text))
<BR>[Address Reference Count : 1]<UL><LI> startup_stm32l052xx.o(RESET)
</UL>
<P><STRONG><a name="[1e]"></a>RNG_LPUART1_IRQHandler</STRONG> (Thumb, 0 bytes, Stack size 0 bytes, startup_stm32l052xx.o(.text))
<BR>[Address Reference Count : 1]<UL><LI> startup_stm32l052xx.o(RESET)
</UL>
<P><STRONG><a name="[1a]"></a>SPI1_IRQHandler</STRONG> (Thumb, 0 bytes, Stack size 0 bytes, startup_stm32l052xx.o(.text))
<BR>[Address Reference Count : 1]<UL><LI> startup_stm32l052xx.o(RESET)
</UL>
<P><STRONG><a name="[1b]"></a>SPI2_IRQHandler</STRONG> (Thumb, 0 bytes, Stack size 0 bytes, startup_stm32l052xx.o(.text))
<BR>[Address Reference Count : 1]<UL><LI> startup_stm32l052xx.o(RESET)
</UL>
<P><STRONG><a name="[16]"></a>TIM21_IRQHandler</STRONG> (Thumb, 0 bytes, Stack size 0 bytes, startup_stm32l052xx.o(.text))
<BR>[Address Reference Count : 1]<UL><LI> startup_stm32l052xx.o(RESET)
</UL>
<P><STRONG><a name="[17]"></a>TIM22_IRQHandler</STRONG> (Thumb, 0 bytes, Stack size 0 bytes, startup_stm32l052xx.o(.text))
<BR>[Address Reference Count : 1]<UL><LI> startup_stm32l052xx.o(RESET)
</UL>
<P><STRONG><a name="[14]"></a>TIM2_IRQHandler</STRONG> (Thumb, 0 bytes, Stack size 0 bytes, startup_stm32l052xx.o(.text))
<BR>[Address Reference Count : 1]<UL><LI> startup_stm32l052xx.o(RESET)
</UL>
<P><STRONG><a name="[e]"></a>TSC_IRQHandler</STRONG> (Thumb, 0 bytes, Stack size 0 bytes, startup_stm32l052xx.o(.text))
<BR>[Address Reference Count : 1]<UL><LI> startup_stm32l052xx.o(RESET)
</UL>
<P><STRONG><a name="[1c]"></a>USART1_IRQHandler</STRONG> (Thumb, 0 bytes, Stack size 0 bytes, startup_stm32l052xx.o(.text))
<BR>[Address Reference Count : 1]<UL><LI> startup_stm32l052xx.o(RESET)
</UL>
<P><STRONG><a name="[1d]"></a>USART2_IRQHandler</STRONG> (Thumb, 0 bytes, Stack size 0 bytes, startup_stm32l052xx.o(.text))
<BR>[Address Reference Count : 1]<UL><LI> startup_stm32l052xx.o(RESET)
</UL>
<P><STRONG><a name="[1f]"></a>USB_IRQHandler</STRONG> (Thumb, 0 bytes, Stack size 0 bytes, startup_stm32l052xx.o(.text))
<BR>[Address Reference Count : 1]<UL><LI> startup_stm32l052xx.o(RESET)
</UL>
<P><STRONG><a name="[6]"></a>WWDG_IRQHandler</STRONG> (Thumb, 0 bytes, Stack size 0 bytes, startup_stm32l052xx.o(.text))
<BR>[Address Reference Count : 1]<UL><LI> startup_stm32l052xx.o(RESET)
</UL>
<P><STRONG><a name="[3c]"></a>AES128_CBC_encrypt</STRONG> (Thumb, 198 bytes, Stack size 24 bytes, retriever_api.o(.text))
<BR><BR>[Stack]<UL><LI>Max Depth = 72<LI>Call Chain = AES128_CBC_encrypt &rArr; KeyExpansion_enc &rArr; [Anonymous Symbol]
</UL>
<BR>[Calls]<UL><LI><a href="#[3f]">&gt;&gt;</a>&nbsp;&nbsp;&nbsp;__aeabi_memclr
<LI><a href="#[3e]">&gt;&gt;</a>&nbsp;&nbsp;&nbsp;XorWithIv
<LI><a href="#[30]">&gt;&gt;</a>&nbsp;&nbsp;&nbsp;KeyExpansion_enc
<LI><a href="#[34]">&gt;&gt;</a>&nbsp;&nbsp;&nbsp;Cipher
<LI><a href="#[3d]">&gt;&gt;</a>&nbsp;&nbsp;&nbsp;BlockCopy
</UL>
<BR>[Called By]<UL><LI><a href="#[49]">&gt;&gt;</a>&nbsp;&nbsp;&nbsp;enc_utils_encrypt
</UL>

<P><STRONG><a name="[40]"></a>AES128_CBC_decrypt_internal</STRONG> (Thumb, 204 bytes, Stack size 48 bytes, retriever_api.o(.text), UNUSED)
<BR><BR>[Calls]<UL><LI><a href="#[3f]">&gt;&gt;</a>&nbsp;&nbsp;&nbsp;__aeabi_memclr
<LI><a href="#[3e]">&gt;&gt;</a>&nbsp;&nbsp;&nbsp;XorWithIv
<LI><a href="#[2e]">&gt;&gt;</a>&nbsp;&nbsp;&nbsp;KeyExpansion_dec
<LI><a href="#[38]">&gt;&gt;</a>&nbsp;&nbsp;&nbsp;InvCipher
<LI><a href="#[3d]">&gt;&gt;</a>&nbsp;&nbsp;&nbsp;BlockCopy
</UL>
<BR>[Called By]<UL><LI><a href="#[46]">&gt;&gt;</a>&nbsp;&nbsp;&nbsp;enc_utils_retrieve_data
</UL>

<P><STRONG><a name="[41]"></a>AES_CBC_decrypt_buffer</STRONG> (Thumb, 56 bytes, Stack size 32 bytes, retriever_api.o(.text))
<BR><BR>[Stack]<UL><LI>Max Depth = 92<LI>Call Chain = AES_CBC_decrypt_buffer &rArr; InvCipher &rArr; InvMixColumns
</UL>
<BR>[Calls]<UL><LI><a href="#[31]">&gt;&gt;</a>&nbsp;&nbsp;&nbsp;__aeabi_memcpy
<LI><a href="#[3e]">&gt;&gt;</a>&nbsp;&nbsp;&nbsp;XorWithIv
<LI><a href="#[2e]">&gt;&gt;</a>&nbsp;&nbsp;&nbsp;KeyExpansion_dec
<LI><a href="#[38]">&gt;&gt;</a>&nbsp;&nbsp;&nbsp;InvCipher
</UL>
<BR>[Called By]<UL><LI><a href="#[42]">&gt;&gt;</a>&nbsp;&nbsp;&nbsp;enc_utils_retrieve_data_from_flash
</UL>

<P><STRONG><a name="[48]"></a>get_integrity_cksum</STRONG> (Thumb, 42 bytes, Stack size 0 bytes, retriever_api.o(.text), UNUSED)
<BR><BR>[Called By]<UL><LI><a href="#[46]">&gt;&gt;</a>&nbsp;&nbsp;&nbsp;enc_utils_retrieve_data
</UL>

<P><STRONG><a name="[42]"></a>enc_utils_retrieve_data_from_flash</STRONG> (Thumb, 346 bytes, Stack size 104 bytes, retriever_api.o(.text))
<BR><BR>[Stack]<UL><LI>Max Depth = 196<LI>Call Chain = enc_utils_retrieve_data_from_flash &rArr; AES_CBC_decrypt_buffer &rArr; InvCipher &rArr; InvMixColumns
</UL>
<BR>[Calls]<UL><LI><a href="#[44]">&gt;&gt;</a>&nbsp;&nbsp;&nbsp;NVM_Read
<LI><a href="#[43]">&gt;&gt;</a>&nbsp;&nbsp;&nbsp;GetNVMBoardDataAddress
<LI><a href="#[45]">&gt;&gt;</a>&nbsp;&nbsp;&nbsp;__aeabi_memclr4
<LI><a href="#[31]">&gt;&gt;</a>&nbsp;&nbsp;&nbsp;__aeabi_memcpy
<LI><a href="#[41]">&gt;&gt;</a>&nbsp;&nbsp;&nbsp;AES_CBC_decrypt_buffer
</UL>
<BR>[Called By]<UL><LI><a href="#[15a]">&gt;&gt;</a>&nbsp;&nbsp;&nbsp;ST_Sigfox_Init
</UL>

<P><STRONG><a name="[46]"></a>enc_utils_retrieve_data</STRONG> (Thumb, 318 bytes, Stack size 104 bytes, retriever_api.o(.text), UNUSED)
<BR><BR>[Calls]<UL><LI><a href="#[47]">&gt;&gt;</a>&nbsp;&nbsp;&nbsp;EepromRead
<LI><a href="#[48]">&gt;&gt;</a>&nbsp;&nbsp;&nbsp;get_integrity_cksum
<LI><a href="#[40]">&gt;&gt;</a>&nbsp;&nbsp;&nbsp;AES128_CBC_decrypt_internal
</UL>

<P><STRONG><a name="[49]"></a>enc_utils_encrypt</STRONG> (Thumb, 30 bytes, Stack size 16 bytes, retriever_api.o(.text))
<BR><BR>[Stack]<UL><LI>Max Depth = 88<LI>Call Chain = enc_utils_encrypt &rArr; AES128_CBC_encrypt &rArr; KeyExpansion_enc &rArr; [Anonymous Symbol]
</UL>
<BR>[Calls]<UL><LI><a href="#[3c]">&gt;&gt;</a>&nbsp;&nbsp;&nbsp;AES128_CBC_encrypt
</UL>
<BR>[Called By]<UL><LI><a href="#[98]">&gt;&gt;</a>&nbsp;&nbsp;&nbsp;MCU_API_aes_128_cbc_encrypt
</UL>

<P><STRONG><a name="[17d]"></a>enc_utils_set_public_key</STRONG> (Thumb, 32 bytes, Stack size 0 bytes, retriever_api.o(.text), UNUSED)

<P><STRONG><a name="[17e]"></a>enc_utils_set_test_key</STRONG> (Thumb, 32 bytes, Stack size 0 bytes, retriever_api.o(.text), UNUSED)

<P><STRONG><a name="[17f]"></a>enc_utils_set_test_id</STRONG> (Thumb, 8 bytes, Stack size 0 bytes, retriever_api.o(.text), UNUSED)

<P><STRONG><a name="[10c]"></a>enc_utils_get_id</STRONG> (Thumb, 34 bytes, Stack size 0 bytes, retriever_api.o(.text))
<BR><BR>[Called By]<UL><LI><a href="#[aa]">&gt;&gt;</a>&nbsp;&nbsp;&nbsp;MCU_API_get_device_id_and_payload_encryption_flag
</UL>

<P><STRONG><a name="[10d]"></a>enc_utils_get_initial_pac</STRONG> (Thumb, 48 bytes, Stack size 0 bytes, retriever_api.o(.text), UNUSED)
<BR><BR>[Called By]<UL><LI><a href="#[6d]">&gt;&gt;</a>&nbsp;&nbsp;&nbsp;MCU_API_get_initial_pac
</UL>

<P><STRONG><a name="[4a]"></a>SIGFOX_API_open</STRONG> (Thumb, 368 bytes, Stack size 32 bytes, sigfox_api.o(.text))
<BR><BR>[Stack]<UL><LI>Max Depth = 136<LI>Call Chain = SIGFOX_API_open &rArr; MCU_API_get_nv_mem &rArr; NVM_ReadRecord &rArr; NVM_Read &rArr; FlashRead &rArr; __aeabi_llsr
</UL>
<BR>[Calls]<UL><LI><a href="#[4d]">&gt;&gt;</a>&nbsp;&nbsp;&nbsp;SIGFOX_INT_get_device_id_and_payload_encryption_flag
<LI><a href="#[4f]">&gt;&gt;</a>&nbsp;&nbsp;&nbsp;RETURN_CODE
<LI><a href="#[4c]">&gt;&gt;</a>&nbsp;&nbsp;&nbsp;MCU_API_malloc
<LI><a href="#[4b]">&gt;&gt;</a>&nbsp;&nbsp;&nbsp;MCU_API_get_nv_mem
<LI><a href="#[4e]">&gt;&gt;</a>&nbsp;&nbsp;&nbsp;MCU_API_free
</UL>
<BR>[Called By]<UL><LI><a href="#[160]">&gt;&gt;</a>&nbsp;&nbsp;&nbsp;St_Sigfox_Open_RCZ
</UL>

<P><STRONG><a name="[50]"></a>SIGFOX_API_close</STRONG> (Thumb, 40 bytes, Stack size 16 bytes, sigfox_api.o(.text))
<BR><BR>[Stack]<UL><LI>Max Depth = 16<LI>Call Chain = SIGFOX_API_close
</UL>
<BR>[Calls]<UL><LI><a href="#[4f]">&gt;&gt;</a>&nbsp;&nbsp;&nbsp;RETURN_CODE
<LI><a href="#[4e]">&gt;&gt;</a>&nbsp;&nbsp;&nbsp;MCU_API_free
</UL>
<BR>[Called By]<UL><LI><a href="#[169]">&gt;&gt;</a>&nbsp;&nbsp;&nbsp;closeSigfoxLib
</UL>

<P><STRONG><a name="[51]"></a>SIGFOX_API_send_frame</STRONG> (Thumb, 68 bytes, Stack size 24 bytes, sigfox_api.o(.text))
<BR><BR>[Stack]<UL><LI>Max Depth = 860<LI>Call Chain = SIGFOX_API_send_frame &rArr; SIGFOX_INT_execute_communication_sequence &rArr; SIGFOX_INT_process_downlink &rArr; SIGFOX_INT_get_received_frames &rArr; RF_API_wait_frame &rArr; ST_MCU_API_WaitForInterrupt &rArr; ST_RF_API_S2LP_IRQ_CB &rArr; ST_MONARCH_API_AFTHR_GPIO_CB &rArr; NextFrequencyRequest &rArr; RF_API_change_frequency &rArr; priv_ST_MANUF_ReadRegisters &rArr; ST_MCU_API_SpiRaw &rArr; S2LPSpiRaw &rArr; HAL_SPI_TransmitReceive_DMA &rArr; HAL_DMA_Start_IT &rArr; DMA_SetConfig
</UL>
<BR>[Calls]<UL><LI><a href="#[52]">&gt;&gt;</a>&nbsp;&nbsp;&nbsp;SIGFOX_INT_execute_communication_sequence
</UL>
<BR>[Called By]<UL><LI><a href="#[16c]">&gt;&gt;</a>&nbsp;&nbsp;&nbsp;sendFrameRCZ
</UL>

<P><STRONG><a name="[53]"></a>SIGFOX_API_send_bit</STRONG> (Thumb, 56 bytes, Stack size 24 bytes, sigfox_api.o(.text), UNUSED)
<BR><BR>[Calls]<UL><LI><a href="#[52]">&gt;&gt;</a>&nbsp;&nbsp;&nbsp;SIGFOX_INT_execute_communication_sequence
</UL>

<P><STRONG><a name="[54]"></a>SIGFOX_API_send_outofband</STRONG> (Thumb, 60 bytes, Stack size 16 bytes, sigfox_api.o(.text), UNUSED)
<BR><BR>[Calls]<UL><LI><a href="#[52]">&gt;&gt;</a>&nbsp;&nbsp;&nbsp;SIGFOX_INT_execute_communication_sequence
</UL>

<P><STRONG><a name="[55]"></a>SIGFOX_API_get_version</STRONG> (Thumb, 70 bytes, Stack size 8 bytes, sigfox_api.o(.text), UNUSED)
<BR><BR>[Calls]<UL><LI><a href="#[58]">&gt;&gt;</a>&nbsp;&nbsp;&nbsp;MONARCH_API_get_version
<LI><a href="#[4f]">&gt;&gt;</a>&nbsp;&nbsp;&nbsp;RETURN_CODE
<LI><a href="#[56]">&gt;&gt;</a>&nbsp;&nbsp;&nbsp;MCU_API_get_version
<LI><a href="#[57]">&gt;&gt;</a>&nbsp;&nbsp;&nbsp;RF_API_get_version
</UL>

<P><STRONG><a name="[59]"></a>SIGFOX_API_set_std_config</STRONG> (Thumb, 114 bytes, Stack size 16 bytes, sigfox_api.o(.text))
<BR><BR>[Stack]<UL><LI>Max Depth = 28<LI>Call Chain = SIGFOX_API_set_std_config &rArr; SIGFOX_INT_get_max_micro_channel
</UL>
<BR>[Calls]<UL><LI><a href="#[5a]">&gt;&gt;</a>&nbsp;&nbsp;&nbsp;SIGFOX_INT_get_max_micro_channel
</UL>
<BR>[Called By]<UL><LI><a href="#[160]">&gt;&gt;</a>&nbsp;&nbsp;&nbsp;St_Sigfox_Open_RCZ
</UL>

<P><STRONG><a name="[5b]"></a>SIGFOX_API_start_continuous_transmission</STRONG> (Thumb, 72 bytes, Stack size 24 bytes, sigfox_api.o(.text), UNUSED)
<BR><BR>[Calls]<UL><LI><a href="#[4f]">&gt;&gt;</a>&nbsp;&nbsp;&nbsp;RETURN_CODE
<LI><a href="#[5f]">&gt;&gt;</a>&nbsp;&nbsp;&nbsp;RF_API_stop
<LI><a href="#[5e]">&gt;&gt;</a>&nbsp;&nbsp;&nbsp;RF_API_start_continuous_transmission
<LI><a href="#[5c]">&gt;&gt;</a>&nbsp;&nbsp;&nbsp;RF_API_init
<LI><a href="#[5d]">&gt;&gt;</a>&nbsp;&nbsp;&nbsp;RF_API_change_frequency
</UL>

<P><STRONG><a name="[60]"></a>SIGFOX_API_stop_continuous_transmission</STRONG> (Thumb, 50 bytes, Stack size 16 bytes, sigfox_api.o(.text), UNUSED)
<BR><BR>[Calls]<UL><LI><a href="#[4f]">&gt;&gt;</a>&nbsp;&nbsp;&nbsp;RETURN_CODE
<LI><a href="#[61]">&gt;&gt;</a>&nbsp;&nbsp;&nbsp;RF_API_stop_continuous_transmission
<LI><a href="#[5f]">&gt;&gt;</a>&nbsp;&nbsp;&nbsp;RF_API_stop
</UL>

<P><STRONG><a name="[62]"></a>SIGFOX_API_send_test_frame</STRONG> (Thumb, 150 bytes, Stack size 32 bytes, sigfox_api.o(.text), UNUSED)
<BR><BR>[Calls]<UL><LI><a href="#[64]">&gt;&gt;</a>&nbsp;&nbsp;&nbsp;SIGFOX_INT_store_nvm
<LI><a href="#[66]">&gt;&gt;</a>&nbsp;&nbsp;&nbsp;SIGFOX_INT_send_single_frame
<LI><a href="#[63]">&gt;&gt;</a>&nbsp;&nbsp;&nbsp;SIGFOX_INT_prepare_transmission
<LI><a href="#[65]">&gt;&gt;</a>&nbsp;&nbsp;&nbsp;SIGFOX_INT_compute_uplink_frequency
<LI><a href="#[4f]">&gt;&gt;</a>&nbsp;&nbsp;&nbsp;RETURN_CODE
</UL>

<P><STRONG><a name="[67]"></a>SIGFOX_API_receive_test_frame</STRONG> (Thumb, 126 bytes, Stack size 24 bytes, sigfox_api.o(.text), UNUSED)
<BR><BR>[Calls]<UL><LI><a href="#[6a]">&gt;&gt;</a>&nbsp;&nbsp;&nbsp;SIGFOX_INT_get_received_frames
<LI><a href="#[69]">&gt;&gt;</a>&nbsp;&nbsp;&nbsp;SIGFOX_INT_downlink_configuration
<LI><a href="#[68]">&gt;&gt;</a>&nbsp;&nbsp;&nbsp;SIGFOX_INT_compute_downlink_frequency
</UL>

<P><STRONG><a name="[180]"></a>SIGFOX_API_get_info</STRONG> (Thumb, 30 bytes, Stack size 0 bytes, sigfox_api.o(.text), UNUSED)

<P><STRONG><a name="[6b]"></a>SIGFOX_API_get_device_id</STRONG> (Thumb, 10 bytes, Stack size 8 bytes, sigfox_api.o(.text), UNUSED)
<BR><BR>[Calls]<UL><LI><a href="#[4d]">&gt;&gt;</a>&nbsp;&nbsp;&nbsp;SIGFOX_INT_get_device_id_and_payload_encryption_flag
</UL>

<P><STRONG><a name="[6c]"></a>SIGFOX_API_get_initial_pac</STRONG> (Thumb, 22 bytes, Stack size 8 bytes, sigfox_api.o(.text), UNUSED)
<BR><BR>[Calls]<UL><LI><a href="#[4f]">&gt;&gt;</a>&nbsp;&nbsp;&nbsp;RETURN_CODE
<LI><a href="#[6d]">&gt;&gt;</a>&nbsp;&nbsp;&nbsp;MCU_API_get_initial_pac
</UL>

<P><STRONG><a name="[181]"></a>SIGFOX_API_switch_public_key</STRONG> (Thumb, 22 bytes, Stack size 0 bytes, sigfox_api.o(.text), UNUSED)

<P><STRONG><a name="[182]"></a>SIGFOX_API_set_rc_sync_period</STRONG> (Thumb, 24 bytes, Stack size 0 bytes, sigfox_api.o(.text), UNUSED)

<P><STRONG><a name="[70]"></a>SIGFOX_MONARCH_API_reset_list_freq_pattern</STRONG> (Thumb, 22 bytes, Stack size 0 bytes, sigfox_monarch_api.o(.text))
<BR><BR>[Called By]<UL><LI><a href="#[6e]">&gt;&gt;</a>&nbsp;&nbsp;&nbsp;SIGFOX_MONARCH_API_execute_rc_scan
<LI><a href="#[24]">&gt;&gt;</a>&nbsp;&nbsp;&nbsp;SIGFOX_CALLBACK_monarch_pattern_frequency_result
</UL>

<P><STRONG><a name="[71]"></a>SIGFOX_MONARCH_API_set_list_freq_pattern</STRONG> (Thumb, 128 bytes, Stack size 32 bytes, sigfox_monarch_api.o(.text))
<BR><BR>[Stack]<UL><LI>Max Depth = 32<LI>Call Chain = SIGFOX_MONARCH_API_set_list_freq_pattern
</UL>
<BR>[Called By]<UL><LI><a href="#[6e]">&gt;&gt;</a>&nbsp;&nbsp;&nbsp;SIGFOX_MONARCH_API_execute_rc_scan
</UL>

<P><STRONG><a name="[6e]"></a>SIGFOX_MONARCH_API_execute_rc_scan</STRONG> (Thumb, 160 bytes, Stack size 32 bytes, sigfox_monarch_api.o(.text))
<BR><BR>[Stack]<UL><LI>Max Depth = 492<LI>Call Chain = SIGFOX_MONARCH_API_execute_rc_scan &rArr; MONARCH_API_configure_search_pattern &rArr; RF_API_change_frequency &rArr; priv_ST_MANUF_ReadRegisters &rArr; ST_MCU_API_SpiRaw &rArr; S2LPSpiRaw &rArr; HAL_SPI_TransmitReceive_DMA &rArr; HAL_DMA_Start_IT &rArr; DMA_SetConfig
</UL>
<BR>[Calls]<UL><LI><a href="#[74]">&gt;&gt;</a>&nbsp;&nbsp;&nbsp;MONARCH_API_timer_stop
<LI><a href="#[72]">&gt;&gt;</a>&nbsp;&nbsp;&nbsp;MONARCH_API_timer_start
<LI><a href="#[6f]">&gt;&gt;</a>&nbsp;&nbsp;&nbsp;MONARCH_API_malloc
<LI><a href="#[73]">&gt;&gt;</a>&nbsp;&nbsp;&nbsp;MONARCH_API_configure_search_pattern
<LI><a href="#[71]">&gt;&gt;</a>&nbsp;&nbsp;&nbsp;SIGFOX_MONARCH_API_set_list_freq_pattern
<LI><a href="#[70]">&gt;&gt;</a>&nbsp;&nbsp;&nbsp;SIGFOX_MONARCH_API_reset_list_freq_pattern
<LI><a href="#[4f]">&gt;&gt;</a>&nbsp;&nbsp;&nbsp;RETURN_CODE
<LI><a href="#[5f]">&gt;&gt;</a>&nbsp;&nbsp;&nbsp;RF_API_stop
<LI><a href="#[5c]">&gt;&gt;</a>&nbsp;&nbsp;&nbsp;RF_API_init
</UL>
<BR>[Called By]<UL><LI><a href="#[170]">&gt;&gt;</a>&nbsp;&nbsp;&nbsp;monarchScan
</UL>

<P><STRONG><a name="[75]"></a>SIGFOX_MONARCH_API_stop_rc_scan</STRONG> (Thumb, 92 bytes, Stack size 16 bytes, sigfox_monarch_api.o(.text))
<BR><BR>[Stack]<UL><LI>Max Depth = 148<LI>Call Chain = SIGFOX_MONARCH_API_stop_rc_scan &rArr; MONARCH_API_stop_search_pattern &rArr; ST_RF_API_StopRxTx &rArr; priv_ST_MANUF_CmdStrobe &rArr; ST_MCU_API_SpiRaw &rArr; S2LPSpiRaw &rArr; HAL_SPI_TransmitReceive_DMA &rArr; HAL_DMA_Start_IT &rArr; DMA_SetConfig
</UL>
<BR>[Calls]<UL><LI><a href="#[74]">&gt;&gt;</a>&nbsp;&nbsp;&nbsp;MONARCH_API_timer_stop
<LI><a href="#[76]">&gt;&gt;</a>&nbsp;&nbsp;&nbsp;MONARCH_API_stop_search_pattern
<LI><a href="#[77]">&gt;&gt;</a>&nbsp;&nbsp;&nbsp;MONARCH_API_free
<LI><a href="#[4f]">&gt;&gt;</a>&nbsp;&nbsp;&nbsp;RETURN_CODE
<LI><a href="#[5f]">&gt;&gt;</a>&nbsp;&nbsp;&nbsp;RF_API_stop
</UL>
<BR>[Called By]<UL><LI><a href="#[16a]">&gt;&gt;</a>&nbsp;&nbsp;&nbsp;configRegion
</UL>

<P><STRONG><a name="[6f]"></a>MONARCH_API_malloc</STRONG> (Thumb, 16 bytes, Stack size 0 bytes, monarch_api.o(.text))
<BR><BR>[Called By]<UL><LI><a href="#[6e]">&gt;&gt;</a>&nbsp;&nbsp;&nbsp;SIGFOX_MONARCH_API_execute_rc_scan
</UL>

<P><STRONG><a name="[77]"></a>MONARCH_API_free</STRONG> (Thumb, 4 bytes, Stack size 0 bytes, monarch_api.o(.text))
<BR><BR>[Called By]<UL><LI><a href="#[75]">&gt;&gt;</a>&nbsp;&nbsp;&nbsp;SIGFOX_MONARCH_API_stop_rc_scan
<LI><a href="#[23]">&gt;&gt;</a>&nbsp;&nbsp;&nbsp;SIGFOX_CALLBACK_monarch_scan_timeout
<LI><a href="#[24]">&gt;&gt;</a>&nbsp;&nbsp;&nbsp;SIGFOX_CALLBACK_monarch_pattern_frequency_result
</UL>

<P><STRONG><a name="[72]"></a>MONARCH_API_timer_start</STRONG> (Thumb, 148 bytes, Stack size 24 bytes, monarch_api.o(.text))
<BR><BR>[Stack]<UL><LI>Max Depth = 128<LI>Call Chain = MONARCH_API_timer_start &rArr; ST_MCU_API_GpioIRQ &rArr; S2LPIRQInit &rArr; HAL_GPIO_Init
</UL>
<BR>[Calls]<UL><LI><a href="#[7e]">&gt;&gt;</a>&nbsp;&nbsp;&nbsp;ST_MCU_API_GpioIRQ
<LI><a href="#[7d]">&gt;&gt;</a>&nbsp;&nbsp;&nbsp;__aeabi_idivmod
<LI><a href="#[7c]">&gt;&gt;</a>&nbsp;&nbsp;&nbsp;__aeabi_idiv
<LI><a href="#[78]">&gt;&gt;</a>&nbsp;&nbsp;&nbsp;__aeabi_ui2f
<LI><a href="#[79]">&gt;&gt;</a>&nbsp;&nbsp;&nbsp;__aeabi_fmul
<LI><a href="#[7a]">&gt;&gt;</a>&nbsp;&nbsp;&nbsp;__aeabi_fdiv
<LI><a href="#[7b]">&gt;&gt;</a>&nbsp;&nbsp;&nbsp;__aeabi_f2uiz
</UL>
<BR>[Called By]<UL><LI><a href="#[6e]">&gt;&gt;</a>&nbsp;&nbsp;&nbsp;SIGFOX_MONARCH_API_execute_rc_scan
<LI><a href="#[24]">&gt;&gt;</a>&nbsp;&nbsp;&nbsp;SIGFOX_CALLBACK_monarch_pattern_frequency_result
</UL>

<P><STRONG><a name="[74]"></a>MONARCH_API_timer_stop</STRONG> (Thumb, 4 bytes, Stack size 8 bytes, monarch_api.o(.text))
<BR><BR>[Stack]<UL><LI>Max Depth = 120<LI>Call Chain = MONARCH_API_timer_stop &rArr; [Anonymous Symbol] &rArr; ST_MCU_API_GpioIRQ &rArr; S2LPIRQInit &rArr; HAL_GPIO_Init
</UL>
<BR>[Calls]<UL><LI><a href="#[7f]">&gt;&gt;</a>&nbsp;&nbsp;&nbsp;[Anonymous Symbol]
</UL>
<BR>[Called By]<UL><LI><a href="#[75]">&gt;&gt;</a>&nbsp;&nbsp;&nbsp;SIGFOX_MONARCH_API_stop_rc_scan
<LI><a href="#[6e]">&gt;&gt;</a>&nbsp;&nbsp;&nbsp;SIGFOX_MONARCH_API_execute_rc_scan
<LI><a href="#[23]">&gt;&gt;</a>&nbsp;&nbsp;&nbsp;SIGFOX_CALLBACK_monarch_scan_timeout
<LI><a href="#[24]">&gt;&gt;</a>&nbsp;&nbsp;&nbsp;SIGFOX_CALLBACK_monarch_pattern_frequency_result
</UL>

<P><STRONG><a name="[73]"></a>MONARCH_API_configure_search_pattern</STRONG> (Thumb, 196 bytes, Stack size 32 bytes, monarch_api.o(.text))
<BR><BR>[Stack]<UL><LI>Max Depth = 460<LI>Call Chain = MONARCH_API_configure_search_pattern &rArr; RF_API_change_frequency &rArr; priv_ST_MANUF_ReadRegisters &rArr; ST_MCU_API_SpiRaw &rArr; S2LPSpiRaw &rArr; HAL_SPI_TransmitReceive_DMA &rArr; HAL_DMA_Start_IT &rArr; DMA_SetConfig
</UL>
<BR>[Calls]<UL><LI><a href="#[7e]">&gt;&gt;</a>&nbsp;&nbsp;&nbsp;ST_MCU_API_GpioIRQ
<LI><a href="#[81]">&gt;&gt;</a>&nbsp;&nbsp;&nbsp;init_samples
<LI><a href="#[82]">&gt;&gt;</a>&nbsp;&nbsp;&nbsp;ST_RF_API_StartRx
<LI><a href="#[80]">&gt;&gt;</a>&nbsp;&nbsp;&nbsp;ST_RF_API_SetFifoLength
<LI><a href="#[5d]">&gt;&gt;</a>&nbsp;&nbsp;&nbsp;RF_API_change_frequency
</UL>
<BR>[Called By]<UL><LI><a href="#[6e]">&gt;&gt;</a>&nbsp;&nbsp;&nbsp;SIGFOX_MONARCH_API_execute_rc_scan
<LI><a href="#[24]">&gt;&gt;</a>&nbsp;&nbsp;&nbsp;SIGFOX_CALLBACK_monarch_pattern_frequency_result
</UL>

<P><STRONG><a name="[76]"></a>MONARCH_API_stop_search_pattern</STRONG> (Thumb, 12 bytes, Stack size 8 bytes, monarch_api.o(.text))
<BR><BR>[Stack]<UL><LI>Max Depth = 132<LI>Call Chain = MONARCH_API_stop_search_pattern &rArr; ST_RF_API_StopRxTx &rArr; priv_ST_MANUF_CmdStrobe &rArr; ST_MCU_API_SpiRaw &rArr; S2LPSpiRaw &rArr; HAL_SPI_TransmitReceive_DMA &rArr; HAL_DMA_Start_IT &rArr; DMA_SetConfig
</UL>
<BR>[Calls]<UL><LI><a href="#[83]">&gt;&gt;</a>&nbsp;&nbsp;&nbsp;ST_RF_API_StopRxTx
</UL>
<BR>[Called By]<UL><LI><a href="#[75]">&gt;&gt;</a>&nbsp;&nbsp;&nbsp;SIGFOX_MONARCH_API_stop_rc_scan
<LI><a href="#[23]">&gt;&gt;</a>&nbsp;&nbsp;&nbsp;SIGFOX_CALLBACK_monarch_scan_timeout
<LI><a href="#[24]">&gt;&gt;</a>&nbsp;&nbsp;&nbsp;SIGFOX_CALLBACK_monarch_pattern_frequency_result
</UL>

<P><STRONG><a name="[58]"></a>MONARCH_API_get_version</STRONG> (Thumb, 12 bytes, Stack size 0 bytes, monarch_api.o(.text), UNUSED)
<BR><BR>[Called By]<UL><LI><a href="#[55]">&gt;&gt;</a>&nbsp;&nbsp;&nbsp;SIGFOX_API_get_version
</UL>

<P><STRONG><a name="[84]"></a>ST_MONARCH_API_AFTHR_GPIO_CB</STRONG> (Thumb, 842 bytes, Stack size 200 bytes, monarch_api.o(.text))
<BR><BR>[Stack]<UL><LI>Max Depth = 636<LI>Call Chain = ST_MONARCH_API_AFTHR_GPIO_CB &rArr; NextFrequencyRequest &rArr; RF_API_change_frequency &rArr; priv_ST_MANUF_ReadRegisters &rArr; ST_MCU_API_SpiRaw &rArr; S2LPSpiRaw &rArr; HAL_SPI_TransmitReceive_DMA &rArr; HAL_DMA_Start_IT &rArr; DMA_SetConfig
</UL>
<BR>[Calls]<UL><LI><a href="#[7e]">&gt;&gt;</a>&nbsp;&nbsp;&nbsp;ST_MCU_API_GpioIRQ
<LI><a href="#[81]">&gt;&gt;</a>&nbsp;&nbsp;&nbsp;init_samples
<LI><a href="#[88]">&gt;&gt;</a>&nbsp;&nbsp;&nbsp;NextFrequencyRequest
<LI><a href="#[89]">&gt;&gt;</a>&nbsp;&nbsp;&nbsp;HammingDist
<LI><a href="#[83]">&gt;&gt;</a>&nbsp;&nbsp;&nbsp;ST_RF_API_StopRxTx
<LI><a href="#[82]">&gt;&gt;</a>&nbsp;&nbsp;&nbsp;ST_RF_API_StartRx
<LI><a href="#[86]">&gt;&gt;</a>&nbsp;&nbsp;&nbsp;ST_RF_API_ReadFifoStatus
<LI><a href="#[87]">&gt;&gt;</a>&nbsp;&nbsp;&nbsp;ST_RF_API_ReadFifo
<LI><a href="#[85]">&gt;&gt;</a>&nbsp;&nbsp;&nbsp;ST_RF_API_GetRSSI
</UL>
<BR>[Called By]<UL><LI><a href="#[e0]">&gt;&gt;</a>&nbsp;&nbsp;&nbsp;ST_RF_API_S2LP_IRQ_CB
</UL>

<P><STRONG><a name="[88]"></a>NextFrequencyRequest</STRONG> (Thumb, 50 bytes, Stack size 8 bytes, monarch_api.o(.text))
<BR><BR>[Stack]<UL><LI>Max Depth = 436<LI>Call Chain = NextFrequencyRequest &rArr; RF_API_change_frequency &rArr; priv_ST_MANUF_ReadRegisters &rArr; ST_MCU_API_SpiRaw &rArr; S2LPSpiRaw &rArr; HAL_SPI_TransmitReceive_DMA &rArr; HAL_DMA_Start_IT &rArr; DMA_SetConfig
</UL>
<BR>[Calls]<UL><LI><a href="#[5d]">&gt;&gt;</a>&nbsp;&nbsp;&nbsp;RF_API_change_frequency
</UL>
<BR>[Called By]<UL><LI><a href="#[84]">&gt;&gt;</a>&nbsp;&nbsp;&nbsp;ST_MONARCH_API_AFTHR_GPIO_CB
</UL>

<P><STRONG><a name="[81]"></a>init_samples</STRONG> (Thumb, 344 bytes, Stack size 48 bytes, monarch_api.o(.text))
<BR><BR>[Stack]<UL><LI>Max Depth = 48<LI>Call Chain = init_samples
</UL>
<BR>[Calls]<UL><LI><a href="#[89]">&gt;&gt;</a>&nbsp;&nbsp;&nbsp;HammingDist
</UL>
<BR>[Called By]<UL><LI><a href="#[73]">&gt;&gt;</a>&nbsp;&nbsp;&nbsp;MONARCH_API_configure_search_pattern
<LI><a href="#[84]">&gt;&gt;</a>&nbsp;&nbsp;&nbsp;ST_MONARCH_API_AFTHR_GPIO_CB
</UL>

<P><STRONG><a name="[8a]"></a>SIGFOX_CALLBACK_get_rc_from_list</STRONG> (Thumb, 112 bytes, Stack size 20 bytes, sigfox_callback.o(.text))
<BR><BR>[Stack]<UL><LI>Max Depth = 20<LI>Call Chain = SIGFOX_CALLBACK_get_rc_from_list
</UL>
<BR>[Called By]<UL><LI><a href="#[24]">&gt;&gt;</a>&nbsp;&nbsp;&nbsp;SIGFOX_CALLBACK_monarch_pattern_frequency_result
</UL>

<P><STRONG><a name="[23]"></a>SIGFOX_CALLBACK_monarch_scan_timeout</STRONG> (Thumb, 102 bytes, Stack size 16 bytes, sigfox_callback.o(.text))
<BR><BR>[Stack]<UL><LI>Max Depth = 148<LI>Call Chain = SIGFOX_CALLBACK_monarch_scan_timeout &rArr; MONARCH_API_stop_search_pattern &rArr; ST_RF_API_StopRxTx &rArr; priv_ST_MANUF_CmdStrobe &rArr; ST_MCU_API_SpiRaw &rArr; S2LPSpiRaw &rArr; HAL_SPI_TransmitReceive_DMA &rArr; HAL_DMA_Start_IT &rArr; DMA_SetConfig
</UL>
<BR>[Calls]<UL><LI><a href="#[74]">&gt;&gt;</a>&nbsp;&nbsp;&nbsp;MONARCH_API_timer_stop
<LI><a href="#[76]">&gt;&gt;</a>&nbsp;&nbsp;&nbsp;MONARCH_API_stop_search_pattern
<LI><a href="#[77]">&gt;&gt;</a>&nbsp;&nbsp;&nbsp;MONARCH_API_free
<LI><a href="#[4f]">&gt;&gt;</a>&nbsp;&nbsp;&nbsp;RETURN_CODE
<LI><a href="#[5f]">&gt;&gt;</a>&nbsp;&nbsp;&nbsp;RF_API_stop
</UL>
<BR>[Address Reference Count : 2]<UL><LI> sigfox_callback.o(.text)
<LI> sigfox_monarch_api.o(.text)
</UL>
<P><STRONG><a name="[24]"></a>SIGFOX_CALLBACK_monarch_pattern_frequency_result</STRONG> (Thumb, 484 bytes, Stack size 24 bytes, sigfox_callback.o(.text))
<BR><BR>[Stack]<UL><LI>Max Depth = 484<LI>Call Chain = SIGFOX_CALLBACK_monarch_pattern_frequency_result &rArr; MONARCH_API_configure_search_pattern &rArr; RF_API_change_frequency &rArr; priv_ST_MANUF_ReadRegisters &rArr; ST_MCU_API_SpiRaw &rArr; S2LPSpiRaw &rArr; HAL_SPI_TransmitReceive_DMA &rArr; HAL_DMA_Start_IT &rArr; DMA_SetConfig
</UL>
<BR>[Calls]<UL><LI><a href="#[8a]">&gt;&gt;</a>&nbsp;&nbsp;&nbsp;SIGFOX_CALLBACK_get_rc_from_list
<LI><a href="#[74]">&gt;&gt;</a>&nbsp;&nbsp;&nbsp;MONARCH_API_timer_stop
<LI><a href="#[72]">&gt;&gt;</a>&nbsp;&nbsp;&nbsp;MONARCH_API_timer_start
<LI><a href="#[76]">&gt;&gt;</a>&nbsp;&nbsp;&nbsp;MONARCH_API_stop_search_pattern
<LI><a href="#[77]">&gt;&gt;</a>&nbsp;&nbsp;&nbsp;MONARCH_API_free
<LI><a href="#[73]">&gt;&gt;</a>&nbsp;&nbsp;&nbsp;MONARCH_API_configure_search_pattern
<LI><a href="#[70]">&gt;&gt;</a>&nbsp;&nbsp;&nbsp;SIGFOX_MONARCH_API_reset_list_freq_pattern
<LI><a href="#[4f]">&gt;&gt;</a>&nbsp;&nbsp;&nbsp;RETURN_CODE
<LI><a href="#[5f]">&gt;&gt;</a>&nbsp;&nbsp;&nbsp;RF_API_stop
</UL>
<BR>[Address Reference Count : 2]<UL><LI> sigfox_callback.o(.text)
<LI> sigfox_monarch_api.o(.text)
</UL>
<P><STRONG><a name="[90]"></a>SIGFOX_INT_randomize</STRONG> (Thumb, 22 bytes, Stack size 0 bytes, sigfox_internal.o(.text))
<BR><BR>[Called By]<UL><LI><a href="#[8f]">&gt;&gt;</a>&nbsp;&nbsp;&nbsp;SIGFOX_INT_compute_channels
</UL>

<P><STRONG><a name="[5a]"></a>SIGFOX_INT_get_max_micro_channel</STRONG> (Thumb, 48 bytes, Stack size 12 bytes, sigfox_internal.o(.text))
<BR><BR>[Stack]<UL><LI>Max Depth = 12<LI>Call Chain = SIGFOX_INT_get_max_micro_channel
</UL>
<BR>[Called By]<UL><LI><a href="#[59]">&gt;&gt;</a>&nbsp;&nbsp;&nbsp;SIGFOX_API_set_std_config
</UL>

<P><STRONG><a name="[8b]"></a>SIGFOX_INT_get_macro_channel_index</STRONG> (Thumb, 94 bytes, Stack size 24 bytes, sigfox_internal.o(.text))
<BR><BR>[Stack]<UL><LI>Max Depth = 40<LI>Call Chain = SIGFOX_INT_get_macro_channel_index &rArr; __aeabi_idiv
</UL>
<BR>[Calls]<UL><LI><a href="#[7c]">&gt;&gt;</a>&nbsp;&nbsp;&nbsp;__aeabi_idiv
</UL>
<BR>[Called By]<UL><LI><a href="#[65]">&gt;&gt;</a>&nbsp;&nbsp;&nbsp;SIGFOX_INT_compute_uplink_frequency
</UL>

<P><STRONG><a name="[8c]"></a>SIGFOX_INT_dc_lbt_channel_pn_max</STRONG> (Thumb, 40 bytes, Stack size 20 bytes, sigfox_internal.o(.text))
<BR><BR>[Stack]<UL><LI>Max Depth = 36<LI>Call Chain = SIGFOX_INT_dc_lbt_channel_pn_max &rArr; __aeabi_idiv
</UL>
<BR>[Calls]<UL><LI><a href="#[7c]">&gt;&gt;</a>&nbsp;&nbsp;&nbsp;__aeabi_idiv
<LI><a href="#[8d]">&gt;&gt;</a>&nbsp;&nbsp;&nbsp;__aeabi_uidiv
</UL>
<BR>[Called By]<UL><LI><a href="#[8f]">&gt;&gt;</a>&nbsp;&nbsp;&nbsp;SIGFOX_INT_compute_channels
</UL>

<P><STRONG><a name="[8e]"></a>SIGFOX_INT_dc_lbt_channel_pn_min</STRONG> (Thumb, 30 bytes, Stack size 12 bytes, sigfox_internal.o(.text), UNUSED)
<BR><BR>[Calls]<UL><LI><a href="#[7c]">&gt;&gt;</a>&nbsp;&nbsp;&nbsp;__aeabi_idiv
</UL>

<P><STRONG><a name="[4f]"></a>RETURN_CODE</STRONG> (Thumb, 8 bytes, Stack size 0 bytes, sigfox_internal.o(.text))
<BR><BR>[Called By]<UL><LI><a href="#[4a]">&gt;&gt;</a>&nbsp;&nbsp;&nbsp;SIGFOX_API_open
<LI><a href="#[75]">&gt;&gt;</a>&nbsp;&nbsp;&nbsp;SIGFOX_MONARCH_API_stop_rc_scan
<LI><a href="#[6e]">&gt;&gt;</a>&nbsp;&nbsp;&nbsp;SIGFOX_MONARCH_API_execute_rc_scan
<LI><a href="#[50]">&gt;&gt;</a>&nbsp;&nbsp;&nbsp;SIGFOX_API_close
<LI><a href="#[23]">&gt;&gt;</a>&nbsp;&nbsp;&nbsp;SIGFOX_CALLBACK_monarch_scan_timeout
<LI><a href="#[24]">&gt;&gt;</a>&nbsp;&nbsp;&nbsp;SIGFOX_CALLBACK_monarch_pattern_frequency_result
<LI><a href="#[60]">&gt;&gt;</a>&nbsp;&nbsp;&nbsp;SIGFOX_API_stop_continuous_transmission
<LI><a href="#[5b]">&gt;&gt;</a>&nbsp;&nbsp;&nbsp;SIGFOX_API_start_continuous_transmission
<LI><a href="#[62]">&gt;&gt;</a>&nbsp;&nbsp;&nbsp;SIGFOX_API_send_test_frame
<LI><a href="#[55]">&gt;&gt;</a>&nbsp;&nbsp;&nbsp;SIGFOX_API_get_version
<LI><a href="#[6c]">&gt;&gt;</a>&nbsp;&nbsp;&nbsp;SIGFOX_API_get_initial_pac
</UL>

<P><STRONG><a name="[8f]"></a>SIGFOX_INT_compute_channels</STRONG> (Thumb, 362 bytes, Stack size 32 bytes, sigfox_internal.o(.text))
<BR><BR>[Stack]<UL><LI>Max Depth = 68<LI>Call Chain = SIGFOX_INT_compute_channels &rArr; SIGFOX_INT_dc_lbt_channel_pn_max &rArr; __aeabi_idiv
</UL>
<BR>[Calls]<UL><LI><a href="#[7c]">&gt;&gt;</a>&nbsp;&nbsp;&nbsp;__aeabi_idiv
<LI><a href="#[8d]">&gt;&gt;</a>&nbsp;&nbsp;&nbsp;__aeabi_uidiv
<LI><a href="#[90]">&gt;&gt;</a>&nbsp;&nbsp;&nbsp;SIGFOX_INT_randomize
<LI><a href="#[8c]">&gt;&gt;</a>&nbsp;&nbsp;&nbsp;SIGFOX_INT_dc_lbt_channel_pn_max
<LI><a href="#[91]">&gt;&gt;</a>&nbsp;&nbsp;&nbsp;SIGFOX_PN_next_pn
</UL>
<BR>[Called By]<UL><LI><a href="#[63]">&gt;&gt;</a>&nbsp;&nbsp;&nbsp;SIGFOX_INT_prepare_transmission
</UL>

<P><STRONG><a name="[a2]"></a>SIGFOX_INT_compute_carrier_sense_frequency</STRONG> (Thumb, 44 bytes, Stack size 0 bytes, sigfox_internal.o(.text))
<BR><BR>[Called By]<UL><LI><a href="#[93]">&gt;&gt;</a>&nbsp;&nbsp;&nbsp;SIGFOX_INT_process_uplink
</UL>

<P><STRONG><a name="[64]"></a>SIGFOX_INT_store_nvm</STRONG> (Thumb, 64 bytes, Stack size 16 bytes, sigfox_internal.o(.text))
<BR><BR>[Stack]<UL><LI>Max Depth = 200<LI>Call Chain = SIGFOX_INT_store_nvm &rArr; MCU_API_set_nv_mem &rArr; NVM_WriteRecord &rArr; _writeRecordInternal &rArr; _setBlockState &rArr; NVM_Write &rArr; FlashWrite &rArr; FlashErase &rArr; HAL_FLASHEx_DATAEEPROM_Erase &rArr; FLASH_WaitForLastOperation &rArr; FLASH_SetErrorCode
</UL>
<BR>[Calls]<UL><LI><a href="#[92]">&gt;&gt;</a>&nbsp;&nbsp;&nbsp;MCU_API_set_nv_mem
</UL>
<BR>[Called By]<UL><LI><a href="#[62]">&gt;&gt;</a>&nbsp;&nbsp;&nbsp;SIGFOX_API_send_test_frame
<LI><a href="#[52]">&gt;&gt;</a>&nbsp;&nbsp;&nbsp;SIGFOX_INT_execute_communication_sequence
</UL>

<P><STRONG><a name="[52]"></a>SIGFOX_INT_execute_communication_sequence</STRONG> (Thumb, 368 bytes, Stack size 40 bytes, sigfox_internal.o(.text))
<BR><BR>[Stack]<UL><LI>Max Depth = 836<LI>Call Chain = SIGFOX_INT_execute_communication_sequence &rArr; SIGFOX_INT_process_downlink &rArr; SIGFOX_INT_get_received_frames &rArr; RF_API_wait_frame &rArr; ST_MCU_API_WaitForInterrupt &rArr; ST_RF_API_S2LP_IRQ_CB &rArr; ST_MONARCH_API_AFTHR_GPIO_CB &rArr; NextFrequencyRequest &rArr; RF_API_change_frequency &rArr; priv_ST_MANUF_ReadRegisters &rArr; ST_MCU_API_SpiRaw &rArr; S2LPSpiRaw &rArr; HAL_SPI_TransmitReceive_DMA &rArr; HAL_DMA_Start_IT &rArr; DMA_SetConfig
</UL>
<BR>[Calls]<UL><LI><a href="#[93]">&gt;&gt;</a>&nbsp;&nbsp;&nbsp;SIGFOX_INT_process_uplink
<LI><a href="#[94]">&gt;&gt;</a>&nbsp;&nbsp;&nbsp;SIGFOX_INT_process_downlink
<LI><a href="#[64]">&gt;&gt;</a>&nbsp;&nbsp;&nbsp;SIGFOX_INT_store_nvm
<LI><a href="#[63]">&gt;&gt;</a>&nbsp;&nbsp;&nbsp;SIGFOX_INT_prepare_transmission
<LI><a href="#[95]">&gt;&gt;</a>&nbsp;&nbsp;&nbsp;MCU_API_delay
</UL>
<BR>[Called By]<UL><LI><a href="#[51]">&gt;&gt;</a>&nbsp;&nbsp;&nbsp;SIGFOX_API_send_frame
<LI><a href="#[54]">&gt;&gt;</a>&nbsp;&nbsp;&nbsp;SIGFOX_API_send_outofband
<LI><a href="#[53]">&gt;&gt;</a>&nbsp;&nbsp;&nbsp;SIGFOX_API_send_bit
</UL>

<P><STRONG><a name="[63]"></a>SIGFOX_INT_prepare_transmission</STRONG> (Thumb, 140 bytes, Stack size 24 bytes, sigfox_internal.o(.text))
<BR><BR>[Stack]<UL><LI>Max Depth = 328<LI>Call Chain = SIGFOX_INT_prepare_transmission &rArr; SIGFOX_INT_build_frame &rArr; SIGFOX_INT_encrypt_decrypt_frame &rArr; MCU_API_aes_128_cbc_encrypt &rArr; enc_utils_encrypt &rArr; AES128_CBC_encrypt &rArr; KeyExpansion_enc &rArr; [Anonymous Symbol]
</UL>
<BR>[Calls]<UL><LI><a href="#[8f]">&gt;&gt;</a>&nbsp;&nbsp;&nbsp;SIGFOX_INT_compute_channels
<LI><a href="#[96]">&gt;&gt;</a>&nbsp;&nbsp;&nbsp;SIGFOX_INT_build_frame
</UL>
<BR>[Called By]<UL><LI><a href="#[62]">&gt;&gt;</a>&nbsp;&nbsp;&nbsp;SIGFOX_API_send_test_frame
<LI><a href="#[52]">&gt;&gt;</a>&nbsp;&nbsp;&nbsp;SIGFOX_INT_execute_communication_sequence
</UL>

<P><STRONG><a name="[97]"></a>SIGFOX_INT_encrypt_decrypt_frame</STRONG> (Thumb, 278 bytes, Stack size 88 bytes, sigfox_internal.o(.text))
<BR><BR>[Stack]<UL><LI>Max Depth = 192<LI>Call Chain = SIGFOX_INT_encrypt_decrypt_frame &rArr; MCU_API_aes_128_cbc_encrypt &rArr; enc_utils_encrypt &rArr; AES128_CBC_encrypt &rArr; KeyExpansion_enc &rArr; [Anonymous Symbol]
</UL>
<BR>[Calls]<UL><LI><a href="#[3f]">&gt;&gt;</a>&nbsp;&nbsp;&nbsp;__aeabi_memclr
<LI><a href="#[98]">&gt;&gt;</a>&nbsp;&nbsp;&nbsp;MCU_API_aes_128_cbc_encrypt
</UL>
<BR>[Called By]<UL><LI><a href="#[96]">&gt;&gt;</a>&nbsp;&nbsp;&nbsp;SIGFOX_INT_build_frame
<LI><a href="#[6a]">&gt;&gt;</a>&nbsp;&nbsp;&nbsp;SIGFOX_INT_get_received_frames
</UL>

<P><STRONG><a name="[96]"></a>SIGFOX_INT_build_frame</STRONG> (Thumb, 804 bytes, Stack size 112 bytes, sigfox_internal.o(.text))
<BR><BR>[Stack]<UL><LI>Max Depth = 304<LI>Call Chain = SIGFOX_INT_build_frame &rArr; SIGFOX_INT_encrypt_decrypt_frame &rArr; MCU_API_aes_128_cbc_encrypt &rArr; enc_utils_encrypt &rArr; AES128_CBC_encrypt &rArr; KeyExpansion_enc &rArr; [Anonymous Symbol]
</UL>
<BR>[Calls]<UL><LI><a href="#[7d]">&gt;&gt;</a>&nbsp;&nbsp;&nbsp;__aeabi_idivmod
<LI><a href="#[7c]">&gt;&gt;</a>&nbsp;&nbsp;&nbsp;__aeabi_idiv
<LI><a href="#[8d]">&gt;&gt;</a>&nbsp;&nbsp;&nbsp;__aeabi_uidiv
<LI><a href="#[97]">&gt;&gt;</a>&nbsp;&nbsp;&nbsp;SIGFOX_INT_encrypt_decrypt_frame
<LI><a href="#[9a]">&gt;&gt;</a>&nbsp;&nbsp;&nbsp;SIGFOX_HMAC_compute_aes
<LI><a href="#[9b]">&gt;&gt;</a>&nbsp;&nbsp;&nbsp;SIGFOX_CRC_crc16
<LI><a href="#[99]">&gt;&gt;</a>&nbsp;&nbsp;&nbsp;MCU_API_get_voltage_temperature
</UL>
<BR>[Called By]<UL><LI><a href="#[63]">&gt;&gt;</a>&nbsp;&nbsp;&nbsp;SIGFOX_INT_prepare_transmission
</UL>

<P><STRONG><a name="[66]"></a>SIGFOX_INT_send_single_frame</STRONG> (Thumb, 128 bytes, Stack size 48 bytes, sigfox_internal.o(.text))
<BR><BR>[Stack]<UL><LI>Max Depth = 724<LI>Call Chain = SIGFOX_INT_send_single_frame &rArr; RF_API_send &rArr; ST_MCU_API_WaitForInterrupt &rArr; ST_RF_API_S2LP_IRQ_CB &rArr; ST_MONARCH_API_AFTHR_GPIO_CB &rArr; NextFrequencyRequest &rArr; RF_API_change_frequency &rArr; priv_ST_MANUF_ReadRegisters &rArr; ST_MCU_API_SpiRaw &rArr; S2LPSpiRaw &rArr; HAL_SPI_TransmitReceive_DMA &rArr; HAL_DMA_Start_IT &rArr; DMA_SetConfig
</UL>
<BR>[Calls]<UL><LI><a href="#[9c]">&gt;&gt;</a>&nbsp;&nbsp;&nbsp;SIGFOX_SCRAMB_compute
<LI><a href="#[5f]">&gt;&gt;</a>&nbsp;&nbsp;&nbsp;RF_API_stop
<LI><a href="#[9d]">&gt;&gt;</a>&nbsp;&nbsp;&nbsp;RF_API_send
<LI><a href="#[5c]">&gt;&gt;</a>&nbsp;&nbsp;&nbsp;RF_API_init
<LI><a href="#[5d]">&gt;&gt;</a>&nbsp;&nbsp;&nbsp;RF_API_change_frequency
</UL>
<BR>[Called By]<UL><LI><a href="#[93]">&gt;&gt;</a>&nbsp;&nbsp;&nbsp;SIGFOX_INT_process_uplink
<LI><a href="#[62]">&gt;&gt;</a>&nbsp;&nbsp;&nbsp;SIGFOX_API_send_test_frame
</UL>

<P><STRONG><a name="[9e]"></a>SIGFOX_INT_execute_carrier_sense</STRONG> (Thumb, 64 bytes, Stack size 24 bytes, sigfox_internal.o(.text))
<BR><BR>[Stack]<UL><LI>Max Depth = 716<LI>Call Chain = SIGFOX_INT_execute_carrier_sense &rArr; RF_API_wait_for_clear_channel &rArr; ST_MCU_API_WaitForInterrupt &rArr; ST_RF_API_S2LP_IRQ_CB &rArr; ST_MONARCH_API_AFTHR_GPIO_CB &rArr; NextFrequencyRequest &rArr; RF_API_change_frequency &rArr; priv_ST_MANUF_ReadRegisters &rArr; ST_MCU_API_SpiRaw &rArr; S2LPSpiRaw &rArr; HAL_SPI_TransmitReceive_DMA &rArr; HAL_DMA_Start_IT &rArr; DMA_SetConfig
</UL>
<BR>[Calls]<UL><LI><a href="#[9f]">&gt;&gt;</a>&nbsp;&nbsp;&nbsp;RF_API_wait_for_clear_channel
<LI><a href="#[5f]">&gt;&gt;</a>&nbsp;&nbsp;&nbsp;RF_API_stop
<LI><a href="#[5c]">&gt;&gt;</a>&nbsp;&nbsp;&nbsp;RF_API_init
<LI><a href="#[5d]">&gt;&gt;</a>&nbsp;&nbsp;&nbsp;RF_API_change_frequency
</UL>
<BR>[Called By]<UL><LI><a href="#[93]">&gt;&gt;</a>&nbsp;&nbsp;&nbsp;SIGFOX_INT_process_uplink
</UL>

<P><STRONG><a name="[93]"></a>SIGFOX_INT_process_uplink</STRONG> (Thumb, 634 bytes, Stack size 48 bytes, sigfox_internal.o(.text))
<BR><BR>[Stack]<UL><LI>Max Depth = 772<LI>Call Chain = SIGFOX_INT_process_uplink &rArr; SIGFOX_INT_send_single_frame &rArr; RF_API_send &rArr; ST_MCU_API_WaitForInterrupt &rArr; ST_RF_API_S2LP_IRQ_CB &rArr; ST_MONARCH_API_AFTHR_GPIO_CB &rArr; NextFrequencyRequest &rArr; RF_API_change_frequency &rArr; priv_ST_MANUF_ReadRegisters &rArr; ST_MCU_API_SpiRaw &rArr; S2LPSpiRaw &rArr; HAL_SPI_TransmitReceive_DMA &rArr; HAL_DMA_Start_IT &rArr; DMA_SetConfig
</UL>
<BR>[Calls]<UL><LI><a href="#[a3]">&gt;&gt;</a>&nbsp;&nbsp;&nbsp;MCU_API_timer_wait_for_end
<LI><a href="#[a4]">&gt;&gt;</a>&nbsp;&nbsp;&nbsp;MCU_API_timer_stop_carrier_sense
<LI><a href="#[a1]">&gt;&gt;</a>&nbsp;&nbsp;&nbsp;MCU_API_timer_start_carrier_sense
<LI><a href="#[a0]">&gt;&gt;</a>&nbsp;&nbsp;&nbsp;MCU_API_timer_start
<LI><a href="#[7c]">&gt;&gt;</a>&nbsp;&nbsp;&nbsp;__aeabi_idiv
<LI><a href="#[8d]">&gt;&gt;</a>&nbsp;&nbsp;&nbsp;__aeabi_uidiv
<LI><a href="#[9e]">&gt;&gt;</a>&nbsp;&nbsp;&nbsp;SIGFOX_INT_execute_carrier_sense
<LI><a href="#[a2]">&gt;&gt;</a>&nbsp;&nbsp;&nbsp;SIGFOX_INT_compute_carrier_sense_frequency
<LI><a href="#[66]">&gt;&gt;</a>&nbsp;&nbsp;&nbsp;SIGFOX_INT_send_single_frame
<LI><a href="#[65]">&gt;&gt;</a>&nbsp;&nbsp;&nbsp;SIGFOX_INT_compute_uplink_frequency
<LI><a href="#[95]">&gt;&gt;</a>&nbsp;&nbsp;&nbsp;MCU_API_delay
</UL>
<BR>[Called By]<UL><LI><a href="#[52]">&gt;&gt;</a>&nbsp;&nbsp;&nbsp;SIGFOX_INT_execute_communication_sequence
</UL>

<P><STRONG><a name="[94]"></a>SIGFOX_INT_process_downlink</STRONG> (Thumb, 74 bytes, Stack size 16 bytes, sigfox_internal.o(.text))
<BR><BR>[Stack]<UL><LI>Max Depth = 796<LI>Call Chain = SIGFOX_INT_process_downlink &rArr; SIGFOX_INT_get_received_frames &rArr; RF_API_wait_frame &rArr; ST_MCU_API_WaitForInterrupt &rArr; ST_RF_API_S2LP_IRQ_CB &rArr; ST_MONARCH_API_AFTHR_GPIO_CB &rArr; NextFrequencyRequest &rArr; RF_API_change_frequency &rArr; priv_ST_MANUF_ReadRegisters &rArr; ST_MCU_API_SpiRaw &rArr; S2LPSpiRaw &rArr; HAL_SPI_TransmitReceive_DMA &rArr; HAL_DMA_Start_IT &rArr; DMA_SetConfig
</UL>
<BR>[Calls]<UL><LI><a href="#[a3]">&gt;&gt;</a>&nbsp;&nbsp;&nbsp;MCU_API_timer_wait_for_end
<LI><a href="#[6a]">&gt;&gt;</a>&nbsp;&nbsp;&nbsp;SIGFOX_INT_get_received_frames
<LI><a href="#[69]">&gt;&gt;</a>&nbsp;&nbsp;&nbsp;SIGFOX_INT_downlink_configuration
</UL>
<BR>[Called By]<UL><LI><a href="#[52]">&gt;&gt;</a>&nbsp;&nbsp;&nbsp;SIGFOX_INT_execute_communication_sequence
</UL>

<P><STRONG><a name="[69]"></a>SIGFOX_INT_downlink_configuration</STRONG> (Thumb, 56 bytes, Stack size 16 bytes, sigfox_internal.o(.text))
<BR><BR>[Stack]<UL><LI>Max Depth = 468<LI>Call Chain = SIGFOX_INT_downlink_configuration &rArr; RF_API_init &rArr; priv_ST_MANUF_rx_monarch_rf_init &rArr; priv_ST_MANUF_ReadRegisters &rArr; ST_MCU_API_SpiRaw &rArr; S2LPSpiRaw &rArr; HAL_SPI_TransmitReceive_DMA &rArr; HAL_DMA_Start_IT &rArr; DMA_SetConfig
</UL>
<BR>[Calls]<UL><LI><a href="#[a0]">&gt;&gt;</a>&nbsp;&nbsp;&nbsp;MCU_API_timer_start
<LI><a href="#[5f]">&gt;&gt;</a>&nbsp;&nbsp;&nbsp;RF_API_stop
<LI><a href="#[5c]">&gt;&gt;</a>&nbsp;&nbsp;&nbsp;RF_API_init
<LI><a href="#[5d]">&gt;&gt;</a>&nbsp;&nbsp;&nbsp;RF_API_change_frequency
</UL>
<BR>[Called By]<UL><LI><a href="#[94]">&gt;&gt;</a>&nbsp;&nbsp;&nbsp;SIGFOX_INT_process_downlink
<LI><a href="#[67]">&gt;&gt;</a>&nbsp;&nbsp;&nbsp;SIGFOX_API_receive_test_frame
</UL>

<P><STRONG><a name="[6a]"></a>SIGFOX_INT_get_received_frames</STRONG> (Thumb, 360 bytes, Stack size 88 bytes, sigfox_internal.o(.text))
<BR><BR>[Stack]<UL><LI>Max Depth = 780<LI>Call Chain = SIGFOX_INT_get_received_frames &rArr; RF_API_wait_frame &rArr; ST_MCU_API_WaitForInterrupt &rArr; ST_RF_API_S2LP_IRQ_CB &rArr; ST_MONARCH_API_AFTHR_GPIO_CB &rArr; NextFrequencyRequest &rArr; RF_API_change_frequency &rArr; priv_ST_MANUF_ReadRegisters &rArr; ST_MCU_API_SpiRaw &rArr; S2LPSpiRaw &rArr; HAL_SPI_TransmitReceive_DMA &rArr; HAL_DMA_Start_IT &rArr; DMA_SetConfig
</UL>
<BR>[Calls]<UL><LI><a href="#[a7]">&gt;&gt;</a>&nbsp;&nbsp;&nbsp;MCU_API_timer_stop
<LI><a href="#[97]">&gt;&gt;</a>&nbsp;&nbsp;&nbsp;SIGFOX_INT_encrypt_decrypt_frame
<LI><a href="#[a6]">&gt;&gt;</a>&nbsp;&nbsp;&nbsp;SIGFOX_DECODE_decode_frame
<LI><a href="#[a8]">&gt;&gt;</a>&nbsp;&nbsp;&nbsp;MCU_API_report_test_result
<LI><a href="#[a5]">&gt;&gt;</a>&nbsp;&nbsp;&nbsp;RF_API_wait_frame
<LI><a href="#[5f]">&gt;&gt;</a>&nbsp;&nbsp;&nbsp;RF_API_stop
</UL>
<BR>[Called By]<UL><LI><a href="#[94]">&gt;&gt;</a>&nbsp;&nbsp;&nbsp;SIGFOX_INT_process_downlink
<LI><a href="#[67]">&gt;&gt;</a>&nbsp;&nbsp;&nbsp;SIGFOX_API_receive_test_frame
</UL>

<P><STRONG><a name="[65]"></a>SIGFOX_INT_compute_uplink_frequency</STRONG> (Thumb, 126 bytes, Stack size 24 bytes, sigfox_internal.o(.text))
<BR><BR>[Stack]<UL><LI>Max Depth = 64<LI>Call Chain = SIGFOX_INT_compute_uplink_frequency &rArr; SIGFOX_INT_get_macro_channel_index &rArr; __aeabi_idiv
</UL>
<BR>[Calls]<UL><LI><a href="#[a9]">&gt;&gt;</a>&nbsp;&nbsp;&nbsp;__aeabi_uidivmod
<LI><a href="#[8b]">&gt;&gt;</a>&nbsp;&nbsp;&nbsp;SIGFOX_INT_get_macro_channel_index
</UL>
<BR>[Called By]<UL><LI><a href="#[93]">&gt;&gt;</a>&nbsp;&nbsp;&nbsp;SIGFOX_INT_process_uplink
<LI><a href="#[62]">&gt;&gt;</a>&nbsp;&nbsp;&nbsp;SIGFOX_API_send_test_frame
</UL>

<P><STRONG><a name="[68]"></a>SIGFOX_INT_compute_downlink_frequency</STRONG> (Thumb, 4 bytes, Stack size 0 bytes, sigfox_internal.o(.text), UNUSED)
<BR><BR>[Called By]<UL><LI><a href="#[67]">&gt;&gt;</a>&nbsp;&nbsp;&nbsp;SIGFOX_API_receive_test_frame
</UL>

<P><STRONG><a name="[4d]"></a>SIGFOX_INT_get_device_id_and_payload_encryption_flag</STRONG> (Thumb, 34 bytes, Stack size 8 bytes, sigfox_internal.o(.text))
<BR><BR>[Stack]<UL><LI>Max Depth = 16<LI>Call Chain = SIGFOX_INT_get_device_id_and_payload_encryption_flag &rArr; MCU_API_get_device_id_and_payload_encryption_flag
</UL>
<BR>[Calls]<UL><LI><a href="#[aa]">&gt;&gt;</a>&nbsp;&nbsp;&nbsp;MCU_API_get_device_id_and_payload_encryption_flag
</UL>
<BR>[Called By]<UL><LI><a href="#[4a]">&gt;&gt;</a>&nbsp;&nbsp;&nbsp;SIGFOX_API_open
<LI><a href="#[6b]">&gt;&gt;</a>&nbsp;&nbsp;&nbsp;SIGFOX_API_get_device_id
</UL>

<P><STRONG><a name="[9b]"></a>SIGFOX_CRC_crc16</STRONG> (Thumb, 64 bytes, Stack size 12 bytes, sigfox_crc.o(.text))
<BR><BR>[Stack]<UL><LI>Max Depth = 12<LI>Call Chain = SIGFOX_CRC_crc16
</UL>
<BR>[Called By]<UL><LI><a href="#[96]">&gt;&gt;</a>&nbsp;&nbsp;&nbsp;SIGFOX_INT_build_frame
</UL>

<P><STRONG><a name="[ac]"></a>SIGFOX_CRC_crc8</STRONG> (Thumb, 54 bytes, Stack size 12 bytes, sigfox_crc.o(.text))
<BR><BR>[Stack]<UL><LI>Max Depth = 12<LI>Call Chain = SIGFOX_CRC_crc8
</UL>
<BR>[Called By]<UL><LI><a href="#[a6]">&gt;&gt;</a>&nbsp;&nbsp;&nbsp;SIGFOX_DECODE_decode_frame
</UL>

<P><STRONG><a name="[a6]"></a>SIGFOX_DECODE_decode_frame</STRONG> (Thumb, 236 bytes, Stack size 72 bytes, sigfox_decode.o(.text))
<BR><BR>[Stack]<UL><LI>Max Depth = 176<LI>Call Chain = SIGFOX_DECODE_decode_frame &rArr; MCU_API_aes_128_cbc_encrypt &rArr; enc_utils_encrypt &rArr; AES128_CBC_encrypt &rArr; KeyExpansion_enc &rArr; [Anonymous Symbol]
</UL>
<BR>[Calls]<UL><LI><a href="#[ab]">&gt;&gt;</a>&nbsp;&nbsp;&nbsp;SIGFOX_DECODE_dewhitening
<LI><a href="#[ac]">&gt;&gt;</a>&nbsp;&nbsp;&nbsp;SIGFOX_CRC_crc8
<LI><a href="#[98]">&gt;&gt;</a>&nbsp;&nbsp;&nbsp;MCU_API_aes_128_cbc_encrypt
</UL>
<BR>[Called By]<UL><LI><a href="#[6a]">&gt;&gt;</a>&nbsp;&nbsp;&nbsp;SIGFOX_INT_get_received_frames
</UL>

<P><STRONG><a name="[9a]"></a>SIGFOX_HMAC_compute_aes</STRONG> (Thumb, 116 bytes, Stack size 32 bytes, sigfox_hmac.o(.text))
<BR><BR>[Stack]<UL><LI>Max Depth = 136<LI>Call Chain = SIGFOX_HMAC_compute_aes &rArr; MCU_API_aes_128_cbc_encrypt &rArr; enc_utils_encrypt &rArr; AES128_CBC_encrypt &rArr; KeyExpansion_enc &rArr; [Anonymous Symbol]
</UL>
<BR>[Calls]<UL><LI><a href="#[98]">&gt;&gt;</a>&nbsp;&nbsp;&nbsp;MCU_API_aes_128_cbc_encrypt
</UL>
<BR>[Called By]<UL><LI><a href="#[96]">&gt;&gt;</a>&nbsp;&nbsp;&nbsp;SIGFOX_INT_build_frame
</UL>

<P><STRONG><a name="[91]"></a>SIGFOX_PN_next_pn</STRONG> (Thumb, 100 bytes, Stack size 20 bytes, sigfox_pn.o(.text))
<BR><BR>[Stack]<UL><LI>Max Depth = 20<LI>Call Chain = SIGFOX_PN_next_pn
</UL>
<BR>[Called By]<UL><LI><a href="#[8f]">&gt;&gt;</a>&nbsp;&nbsp;&nbsp;SIGFOX_INT_compute_channels
</UL>

<P><STRONG><a name="[9c]"></a>SIGFOX_SCRAMB_compute</STRONG> (Thumb, 122 bytes, Stack size 32 bytes, sigfox_scramb.o(.text))
<BR><BR>[Stack]<UL><LI>Max Depth = 32<LI>Call Chain = SIGFOX_SCRAMB_compute
</UL>
<BR>[Calls]<UL><LI><a href="#[3f]">&gt;&gt;</a>&nbsp;&nbsp;&nbsp;__aeabi_memclr
</UL>
<BR>[Called By]<UL><LI><a href="#[66]">&gt;&gt;</a>&nbsp;&nbsp;&nbsp;SIGFOX_INT_send_single_frame
</UL>

<P><STRONG><a name="[8d]"></a>__aeabi_uidiv</STRONG> (Thumb, 0 bytes, Stack size 12 bytes, uidiv.o(.text))
<BR><BR>[Stack]<UL><LI>Max Depth = 12<LI>Call Chain = __aeabi_uidiv
</UL>
<BR>[Called By]<UL><LI><a href="#[93]">&gt;&gt;</a>&nbsp;&nbsp;&nbsp;SIGFOX_INT_process_uplink
<LI><a href="#[8c]">&gt;&gt;</a>&nbsp;&nbsp;&nbsp;SIGFOX_INT_dc_lbt_channel_pn_max
<LI><a href="#[8f]">&gt;&gt;</a>&nbsp;&nbsp;&nbsp;SIGFOX_INT_compute_channels
<LI><a href="#[96]">&gt;&gt;</a>&nbsp;&nbsp;&nbsp;SIGFOX_INT_build_frame
</UL>

<P><STRONG><a name="[a9]"></a>__aeabi_uidivmod</STRONG> (Thumb, 44 bytes, Stack size 12 bytes, uidiv.o(.text))
<BR><BR>[Stack]<UL><LI>Max Depth = 12<LI>Call Chain = __aeabi_uidivmod
</UL>
<BR>[Called By]<UL><LI><a href="#[da]">&gt;&gt;</a>&nbsp;&nbsp;&nbsp;HAL_DMA_Init
<LI><a href="#[117]">&gt;&gt;</a>&nbsp;&nbsp;&nbsp;SdkEvalTimersFindFactors
<LI><a href="#[a1]">&gt;&gt;</a>&nbsp;&nbsp;&nbsp;MCU_API_timer_start_carrier_sense
<LI><a href="#[a0]">&gt;&gt;</a>&nbsp;&nbsp;&nbsp;MCU_API_timer_start
<LI><a href="#[e2]">&gt;&gt;</a>&nbsp;&nbsp;&nbsp;HAL_InitTick
<LI><a href="#[e7]">&gt;&gt;</a>&nbsp;&nbsp;&nbsp;HAL_RCC_GetSysClockFreq
<LI><a href="#[106]">&gt;&gt;</a>&nbsp;&nbsp;&nbsp;UART_SetConfig
<LI><a href="#[7d]">&gt;&gt;</a>&nbsp;&nbsp;&nbsp;__aeabi_idivmod
<LI><a href="#[65]">&gt;&gt;</a>&nbsp;&nbsp;&nbsp;SIGFOX_INT_compute_uplink_frequency
</UL>

<P><STRONG><a name="[7c]"></a>__aeabi_idiv</STRONG> (Thumb, 0 bytes, Stack size 16 bytes, idiv.o(.text))
<BR><BR>[Stack]<UL><LI>Max Depth = 16<LI>Call Chain = __aeabi_idiv
</UL>
<BR>[Called By]<UL><LI><a href="#[93]">&gt;&gt;</a>&nbsp;&nbsp;&nbsp;SIGFOX_INT_process_uplink
<LI><a href="#[8b]">&gt;&gt;</a>&nbsp;&nbsp;&nbsp;SIGFOX_INT_get_macro_channel_index
<LI><a href="#[8e]">&gt;&gt;</a>&nbsp;&nbsp;&nbsp;SIGFOX_INT_dc_lbt_channel_pn_min
<LI><a href="#[8c]">&gt;&gt;</a>&nbsp;&nbsp;&nbsp;SIGFOX_INT_dc_lbt_channel_pn_max
<LI><a href="#[8f]">&gt;&gt;</a>&nbsp;&nbsp;&nbsp;SIGFOX_INT_compute_channels
<LI><a href="#[96]">&gt;&gt;</a>&nbsp;&nbsp;&nbsp;SIGFOX_INT_build_frame
<LI><a href="#[72]">&gt;&gt;</a>&nbsp;&nbsp;&nbsp;MONARCH_API_timer_start
</UL>

<P><STRONG><a name="[7d]"></a>__aeabi_idivmod</STRONG> (Thumb, 40 bytes, Stack size 16 bytes, idiv.o(.text))
<BR><BR>[Stack]<UL><LI>Max Depth = 28<LI>Call Chain = __aeabi_idivmod &rArr; __aeabi_uidivmod
</UL>
<BR>[Calls]<UL><LI><a href="#[a9]">&gt;&gt;</a>&nbsp;&nbsp;&nbsp;__aeabi_uidivmod
</UL>
<BR>[Called By]<UL><LI><a href="#[14e]">&gt;&gt;</a>&nbsp;&nbsp;&nbsp;ST_MCU_API_TimerCalibration
<LI><a href="#[a1]">&gt;&gt;</a>&nbsp;&nbsp;&nbsp;MCU_API_timer_start_carrier_sense
<LI><a href="#[96]">&gt;&gt;</a>&nbsp;&nbsp;&nbsp;SIGFOX_INT_build_frame
<LI><a href="#[72]">&gt;&gt;</a>&nbsp;&nbsp;&nbsp;MONARCH_API_timer_start
<LI><a href="#[5c]">&gt;&gt;</a>&nbsp;&nbsp;&nbsp;RF_API_init
</UL>

<P><STRONG><a name="[ad]"></a>__aeabi_uldivmod</STRONG> (Thumb, 96 bytes, Stack size 48 bytes, uldiv.o(.text))
<BR><BR>[Stack]<UL><LI>Max Depth = 56<LI>Call Chain = __aeabi_uldivmod &rArr; __aeabi_llsr
</UL>
<BR>[Calls]<UL><LI><a href="#[ae]">&gt;&gt;</a>&nbsp;&nbsp;&nbsp;__aeabi_llsr
<LI><a href="#[af]">&gt;&gt;</a>&nbsp;&nbsp;&nbsp;__aeabi_llsl
</UL>
<BR>[Called By]<UL><LI><a href="#[106]">&gt;&gt;</a>&nbsp;&nbsp;&nbsp;UART_SetConfig
<LI><a href="#[132]">&gt;&gt;</a>&nbsp;&nbsp;&nbsp;priv_ST_MANUF_tx_rf_dbpsk_init
<LI><a href="#[12f]">&gt;&gt;</a>&nbsp;&nbsp;&nbsp;priv_ST_MANUF_rx_rf_init
<LI><a href="#[130]">&gt;&gt;</a>&nbsp;&nbsp;&nbsp;priv_ST_MANUF_rx_monarch_rf_init
<LI><a href="#[9f]">&gt;&gt;</a>&nbsp;&nbsp;&nbsp;RF_API_wait_for_clear_channel
<LI><a href="#[5c]">&gt;&gt;</a>&nbsp;&nbsp;&nbsp;RF_API_init
<LI><a href="#[5d]">&gt;&gt;</a>&nbsp;&nbsp;&nbsp;RF_API_change_frequency
<LI><a href="#[166]">&gt;&gt;</a>&nbsp;&nbsp;&nbsp;_printf_core
</UL>

<P><STRONG><a name="[b0]"></a>__aeabi_lmul</STRONG> (Thumb, 122 bytes, Stack size 64 bytes, llmul.o(.text))
<BR><BR>[Stack]<UL><LI>Max Depth = 72<LI>Call Chain = __aeabi_lmul &rArr; __aeabi_llsl
</UL>
<BR>[Calls]<UL><LI><a href="#[af]">&gt;&gt;</a>&nbsp;&nbsp;&nbsp;__aeabi_llsl
</UL>
<BR>[Called By]<UL><LI><a href="#[132]">&gt;&gt;</a>&nbsp;&nbsp;&nbsp;priv_ST_MANUF_tx_rf_dbpsk_init
<LI><a href="#[12f]">&gt;&gt;</a>&nbsp;&nbsp;&nbsp;priv_ST_MANUF_rx_rf_init
<LI><a href="#[130]">&gt;&gt;</a>&nbsp;&nbsp;&nbsp;priv_ST_MANUF_rx_monarch_rf_init
<LI><a href="#[5d]">&gt;&gt;</a>&nbsp;&nbsp;&nbsp;RF_API_change_frequency
</UL>

<P><STRONG><a name="[183]"></a>_ll_mul</STRONG> (Thumb, 0 bytes, Stack size 64 bytes, llmul.o(.text), UNUSED)

<P><STRONG><a name="[ae]"></a>__aeabi_llsr</STRONG> (Thumb, 34 bytes, Stack size 8 bytes, llushr.o(.text))
<BR><BR>[Stack]<UL><LI>Max Depth = 8<LI>Call Chain = __aeabi_llsr
</UL>
<BR>[Called By]<UL><LI><a href="#[d6]">&gt;&gt;</a>&nbsp;&nbsp;&nbsp;FlashRead
<LI><a href="#[ad]">&gt;&gt;</a>&nbsp;&nbsp;&nbsp;__aeabi_uldivmod
</UL>

<P><STRONG><a name="[184]"></a>_ll_ushift_r</STRONG> (Thumb, 0 bytes, Stack size 8 bytes, llushr.o(.text), UNUSED)

<P><STRONG><a name="[31]"></a>__aeabi_memcpy</STRONG> (Thumb, 36 bytes, Stack size 0 bytes, memcpya.o(.text))
<BR><BR>[Called By]<UL><LI><a href="#[42]">&gt;&gt;</a>&nbsp;&nbsp;&nbsp;enc_utils_retrieve_data_from_flash
<LI><a href="#[41]">&gt;&gt;</a>&nbsp;&nbsp;&nbsp;AES_CBC_decrypt_buffer
<LI><a href="#[2f]">&gt;&gt;</a>&nbsp;&nbsp;&nbsp;[Anonymous Symbol]
</UL>

<P><STRONG><a name="[14f]"></a>__aeabi_memcpy4</STRONG> (Thumb, 0 bytes, Stack size 0 bytes, memcpya.o(.text))
<BR><BR>[Called By]<UL><LI><a href="#[14e]">&gt;&gt;</a>&nbsp;&nbsp;&nbsp;ST_MCU_API_TimerCalibration
<LI><a href="#[160]">&gt;&gt;</a>&nbsp;&nbsp;&nbsp;St_Sigfox_Open_RCZ
</UL>

<P><STRONG><a name="[185]"></a>__aeabi_memcpy8</STRONG> (Thumb, 0 bytes, Stack size 0 bytes, memcpya.o(.text), UNUSED)

<P><STRONG><a name="[b1]"></a>__aeabi_memset</STRONG> (Thumb, 14 bytes, Stack size 0 bytes, memseta.o(.text))
<BR><BR>[Called By]<UL><LI><a href="#[b2]">&gt;&gt;</a>&nbsp;&nbsp;&nbsp;_memset$wrapper
<LI><a href="#[3f]">&gt;&gt;</a>&nbsp;&nbsp;&nbsp;__aeabi_memclr
</UL>

<P><STRONG><a name="[186]"></a>__aeabi_memset4</STRONG> (Thumb, 0 bytes, Stack size 0 bytes, memseta.o(.text), UNUSED)

<P><STRONG><a name="[187]"></a>__aeabi_memset8</STRONG> (Thumb, 0 bytes, Stack size 0 bytes, memseta.o(.text), UNUSED)

<P><STRONG><a name="[3f]"></a>__aeabi_memclr</STRONG> (Thumb, 4 bytes, Stack size 0 bytes, memseta.o(.text))
<BR><BR>[Calls]<UL><LI><a href="#[b1]">&gt;&gt;</a>&nbsp;&nbsp;&nbsp;__aeabi_memset
</UL>
<BR>[Called By]<UL><LI><a href="#[16e]">&gt;&gt;</a>&nbsp;&nbsp;&nbsp;mcuConfig
<LI><a href="#[97]">&gt;&gt;</a>&nbsp;&nbsp;&nbsp;SIGFOX_INT_encrypt_decrypt_frame
<LI><a href="#[9c]">&gt;&gt;</a>&nbsp;&nbsp;&nbsp;SIGFOX_SCRAMB_compute
<LI><a href="#[3c]">&gt;&gt;</a>&nbsp;&nbsp;&nbsp;AES128_CBC_encrypt
<LI><a href="#[40]">&gt;&gt;</a>&nbsp;&nbsp;&nbsp;AES128_CBC_decrypt_internal
</UL>

<P><STRONG><a name="[45]"></a>__aeabi_memclr4</STRONG> (Thumb, 0 bytes, Stack size 0 bytes, memseta.o(.text))
<BR><BR>[Called By]<UL><LI><a href="#[f4]">&gt;&gt;</a>&nbsp;&nbsp;&nbsp;HAL_SPI_MspInit
<LI><a href="#[121]">&gt;&gt;</a>&nbsp;&nbsp;&nbsp;MX_RTC_Init
<LI><a href="#[120]">&gt;&gt;</a>&nbsp;&nbsp;&nbsp;MX_GPIO_Init
<LI><a href="#[155]">&gt;&gt;</a>&nbsp;&nbsp;&nbsp;SystemClock_Config
<LI><a href="#[42]">&gt;&gt;</a>&nbsp;&nbsp;&nbsp;enc_utils_retrieve_data_from_flash
<LI><a href="#[105]">&gt;&gt;</a>&nbsp;&nbsp;&nbsp;HAL_UART_MspInit
</UL>

<P><STRONG><a name="[188]"></a>__aeabi_memclr8</STRONG> (Thumb, 0 bytes, Stack size 0 bytes, memseta.o(.text), UNUSED)

<P><STRONG><a name="[b2]"></a>_memset$wrapper</STRONG> (Thumb, 18 bytes, Stack size 8 bytes, memseta.o(.text), UNUSED)
<BR><BR>[Calls]<UL><LI><a href="#[b1]">&gt;&gt;</a>&nbsp;&nbsp;&nbsp;__aeabi_memset
</UL>

<P><STRONG><a name="[79]"></a>__aeabi_fmul</STRONG> (Thumb, 122 bytes, Stack size 16 bytes, fmul.o(.text))
<BR><BR>[Stack]<UL><LI>Max Depth = 16<LI>Call Chain = __aeabi_fmul
</UL>
<BR>[Called By]<UL><LI><a href="#[72]">&gt;&gt;</a>&nbsp;&nbsp;&nbsp;MONARCH_API_timer_start
</UL>

<P><STRONG><a name="[7a]"></a>__aeabi_fdiv</STRONG> (Thumb, 124 bytes, Stack size 16 bytes, fdiv.o(.text))
<BR><BR>[Stack]<UL><LI>Max Depth = 16<LI>Call Chain = __aeabi_fdiv
</UL>
<BR>[Calls]<UL><LI><a href="#[b3]">&gt;&gt;</a>&nbsp;&nbsp;&nbsp;_float_round
</UL>
<BR>[Called By]<UL><LI><a href="#[72]">&gt;&gt;</a>&nbsp;&nbsp;&nbsp;MONARCH_API_timer_start
</UL>

<P><STRONG><a name="[78]"></a>__aeabi_ui2f</STRONG> (Thumb, 14 bytes, Stack size 8 bytes, ffltui.o(.text))
<BR><BR>[Stack]<UL><LI>Max Depth = 20<LI>Call Chain = __aeabi_ui2f &rArr; _float_epilogue
</UL>
<BR>[Calls]<UL><LI><a href="#[b4]">&gt;&gt;</a>&nbsp;&nbsp;&nbsp;_float_epilogue
</UL>
<BR>[Called By]<UL><LI><a href="#[72]">&gt;&gt;</a>&nbsp;&nbsp;&nbsp;MONARCH_API_timer_start
</UL>

<P><STRONG><a name="[7b]"></a>__aeabi_f2uiz</STRONG> (Thumb, 40 bytes, Stack size 0 bytes, ffixui.o(.text))
<BR><BR>[Called By]<UL><LI><a href="#[72]">&gt;&gt;</a>&nbsp;&nbsp;&nbsp;MONARCH_API_timer_start
</UL>

<P><STRONG><a name="[af]"></a>__aeabi_llsl</STRONG> (Thumb, 32 bytes, Stack size 8 bytes, llshl.o(.text))
<BR><BR>[Stack]<UL><LI>Max Depth = 8<LI>Call Chain = __aeabi_llsl
</UL>
<BR>[Called By]<UL><LI><a href="#[b0]">&gt;&gt;</a>&nbsp;&nbsp;&nbsp;__aeabi_lmul
<LI><a href="#[ad]">&gt;&gt;</a>&nbsp;&nbsp;&nbsp;__aeabi_uldivmod
</UL>

<P><STRONG><a name="[189]"></a>_ll_shift_l</STRONG> (Thumb, 0 bytes, Stack size 8 bytes, llshl.o(.text), UNUSED)

<P><STRONG><a name="[18a]"></a>__I$use$fp</STRONG> (Thumb, 0 bytes, Stack size 0 bytes, iusefp.o(.text), UNUSED)

<P><STRONG><a name="[b3]"></a>_float_round</STRONG> (Thumb, 16 bytes, Stack size 0 bytes, fepilogue.o(.text))
<BR><BR>[Called By]<UL><LI><a href="#[7a]">&gt;&gt;</a>&nbsp;&nbsp;&nbsp;__aeabi_fdiv
</UL>

<P><STRONG><a name="[b4]"></a>_float_epilogue</STRONG> (Thumb, 114 bytes, Stack size 12 bytes, fepilogue.o(.text))
<BR><BR>[Stack]<UL><LI>Max Depth = 12<LI>Call Chain = _float_epilogue
</UL>
<BR>[Called By]<UL><LI><a href="#[78]">&gt;&gt;</a>&nbsp;&nbsp;&nbsp;__aeabi_ui2f
</UL>

<P><STRONG><a name="[2d]"></a>__scatterload</STRONG> (Thumb, 28 bytes, Stack size 0 bytes, init.o(.text))
<BR><BR>[Calls]<UL><LI><a href="#[b5]">&gt;&gt;</a>&nbsp;&nbsp;&nbsp;__main_after_scatterload
</UL>
<BR>[Called By]<UL><LI><a href="#[2c]">&gt;&gt;</a>&nbsp;&nbsp;&nbsp;_main_scatterload
</UL>

<P><STRONG><a name="[18b]"></a>__scatterload_rt2</STRONG> (Thumb, 0 bytes, Stack size 0 bytes, init.o(.text), UNUSED)

<P><STRONG><a name="[18c]"></a>__decompress</STRONG> (Thumb, 0 bytes, Stack size unknown bytes, __dczerorl2.o(.text), UNUSED)

<P><STRONG><a name="[18d]"></a>__decompress1</STRONG> (Thumb, 86 bytes, Stack size unknown bytes, __dczerorl2.o(.text), UNUSED)

<P><STRONG><a name="[b6]"></a>Configure_RTC_Clock</STRONG> (Thumb, 74 bytes, Stack size 96 bytes, rtc.o(i.Configure_RTC_Clock))
<BR><BR>[Stack]<UL><LI>Max Depth = 156<LI>Call Chain = Configure_RTC_Clock &rArr; HAL_RCC_OscConfig &rArr; HAL_InitTick &rArr; __aeabi_uidivmod
</UL>
<BR>[Calls]<UL><LI><a href="#[b7]">&gt;&gt;</a>&nbsp;&nbsp;&nbsp;HAL_PWR_EnableBkUpAccess
<LI><a href="#[ba]">&gt;&gt;</a>&nbsp;&nbsp;&nbsp;HAL_NVIC_SetPriority
<LI><a href="#[bb]">&gt;&gt;</a>&nbsp;&nbsp;&nbsp;HAL_NVIC_EnableIRQ
<LI><a href="#[b8]">&gt;&gt;</a>&nbsp;&nbsp;&nbsp;HAL_RCC_OscConfig
<LI><a href="#[b9]">&gt;&gt;</a>&nbsp;&nbsp;&nbsp;HAL_RCCEx_PeriphCLKConfig
</UL>
<BR>[Called By]<UL><LI><a href="#[14e]">&gt;&gt;</a>&nbsp;&nbsp;&nbsp;ST_MCU_API_TimerCalibration
<LI><a href="#[8]">&gt;&gt;</a>&nbsp;&nbsp;&nbsp;RTC_IRQHandler
<LI><a href="#[a1]">&gt;&gt;</a>&nbsp;&nbsp;&nbsp;MCU_API_timer_start_carrier_sense
<LI><a href="#[a0]">&gt;&gt;</a>&nbsp;&nbsp;&nbsp;MCU_API_timer_start
</UL>

<P><STRONG><a name="[10]"></a>DMA1_Channel2_3_IRQHandler</STRONG> (Thumb, 16 bytes, Stack size 8 bytes, stm32l0xx_it.o(i.DMA1_Channel2_3_IRQHandler))
<BR><BR>[Stack]<UL><LI>Max Depth = 24<LI>Call Chain = DMA1_Channel2_3_IRQHandler &rArr; HAL_DMA_IRQHandler
</UL>
<BR>[Calls]<UL><LI><a href="#[bc]">&gt;&gt;</a>&nbsp;&nbsp;&nbsp;HAL_DMA_IRQHandler
</UL>
<BR>[Address Reference Count : 1]<UL><LI> startup_stm32l052xx.o(RESET)
</UL>
<P><STRONG><a name="[11]"></a>DMA1_Channel4_5_6_7_IRQHandler</STRONG> (Thumb, 16 bytes, Stack size 8 bytes, stm32l0xx_it.o(i.DMA1_Channel4_5_6_7_IRQHandler))
<BR><BR>[Stack]<UL><LI>Max Depth = 24<LI>Call Chain = DMA1_Channel4_5_6_7_IRQHandler &rArr; HAL_DMA_IRQHandler
</UL>
<BR>[Calls]<UL><LI><a href="#[bc]">&gt;&gt;</a>&nbsp;&nbsp;&nbsp;HAL_DMA_IRQHandler
</UL>
<BR>[Address Reference Count : 1]<UL><LI> startup_stm32l052xx.o(RESET)
</UL>
<P><STRONG><a name="[bd]"></a>DataEepromErase</STRONG> (Thumb, 38 bytes, Stack size 8 bytes, sdk_utils_flash.o(i.DataEepromErase))
<BR><BR>[Stack]<UL><LI>Max Depth = 48<LI>Call Chain = DataEepromErase &rArr; HAL_FLASHEx_DATAEEPROM_Erase &rArr; FLASH_WaitForLastOperation &rArr; FLASH_SetErrorCode
</UL>
<BR>[Calls]<UL><LI><a href="#[be]">&gt;&gt;</a>&nbsp;&nbsp;&nbsp;HAL_FLASHEx_DATAEEPROM_Unlock
<LI><a href="#[c0]">&gt;&gt;</a>&nbsp;&nbsp;&nbsp;HAL_FLASHEx_DATAEEPROM_Lock
<LI><a href="#[bf]">&gt;&gt;</a>&nbsp;&nbsp;&nbsp;HAL_FLASHEx_DATAEEPROM_Erase
<LI><a href="#[c1]">&gt;&gt;</a>&nbsp;&nbsp;&nbsp;HAL_FLASH_GetError
</UL>
<BR>[Called By]<UL><LI><a href="#[128]">&gt;&gt;</a>&nbsp;&nbsp;&nbsp;eraseAllSector
</UL>

<P><STRONG><a name="[b]"></a>EXTI0_1_IRQHandler</STRONG> (Thumb, 10 bytes, Stack size 8 bytes, stm32l0xx_it.o(i.EXTI0_1_IRQHandler))
<BR><BR>[Stack]<UL><LI>Max Depth = 668<LI>Call Chain = EXTI0_1_IRQHandler &rArr; HAL_GPIO_EXTI_IRQHandler &rArr; HAL_GPIO_EXTI_Callback &rArr; ST_RF_API_S2LP_IRQ_CB &rArr; ST_MONARCH_API_AFTHR_GPIO_CB &rArr; NextFrequencyRequest &rArr; RF_API_change_frequency &rArr; priv_ST_MANUF_ReadRegisters &rArr; ST_MCU_API_SpiRaw &rArr; S2LPSpiRaw &rArr; HAL_SPI_TransmitReceive_DMA &rArr; HAL_DMA_Start_IT &rArr; DMA_SetConfig
</UL>
<BR>[Calls]<UL><LI><a href="#[c2]">&gt;&gt;</a>&nbsp;&nbsp;&nbsp;HAL_GPIO_EXTI_IRQHandler
</UL>
<BR>[Address Reference Count : 1]<UL><LI> startup_stm32l052xx.o(RESET)
</UL>
<P><STRONG><a name="[47]"></a>EepromRead</STRONG> (Thumb, 92 bytes, Stack size 288 bytes, s2lp_aux_eeprom.o(i.EepromRead), UNUSED)
<BR><BR>[Calls]<UL><LI><a href="#[c5]">&gt;&gt;</a>&nbsp;&nbsp;&nbsp;HAL_SPI_TransmitReceive
<LI><a href="#[c3]">&gt;&gt;</a>&nbsp;&nbsp;&nbsp;EepromWaitEndWriteOperation
<LI><a href="#[c4]">&gt;&gt;</a>&nbsp;&nbsp;&nbsp;EepromSPICSLow
<LI><a href="#[c6]">&gt;&gt;</a>&nbsp;&nbsp;&nbsp;EepromSPICSHigh
</UL>
<BR>[Called By]<UL><LI><a href="#[46]">&gt;&gt;</a>&nbsp;&nbsp;&nbsp;enc_utils_retrieve_data
</UL>

<P><STRONG><a name="[c6]"></a>EepromSPICSHigh</STRONG> (Thumb, 32 bytes, Stack size 8 bytes, s2lp_aux_eeprom.o(i.EepromSPICSHigh), UNUSED)
<BR><BR>[Calls]<UL><LI><a href="#[c8]">&gt;&gt;</a>&nbsp;&nbsp;&nbsp;HAL_GPIO_WritePin
<LI><a href="#[c7]">&gt;&gt;</a>&nbsp;&nbsp;&nbsp;SdkEvalGetDaughterBoardType
</UL>
<BR>[Called By]<UL><LI><a href="#[c3]">&gt;&gt;</a>&nbsp;&nbsp;&nbsp;EepromWaitEndWriteOperation
<LI><a href="#[47]">&gt;&gt;</a>&nbsp;&nbsp;&nbsp;EepromRead
</UL>

<P><STRONG><a name="[c4]"></a>EepromSPICSLow</STRONG> (Thumb, 34 bytes, Stack size 8 bytes, s2lp_aux_eeprom.o(i.EepromSPICSLow), UNUSED)
<BR><BR>[Calls]<UL><LI><a href="#[c8]">&gt;&gt;</a>&nbsp;&nbsp;&nbsp;HAL_GPIO_WritePin
<LI><a href="#[c7]">&gt;&gt;</a>&nbsp;&nbsp;&nbsp;SdkEvalGetDaughterBoardType
</UL>
<BR>[Called By]<UL><LI><a href="#[c3]">&gt;&gt;</a>&nbsp;&nbsp;&nbsp;EepromWaitEndWriteOperation
<LI><a href="#[47]">&gt;&gt;</a>&nbsp;&nbsp;&nbsp;EepromRead
</UL>

<P><STRONG><a name="[c3]"></a>EepromWaitEndWriteOperation</STRONG> (Thumb, 62 bytes, Stack size 24 bytes, s2lp_aux_eeprom.o(i.EepromWaitEndWriteOperation), UNUSED)
<BR><BR>[Calls]<UL><LI><a href="#[c5]">&gt;&gt;</a>&nbsp;&nbsp;&nbsp;HAL_SPI_TransmitReceive
<LI><a href="#[c4]">&gt;&gt;</a>&nbsp;&nbsp;&nbsp;EepromSPICSLow
<LI><a href="#[c6]">&gt;&gt;</a>&nbsp;&nbsp;&nbsp;EepromSPICSHigh
</UL>
<BR>[Called By]<UL><LI><a href="#[47]">&gt;&gt;</a>&nbsp;&nbsp;&nbsp;EepromRead
</UL>

<P><STRONG><a name="[f6]"></a>Error_Handler</STRONG> (Thumb, 2 bytes, Stack size 0 bytes, main.o(i.Error_Handler))
<BR><BR>[Called By]<UL><LI><a href="#[f4]">&gt;&gt;</a>&nbsp;&nbsp;&nbsp;HAL_SPI_MspInit
<LI><a href="#[125]">&gt;&gt;</a>&nbsp;&nbsp;&nbsp;MX_USART1_UART_Init
<LI><a href="#[123]">&gt;&gt;</a>&nbsp;&nbsp;&nbsp;MX_TIM6_Init
<LI><a href="#[122]">&gt;&gt;</a>&nbsp;&nbsp;&nbsp;MX_SPI1_Init
<LI><a href="#[121]">&gt;&gt;</a>&nbsp;&nbsp;&nbsp;MX_RTC_Init
<LI><a href="#[105]">&gt;&gt;</a>&nbsp;&nbsp;&nbsp;HAL_UART_MspInit
</UL>

<P><STRONG><a name="[c9]"></a>FEM_Init</STRONG> (Thumb, 78 bytes, Stack size 16 bytes, s2lp_aux_fem_auto.o(i.FEM_Init))
<BR><BR>[Stack]<UL><LI>Max Depth = 100<LI>Call Chain = FEM_Init &rArr; S2LPSpiWriteRegisters &rArr; HAL_SPI_TransmitReceive_DMA &rArr; HAL_DMA_Start_IT &rArr; DMA_SetConfig
</UL>
<BR>[Calls]<UL><LI><a href="#[cb]">&gt;&gt;</a>&nbsp;&nbsp;&nbsp;S2LPSpiWriteRegisters
<LI><a href="#[d0]">&gt;&gt;</a>&nbsp;&nbsp;&nbsp;S2LPRadioSetPALeveldBm
<LI><a href="#[cf]">&gt;&gt;</a>&nbsp;&nbsp;&nbsp;S2LPRadioSetPALevelMaxIndex
<LI><a href="#[cc]">&gt;&gt;</a>&nbsp;&nbsp;&nbsp;ST_RF_API_gpio_tx_rx_pin
<LI><a href="#[ce]">&gt;&gt;</a>&nbsp;&nbsp;&nbsp;ST_RF_API_gpio_tx_pin
<LI><a href="#[cd]">&gt;&gt;</a>&nbsp;&nbsp;&nbsp;ST_RF_API_gpio_rx_pin
<LI><a href="#[ca]">&gt;&gt;</a>&nbsp;&nbsp;&nbsp;S2LPManagementGetRangeExtender
</UL>
<BR>[Called By]<UL><LI><a href="#[149]">&gt;&gt;</a>&nbsp;&nbsp;&nbsp;ST_Init
<LI><a href="#[d1]">&gt;&gt;</a>&nbsp;&nbsp;&nbsp;FEM_Operation
</UL>

<P><STRONG><a name="[d1]"></a>FEM_Operation</STRONG> (Thumb, 62 bytes, Stack size 8 bytes, s2lp_aux_fem_auto.o(i.FEM_Operation))
<BR><BR>[Stack]<UL><LI>Max Depth = 108<LI>Call Chain = FEM_Operation &rArr; FEM_Init &rArr; S2LPSpiWriteRegisters &rArr; HAL_SPI_TransmitReceive_DMA &rArr; HAL_DMA_Start_IT &rArr; DMA_SetConfig
</UL>
<BR>[Calls]<UL><LI><a href="#[cb]">&gt;&gt;</a>&nbsp;&nbsp;&nbsp;S2LPSpiWriteRegisters
<LI><a href="#[c9]">&gt;&gt;</a>&nbsp;&nbsp;&nbsp;FEM_Init
</UL>
<BR>[Called By]<UL><LI><a href="#[83]">&gt;&gt;</a>&nbsp;&nbsp;&nbsp;ST_RF_API_StopRxTx
<LI><a href="#[134]">&gt;&gt;</a>&nbsp;&nbsp;&nbsp;ST_RF_API_StartTx
<LI><a href="#[82]">&gt;&gt;</a>&nbsp;&nbsp;&nbsp;ST_RF_API_StartRx
</UL>

<P><STRONG><a name="[d2]"></a>FLASH_WaitForLastOperation</STRONG> (Thumb, 106 bytes, Stack size 16 bytes, stm32l0xx_hal_flash.o(i.FLASH_WaitForLastOperation))
<BR><BR>[Stack]<UL><LI>Max Depth = 24<LI>Call Chain = FLASH_WaitForLastOperation &rArr; FLASH_SetErrorCode
</UL>
<BR>[Calls]<UL><LI><a href="#[d3]">&gt;&gt;</a>&nbsp;&nbsp;&nbsp;HAL_GetTick
<LI><a href="#[d4]">&gt;&gt;</a>&nbsp;&nbsp;&nbsp;FLASH_SetErrorCode
</UL>
<BR>[Called By]<UL><LI><a href="#[d9]">&gt;&gt;</a>&nbsp;&nbsp;&nbsp;HAL_FLASHEx_DATAEEPROM_Program
<LI><a href="#[bf]">&gt;&gt;</a>&nbsp;&nbsp;&nbsp;HAL_FLASHEx_DATAEEPROM_Erase
</UL>

<P><STRONG><a name="[d5]"></a>FlashErase</STRONG> (Thumb, 46 bytes, Stack size 16 bytes, sdk_utils_flash.o(i.FlashErase))
<BR><BR>[Stack]<UL><LI>Max Depth = 56<LI>Call Chain = FlashErase &rArr; HAL_FLASHEx_DATAEEPROM_Erase &rArr; FLASH_WaitForLastOperation &rArr; FLASH_SetErrorCode
</UL>
<BR>[Calls]<UL><LI><a href="#[be]">&gt;&gt;</a>&nbsp;&nbsp;&nbsp;HAL_FLASHEx_DATAEEPROM_Unlock
<LI><a href="#[c0]">&gt;&gt;</a>&nbsp;&nbsp;&nbsp;HAL_FLASHEx_DATAEEPROM_Lock
<LI><a href="#[bf]">&gt;&gt;</a>&nbsp;&nbsp;&nbsp;HAL_FLASHEx_DATAEEPROM_Erase
<LI><a href="#[c1]">&gt;&gt;</a>&nbsp;&nbsp;&nbsp;HAL_FLASH_GetError
</UL>
<BR>[Called By]<UL><LI><a href="#[d7]">&gt;&gt;</a>&nbsp;&nbsp;&nbsp;FlashWrite
</UL>

<P><STRONG><a name="[d6]"></a>FlashRead</STRONG> (Thumb, 76 bytes, Stack size 40 bytes, sdk_utils_flash.o(i.FlashRead))
<BR><BR>[Stack]<UL><LI>Max Depth = 48<LI>Call Chain = FlashRead &rArr; __aeabi_llsr
</UL>
<BR>[Calls]<UL><LI><a href="#[ae]">&gt;&gt;</a>&nbsp;&nbsp;&nbsp;__aeabi_llsr
</UL>
<BR>[Called By]<UL><LI><a href="#[44]">&gt;&gt;</a>&nbsp;&nbsp;&nbsp;NVM_Read
</UL>

<P><STRONG><a name="[d7]"></a>FlashWrite</STRONG> (Thumb, 148 bytes, Stack size 40 bytes, sdk_utils_flash.o(i.FlashWrite))
<BR><BR>[Stack]<UL><LI>Max Depth = 96<LI>Call Chain = FlashWrite &rArr; FlashErase &rArr; HAL_FLASHEx_DATAEEPROM_Erase &rArr; FLASH_WaitForLastOperation &rArr; FLASH_SetErrorCode
</UL>
<BR>[Calls]<UL><LI><a href="#[be]">&gt;&gt;</a>&nbsp;&nbsp;&nbsp;HAL_FLASHEx_DATAEEPROM_Unlock
<LI><a href="#[d9]">&gt;&gt;</a>&nbsp;&nbsp;&nbsp;HAL_FLASHEx_DATAEEPROM_Program
<LI><a href="#[c0]">&gt;&gt;</a>&nbsp;&nbsp;&nbsp;HAL_FLASHEx_DATAEEPROM_Lock
<LI><a href="#[c1]">&gt;&gt;</a>&nbsp;&nbsp;&nbsp;HAL_FLASH_GetError
<LI><a href="#[d5]">&gt;&gt;</a>&nbsp;&nbsp;&nbsp;FlashErase
<LI><a href="#[d8]">&gt;&gt;</a>&nbsp;&nbsp;&nbsp;GetNumberOfPagesByBytes
</UL>
<BR>[Called By]<UL><LI><a href="#[126]">&gt;&gt;</a>&nbsp;&nbsp;&nbsp;NVM_Write
</UL>

<P><STRONG><a name="[43]"></a>GetNVMBoardDataAddress</STRONG> (Thumb, 6 bytes, Stack size 0 bytes, nvm_api.o(i.GetNVMBoardDataAddress))
<BR><BR>[Called By]<UL><LI><a href="#[42]">&gt;&gt;</a>&nbsp;&nbsp;&nbsp;enc_utils_retrieve_data_from_flash
</UL>

<P><STRONG><a name="[bc]"></a>HAL_DMA_IRQHandler</STRONG> (Thumb, 168 bytes, Stack size 16 bytes, stm32l0xx_hal_dma.o(i.HAL_DMA_IRQHandler))
<BR><BR>[Stack]<UL><LI>Max Depth = 16<LI>Call Chain = HAL_DMA_IRQHandler
</UL>
<BR>[Called By]<UL><LI><a href="#[cb]">&gt;&gt;</a>&nbsp;&nbsp;&nbsp;S2LPSpiWriteRegisters
<LI><a href="#[141]">&gt;&gt;</a>&nbsp;&nbsp;&nbsp;S2LPSpiRaw
<LI><a href="#[11]">&gt;&gt;</a>&nbsp;&nbsp;&nbsp;DMA1_Channel4_5_6_7_IRQHandler
<LI><a href="#[10]">&gt;&gt;</a>&nbsp;&nbsp;&nbsp;DMA1_Channel2_3_IRQHandler
</UL>

<P><STRONG><a name="[da]"></a>HAL_DMA_Init</STRONG> (Thumb, 132 bytes, Stack size 16 bytes, stm32l0xx_hal_dma.o(i.HAL_DMA_Init))
<BR><BR>[Stack]<UL><LI>Max Depth = 28<LI>Call Chain = HAL_DMA_Init &rArr; __aeabi_uidivmod
</UL>
<BR>[Calls]<UL><LI><a href="#[a9]">&gt;&gt;</a>&nbsp;&nbsp;&nbsp;__aeabi_uidivmod
</UL>
<BR>[Called By]<UL><LI><a href="#[f4]">&gt;&gt;</a>&nbsp;&nbsp;&nbsp;HAL_SPI_MspInit
<LI><a href="#[105]">&gt;&gt;</a>&nbsp;&nbsp;&nbsp;HAL_UART_MspInit
</UL>

<P><STRONG><a name="[db]"></a>HAL_DMA_Start_IT</STRONG> (Thumb, 104 bytes, Stack size 24 bytes, stm32l0xx_hal_dma.o(i.HAL_DMA_Start_IT))
<BR><BR>[Stack]<UL><LI>Max Depth = 36<LI>Call Chain = HAL_DMA_Start_IT &rArr; DMA_SetConfig
</UL>
<BR>[Calls]<UL><LI><a href="#[dc]">&gt;&gt;</a>&nbsp;&nbsp;&nbsp;DMA_SetConfig
</UL>
<BR>[Called By]<UL><LI><a href="#[f8]">&gt;&gt;</a>&nbsp;&nbsp;&nbsp;HAL_SPI_TransmitReceive_DMA
</UL>

<P><STRONG><a name="[dd]"></a>HAL_Delay</STRONG> (Thumb, 28 bytes, Stack size 16 bytes, stm32l0xx_hal.o(i.HAL_Delay))
<BR><BR>[Stack]<UL><LI>Max Depth = 16<LI>Call Chain = HAL_Delay
</UL>
<BR>[Calls]<UL><LI><a href="#[d3]">&gt;&gt;</a>&nbsp;&nbsp;&nbsp;HAL_GetTick
</UL>
<BR>[Called By]<UL><LI><a href="#[149]">&gt;&gt;</a>&nbsp;&nbsp;&nbsp;ST_Init
<LI><a href="#[95]">&gt;&gt;</a>&nbsp;&nbsp;&nbsp;MCU_API_delay
</UL>

<P><STRONG><a name="[bf]"></a>HAL_FLASHEx_DATAEEPROM_Erase</STRONG> (Thumb, 30 bytes, Stack size 16 bytes, stm32l0xx_hal_flash_ex.o(i.HAL_FLASHEx_DATAEEPROM_Erase))
<BR><BR>[Stack]<UL><LI>Max Depth = 40<LI>Call Chain = HAL_FLASHEx_DATAEEPROM_Erase &rArr; FLASH_WaitForLastOperation &rArr; FLASH_SetErrorCode
</UL>
<BR>[Calls]<UL><LI><a href="#[d2]">&gt;&gt;</a>&nbsp;&nbsp;&nbsp;FLASH_WaitForLastOperation
</UL>
<BR>[Called By]<UL><LI><a href="#[bd]">&gt;&gt;</a>&nbsp;&nbsp;&nbsp;DataEepromErase
<LI><a href="#[d5]">&gt;&gt;</a>&nbsp;&nbsp;&nbsp;FlashErase
</UL>

[...]
<LI><a href="#[146]">&gt;&gt;</a>&nbsp;&nbsp;&nbsp;SPI_EndRxTransaction
</UL>

<P><STRONG><a name="[fd]"></a>TIM_Base_SetConfig</STRONG> (Thumb, 78 bytes, Stack size 16 bytes, stm32l0xx_hal_tim.o(i.TIM_Base_SetConfig))
<BR><BR>[Stack]<UL><LI>Max Depth = 16<LI>Call Chain = TIM_Base_SetConfig
</UL>
<BR>[Called By]<UL><LI><a href="#[fb]">&gt;&gt;</a>&nbsp;&nbsp;&nbsp;HAL_TIM_Base_Init
</UL>

<P><STRONG><a name="[d4]"></a>FLASH_SetErrorCode</STRONG> (Thumb, 134 bytes, Stack size 8 bytes, stm32l0xx_hal_flash.o(i.FLASH_SetErrorCode))
<BR><BR>[Stack]<UL><LI>Max Depth = 8<LI>Call Chain = FLASH_SetErrorCode
</UL>
<BR>[Called By]<UL><LI><a href="#[d2]">&gt;&gt;</a>&nbsp;&nbsp;&nbsp;FLASH_WaitForLastOperation
</UL>

<P><STRONG><a name="[dc]"></a>DMA_SetConfig</STRONG> (Thumb, 44 bytes, Stack size 12 bytes, stm32l0xx_hal_dma.o(i.DMA_SetConfig))
<BR><BR>[Stack]<UL><LI>Max Depth = 12<LI>Call Chain = DMA_SetConfig
</UL>
<BR>[Called By]<UL><LI><a href="#[db]">&gt;&gt;</a>&nbsp;&nbsp;&nbsp;HAL_DMA_Start_IT
</UL>

<P><STRONG><a name="[e5]"></a>NVIC_SetPriority</STRONG> (Thumb, 60 bytes, Stack size 0 bytes, stm32l0xx_hal_cortex.o(i.NVIC_SetPriority))
<BR><BR>[Called By]<UL><LI><a href="#[ba]">&gt;&gt;</a>&nbsp;&nbsp;&nbsp;HAL_NVIC_SetPriority
<LI><a href="#[e4]">&gt;&gt;</a>&nbsp;&nbsp;&nbsp;HAL_SYSTICK_Config
</UL>

<P><STRONG><a name="[167]"></a>_setBlockState</STRONG> (Thumb, 64 bytes, Stack size 16 bytes, nvm_api.o(i._setBlockState))
<BR><BR>[Stack]<UL><LI>Max Depth = 120<LI>Call Chain = _setBlockState &rArr; NVM_Write &rArr; FlashWrite &rArr; FlashErase &rArr; HAL_FLASHEx_DATAEEPROM_Erase &rArr; FLASH_WaitForLastOperation &rArr; FLASH_SetErrorCode
</UL>
<BR>[Calls]<UL><LI><a href="#[126]">&gt;&gt;</a>&nbsp;&nbsp;&nbsp;NVM_Write
</UL>
<BR>[Called By]<UL><LI><a href="#[127]">&gt;&gt;</a>&nbsp;&nbsp;&nbsp;_writeRecordInternal
</UL>

<P><STRONG><a name="[127]"></a>_writeRecordInternal</STRONG> (Thumb, 50 bytes, Stack size 16 bytes, nvm_api.o(i._writeRecordInternal))
<BR><BR>[Stack]<UL><LI>Max Depth = 136<LI>Call Chain = _writeRecordInternal &rArr; _setBlockState &rArr; NVM_Write &rArr; FlashWrite &rArr; FlashErase &rArr; HAL_FLASHEx_DATAEEPROM_Erase &rArr; FLASH_WaitForLastOperation &rArr; FLASH_SetErrorCode
</UL>
<BR>[Calls]<UL><LI><a href="#[126]">&gt;&gt;</a>&nbsp;&nbsp;&nbsp;NVM_Write
<LI><a href="#[167]">&gt;&gt;</a>&nbsp;&nbsp;&nbsp;_setBlockState
</UL>
<BR>[Called By]<UL><LI><a href="#[10f]">&gt;&gt;</a>&nbsp;&nbsp;&nbsp;NVM_WriteRecord
</UL>

<P><STRONG><a name="[135]"></a>priv_ST_MANUF_CmdStrobe</STRONG> (Thumb, 22 bytes, Stack size 8 bytes, rf_api.o(i.priv_ST_MANUF_CmdStrobe))
<BR><BR>[Stack]<UL><LI>Max Depth = 116<LI>Call Chain = priv_ST_MANUF_CmdStrobe &rArr; ST_MCU_API_SpiRaw &rArr; S2LPSpiRaw &rArr; HAL_SPI_TransmitReceive_DMA &rArr; HAL_DMA_Start_IT &rArr; DMA_SetConfig
</UL>
<BR>[Calls]<UL><LI><a href="#[14d]">&gt;&gt;</a>&nbsp;&nbsp;&nbsp;ST_MCU_API_SpiRaw
</UL>
<BR>[Called By]<UL><LI><a href="#[133]">&gt;&gt;</a>&nbsp;&nbsp;&nbsp;priv_ST_MANUF_rf_load_first_ramp_up
<LI><a href="#[159]">&gt;&gt;</a>&nbsp;&nbsp;&nbsp;priv_ST_MANUF_Transmission_Tick
<LI><a href="#[83]">&gt;&gt;</a>&nbsp;&nbsp;&nbsp;ST_RF_API_StopRxTx
<LI><a href="#[134]">&gt;&gt;</a>&nbsp;&nbsp;&nbsp;ST_RF_API_StartTx
<LI><a href="#[82]">&gt;&gt;</a>&nbsp;&nbsp;&nbsp;ST_RF_API_StartRx
<LI><a href="#[80]">&gt;&gt;</a>&nbsp;&nbsp;&nbsp;ST_RF_API_SetFifoLength
<LI><a href="#[87]">&gt;&gt;</a>&nbsp;&nbsp;&nbsp;ST_RF_API_ReadFifo
<LI><a href="#[a5]">&gt;&gt;</a>&nbsp;&nbsp;&nbsp;RF_API_wait_frame
<LI><a href="#[9f]">&gt;&gt;</a>&nbsp;&nbsp;&nbsp;RF_API_wait_for_clear_channel
</UL>

<P><STRONG><a name="[12a]"></a>priv_ST_MANUF_ReadRegisters</STRONG> (Thumb, 66 bytes, Stack size 280 bytes, rf_api.o(i.priv_ST_MANUF_ReadRegisters))
<BR><BR>[Stack]<UL><LI>Max Depth = 388<LI>Call Chain = priv_ST_MANUF_ReadRegisters &rArr; ST_MCU_API_SpiRaw &rArr; S2LPSpiRaw &rArr; HAL_SPI_TransmitReceive_DMA &rArr; HAL_DMA_Start_IT &rArr; DMA_SetConfig
</UL>
<BR>[Calls]<UL><LI><a href="#[14d]">&gt;&gt;</a>&nbsp;&nbsp;&nbsp;ST_MCU_API_SpiRaw
</UL>
<BR>[Called By]<UL><LI><a href="#[12e]">&gt;&gt;</a>&nbsp;&nbsp;&nbsp;priv_ST_MANUF_tx_rf_init
<LI><a href="#[130]">&gt;&gt;</a>&nbsp;&nbsp;&nbsp;priv_ST_MANUF_rx_monarch_rf_init
<LI><a href="#[86]">&gt;&gt;</a>&nbsp;&nbsp;&nbsp;ST_RF_API_ReadFifoStatus
<LI><a href="#[87]">&gt;&gt;</a>&nbsp;&nbsp;&nbsp;ST_RF_API_ReadFifo
<LI><a href="#[85]">&gt;&gt;</a>&nbsp;&nbsp;&nbsp;ST_RF_API_GetRSSI
<LI><a href="#[a5]">&gt;&gt;</a>&nbsp;&nbsp;&nbsp;RF_API_wait_frame
<LI><a href="#[9f]">&gt;&gt;</a>&nbsp;&nbsp;&nbsp;RF_API_wait_for_clear_channel
<LI><a href="#[5e]">&gt;&gt;</a>&nbsp;&nbsp;&nbsp;RF_API_start_continuous_transmission
<LI><a href="#[5d]">&gt;&gt;</a>&nbsp;&nbsp;&nbsp;RF_API_change_frequency
</UL>

<P><STRONG><a name="[175]"></a>priv_ST_MANUF_SpiRaw_Ramp</STRONG> (Thumb, 86 bytes, Stack size 104 bytes, rf_api.o(i.priv_ST_MANUF_SpiRaw_Ramp))
<BR><BR>[Stack]<UL><LI>Max Depth = 212<LI>Call Chain = priv_ST_MANUF_SpiRaw_Ramp &rArr; ST_MCU_API_SpiRaw &rArr; S2LPSpiRaw &rArr; HAL_SPI_TransmitReceive_DMA &rArr; HAL_DMA_Start_IT &rArr; DMA_SetConfig
</UL>
<BR>[Calls]<UL><LI><a href="#[14d]">&gt;&gt;</a>&nbsp;&nbsp;&nbsp;ST_MCU_API_SpiRaw
</UL>
<BR>[Called By]<UL><LI><a href="#[176]">&gt;&gt;</a>&nbsp;&nbsp;&nbsp;priv_ST_MANUF_tx_rf_dbpsk_single_bit
<LI><a href="#[133]">&gt;&gt;</a>&nbsp;&nbsp;&nbsp;priv_ST_MANUF_rf_load_first_ramp_up
<LI><a href="#[159]">&gt;&gt;</a>&nbsp;&nbsp;&nbsp;priv_ST_MANUF_Transmission_Tick
</UL>

<P><STRONG><a name="[159]"></a>priv_ST_MANUF_Transmission_Tick</STRONG> (Thumb, 234 bytes, Stack size 24 bytes, rf_api.o(i.priv_ST_MANUF_Transmission_Tick))
<BR><BR>[Stack]<UL><LI>Max Depth = 244<LI>Call Chain = priv_ST_MANUF_Transmission_Tick &rArr; priv_ST_MANUF_tx_rf_dbpsk_single_bit &rArr; priv_ST_MANUF_SpiRaw_Ramp &rArr; ST_MCU_API_SpiRaw &rArr; S2LPSpiRaw &rArr; HAL_SPI_TransmitReceive_DMA &rArr; HAL_DMA_Start_IT &rArr; DMA_SetConfig
</UL>
<BR>[Calls]<UL><LI><a href="#[7e]">&gt;&gt;</a>&nbsp;&nbsp;&nbsp;ST_MCU_API_GpioIRQ
<LI><a href="#[12d]">&gt;&gt;</a>&nbsp;&nbsp;&nbsp;__ARM_common_switch8
<LI><a href="#[176]">&gt;&gt;</a>&nbsp;&nbsp;&nbsp;priv_ST_MANUF_tx_rf_dbpsk_single_bit
<LI><a href="#[175]">&gt;&gt;</a>&nbsp;&nbsp;&nbsp;priv_ST_MANUF_SpiRaw_Ramp
<LI><a href="#[135]">&gt;&gt;</a>&nbsp;&nbsp;&nbsp;priv_ST_MANUF_CmdStrobe
<LI><a href="#[173]">&gt;&gt;</a>&nbsp;&nbsp;&nbsp;pn9_next_byte
<LI><a href="#[83]">&gt;&gt;</a>&nbsp;&nbsp;&nbsp;ST_RF_API_StopRxTx
</UL>
<BR>[Called By]<UL><LI><a href="#[e0]">&gt;&gt;</a>&nbsp;&nbsp;&nbsp;ST_RF_API_S2LP_IRQ_CB
</UL>

<P><STRONG><a name="[12b]"></a>priv_ST_MANUF_WriteRegisters</STRONG> (Thumb, 46 bytes, Stack size 40 bytes, rf_api.o(i.priv_ST_MANUF_WriteRegisters))
<BR><BR>[Stack]<UL><LI>Max Depth = 148<LI>Call Chain = priv_ST_MANUF_WriteRegisters &rArr; ST_MCU_API_SpiRaw &rArr; S2LPSpiRaw &rArr; HAL_SPI_TransmitReceive_DMA &rArr; HAL_DMA_Start_IT &rArr; DMA_SetConfig
</UL>
<BR>[Calls]<UL><LI><a href="#[14d]">&gt;&gt;</a>&nbsp;&nbsp;&nbsp;ST_MCU_API_SpiRaw
</UL>
<BR>[Called By]<UL><LI><a href="#[12e]">&gt;&gt;</a>&nbsp;&nbsp;&nbsp;priv_ST_MANUF_tx_rf_init
<LI><a href="#[132]">&gt;&gt;</a>&nbsp;&nbsp;&nbsp;priv_ST_MANUF_tx_rf_dbpsk_init
<LI><a href="#[12f]">&gt;&gt;</a>&nbsp;&nbsp;&nbsp;priv_ST_MANUF_rx_rf_init
<LI><a href="#[130]">&gt;&gt;</a>&nbsp;&nbsp;&nbsp;priv_ST_MANUF_rx_monarch_rf_init
<LI><a href="#[133]">&gt;&gt;</a>&nbsp;&nbsp;&nbsp;priv_ST_MANUF_rf_load_first_ramp_up
<LI><a href="#[80]">&gt;&gt;</a>&nbsp;&nbsp;&nbsp;ST_RF_API_SetFifoLength
<LI><a href="#[a5]">&gt;&gt;</a>&nbsp;&nbsp;&nbsp;RF_API_wait_frame
<LI><a href="#[9f]">&gt;&gt;</a>&nbsp;&nbsp;&nbsp;RF_API_wait_for_clear_channel
<LI><a href="#[5e]">&gt;&gt;</a>&nbsp;&nbsp;&nbsp;RF_API_start_continuous_transmission
<LI><a href="#[5c]">&gt;&gt;</a>&nbsp;&nbsp;&nbsp;RF_API_init
<LI><a href="#[5d]">&gt;&gt;</a>&nbsp;&nbsp;&nbsp;RF_API_change_frequency
</UL>

<P><STRONG><a name="[133]"></a>priv_ST_MANUF_rf_load_first_ramp_up</STRONG> (Thumb, 82 bytes, Stack size 16 bytes, rf_api.o(i.priv_ST_MANUF_rf_load_first_ramp_up))
<BR><BR>[Stack]<UL><LI>Max Depth = 228<LI>Call Chain = priv_ST_MANUF_rf_load_first_ramp_up &rArr; priv_ST_MANUF_SpiRaw_Ramp &rArr; ST_MCU_API_SpiRaw &rArr; S2LPSpiRaw &rArr; HAL_SPI_TransmitReceive_DMA &rArr; HAL_DMA_Start_IT &rArr; DMA_SetConfig
</UL>
<BR>[Calls]<UL><LI><a href="#[7e]">&gt;&gt;</a>&nbsp;&nbsp;&nbsp;ST_MCU_API_GpioIRQ
<LI><a href="#[12b]">&gt;&gt;</a>&nbsp;&nbsp;&nbsp;priv_ST_MANUF_WriteRegisters
<LI><a href="#[175]">&gt;&gt;</a>&nbsp;&nbsp;&nbsp;priv_ST_MANUF_SpiRaw_Ramp
<LI><a href="#[135]">&gt;&gt;</a>&nbsp;&nbsp;&nbsp;priv_ST_MANUF_CmdStrobe
</UL>
<BR>[Called By]<UL><LI><a href="#[5e]">&gt;&gt;</a>&nbsp;&nbsp;&nbsp;RF_API_start_continuous_transmission
<LI><a href="#[9d]">&gt;&gt;</a>&nbsp;&nbsp;&nbsp;RF_API_send
</UL>

<P><STRONG><a name="[130]"></a>priv_ST_MANUF_rx_monarch_rf_init</STRONG> (Thumb, 248 bytes, Stack size 24 bytes, rf_api.o(i.priv_ST_MANUF_rx_monarch_rf_init))
<BR><BR>[Stack]<UL><LI>Max Depth = 412<LI>Call Chain = priv_ST_MANUF_rx_monarch_rf_init &rArr; priv_ST_MANUF_ReadRegisters &rArr; ST_MCU_API_SpiRaw &rArr; S2LPSpiRaw &rArr; HAL_SPI_TransmitReceive_DMA &rArr; HAL_DMA_Start_IT &rArr; DMA_SetConfig
</UL>
<BR>[Calls]<UL><LI><a href="#[12b]">&gt;&gt;</a>&nbsp;&nbsp;&nbsp;priv_ST_MANUF_WriteRegisters
<LI><a href="#[12a]">&gt;&gt;</a>&nbsp;&nbsp;&nbsp;priv_ST_MANUF_ReadRegisters
<LI><a href="#[b0]">&gt;&gt;</a>&nbsp;&nbsp;&nbsp;__aeabi_lmul
<LI><a href="#[ad]">&gt;&gt;</a>&nbsp;&nbsp;&nbsp;__aeabi_uldivmod
</UL>
<BR>[Called By]<UL><LI><a href="#[5c]">&gt;&gt;</a>&nbsp;&nbsp;&nbsp;RF_API_init
</UL>

<P><STRONG><a name="[12f]"></a>priv_ST_MANUF_rx_rf_init</STRONG> (Thumb, 506 bytes, Stack size 80 bytes, rf_api.o(i.priv_ST_MANUF_rx_rf_init))
<BR><BR>[Stack]<UL><LI>Max Depth = 228<LI>Call Chain = priv_ST_MANUF_rx_rf_init &rArr; priv_ST_MANUF_WriteRegisters &rArr; ST_MCU_API_SpiRaw &rArr; S2LPSpiRaw &rArr; HAL_SPI_TransmitReceive_DMA &rArr; HAL_DMA_Start_IT &rArr; DMA_SetConfig
</UL>
<BR>[Calls]<UL><LI><a href="#[12b]">&gt;&gt;</a>&nbsp;&nbsp;&nbsp;priv_ST_MANUF_WriteRegisters
<LI><a href="#[b0]">&gt;&gt;</a>&nbsp;&nbsp;&nbsp;__aeabi_lmul
<LI><a href="#[ad]">&gt;&gt;</a>&nbsp;&nbsp;&nbsp;__aeabi_uldivmod
<LI><a href="#[129]">&gt;&gt;</a>&nbsp;&nbsp;&nbsp;__ARM_common_ll_muluu
</UL>
<BR>[Called By]<UL><LI><a href="#[5c]">&gt;&gt;</a>&nbsp;&nbsp;&nbsp;RF_API_init
</UL>

<P><STRONG><a name="[132]"></a>priv_ST_MANUF_tx_rf_dbpsk_init</STRONG> (Thumb, 912 bytes, Stack size 64 bytes, rf_api.o(i.priv_ST_MANUF_tx_rf_dbpsk_init))
<BR><BR>[Stack]<UL><LI>Max Depth = 212<LI>Call Chain = priv_ST_MANUF_tx_rf_dbpsk_init &rArr; priv_ST_MANUF_WriteRegisters &rArr; ST_MCU_API_SpiRaw &rArr; S2LPSpiRaw &rArr; HAL_SPI_TransmitReceive_DMA &rArr; HAL_DMA_Start_IT &rArr; DMA_SetConfig
</UL>
<BR>[Calls]<UL><LI><a href="#[12b]">&gt;&gt;</a>&nbsp;&nbsp;&nbsp;priv_ST_MANUF_WriteRegisters
<LI><a href="#[b0]">&gt;&gt;</a>&nbsp;&nbsp;&nbsp;__aeabi_lmul
<LI><a href="#[ad]">&gt;&gt;</a>&nbsp;&nbsp;&nbsp;__aeabi_uldivmod
<LI><a href="#[129]">&gt;&gt;</a>&nbsp;&nbsp;&nbsp;__ARM_common_ll_muluu
</UL>
<BR>[Called By]<UL><LI><a href="#[5e]">&gt;&gt;</a>&nbsp;&nbsp;&nbsp;RF_API_start_continuous_transmission
<LI><a href="#[9d]">&gt;&gt;</a>&nbsp;&nbsp;&nbsp;RF_API_send
</UL>

<P><STRONG><a name="[176]"></a>priv_ST_MANUF_tx_rf_dbpsk_single_bit</STRONG> (Thumb, 56 bytes, Stack size 8 bytes, rf_api.o(i.priv_ST_MANUF_tx_rf_dbpsk_single_bit))
<BR><BR>[Stack]<UL><LI>Max Depth = 220<LI>Call Chain = priv_ST_MANUF_tx_rf_dbpsk_single_bit &rArr; priv_ST_MANUF_SpiRaw_Ramp &rArr; ST_MCU_API_SpiRaw &rArr; S2LPSpiRaw &rArr; HAL_SPI_TransmitReceive_DMA &rArr; HAL_DMA_Start_IT &rArr; DMA_SetConfig
</UL>
<BR>[Calls]<UL><LI><a href="#[175]">&gt;&gt;</a>&nbsp;&nbsp;&nbsp;priv_ST_MANUF_SpiRaw_Ramp
</UL>
<BR>[Called By]<UL><LI><a href="#[159]">&gt;&gt;</a>&nbsp;&nbsp;&nbsp;priv_ST_MANUF_Transmission_Tick
</UL>

<P><STRONG><a name="[12e]"></a>priv_ST_MANUF_tx_rf_init</STRONG> (Thumb, 208 bytes, Stack size 16 bytes, rf_api.o(i.priv_ST_MANUF_tx_rf_init))
<BR><BR>[Stack]<UL><LI>Max Depth = 404<LI>Call Chain = priv_ST_MANUF_tx_rf_init &rArr; priv_ST_MANUF_ReadRegisters &rArr; ST_MCU_API_SpiRaw &rArr; S2LPSpiRaw &rArr; HAL_SPI_TransmitReceive_DMA &rArr; HAL_DMA_Start_IT &rArr; DMA_SetConfig
</UL>
<BR>[Calls]<UL><LI><a href="#[12b]">&gt;&gt;</a>&nbsp;&nbsp;&nbsp;priv_ST_MANUF_WriteRegisters
<LI><a href="#[12a]">&gt;&gt;</a>&nbsp;&nbsp;&nbsp;priv_ST_MANUF_ReadRegisters
</UL>
<BR>[Called By]<UL><LI><a href="#[5c]">&gt;&gt;</a>&nbsp;&nbsp;&nbsp;RF_API_init
</UL>

<P><STRONG><a name="[d8]"></a>GetNumberOfPagesByBytes</STRONG> (Thumb, 14 bytes, Stack size 0 bytes, sdk_utils_flash.o(i.GetNumberOfPagesByBytes))
<BR><BR>[Called By]<UL><LI><a href="#[d7]">&gt;&gt;</a>&nbsp;&nbsp;&nbsp;FlashWrite
</UL>

<P><STRONG><a name="[35]"></a>AddRoundKey</STRONG> (Thumb, 58 bytes, Stack size 4 bytes, retriever_api.o(.text))
<BR><BR>[Stack]<UL><LI>Max Depth = 4<LI>Call Chain = AddRoundKey
</UL>
<BR>[Called By]<UL><LI><a href="#[38]">&gt;&gt;</a>&nbsp;&nbsp;&nbsp;InvCipher
<LI><a href="#[34]">&gt;&gt;</a>&nbsp;&nbsp;&nbsp;Cipher
</UL>

<P><STRONG><a name="[3d]"></a>BlockCopy</STRONG> (Thumb, 32 bytes, Stack size 0 bytes, retriever_api.o(.text))
<BR><BR>[Called By]<UL><LI><a href="#[3c]">&gt;&gt;</a>&nbsp;&nbsp;&nbsp;AES128_CBC_encrypt
<LI><a href="#[40]">&gt;&gt;</a>&nbsp;&nbsp;&nbsp;AES128_CBC_decrypt_internal
</UL>

<P><STRONG><a name="[34]"></a>Cipher</STRONG> (Thumb, 52 bytes, Stack size 8 bytes, retriever_api.o(.text))
<BR><BR>[Stack]<UL><LI>Max Depth = 32<LI>Call Chain = Cipher &rArr; MixColumns
</UL>
<BR>[Calls]<UL><LI><a href="#[32]">&gt;&gt;</a>&nbsp;&nbsp;&nbsp;SubBytes
<LI><a href="#[36]">&gt;&gt;</a>&nbsp;&nbsp;&nbsp;ShiftRows
<LI><a href="#[37]">&gt;&gt;</a>&nbsp;&nbsp;&nbsp;MixColumns
<LI><a href="#[35]">&gt;&gt;</a>&nbsp;&nbsp;&nbsp;AddRoundKey
</UL>
<BR>[Called By]<UL><LI><a href="#[3c]">&gt;&gt;</a>&nbsp;&nbsp;&nbsp;AES128_CBC_encrypt
</UL>

<P><STRONG><a name="[38]"></a>InvCipher</STRONG> (Thumb, 50 bytes, Stack size 8 bytes, retriever_api.o(.text))
<BR><BR>[Stack]<UL><LI>Max Depth = 60<LI>Call Chain = InvCipher &rArr; InvMixColumns
</UL>
<BR>[Calls]<UL><LI><a href="#[3a]">&gt;&gt;</a>&nbsp;&nbsp;&nbsp;InvSubBytes
<LI><a href="#[39]">&gt;&gt;</a>&nbsp;&nbsp;&nbsp;InvShiftRows
<LI><a href="#[3b]">&gt;&gt;</a>&nbsp;&nbsp;&nbsp;InvMixColumns
<LI><a href="#[35]">&gt;&gt;</a>&nbsp;&nbsp;&nbsp;AddRoundKey
</UL>
<BR>[Called By]<UL><LI><a href="#[41]">&gt;&gt;</a>&nbsp;&nbsp;&nbsp;AES_CBC_decrypt_buffer
<LI><a href="#[40]">&gt;&gt;</a>&nbsp;&nbsp;&nbsp;AES128_CBC_decrypt_internal
</UL>

<P><STRONG><a name="[3b]"></a>InvMixColumns</STRONG> (Thumb, 818 bytes, Stack size 52 bytes, retriever_api.o(.text))
<BR><BR>[Stack]<UL><LI>Max Depth = 52<LI>Call Chain = InvMixColumns
</UL>
<BR>[Called By]<UL><LI><a href="#[38]">&gt;&gt;</a>&nbsp;&nbsp;&nbsp;InvCipher
</UL>

<P><STRONG><a name="[39]"></a>InvShiftRows</STRONG> (Thumb, 54 bytes, Stack size 0 bytes, retriever_api.o(.text))
<BR><BR>[Called By]<UL><LI><a href="#[38]">&gt;&gt;</a>&nbsp;&nbsp;&nbsp;InvCipher
</UL>

<P><STRONG><a name="[3a]"></a>InvSubBytes</STRONG> (Thumb, 8 bytes, Stack size 0 bytes, retriever_api.o(.text))
<BR><BR>[Called By]<UL><LI><a href="#[38]">&gt;&gt;</a>&nbsp;&nbsp;&nbsp;InvCipher
</UL>

<P><STRONG><a name="[2e]"></a>KeyExpansion_dec</STRONG> (Thumb, 74 bytes, Stack size 24 bytes, retriever_api.o(.text))
<BR><BR>[Stack]<UL><LI>Max Depth = 48<LI>Call Chain = KeyExpansion_dec &rArr; [Anonymous Symbol]
</UL>
<BR>[Calls]<UL><LI><a href="#[2f]">&gt;&gt;</a>&nbsp;&nbsp;&nbsp;[Anonymous Symbol]
</UL>
<BR>[Called By]<UL><LI><a href="#[41]">&gt;&gt;</a>&nbsp;&nbsp;&nbsp;AES_CBC_decrypt_buffer
<LI><a href="#[40]">&gt;&gt;</a>&nbsp;&nbsp;&nbsp;AES128_CBC_decrypt_internal
</UL>

<P><STRONG><a name="[30]"></a>KeyExpansion_enc</STRONG> (Thumb, 58 bytes, Stack size 24 bytes, retriever_api.o(.text))
<BR><BR>[Stack]<UL><LI>Max Depth = 48<LI>Call Chain = KeyExpansion_enc &rArr; [Anonymous Symbol]
</UL>
<BR>[Calls]<UL><LI><a href="#[2f]">&gt;&gt;</a>&nbsp;&nbsp;&nbsp;[Anonymous Symbol]
</UL>
<BR>[Called By]<UL><LI><a href="#[3c]">&gt;&gt;</a>&nbsp;&nbsp;&nbsp;AES128_CBC_encrypt
</UL>

<P><STRONG><a name="[37]"></a>MixColumns</STRONG> (Thumb, 130 bytes, Stack size 24 bytes, retriever_api.o(.text))
<BR><BR>[Stack]<UL><LI>Max Depth = 24<LI>Call Chain = MixColumns
</UL>
<BR>[Called By]<UL><LI><a href="#[34]">&gt;&gt;</a>&nbsp;&nbsp;&nbsp;Cipher
</UL>

<P><STRONG><a name="[36]"></a>ShiftRows</STRONG> (Thumb, 54 bytes, Stack size 0 bytes, retriever_api.o(.text))
<BR><BR>[Called By]<UL><LI><a href="#[34]">&gt;&gt;</a>&nbsp;&nbsp;&nbsp;Cipher
</UL>

<P><STRONG><a name="[32]"></a>SubBytes</STRONG> (Thumb, 10 bytes, Stack size 0 bytes, retriever_api.o(.text))
<BR><BR>[Calls]<UL><LI><a href="#[33]">&gt;&gt;</a>&nbsp;&nbsp;&nbsp;[Anonymous Symbol]
</UL>
<BR>[Called By]<UL><LI><a href="#[34]">&gt;&gt;</a>&nbsp;&nbsp;&nbsp;Cipher
</UL>

<P><STRONG><a name="[3e]"></a>XorWithIv</STRONG> (Thumb, 64 bytes, Stack size 8 bytes, retriever_api.o(.text))
<BR><BR>[Stack]<UL><LI>Max Depth = 8<LI>Call Chain = XorWithIv
</UL>
<BR>[Called By]<UL><LI><a href="#[41]">&gt;&gt;</a>&nbsp;&nbsp;&nbsp;AES_CBC_decrypt_buffer
<LI><a href="#[3c]">&gt;&gt;</a>&nbsp;&nbsp;&nbsp;AES128_CBC_encrypt
<LI><a href="#[40]">&gt;&gt;</a>&nbsp;&nbsp;&nbsp;AES128_CBC_decrypt_internal
</UL>

<P><STRONG><a name="[2f]"></a>[Anonymous Symbol]</STRONG> (Thumb, 0 bytes, Stack size 24 bytes, retriever_api.o(.text))
<BR><BR>[Stack]<UL><LI>Max Depth = 24<LI>Call Chain = [Anonymous Symbol]
</UL>
<BR>[Calls]<UL><LI><a href="#[31]">&gt;&gt;</a>&nbsp;&nbsp;&nbsp;__aeabi_memcpy
</UL>
<BR>[Called By]<UL><LI><a href="#[30]">&gt;&gt;</a>&nbsp;&nbsp;&nbsp;KeyExpansion_enc
<LI><a href="#[2e]">&gt;&gt;</a>&nbsp;&nbsp;&nbsp;KeyExpansion_dec
</UL>

<P><STRONG><a name="[33]"></a>[Anonymous Symbol]</STRONG> (Thumb, 0 bytes, Stack size 0 bytes, retriever_api.o(.text))
<BR><BR>[Calls]<UL><LI><a href="#[33]">&gt;&gt;</a>&nbsp;&nbsp;&nbsp;[Anonymous Symbol]
</UL>
<BR>[Called By]<UL><LI><a href="#[33]">&gt;&gt;</a>&nbsp;&nbsp;&nbsp;[Anonymous Symbol]
<LI><a href="#[32]">&gt;&gt;</a>&nbsp;&nbsp;&nbsp;SubBytes
</UL>

<P><STRONG><a name="[89]"></a>HammingDist</STRONG> (Thumb, 44 bytes, Stack size 0 bytes, monarch_api.o(.text))
<BR><BR>[Called By]<UL><LI><a href="#[81]">&gt;&gt;</a>&nbsp;&nbsp;&nbsp;init_samples
<LI><a href="#[84]">&gt;&gt;</a>&nbsp;&nbsp;&nbsp;ST_MONARCH_API_AFTHR_GPIO_CB
</UL>

<P><STRONG><a name="[7f]"></a>[Anonymous Symbol]</STRONG> (Thumb, 0 bytes, Stack size 8 bytes, monarch_api.o(.text))
<BR><BR>[Stack]<UL><LI>Max Depth = 112<LI>Call Chain = [Anonymous Symbol] &rArr; ST_MCU_API_GpioIRQ &rArr; S2LPIRQInit &rArr; HAL_GPIO_Init
</UL>
<BR>[Calls]<UL><LI><a href="#[7e]">&gt;&gt;</a>&nbsp;&nbsp;&nbsp;ST_MCU_API_GpioIRQ
</UL>
<BR>[Called By]<UL><LI><a href="#[74]">&gt;&gt;</a>&nbsp;&nbsp;&nbsp;MONARCH_API_timer_stop
</UL>

<P><STRONG><a name="[ab]"></a>SIGFOX_DECODE_dewhitening</STRONG> (Thumb, 242 bytes, Stack size 20 bytes, sigfox_decode.o(.text))
<BR><BR>[Stack]<UL><LI>Max Depth = 20<LI>Call Chain = SIGFOX_DECODE_dewhitening
</UL>
<BR>[Called By]<UL><LI><a href="#[a6]">&gt;&gt;</a>&nbsp;&nbsp;&nbsp;SIGFOX_DECODE_decode_frame
</UL>

<P><STRONG><a name="[166]"></a>_printf_core</STRONG> (Thumb, 688 bytes, Stack size 96 bytes, printf5.o(i._printf_core), UNUSED)
<BR><BR>[Calls]<UL><LI><a href="#[ad]">&gt;&gt;</a>&nbsp;&nbsp;&nbsp;__aeabi_uldivmod
</UL>
<BR>[Called By]<UL><LI><a href="#[165]">&gt;&gt;</a>&nbsp;&nbsp;&nbsp;__0printf$5
</UL>
<P>
<H3>
Undefined Global Symbols
</H3><HR></body></html>
