Component: ARM Compiler 5.06 update 6 (build 750) Tool: armlink [4d35ed]

==============================================================================

Section Cross References

    startup_stm32l052xx.o(RESET) refers to startup_stm32l052xx.o(STACK) for __initial_sp
    startup_stm32l052xx.o(RESET) refers to startup_stm32l052xx.o(.text) for Reset_Handler
    startup_stm32l052xx.o(RESET) refers to stm32l0xx_it.o(i.NMI_Handler) for NMI_Handler
    startup_stm32l052xx.o(RESET) refers to stm32l0xx_it.o(i.HardFault_Handler) for HardFault_Handler
    startup_stm32l052xx.o(RESET) refers to stm32l0xx_it.o(i.SVC_Handler) for SVC_Handler
    startup_stm32l052xx.o(RESET) refers to stm32l0xx_it.o(i.PendSV_Handler) for PendSV_Handler
    startup_stm32l052xx.o(RESET) refers to stm32l0xx_it.o(i.SysTick_Handler) for SysTick_Handler
    startup_stm32l052xx.o(RESET) refers to stm32l0xx_it.o(i.RTC_IRQHandler) for RTC_IRQHandler
    startup_stm32l052xx.o(RESET) refers to stm32l0xx_it.o(i.EXTI0_1_IRQHandler) for EXTI0_1_IRQHandler
    startup_stm32l052xx.o(RESET) refers to stm32l0xx_it.o(i.DMA1_Channel2_3_IRQHandler) for DMA1_Channel2_3_IRQHandler
    startup_stm32l052xx.o(RESET) refers to stm32l0xx_it.o(i.DMA1_Channel4_5_6_7_IRQHandler) for DMA1_Channel4_5_6_7_IRQHandler
    startup_stm32l052xx.o(RESET) refers to stm32l0xx_it.o(i.TIM6_DAC_IRQHandler) for TIM6_DAC_IRQHandler
    startup_stm32l052xx.o(.text) refers to system_stm32l0xx.o(i.SystemInit) for SystemInit
    startup_stm32l052xx.o(.text) refers to entry.o(.ARM.Collect$$$$00000000) for __main
    st_sigfox_init.o(i.ST_Sigfox_Init) refers to s2lp_aux_utils.o(i.S2LPManagementGetXtalFrequency) for S2LPManagementGetXtalFrequency
    st_sigfox_init.o(i.ST_Sigfox_Init) refers to rf_api.o(i.ST_RF_API_set_xtal_freq) for ST_RF_API_set_xtal_freq
    st_sigfox_init.o(i.ST_Sigfox_Init) refers to nvm_api.o(i.SetNVMInitial) for SetNVMInitial
    st_sigfox_init.o(i.ST_Sigfox_Init) refers to retriever_api.o(.text) for enc_utils_retrieve_data_from_flash
    st_sigfox_init.o(i.ST_Sigfox_Init) refers to rf_api.o(i.ST_RF_API_set_rssi_offset) for ST_RF_API_set_rssi_offset
    st_sigfox_init.o(i.ST_Sigfox_Init) refers to rf_api.o(i.ST_RF_API_set_lbt_thr_offset) for ST_RF_API_set_lbt_thr_offset
    st_sigfox_init.o(i.ST_Sigfox_Init) refers to st_sigfox_init.o(i.St_Sigfox_Open_RCZ) for St_Sigfox_Open_RCZ
    st_sigfox_init.o(i.ST_Sigfox_Init) refers to st_sigfox_init.o(.constdata) for .constdata
    st_sigfox_init.o(i.ST_Sigfox_Init) refers to sdk_utils_flash.o(.noinit.sigfox_nvm_data) for nvm_data
    st_sigfox_init.o(i.ST_Sigfox_Init) refers to sdk_utils_flash.o(.noinit.sigfox_board_data) for board_data
    st_sigfox_init.o(i.ST_Sigfox_SetPublicKey) refers to retriever_api.o(.text) for enc_utils_set_public_key
    st_sigfox_init.o(i.St_Sigfox_Open_RCZ) refers to st_sigfox_init.o(i.__ARM_common_switch8) for __ARM_common_switch8
    st_sigfox_init.o(i.St_Sigfox_Open_RCZ) refers to memcpya.o(.text) for __aeabi_memcpy4
    st_sigfox_init.o(i.St_Sigfox_Open_RCZ) refers to sigfox_api.o(.text) for SIGFOX_API_open
    st_sigfox_init.o(i.St_Sigfox_Open_RCZ) refers to st_sigfox_init.o(.constdata) for .constdata
    main.o(i.ST_Init) refers to gpio.o(i.S2LPShutdownInit) for S2LPShutdownInit
    main.o(i.ST_Init) refers to stm32l0xx_hal.o(i.HAL_Delay) for HAL_Delay
    main.o(i.ST_Init) refers to gpio.o(i.S2LPShutdownExit) for S2LPShutdownExit
    main.o(i.ST_Init) refers to stm32l0xx_hal_tim.o(i.HAL_TIM_Base_Start_IT) for HAL_TIM_Base_Start_IT
    main.o(i.ST_Init) refers to s2lp_aux_utils.o(i.S2LPRadioSetXtalFrequency) for S2LPRadioSetXtalFrequency
    main.o(i.ST_Init) refers to s2lp_aux_utils.o(i.S2LPManagementSetBand) for S2LPManagementSetBand
    main.o(i.ST_Init) refers to s2lp_aux_utils.o(i.S2LPManagementSetRangeExtender) for S2LPManagementSetRangeExtender
    main.o(i.ST_Init) refers to gpio.o(i.S2LPIRQInit) for S2LPIRQInit
    main.o(i.ST_Init) refers to gpio.o(i.S2LPIRQEnable) for S2LPIRQEnable
    main.o(i.ST_Init) refers to s2lp_aux_fem_auto.o(i.FEM_Init) for FEM_Init
    main.o(i.ST_Init) refers to main.o(.data) for .data
    main.o(i.SystemClock_Config) refers to memseta.o(.text) for __aeabi_memclr4
    main.o(i.SystemClock_Config) refers to stm32l0xx_hal_rcc.o(i.HAL_RCC_OscConfig) for HAL_RCC_OscConfig
    main.o(i.SystemClock_Config) refers to stm32l0xx_hal_rcc.o(i.HAL_RCC_ClockConfig) for HAL_RCC_ClockConfig
    main.o(i.SystemClock_Config) refers to stm32l0xx_hal_rcc_ex.o(i.HAL_RCCEx_PeriphCLKConfig) for HAL_RCCEx_PeriphCLKConfig
    main.o(i.main) refers to stm32l0xx_hal.o(i.HAL_Init) for HAL_Init
    main.o(i.main) refers to main.o(i.SystemClock_Config) for SystemClock_Config
    main.o(i.main) refers to gpio.o(i.MX_GPIO_Init) for MX_GPIO_Init
    main.o(i.main) refers to dma.o(i.MX_DMA_Init) for MX_DMA_Init
    main.o(i.main) refers to spi.o(i.MX_SPI1_Init) for MX_SPI1_Init
[...]
    _printf_d                                0x00000000   Number         0  stubs.o ABSOLUTE
    _printf_e                                0x00000000   Number         0  stubs.o ABSOLUTE
    _printf_f                                0x00000000   Number         0  stubs.o ABSOLUTE
    _printf_flags                            0x00000000   Number         0  stubs.o ABSOLUTE
    _printf_fp_dec                           0x00000000   Number         0  stubs.o ABSOLUTE
    _printf_fp_hex                           0x00000000   Number         0  stubs.o ABSOLUTE
    _printf_g                                0x00000000   Number         0  stubs.o ABSOLUTE
    _printf_i                                0x00000000   Number         0  stubs.o ABSOLUTE
    _printf_int_dec                          0x00000000   Number         0  stubs.o ABSOLUTE
    _printf_l                                0x00000000   Number         0  stubs.o ABSOLUTE
    _printf_lc                               0x00000000   Number         0  stubs.o ABSOLUTE
    _printf_ll                               0x00000000   Number         0  stubs.o ABSOLUTE
    _printf_lld                              0x00000000   Number         0  stubs.o ABSOLUTE
    _printf_lli                              0x00000000   Number         0  stubs.o ABSOLUTE
    _printf_llo                              0x00000000   Number         0  stubs.o ABSOLUTE
    _printf_llu                              0x00000000   Number         0  stubs.o ABSOLUTE
    _printf_llx                              0x00000000   Number         0  stubs.o ABSOLUTE
    _printf_longlong_dec                     0x00000000   Number         0  stubs.o ABSOLUTE
    _printf_longlong_hex                     0x00000000   Number         0  stubs.o ABSOLUTE
    _printf_longlong_oct                     0x00000000   Number         0  stubs.o ABSOLUTE
    _printf_ls                               0x00000000   Number         0  stubs.o ABSOLUTE
    _printf_mbtowc                           0x00000000   Number         0  stubs.o ABSOLUTE
    _printf_n                                0x00000000   Number         0  stubs.o ABSOLUTE
    _printf_o                                0x00000000   Number         0  stubs.o ABSOLUTE
    _printf_p                                0x00000000   Number         0  stubs.o ABSOLUTE
    _printf_percent                          0x00000000   Number         0  stubs.o ABSOLUTE
    _printf_pre_padding                      0x00000000   Number         0  stubs.o ABSOLUTE
    _printf_return_value                     0x00000000   Number         0  stubs.o ABSOLUTE
    _printf_s                                0x00000000   Number         0  stubs.o ABSOLUTE
    _printf_sizespec                         0x00000000   Number         0  stubs.o ABSOLUTE
    _printf_str                              0x00000000   Number         0  stubs.o ABSOLUTE
    _printf_truncate_signed                  0x00000000   Number         0  stubs.o ABSOLUTE
    _printf_truncate_unsigned                0x00000000   Number         0  stubs.o ABSOLUTE
    _printf_u                                0x00000000   Number         0  stubs.o ABSOLUTE
    _printf_wc                               0x00000000   Number         0  stubs.o ABSOLUTE
    _printf_wctomb                           0x00000000   Number         0  stubs.o ABSOLUTE
    _printf_widthprec                        0x00000000   Number         0  stubs.o ABSOLUTE
    _printf_x                                0x00000000   Number         0  stubs.o ABSOLUTE
    __cpp_initialize__aeabi_                  - Undefined Weak Reference
    __cxa_finalize                            - Undefined Weak Reference
    _clock_init                               - Undefined Weak Reference
    _microlib_exit                            - Undefined Weak Reference
    __Vectors_Size                           0x000000c0   Number         0  startup_stm32l052xx.o ABSOLUTE
    __Vectors                                0x08000000   Data           4  startup_stm32l052xx.o(RESET)
    __Vectors_End                            0x080000c0   Data           0  startup_stm32l052xx.o(RESET)
    __main                                   0x080000c1   Thumb Code     0  entry.o(.ARM.Collect$$$$00000000)
    _main_stk                                0x080000c1   Thumb Code     0  entry2.o(.ARM.Collect$$$$00000001)
    _main_scatterload                        0x080000c5   Thumb Code     0  entry5.o(.ARM.Collect$$$$00000004)
    __main_after_scatterload                 0x080000c9   Thumb Code     0  entry5.o(.ARM.Collect$$$$00000004)
    _main_clock                              0x080000c9   Thumb Code     0  entry7b.o(.ARM.Collect$$$$00000008)
    _main_cpp_init                           0x080000c9   Thumb Code     0  entry8b.o(.ARM.Collect$$$$0000000A)
    _main_init                               0x080000c9   Thumb Code     0  entry9a.o(.ARM.Collect$$$$0000000B)
    __rt_final_cpp                           0x080000d1   Thumb Code     0  entry10a.o(.ARM.Collect$$$$0000000D)
    __rt_final_exit                          0x080000d1   Thumb Code     0  entry11a.o(.ARM.Collect$$$$0000000F)
    Reset_Handler                            0x080000d5   Thumb Code     8  startup_stm32l052xx.o(.text)
    ADC1_COMP_IRQHandler                     0x080000e7   Thumb Code     0  startup_stm32l052xx.o(.text)
    DMA1_Channel1_IRQHandler                 0x080000e7   Thumb Code     0  startup_stm32l052xx.o(.text)
    EXTI2_3_IRQHandler                       0x080000e7   Thumb Code     0  startup_stm32l052xx.o(.text)
    EXTI4_15_IRQHandler                      0x080000e7   Thumb Code     0  startup_stm32l052xx.o(.text)
    FLASH_IRQHandler                         0x080000e7   Thumb Code     0  startup_stm32l052xx.o(.text)
    I2C1_IRQHandler                          0x080000e7   Thumb Code     0  startup_stm32l052xx.o(.text)
    I2C2_IRQHandler                          0x080000e7   Thumb Code     0  startup_stm32l052xx.o(.text)
    LPTIM1_IRQHandler                        0x080000e7   Thumb Code     0  startup_stm32l052xx.o(.text)
    PVD_IRQHandler                           0x080000e7   Thumb Code     0  startup_stm32l052xx.o(.text)
    RCC_CRS_IRQHandler                       0x080000e7   Thumb Code     0  startup_stm32l052xx.o(.text)
    RNG_LPUART1_IRQHandler                   0x080000e7   Thumb Code     0  startup_stm32l052xx.o(.text)
    SPI1_IRQHandler                          0x080000e7   Thumb Code     0  startup_stm32l052xx.o(.text)
    SPI2_IRQHandler                          0x080000e7   Thumb Code     0  startup_stm32l052xx.o(.text)
    TIM21_IRQHandler                         0x080000e7   Thumb Code     0  startup_stm32l052xx.o(.text)
    TIM22_IRQHandler                         0x080000e7   Thumb Code     0  startup_stm32l052xx.o(.text)
    TIM2_IRQHandler                          0x080000e7   Thumb Code     0  startup_stm32l052xx.o(.text)
    TSC_IRQHandler                           0x080000e7   Thumb Code     0  startup_stm32l052xx.o(.text)
    USART1_IRQHandler                        0x080000e7   Thumb Code     0  startup_stm32l052xx.o(.text)
    USART2_IRQHandler                        0x080000e7   Thumb Code     0  startup_stm32l052xx.o(.text)
    USB_IRQHandler                           0x080000e7   Thumb Code     0  startup_stm32l052xx.o(.text)
    WWDG_IRQHandler                          0x080000e7   Thumb Code     0  startup_stm32l052xx.o(.text)
    AES128_CBC_encrypt                       0x0800075f   Thumb Code   198  retriever_api.o(.text)
    AES128_CBC_decrypt_internal              0x08000825   Thumb Code   204  retriever_api.o(.text)
    AES_CBC_decrypt_buffer                   0x080008f1   Thumb Code    56  retriever_api.o(.text)
    get_integrity_cksum                      0x08000931   Thumb Code    42  retriever_api.o(.text)
    enc_utils_retrieve_data_from_flash       0x0800095b   Thumb Code   346  retriever_api.o(.text)
    enc_utils_retrieve_data                  0x08000ab9   Thumb Code   318  retriever_api.o(.text)
    enc_utils_encrypt                        0x08000bf7   Thumb Code    30  retriever_api.o(.text)
    enc_utils_set_public_key                 0x08000c15   Thumb Code    32  retriever_api.o(.text)
    enc_utils_set_test_key                   0x08000c35   Thumb Code    32  retriever_api.o(.text)
    enc_utils_set_test_id                    0x08000c55   Thumb Code     8  retriever_api.o(.text)
    enc_utils_get_id                         0x08000c5d   Thumb Code    34  retriever_api.o(.text)
    enc_utils_get_initial_pac                0x08000c7f   Thumb Code    48  retriever_api.o(.text)
    SIGFOX_API_open                          0x08000cbd   Thumb Code   380  sigfox_api.o(.text)
    SIGFOX_API_close                         0x08000e39   Thumb Code    40  sigfox_api.o(.text)
    SIGFOX_API_send_frame                    0x08000e61   Thumb Code    68  sigfox_api.o(.text)
    SIGFOX_API_send_bit                      0x08000ea5   Thumb Code    56  sigfox_api.o(.text)
    SIGFOX_API_send_outofband                0x08000edd   Thumb Code    60  sigfox_api.o(.text)
    SIGFOX_API_get_version                   0x08000f1d   Thumb Code    70  sigfox_api.o(.text)
    SIGFOX_API_set_std_config                0x08000f63   Thumb Code   114  sigfox_api.o(.text)
    SIGFOX_API_start_continuous_transmission 0x08000fd9   Thumb Code    72  sigfox_api.o(.text)
    SIGFOX_API_stop_continuous_transmission  0x08001029   Thumb Code    50  sigfox_api.o(.text)
    SIGFOX_API_send_test_frame               0x0800106d   Thumb Code   150  sigfox_api.o(.text)
    SIGFOX_API_receive_test_frame            0x08001103   Thumb Code   126  sigfox_api.o(.text)
    SIGFOX_API_get_info                      0x08001181   Thumb Code    30  sigfox_api.o(.text)
    SIGFOX_API_get_device_id                 0x0800119f   Thumb Code    10  sigfox_api.o(.text)
    SIGFOX_API_get_initial_pac               0x080011a9   Thumb Code    22  sigfox_api.o(.text)
    SIGFOX_API_switch_public_key             0x080011bf   Thumb Code    22  sigfox_api.o(.text)
    SIGFOX_API_set_rc_sync_period            0x080011d5   Thumb Code    24  sigfox_api.o(.text)
    SIGFOX_MONARCH_API_reset_list_freq_pattern 0x08001205   Thumb Code    22  sigfox_monarch_api.o(.text)
    SIGFOX_MONARCH_API_set_list_freq_pattern 0x0800121b   Thumb Code   128  sigfox_monarch_api.o(.text)
    SIGFOX_MONARCH_API_execute_rc_scan       0x0800129b   Thumb Code   160  sigfox_monarch_api.o(.text)
    SIGFOX_MONARCH_API_stop_rc_scan          0x0800133b   Thumb Code    92  sigfox_monarch_api.o(.text)
    MONARCH_API_malloc                       0x080013ad   Thumb Code    16  monarch_api.o(.text)
    MONARCH_API_free                         0x080013bd   Thumb Code     4  monarch_api.o(.text)
    MONARCH_API_timer_start                  0x080013c1   Thumb Code   148  monarch_api.o(.text)
    MONARCH_API_timer_stop                   0x08001455   Thumb Code     4  monarch_api.o(.text)
    MONARCH_API_configure_search_pattern     0x08001459   Thumb Code   196  monarch_api.o(.text)
    pattern_corr_thresh                      0x0800151c   Data          12  monarch_api.o(.text)
    pattern_mask_thresh                      0x08001528   Data          12  monarch_api.o(.text)
    MONARCH_API_stop_search_pattern          0x08001535   Thumb Code    12  monarch_api.o(.text)
    MONARCH_API_get_version                  0x08001579   Thumb Code    12  monarch_api.o(.text)
    ST_MONARCH_API_AFTHR_GPIO_CB             0x0800158d   Thumb Code   842  monarch_api.o(.text)
    PATTERN_BITMASKS                         0x080018e0   Data           4  monarch_api.o(.text)
    NextFrequencyRequest                     0x080018e5   Thumb Code    50  monarch_api.o(.text)
    init_samples                             0x0800192d   Thumb Code   344  monarch_api.o(.text)
    int_pattern                              0x08001acc   Data          12  monarch_api.o(.text)
    int_pattern_size                         0x08001ad8   Data           4  monarch_api.o(.text)
    SIGFOX_CALLBACK_get_rc_from_list         0x08001add   Thumb Code    58  sigfox_callback.o(.text)
    SIGFOX_CALLBACK_monarch_scan_timeout     0x08001b17   Thumb Code   102  sigfox_callback.o(.text)
    SIGFOX_CALLBACK_monarch_pattern_frequency_result 0x08001b7d   Thumb Code   380  sigfox_callback.o(.text)
    SIGFOX_INT_randomize                     0x08001d0d   Thumb Code    22  sigfox_internal.o(.text)
    SIGFOX_INT_get_max_micro_channel         0x08001d23   Thumb Code    48  sigfox_internal.o(.text)
    SIGFOX_INT_get_macro_channel_index       0x08001d53   Thumb Code    94  sigfox_internal.o(.text)
    SIGFOX_INT_dc_lbt_channel_pn_max         0x08001db1   Thumb Code    40  sigfox_internal.o(.text)
    SIGFOX_INT_dc_lbt_channel_pn_min         0x08001dd9   Thumb Code    30  sigfox_internal.o(.text)
    RETURN_CODE                              0x08001df7   Thumb Code     8  sigfox_internal.o(.text)
    SIGFOX_INT_compute_channels              0x08001dff   Thumb Code   386  sigfox_internal.o(.text)
    SIGFOX_INT_compute_carrier_sense_frequency 0x08001f81   Thumb Code    44  sigfox_internal.o(.text)
    SIGFOX_INT_store_nvm                     0x08001fad   Thumb Code    64  sigfox_internal.o(.text)
    SIGFOX_INT_execute_communication_sequence 0x08001fed   Thumb Code   368  sigfox_internal.o(.text)
    SIGFOX_INT_prepare_transmission          0x0800215d   Thumb Code   140  sigfox_internal.o(.text)
    fsync_lut_tx                             0x080021e8   Data          36  sigfox_internal.o(.text)
    SIGFOX_INT_encrypt_decrypt_frame         0x0800220d   Thumb Code   278  sigfox_internal.o(.text)
    public_key                               0x08002338   Data          16  sigfox_internal.o(.text)
    SIGFOX_INT_build_frame                   0x08002349   Thumb Code   804  sigfox_internal.o(.text)
    SIGFOX_INT_send_single_frame             0x0800266d   Thumb Code   128  sigfox_internal.o(.text)
    SIGFOX_INT_execute_carrier_sense         0x080026ed   Thumb Code    64  sigfox_internal.o(.text)
    SIGFOX_INT_process_uplink                0x0800272d   Thumb Code   634  sigfox_internal.o(.text)
    SIGFOX_INT_process_downlink              0x080029a7   Thumb Code    74  sigfox_internal.o(.text)
    SIGFOX_INT_downlink_configuration        0x080029f1   Thumb Code    56  sigfox_internal.o(.text)
    SIGFOX_INT_get_received_frames           0x08002a29   Thumb Code   360  sigfox_internal.o(.text)
    SIGFOX_INT_compute_uplink_frequency      0x08002b91   Thumb Code   138  sigfox_internal.o(.text)
    SIGFOX_INT_compute_downlink_frequency    0x08002c25   Thumb Code     4  sigfox_internal.o(.text)
    SIGFOX_INT_get_device_id_and_payload_encryption_flag 0x08002c29   Thumb Code    34  sigfox_internal.o(.text)
    SIGFOX_CRC_crc16                         0x08002c4d   Thumb Code    64  sigfox_crc.o(.text)
    SIGFOX_CRC_crc8                          0x08002c95   Thumb Code    54  sigfox_crc.o(.text)
    SIGFOX_DECODE_decode_frame               0x08002ccd   Thumb Code   236  sigfox_decode.o(.text)
    pow_alpha                                0x08002eb8   Data          16  sigfox_decode.o(.text)
    log_alpha                                0x08002ec8   Data          16  sigfox_decode.o(.text)
    SIGFOX_HMAC_compute_aes                  0x08002ed9   Thumb Code   116  sigfox_hmac.o(.text)
    SIGFOX_PN_next_pn                        0x08002f4d   Thumb Code   100  sigfox_pn.o(.text)
    SIGFOX_SCRAMB_compute                    0x08002fb1   Thumb Code   122  sigfox_scramb.o(.text)
    __aeabi_uidiv                            0x0800303d   Thumb Code     0  uidiv.o(.text)
    __aeabi_uidivmod                         0x0800303d   Thumb Code    44  uidiv.o(.text)
    __aeabi_idiv                             0x08003069   Thumb Code     0  idiv.o(.text)
    __aeabi_idivmod                          0x08003069   Thumb Code    40  idiv.o(.text)
    __aeabi_uldivmod                         0x08003091   Thumb Code    96  uldiv.o(.text)
    __aeabi_lmul                             0x080030f1   Thumb Code   122  llmul.o(.text)
    _ll_mul                                  0x080030f1   Thumb Code     0  llmul.o(.text)
    __aeabi_llsr                             0x0800316b   Thumb Code    34  llushr.o(.text)
    _ll_ushift_r                             0x0800316b   Thumb Code     0  llushr.o(.text)
    __aeabi_memcpy                           0x0800318d   Thumb Code    36  memcpya.o(.text)
    __aeabi_memcpy4                          0x0800318d   Thumb Code     0  memcpya.o(.text)
    __aeabi_memcpy8                          0x0800318d   Thumb Code     0  memcpya.o(.text)
    __aeabi_memset                           0x080031b1   Thumb Code    14  memseta.o(.text)
    __aeabi_memset4                          0x080031b1   Thumb Code     0  memseta.o(.text)
    __aeabi_memset8                          0x080031b1   Thumb Code     0  memseta.o(.text)
    __aeabi_memclr                           0x080031bf   Thumb Code     4  memseta.o(.text)
    __aeabi_memclr4                          0x080031bf   Thumb Code     0  memseta.o(.text)
    __aeabi_memclr8                          0x080031bf   Thumb Code     0  memseta.o(.text)
    _memset$wrapper                          0x080031c3   Thumb Code    18  memseta.o(.text)
    __aeabi_fmul                             0x080031d5   Thumb Code   122  fmul.o(.text)
    __aeabi_fdiv                             0x0800324f   Thumb Code   124  fdiv.o(.text)
    __aeabi_ui2f                             0x080032cb   Thumb Code    14  ffltui.o(.text)
    __aeabi_f2uiz                            0x080032d9   Thumb Code    40  ffixui.o(.text)
    __aeabi_llsl                             0x08003301   Thumb Code    32  llshl.o(.text)
    _ll_shift_l                              0x08003301   Thumb Code     0  llshl.o(.text)
    __I$use$fp                               0x08003321   Thumb Code     0  iusefp.o(.text)
    _float_round                             0x08003321   Thumb Code    16  fepilogue.o(.text)
    _float_epilogue                          0x08003331   Thumb Code   114  fepilogue.o(.text)
    __scatterload                            0x080033a5   Thumb Code    28  init.o(.text)
    __scatterload_rt2                        0x080033a5   Thumb Code     0  init.o(.text)
    __decompress                             0x080033c9   Thumb Code     0  __dczerorl2.o(.text)
    __decompress1                            0x080033c9   Thumb Code    86  __dczerorl2.o(.text)
    Configure_RTC_Clock                      0x08003421   Thumb Code    74  rtc.o(i.Configure_RTC_Clock)
    DMA1_Channel2_3_IRQHandler               0x08003471   Thumb Code    16  stm32l0xx_it.o(i.DMA1_Channel2_3_IRQHandler)
    DMA1_Channel4_5_6_7_IRQHandler           0x08003489   Thumb Code    16  stm32l0xx_it.o(i.DMA1_Channel4_5_6_7_IRQHandler)
    DataEepromErase                          0x080034cd   Thumb Code    38  sdk_utils_flash.o(i.DataEepromErase)
    EXTI0_1_IRQHandler                       0x080034f3   Thumb Code    10  stm32l0xx_it.o(i.EXTI0_1_IRQHandler)
    EepromRead                               0x080034fd   Thumb Code    92  s2lp_aux_eeprom.o(i.EepromRead)
    EepromSPICSHigh                          0x0800355d   Thumb Code    32  s2lp_aux_eeprom.o(i.EepromSPICSHigh)
    EepromSPICSLow                           0x08003581   Thumb Code    34  s2lp_aux_eeprom.o(i.EepromSPICSLow)
    EepromWaitEndWriteOperation              0x080035a9   Thumb Code    62  s2lp_aux_eeprom.o(i.EepromWaitEndWriteOperation)
    Error_Handler                            0x080035ed   Thumb Code     2  main.o(i.Error_Handler)
    FEM_Init                                 0x080035f1   Thumb Code    84  s2lp_aux_fem_auto.o(i.FEM_Init)
    FEM_Operation                            0x08003649   Thumb Code    62  s2lp_aux_fem_auto.o(i.FEM_Operation)
    FLASH_WaitForLastOperation               0x0800371d   Thumb Code   106  stm32l0xx_hal_flash.o(i.FLASH_WaitForLastOperation)
    FlashErase                               0x0800378d   Thumb Code    46  sdk_utils_flash.o(i.FlashErase)
    FlashRead                                0x080037c1   Thumb Code    76  sdk_utils_flash.o(i.FlashRead)
    FlashWrite                               0x0800380d   Thumb Code   148  sdk_utils_flash.o(i.FlashWrite)
    GetNVMBoardDataAddress                   0x080038a1   Thumb Code     6  nvm_api.o(i.GetNVMBoardDataAddress)
    HAL_DMA_IRQHandler                       0x080038bb   Thumb Code   168  stm32l0xx_hal_dma.o(i.HAL_DMA_IRQHandler)
    HAL_DMA_Init                             0x08003965   Thumb Code   132  stm32l0xx_hal_dma.o(i.HAL_DMA_Init)
    HAL_DMA_Start_IT                         0x080039f5   Thumb Code   104  stm32l0xx_hal_dma.o(i.HAL_DMA_Start_IT)
    HAL_Delay                                0x08003a5d   Thumb Code    28  stm32l0xx_hal.o(i.HAL_Delay)
    HAL_FLASHEx_DATAEEPROM_Erase             0x08003a79   Thumb Code    30  stm32l0xx_hal_flash_ex.o(i.HAL_FLASHEx_DATAEEPROM_Erase)
    HAL_FLASHEx_DATAEEPROM_Lock              0x08003aa1   Thumb Code    14  stm32l0xx_hal_flash_ex.o(i.HAL_FLASHEx_DATAEEPROM_Lock)
    HAL_FLASHEx_DATAEEPROM_Program           0x08003ab5   Thumb Code    76  stm32l0xx_hal_flash_ex.o(i.HAL_FLASHEx_DATAEEPROM_Program)
    HAL_FLASHEx_DATAEEPROM_Unlock            0x08003b09   Thumb Code    40  stm32l0xx_hal_flash_ex.o(i.HAL_FLASHEx_DATAEEPROM_Unlock)
    HAL_FLASH_GetError                       0x08003b3d   Thumb Code     6  stm32l0xx_hal_flash.o(i.HAL_FLASH_GetError)
    HAL_GPIO_EXTI_Callback                   0x08003b49   Thumb Code    32  gpio.o(i.HAL_GPIO_EXTI_Callback)
    HAL_GPIO_EXTI_IRQHandler                 0x08003b71   Thumb Code    18  stm32l0xx_hal_gpio.o(i.HAL_GPIO_EXTI_IRQHandler)
    HAL_GPIO_Init                            0x08003b89   Thumb Code   346  stm32l0xx_hal_gpio.o(i.HAL_GPIO_Init)
    HAL_GPIO_WritePin                        0x08003d01   Thumb Code    12  stm32l0xx_hal_gpio.o(i.HAL_GPIO_WritePin)
    HAL_GetTick                              0x08003d0d   Thumb Code     6  stm32l0xx_hal.o(i.HAL_GetTick)
    HAL_IncTick                              0x08003d19   Thumb Code    10  stm32l0xx_hal.o(i.HAL_IncTick)
    HAL_Init                                 0x08003d29   Thumb Code    36  stm32l0xx_hal.o(i.HAL_Init)
    HAL_InitTick                             0x08003d51   Thumb Code    44  stm32l0xx_hal.o(i.HAL_InitTick)
    HAL_MspInit                              0x08003d81   Thumb Code    20  stm32l0xx_hal_msp.o(i.HAL_MspInit)
    HAL_NVIC_DisableIRQ                      0x08003d99   Thumb Code    14  stm32l0xx_hal_cortex.o(i.HAL_NVIC_DisableIRQ)
    HAL_NVIC_EnableIRQ                       0x08003dad   Thumb Code    14  stm32l0xx_hal_cortex.o(i.HAL_NVIC_EnableIRQ)
    HAL_NVIC_SetPriority                     0x08003dc1   Thumb Code     8  stm32l0xx_hal_cortex.o(i.HAL_NVIC_SetPriority)
    HAL_PWR_EnableBkUpAccess                 0x08003dc9   Thumb Code    12  stm32l0xx_hal_pwr.o(i.HAL_PWR_EnableBkUpAccess)
    HAL_PWR_EnterSTOPMode                    0x08003dd9   Thumb Code    44  stm32l0xx_hal_pwr.o(i.HAL_PWR_EnterSTOPMode)
    HAL_RCCEx_PeriphCLKConfig                0x08003e0d   Thumb Code   362  stm32l0xx_hal_rcc_ex.o(i.HAL_RCCEx_PeriphCLKConfig)
    HAL_RCC_ClockConfig                      0x08003f85   Thumb Code   344  stm32l0xx_hal_rcc.o(i.HAL_RCC_ClockConfig)
    HAL_RCC_GetPCLK1Freq                     0x080040f1   Thumb Code    20  stm32l0xx_hal_rcc.o(i.HAL_RCC_GetPCLK1Freq)
    HAL_RCC_GetPCLK2Freq                     0x08004111   Thumb Code    20  stm32l0xx_hal_rcc.o(i.HAL_RCC_GetPCLK2Freq)
    HAL_RCC_GetSysClockFreq                  0x08004131   Thumb Code   100  stm32l0xx_hal_rcc.o(i.HAL_RCC_GetSysClockFreq)
    HAL_RCC_OscConfig                        0x080041a9   Thumb Code  1158  stm32l0xx_hal_rcc.o(i.HAL_RCC_OscConfig)
    HAL_RTCEx_DeactivateWakeUpTimer          0x0800462f   Thumb Code   122  stm32l0xx_hal_rtc_ex.o(i.HAL_RTCEx_DeactivateWakeUpTimer)
    HAL_RTCEx_SetWakeUpTimer_IT              0x080046a9   Thumb Code   238  stm32l0xx_hal_rtc_ex.o(i.HAL_RTCEx_SetWakeUpTimer_IT)
    HAL_RTCEx_WakeUpTimerEventCallback       0x080047a1   Thumb Code     2  stm32l0xx_hal_rtc_ex.o(i.HAL_RTCEx_WakeUpTimerEventCallback)
    HAL_RTCEx_WakeUpTimerIRQHandler          0x080047a5   Thumb Code    48  stm32l0xx_hal_rtc_ex.o(i.HAL_RTCEx_WakeUpTimerIRQHandler)
    HAL_RTC_Init                             0x080047dd   Thumb Code   184  stm32l0xx_hal_rtc.o(i.HAL_RTC_Init)
    HAL_RTC_MspInit                          0x08004899   Thumb Code    40  rtc.o(i.HAL_RTC_MspInit)
    HAL_RTC_SetDate                          0x080048c9   Thumb Code   190  stm32l0xx_hal_rtc.o(i.HAL_RTC_SetDate)
    HAL_RTC_SetTime                          0x0800498d   Thumb Code   228  stm32l0xx_hal_rtc.o(i.HAL_RTC_SetTime)
    HAL_RTC_WaitForSynchro                   0x08004a75   Thumb Code    52  stm32l0xx_hal_rtc.o(i.HAL_RTC_WaitForSynchro)
    HAL_SPI_ErrorCallback                    0x08004aa9   Thumb Code     2  stm32l0xx_hal_spi.o(i.HAL_SPI_ErrorCallback)
    HAL_SPI_GetState                         0x08004aab   Thumb Code     6  stm32l0xx_hal_spi.o(i.HAL_SPI_GetState)
    HAL_SPI_Init                             0x08004ab1   Thumb Code   128  stm32l0xx_hal_spi.o(i.HAL_SPI_Init)
    HAL_SPI_MspInit                          0x08004b31   Thumb Code   198  spi.o(i.HAL_SPI_MspInit)
    HAL_SPI_RxCpltCallback                   0x08004c0d   Thumb Code     2  stm32l0xx_hal_spi.o(i.HAL_SPI_RxCpltCallback)
    HAL_SPI_RxHalfCpltCallback               0x08004c0f   Thumb Code     2  stm32l0xx_hal_spi.o(i.HAL_SPI_RxHalfCpltCallback)
    HAL_SPI_TransmitReceive                  0x08004c11   Thumb Code   496  stm32l0xx_hal_spi.o(i.HAL_SPI_TransmitReceive)
    HAL_SPI_TransmitReceive_DMA              0x08004e01   Thumb Code   274  stm32l0xx_hal_spi.o(i.HAL_SPI_TransmitReceive_DMA)
    HAL_SPI_TxRxCpltCallback                 0x08004f29   Thumb Code    32  spi.o(i.HAL_SPI_TxRxCpltCallback)
    HAL_SPI_TxRxHalfCpltCallback             0x08004f4d   Thumb Code     2  stm32l0xx_hal_spi.o(i.HAL_SPI_TxRxHalfCpltCallback)
    HAL_SYSTICK_Config                       0x08004f51   Thumb Code    38  stm32l0xx_hal_cortex.o(i.HAL_SYSTICK_Config)
    HAL_TIMEx_MasterConfigSynchronization    0x08004f81   Thumb Code    60  stm32l0xx_hal_tim_ex.o(i.HAL_TIMEx_MasterConfigSynchronization)
    HAL_TIM_Base_Init                        0x08004fbd   Thumb Code    52  stm32l0xx_hal_tim.o(i.HAL_TIM_Base_Init)
    HAL_TIM_Base_MspInit                     0x08004ff1   Thumb Code    38  tim.o(i.HAL_TIM_Base_MspInit)
    HAL_TIM_Base_Start                       0x08005021   Thumb Code    34  stm32l0xx_hal_tim.o(i.HAL_TIM_Base_Start)
    HAL_TIM_Base_Start_IT                    0x08005043   Thumb Code    32  stm32l0xx_hal_tim.o(i.HAL_TIM_Base_Start_IT)
    HAL_TIM_Base_Stop                        0x08005065   Thumb Code    34  stm32l0xx_hal_tim.o(i.HAL_TIM_Base_Stop)
    HAL_TIM_Base_Stop_IT                     0x0800508d   Thumb Code    32  stm32l0xx_hal_tim.o(i.HAL_TIM_Base_Stop_IT)
    HAL_TIM_IC_CaptureCallback               0x080050b1   Thumb Code     2  stm32l0xx_hal_tim.o(i.HAL_TIM_IC_CaptureCallback)
    HAL_TIM_IRQHandler                       0x080050b3   Thumb Code   294  stm32l0xx_hal_tim.o(i.HAL_TIM_IRQHandler)
    HAL_TIM_OC_DelayElapsedCallback          0x080051d9   Thumb Code     2  stm32l0xx_hal_tim.o(i.HAL_TIM_OC_DelayElapsedCallback)
    HAL_TIM_PWM_PulseFinishedCallback        0x080051db   Thumb Code     2  stm32l0xx_hal_tim.o(i.HAL_TIM_PWM_PulseFinishedCallback)
    HAL_TIM_PeriodElapsedCallback            0x080051dd   Thumb Code     2  stm32l0xx_hal_tim.o(i.HAL_TIM_PeriodElapsedCallback)
    HAL_TIM_TriggerCallback                  0x080051df   Thumb Code     2  stm32l0xx_hal_tim.o(i.HAL_TIM_TriggerCallback)
    HAL_UART_GetState                        0x080051e1   Thumb Code    10  stm32l0xx_hal_uart.o(i.HAL_UART_GetState)
    HAL_UART_Init                            0x080051eb   Thumb Code   106  stm32l0xx_hal_uart.o(i.HAL_UART_Init)
    HAL_UART_MspInit                         0x08005255   Thumb Code   174  usart.o(i.HAL_UART_MspInit)
    HAL_UART_Transmit                        0x08005315   Thumb Code   206  stm32l0xx_hal_uart.o(i.HAL_UART_Transmit)
    HardFault_Handler                        0x080053e3   Thumb Code     2  stm32l0xx_it.o(i.HardFault_Handler)
    MCU_API_aes_128_cbc_encrypt              0x080053e5   Thumb Code    14  mcu_api_stm32.o(i.MCU_API_aes_128_cbc_encrypt)
    MCU_API_delay                            0x080053f3   Thumb Code    50  mcu_api_stm32.o(i.MCU_API_delay)
    MCU_API_free                             0x08005425   Thumb Code     4  mcu_api_stm32.o(i.MCU_API_free)
    MCU_API_get_device_id_and_payload_encryption_flag 0x08005429   Thumb Code    18  mcu_api_stm32.o(i.MCU_API_get_device_id_and_payload_encryption_flag)
    MCU_API_get_initial_pac                  0x08005441   Thumb Code    10  mcu_api_stm32.o(i.MCU_API_get_initial_pac)
    MCU_API_get_nv_mem                       0x0800544b   Thumb Code    10  mcu_api_stm32.o(i.MCU_API_get_nv_mem)
    MCU_API_get_version                      0x08005455   Thumb Code    12  mcu_api_stm32.o(i.MCU_API_get_version)
    MCU_API_get_voltage_temperature          0x08005465   Thumb Code    12  mcu_api_stm32.o(i.MCU_API_get_voltage_temperature)
    MCU_API_malloc                           0x08005471   Thumb Code    20  mcu_api_stm32.o(i.MCU_API_malloc)
    MCU_API_report_test_result               0x08005489   Thumb Code     4  mcu_api_stm32.o(i.MCU_API_report_test_result)
    MCU_API_set_nv_mem                       0x0800548d   Thumb Code    10  mcu_api_stm32.o(i.MCU_API_set_nv_mem)
    MCU_API_timer_start                      0x08005499   Thumb Code   124  tim.o(i.MCU_API_timer_start)
    MCU_API_timer_start_carrier_sense        0x08005525   Thumb Code   186  tim.o(i.MCU_API_timer_start_carrier_sense)
    MCU_API_timer_stop                       0x080055f1   Thumb Code    24  tim.o(i.MCU_API_timer_stop)
    MCU_API_timer_stop_carrier_sense         0x0800560d   Thumb Code    52  tim.o(i.MCU_API_timer_stop_carrier_sense)
    MCU_API_timer_wait_for_end               0x08005645   Thumb Code    26  tim.o(i.MCU_API_timer_wait_for_end)
    MX_DMA_Init                              0x08005661   Thumb Code    52  dma.o(i.MX_DMA_Init)
    MX_GPIO_Init                             0x08005699   Thumb Code   142  gpio.o(i.MX_GPIO_Init)
    MX_RTC_Init                              0x08005735   Thumb Code   136  rtc.o(i.MX_RTC_Init)
    MX_SPI1_Init                             0x080057c5   Thumb Code    56  spi.o(i.MX_SPI1_Init)
    MX_TIM6_Init                             0x08005805   Thumb Code    60  tim.o(i.MX_TIM6_Init)
    MX_USART1_UART_Init                      0x0800584d   Thumb Code    48  usart.o(i.MX_USART1_UART_Init)
    NMI_Handler                              0x08005885   Thumb Code     2  stm32l0xx_it.o(i.NMI_Handler)
    NVM_Read                                 0x080058cd   Thumb Code    18  nvm_api.o(i.NVM_Read)
    NVM_ReadRecord                           0x080058e1   Thumb Code   160  nvm_api.o(i.NVM_ReadRecord)
    NVM_Write                                0x08005989   Thumb Code    18  nvm_api.o(i.NVM_Write)
    NVM_WriteRecord                          0x0800599d   Thumb Code   122  nvm_api.o(i.NVM_WriteRecord)
    PendSV_Handler                           0x08005a21   Thumb Code     2  stm32l0xx_it.o(i.PendSV_Handler)
    RF_API_change_frequency                  0x08005a25   Thumb Code   200  rf_api.o(i.RF_API_change_frequency)
    RF_API_get_version                       0x08005af9   Thumb Code    12  rf_api.o(i.RF_API_get_version)
    RF_API_init                              0x08005b09   Thumb Code   346  rf_api.o(i.RF_API_init)
    RF_API_send                              0x08005c79   Thumb Code    82  rf_api.o(i.RF_API_send)
    RF_API_start_continuous_transmission     0x08005cd1   Thumb Code   136  rf_api.o(i.RF_API_start_continuous_transmission)
    RF_API_stop                              0x08005d61   Thumb Code    32  rf_api.o(i.RF_API_stop)
    RF_API_stop_continuous_transmission      0x08005d85   Thumb Code    34  rf_api.o(i.RF_API_stop_continuous_transmission)
    RF_API_wait_for_clear_channel            0x08005dad   Thumb Code   382  rf_api.o(i.RF_API_wait_for_clear_channel)
    RF_API_wait_frame                        0x08005f39   Thumb Code   236  rf_api.o(i.RF_API_wait_frame)
    RTC_ByteToBcd2                           0x08006029   Thumb Code    24  stm32l0xx_hal_rtc.o(i.RTC_ByteToBcd2)
    RTC_EnterInitMode                        0x08006041   Thumb Code    56  stm32l0xx_hal_rtc.o(i.RTC_EnterInitMode)
    RTC_IRQHandler                           0x08006079   Thumb Code   106  stm32l0xx_it.o(i.RTC_IRQHandler)
    S2LPGetSpiInUse                          0x080060ed   Thumb Code     6  spi.o(i.S2LPGetSpiInUse)
    S2LPIRQEnable                            0x080060f9   Thumb Code    94  gpio.o(i.S2LPIRQEnable)
    S2LPIRQInit                              0x08006161   Thumb Code    68  gpio.o(i.S2LPIRQInit)
    S2LPManagementGetRangeExtender           0x080061b1   Thumb Code     6  s2lp_aux_utils.o(i.S2LPManagementGetRangeExtender)
    S2LPManagementGetXtalFrequency           0x080061bd   Thumb Code     6  s2lp_aux_utils.o(i.S2LPManagementGetXtalFrequency)
    S2LPManagementSetBand                    0x080061c9   Thumb Code     6  s2lp_aux_utils.o(i.S2LPManagementSetBand)
    S2LPManagementSetRangeExtender           0x080061d5   Thumb Code     6  s2lp_aux_utils.o(i.S2LPManagementSetRangeExtender)
    S2LPRadioSetPALevelMaxIndex              0x080061e1   Thumb Code     2  s2lp_aux_fem_auto.o(i.S2LPRadioSetPALevelMaxIndex)
    S2LPRadioSetPALeveldBm                   0x080061e3   Thumb Code     2  s2lp_aux_fem_auto.o(i.S2LPRadioSetPALeveldBm)
    S2LPRadioSetXtalFrequency                0x080061e5   Thumb Code     6  s2lp_aux_utils.o(i.S2LPRadioSetXtalFrequency)
    S2LPShutdownEnter                        0x080061f1   Thumb Code    14  gpio.o(i.S2LPShutdownEnter)
    S2LPShutdownExit                         0x08006205   Thumb Code    34  gpio.o(i.S2LPShutdownExit)
    S2LPShutdownInit                         0x0800622d   Thumb Code    52  gpio.o(i.S2LPShutdownInit)
    S2LPSpiRaw                               0x08006269   Thumb Code   250  spi.o(i.S2LPSpiRaw)
    S2LPSpiWriteRegisters                    0x08006371   Thumb Code   216  spi.o(i.S2LPSpiWriteRegisters)
    ST_Init                                  0x08006669   Thumb Code    58  main.o(i.ST_Init)
    ST_MCU_API_GpioIRQ                       0x080066ad   Thumb Code    20  gpio.o(i.ST_MCU_API_GpioIRQ)
    ST_MCU_API_Shutdown                      0x080066c1   Thumb Code    18  gpio.o(i.ST_MCU_API_Shutdown)
    ST_MCU_API_SpiRaw                        0x080066d3   Thumb Code    10  spi.o(i.ST_MCU_API_SpiRaw)
    ST_MCU_API_TimerCalibration              0x080066dd   Thumb Code   166  tim.o(i.ST_MCU_API_TimerCalibration)
    ST_MCU_API_WaitForInterrupt              0x0800679d   Thumb Code    50  tim.o(i.ST_MCU_API_WaitForInterrupt)
    ST_RF_API_GetRSSI                        0x080067d5   Thumb Code    28  rf_api.o(i.ST_RF_API_GetRSSI)
    ST_RF_API_Get_Continuous_TX_or_MONARCH_Scan_Flag 0x080067f5   Thumb Code     6  rf_api.o(i.ST_RF_API_Get_Continuous_TX_or_MONARCH_Scan_Flag)
    ST_RF_API_ReadFifo                       0x08006801   Thumb Code    26  rf_api.o(i.ST_RF_API_ReadFifo)
    ST_RF_API_ReadFifoStatus                 0x0800681b   Thumb Code    18  rf_api.o(i.ST_RF_API_ReadFifoStatus)
    ST_RF_API_S2LP_IRQ_CB                    0x0800682d   Thumb Code    48  rf_api.o(i.ST_RF_API_S2LP_IRQ_CB)
    ST_RF_API_SetFifoLength                  0x08006861   Thumb Code    28  rf_api.o(i.ST_RF_API_SetFifoLength)
    ST_RF_API_StartRx                        0x0800687d   Thumb Code    18  rf_api.o(i.ST_RF_API_StartRx)
    ST_RF_API_StartTx                        0x08006891   Thumb Code    30  rf_api.o(i.ST_RF_API_StartTx)
    ST_RF_API_StopRxTx                       0x080068b5   Thumb Code    18  rf_api.o(i.ST_RF_API_StopRxTx)
    ST_RF_API_Timer_CB                       0x080068c9   Thumb Code     6  rf_api.o(i.ST_RF_API_Timer_CB)
    ST_RF_API_Timer_Channel_Clear_CB         0x080068d5   Thumb Code     8  rf_api.o(i.ST_RF_API_Timer_Channel_Clear_CB)
    ST_RF_API_custom_setting                 0x080068e1   Thumb Code     2  rf_api.o(i.ST_RF_API_custom_setting)
    ST_RF_API_get_ramp_duration              0x080068e5   Thumb Code    12  rf_api.o(i.ST_RF_API_get_ramp_duration)
    ST_RF_API_gpio_rx_pin                    0x080068f5   Thumb Code    20  rf_api.o(i.ST_RF_API_gpio_rx_pin)
    ST_RF_API_gpio_tx_pin                    0x0800690d   Thumb Code    20  rf_api.o(i.ST_RF_API_gpio_tx_pin)
    ST_RF_API_gpio_tx_rx_pin                 0x08006925   Thumb Code    20  rf_api.o(i.ST_RF_API_gpio_tx_rx_pin)
    ST_RF_API_reduce_output_power            0x0800693d   Thumb Code     8  rf_api.o(i.ST_RF_API_reduce_output_power)
    ST_RF_API_set_freq_offset                0x08006949   Thumb Code     8  rf_api.o(i.ST_RF_API_set_freq_offset)
    ST_RF_API_set_lbt_thr_offset             0x08006955   Thumb Code     8  rf_api.o(i.ST_RF_API_set_lbt_thr_offset)
    ST_RF_API_set_pa                         0x08006961   Thumb Code     8  rf_api.o(i.ST_RF_API_set_pa)
    ST_RF_API_set_rssi_offset                0x0800696d   Thumb Code     8  rf_api.o(i.ST_RF_API_set_rssi_offset)
    ST_RF_API_set_xtal_freq                  0x08006979   Thumb Code     8  rf_api.o(i.ST_RF_API_set_xtal_freq)
    ST_Sigfox_Init                           0x08006985   Thumb Code   124  st_sigfox_init.o(i.ST_Sigfox_Init)
    SVC_Handler                              0x08006a0d   Thumb Code     2  stm32l0xx_it.o(i.SVC_Handler)
    SdkEvalGetDaughterBoardType              0x08006a11   Thumb Code     6  s2lp_aux_utils.o(i.SdkEvalGetDaughterBoardType)
    SdkEvalSpiRawTC                          0x08006a1d   Thumb Code     2  spi.o(i.SdkEvalSpiRawTC)
    SdkEvalTimersFindFactors                 0x08006a21   Thumb Code   148  tim.o(i.SdkEvalTimersFindFactors)
    SdkEvalTimersTimConfig                   0x08006ab9   Thumb Code   130  tim.o(i.SdkEvalTimersTimConfig)
    SetNVMInitial                            0x08006b49   Thumb Code    58  nvm_api.o(i.SetNVMInitial)
    St_Sigfox_Open_RCZ                       0x08006b89   Thumb Code   230  st_sigfox_init.o(i.St_Sigfox_Open_RCZ)
    SysTick_Handler                          0x08006c75   Thumb Code     8  stm32l0xx_it.o(i.SysTick_Handler)
    SystemClock_Config                       0x08006c7d   Thumb Code   108  main.o(i.SystemClock_Config)
    SystemInit                               0x08006ced   Thumb Code    66  system_stm32l0xx.o(i.SystemInit)
    TIM6_DAC_IRQHandler                      0x08006d41   Thumb Code    10  stm32l0xx_it.o(i.TIM6_DAC_IRQHandler)
    UART_AdvFeatureConfig                    0x08006da9   Thumb Code   202  stm32l0xx_hal_uart.o(i.UART_AdvFeatureConfig)
    UART_CheckIdleState                      0x08006e75   Thumb Code    90  stm32l0xx_hal_uart.o(i.UART_CheckIdleState)
    UART_SetConfig                           0x08006ed5   Thumb Code   506  stm32l0xx_hal_uart.o(i.UART_SetConfig)
    UART_WaitOnFlagUntilTimeout              0x080070fd   Thumb Code    98  stm32l0xx_hal_uart.o(i.UART_WaitOnFlagUntilTimeout)
    __0printf$5                              0x08007161   Thumb Code    24  printf5.o(i.__0printf$5)
    __1printf$5                              0x08007161   Thumb Code     0  printf5.o(i.__0printf$5)
    __2printf                                0x08007161   Thumb Code     0  printf5.o(i.__0printf$5)
    __ARM_common_ll_muluu                    0x08007181   Thumb Code    48  rf_api.o(i.__ARM_common_ll_muluu)
    __ARM_common_switch8                     0x080071b1   Thumb Code    26  st_sigfox_init.o(i.__ARM_common_switch8)
    __scatterload_copy                       0x080071cb   Thumb Code    14  handlers.o(i.__scatterload_copy)
    __scatterload_null                       0x080071d9   Thumb Code     2  handlers.o(i.__scatterload_null)
    __scatterload_zeroinit                   0x080071db   Thumb Code    14  handlers.o(i.__scatterload_zeroinit)
    callback                                 0x08007539   Thumb Code   110  monarch_app.o(i.callback)
    closeSigfoxLib                           0x08007639   Thumb Code    16  monarch_app.o(i.closeSigfoxLib)
    configRegion                             0x0800765d   Thumb Code   272  monarch_app.o(i.configRegion)
    eraseAllSector                           0x08007785   Thumb Code    26  nvm_api.o(i.eraseAllSector)
    fputc                                    0x080077a5   Thumb Code    28  usart.o(i.fputc)
    getLowPowerFlag                          0x080077c5   Thumb Code     6  gpio.o(i.getLowPowerFlag)
    getNIntermediateTimIrqFlag               0x080077d1   Thumb Code     6  tim.o(i.getNIntermediateTimIrqFlag)
    getNextRtcWakeUpFlag                     0x080077dd   Thumb Code     6  rtc.o(i.getNextRtcWakeUpFlag)
    getNotifyEndFlag                         0x080077e9   Thumb Code     6  tim.o(i.getNotifyEndFlag)
    getRtcHandler                            0x080077f5   Thumb Code     4  rtc.o(i.getRtcHandler)
    getRtcInUseFlag                          0x080077fd   Thumb Code     6  rtc.o(i.getRtcInUseFlag)
    getRtcInUseForCsFlag                     0x08007809   Thumb Code     6  rtc.o(i.getRtcInUseForCsFlag)
    getRtcIrqFlag                            0x08007815   Thumb Code     6  rtc.o(i.getRtcIrqFlag)
    getRtcPrescFlag                          0x08007821   Thumb Code     6  rtc.o(i.getRtcPrescFlag)
    getS2lpIrqRaisedFlag                     0x0800782d   Thumb Code     6  gpio.o(i.getS2lpIrqRaisedFlag)
    getScanStatus                            0x08007839   Thumb Code     6  monarch_app.o(i.getScanStatus)
    main                                     0x08007845   Thumb Code    66  main.o(i.main)
    mcuConfig                                0x08007889   Thumb Code   130  main.o(i.mcuConfig)
    monarchScan                              0x08007955   Thumb Code    18  monarch_app.o(i.monarchScan)
    pn9_next                                 0x08007989   Thumb Code    24  rf_api.o(i.pn9_next)
    pn9_next_byte                            0x080079a1   Thumb Code    22  rf_api.o(i.pn9_next_byte)
    sendFrameRCZ                             0x080083d5   Thumb Code    40  monarch_app.o(i.sendFrameRCZ)
    setNIntermediateTimIrqFlag               0x08008419   Thumb Code     6  tim.o(i.setNIntermediateTimIrqFlag)
    setNextRtcWakeUpFlag                     0x08008425   Thumb Code     6  rtc.o(i.setNextRtcWakeUpFlag)
    setRtcInUseFlag                          0x08008431   Thumb Code     6  rtc.o(i.setRtcInUseFlag)
    setRtcInUseForCsFlag                     0x0800843d   Thumb Code     6  rtc.o(i.setRtcInUseForCsFlag)
    setRtcIrqFlag                            0x08008449   Thumb Code     6  rtc.o(i.setRtcIrqFlag)
    setRtcPrescFlag                          0x08008455   Thumb Code     6  rtc.o(i.setRtcPrescFlag)
    setS2lpIrqRaisedFlag                     0x08008461   Thumb Code     6  gpio.o(i.setS2lpIrqRaisedFlag)
    setScanStatus                            0x0800846d   Thumb Code     6  monarch_app.o(i.setScanStatus)
    AHBPrescTable                            0x080085b8   Data          16  system_stm32l0xx.o(.constdata)
    PLLMulTable                              0x080085c8   Data           9  system_stm32l0xx.o(.constdata)
    APBPrescTable                            0x080085d1   Data           8  system_stm32l0xx.o(.constdata)
    Region$$Table$$Base                      0x08008cf4   Number         0  anon$$obj.o(Region$$Table)
    Region$$Table$$Limit                     0x08008d14   Number         0  anon$$obj.o(Region$$Table)
    board_data                               0x08080000   Data         128  sdk_utils_flash.o(.noinit.sigfox_board_data)
    nvm_data                                 0x08080080   Data         128  sdk_utils_flash.o(.noinit.sigfox_nvm_data)
    Tim6_Handler                             0x20000000   Data          60  main.o(.data)
    rtcHandler                               0x20000058   Data           4  tim.o(.data)
    uwTick                                   0x200000a0   Data           4  stm32l0xx_hal.o(.data)
    SystemCoreClock                          0x200000a4   Data           4  system_stm32l0xx.o(.data)
    tmp                                      0x200000b0   Data           3  s2lp_aux_fem_auto.o(.data)
    zeroIV                                   0x200001d8   Data          16  retriever_api.o(.data)
    monarch_rc                               0x200001e8   Data          56  sigfox_monarch_api.o(.data)
    __stdout                                 0x20000220   Data           4  stdout.o(.data)
    hrtc                                     0x20000224   Data          36  rtc.o(.bss)
    hspi1                                    0x20000348   Data          88  spi.o(.bss)
    hdma_spi1_tx                             0x200003a0   Data          72  spi.o(.bss)
    hdma_spi1_rx                             0x200003e8   Data          72  spi.o(.bss)
    htim6                                    0x20000430   Data          60  tim.o(.bss)
    huart1                                   0x2000046c   Data         128  usart.o(.bss)
    hdma_usart1_rx                           0x200004ec   Data          72  usart.o(.bss)
    hdma_usart1_tx                           0x20000534   Data          72  usart.o(.bss)
    pFlash                                   0x2000057c   Data          24  stm32l0xx_hal_flash.o(.bss)
    g_state                                  0x2000089c   Data           1  sigfox_api.o(.bss)
    rs                                       0x200008a0   Data           4  sigfox_api.o(.bss)
    monarch_rs                               0x200008a4   Data           4  sigfox_monarch_api.o(.bss)
    patt2search_size                         0x20000b71   Data           1  monarch_api.o(.bss)
    patterns2search                          0x20000b74   Data          48  monarch_api.o(.bss)
    aes_in                                   0x20000c08   Data          32  sigfox_hmac.o(.bss)
    __initial_sp                             0x20001028   Data           0  startup_stm32l052xx.o(STACK)



==============================================================================

Memory Map of the image

  Image Entry point : 0x080000c1

  Load Region LR_IROM1 (Base: 0x08000000, Size: 0x00008f38, Max: 0x00010000, ABSOLUTE, COMPRESSED[0x00008d88])

    Execution Region ER_IROM1 (Exec base: 0x08000000, Load base: 0x08000000, Size: 0x00008d14, Max: 0x00010000, ABSOLUTE)

    Exec Addr    Load Addr    Size         Type   Attr      Idx    E Section Name        Object

    0x08000000   0x08000000   0x000000c0   Data   RO            3    RESET               startup_stm32l052xx.o
    0x080000c0   0x080000c0   0x00000000   Code   RO         5447  * .ARM.Collect$$$$00000000  mc_p.l(entry.o)
    0x080000c0   0x080000c0   0x00000004   Code   RO         5735    .ARM.Collect$$$$00000001  mc_p.l(entry2.o)
    0x080000c4   0x080000c4   0x00000004   Code   RO         5738    .ARM.Collect$$$$00000004  mc_p.l(entry5.o)
    0x080000c8   0x080000c8   0x00000000   Code   RO         5740    .ARM.Collect$$$$00000008  mc_p.l(entry7b.o)
    0x080000c8   0x080000c8   0x00000000   Code   RO         5742    .ARM.Collect$$$$0000000A  mc_p.l(entry8b.o)
    0x080000c8   0x080000c8   0x00000008   Code   RO         5743    .ARM.Collect$$$$0000000B  mc_p.l(entry9a.o)
    0x080000d0   0x080000d0   0x00000000   Code   RO         5745    .ARM.Collect$$$$0000000D  mc_p.l(entry10a.o)
    0x080000d0   0x080000d0   0x00000000   Code   RO         5747    .ARM.Collect$$$$0000000F  mc_p.l(entry11a.o)
    0x080000d0   0x080000d0   0x00000004   Code   RO         5736    .ARM.Collect$$$$00002712  mc_p.l(entry2.o)
    0x080000d4   0x080000d4   0x0000001c   Code   RO            4    .text               startup_stm32l052xx.o
    0x080000f0   0x080000f0   0x00000bcc   Code   RO         5293    .text               ST_RETRIEVER_LIB_STM32L053xx.a(retriever_api.o)
    0x08000cbc   0x08000cbc   0x00000548   Code   RO         5327    .text               SFX_LIB_V2.8.0_FDL_MON_IAR8.11_cortexM0+.a(sigfox_api.o)
    0x08001204   0x08001204   0x000001a8   Code   RO         5351    .text               SFX_LIB_V2.8.0_FDL_MON_IAR8.11_cortexM0+.a(sigfox_monarch_api.o)
    0x080013ac   0x080013ac   0x00000730   Code   RO         5364    .text               ST_MONARCH_LIB_CM0.a(monarch_api.o)
    0x08001adc   0x08001adc   0x00000230   Code   RO         5382    .text               SFX_LIB_V2.8.0_FDL_MON_IAR8.11_cortexM0+.a(sigfox_callback.o)
    0x08001d0c   0x08001d0c   0x00000f3e   Code   RO         5390    .text               SFX_LIB_V2.8.0_FDL_MON_IAR8.11_cortexM0+.a(sigfox_internal.o)
    0x08002c4a   0x08002c4a   0x00000002   PAD
    0x08002c4c   0x08002c4c   0x0000007e   Code   RO         5417    .text               SFX_LIB_V2.8.0_FDL_MON_IAR8.11_cortexM0+.a(sigfox_crc.o)
    0x08002cca   0x08002cca   0x00000002   PAD
    0x08002ccc   0x08002ccc   0x0000020c   Code   RO         5424    .text               SFX_LIB_V2.8.0_FDL_MON_IAR8.11_cortexM0+.a(sigfox_decode.o)
    0x08002ed8   0x08002ed8   0x00000074   Code   RO         5432    .text               SFX_LIB_V2.8.0_FDL_MON_IAR8.11_cortexM0+.a(sigfox_hmac.o)
    0x08002f4c   0x08002f4c   0x00000064   Code   RO         5437    .text               SFX_LIB_V2.8.0_FDL_MON_IAR8.11_cortexM0+.a(sigfox_pn.o)
    0x08002fb0   0x08002fb0   0x0000008c   Code   RO         5442    .text               SFX_LIB_V2.8.0_FDL_MON_IAR8.11_cortexM0+.a(sigfox_scramb.o)
    0x0800303c   0x0800303c   0x0000002c   Code   RO         5450    .text               mc_p.l(uidiv.o)
    0x08003068   0x08003068   0x00000028   Code   RO         5452    .text               mc_p.l(idiv.o)
    0x08003090   0x08003090   0x00000060   Code   RO         5454    .text               mc_p.l(uldiv.o)
    0x080030f0   0x080030f0   0x0000007a   Code   RO         5456    .text               mc_p.l(llmul.o)
    0x0800316a   0x0800316a   0x00000022   Code   RO         5458    .text               mc_p.l(llushr.o)
    0x0800318c   0x0800318c   0x00000024   Code   RO         5460    .text               mc_p.l(memcpya.o)
    0x080031b0   0x080031b0   0x00000024   Code   RO         5462    .text               mc_p.l(memseta.o)
    0x080031d4   0x080031d4   0x0000007a   Code   RO         5727    .text               mf_p.l(fmul.o)
    0x0800324e   0x0800324e   0x0000007c   Code   RO         5729    .text               mf_p.l(fdiv.o)
    0x080032ca   0x080032ca   0x0000000e   Code   RO         5731    .text               mf_p.l(ffltui.o)
    0x080032d8   0x080032d8   0x00000028   Code   RO         5733    .text               mf_p.l(ffixui.o)
    0x08003300   0x08003300   0x00000020   Code   RO         5750    .text               mc_p.l(llshl.o)
    0x08003320   0x08003320   0x00000000   Code   RO         5752    .text               mc_p.l(iusefp.o)
    0x08003320   0x08003320   0x00000082   Code   RO         5753    .text               mf_p.l(fepilogue.o)
    0x080033a2   0x080033a2   0x00000002   PAD
    0x080033a4   0x080033a4   0x00000024   Code   RO         5765    .text               mc_p.l(init.o)
    0x080033c8   0x080033c8   0x00000056   Code   RO         5781    .text               mc_p.l(__dczerorl2.o)
    0x0800341e   0x0800341e   0x00000002   PAD
    0x08003420   0x08003420   0x00000050   Code   RO          466    i.Configure_RTC_Clock  rtc.o
    0x08003470   0x08003470   0x00000018   Code   RO          844    i.DMA1_Channel2_3_IRQHandler  stm32l0xx_it.o
    0x08003488   0x08003488   0x00000018   Code   RO          845    i.DMA1_Channel4_5_6_7_IRQHandler  stm32l0xx_it.o
    0x080034a0   0x080034a0   0x0000002c   Code   RO         4007    i.DMA_SetConfig     stm32l0xx_hal_dma.o
    0x080034cc   0x080034cc   0x00000026   Code   RO         5233    i.DataEepromErase   sdk_utils_flash.o
    0x080034f2   0x080034f2   0x0000000a   Code   RO          846    i.EXTI0_1_IRQHandler  stm32l0xx_it.o
    0x080034fc   0x080034fc   0x00000060   Code   RO         4548    i.EepromRead        s2lp_aux_eeprom.o
    0x0800355c   0x0800355c   0x00000024   Code   RO         4549    i.EepromSPICSHigh   s2lp_aux_eeprom.o
    0x08003580   0x08003580   0x00000028   Code   RO         4550    i.EepromSPICSLow    s2lp_aux_eeprom.o
    0x080035a8   0x080035a8   0x00000044   Code   RO         4554    i.EepromWaitEndWriteOperation  s2lp_aux_eeprom.o
    0x080035ec   0x080035ec   0x00000002   Code   RO          242    i.Error_Handler     main.o
    0x080035ee   0x080035ee   0x00000002   PAD
    0x080035f0   0x080035f0   0x00000058   Code   RO         4505    i.FEM_Init          s2lp_aux_fem_auto.o
    0x08003648   0x08003648   0x00000044   Code   RO         4506    i.FEM_Operation     s2lp_aux_fem_auto.o
    0x0800368c   0x0800368c   0x00000090   Code   RO         3739    i.FLASH_SetErrorCode  stm32l0xx_hal_flash.o
    0x0800371c   0x0800371c   0x00000070   Code   RO         3740    i.FLASH_WaitForLastOperation  stm32l0xx_hal_flash.o
    0x0800378c   0x0800378c   0x00000034   Code   RO         5234    i.FlashErase        sdk_utils_flash.o
    0x080037c0   0x080037c0   0x0000004c   Code   RO         5235    i.FlashRead         sdk_utils_flash.o
    0x0800380c   0x0800380c   0x00000094   Code   RO         5236    i.FlashWrite        sdk_utils_flash.o
    0x080038a0   0x080038a0   0x0000000c   Code   RO         4642    i.GetNVMBoardDataAddress  nvm_api.o
    0x080038ac   0x080038ac   0x0000000e   Code   RO         5237    i.GetNumberOfPagesByBytes  sdk_utils_flash.o
    0x080038ba   0x080038ba   0x000000a8   Code   RO         4013    i.HAL_DMA_IRQHandler  stm32l0xx_hal_dma.o
    0x08003962   0x08003962   0x00000002   PAD
    0x08003964   0x08003964   0x00000090   Code   RO         4014    i.HAL_DMA_Init      stm32l0xx_hal_dma.o
    0x080039f4   0x080039f4   0x00000068   Code   RO         4018    i.HAL_DMA_Start_IT  stm32l0xx_hal_dma.o
    0x08003a5c   0x08003a5c   0x0000001c   Code   RO         2788    i.HAL_Delay         stm32l0xx_hal.o
    0x08003a78   0x08003a78   0x00000028   Code   RO         3842    i.HAL_FLASHEx_DATAEEPROM_Erase  stm32l0xx_hal_flash_ex.o
    0x08003aa0   0x08003aa0   0x00000014   Code   RO         3843    i.HAL_FLASHEx_DATAEEPROM_Lock  stm32l0xx_hal_flash_ex.o
    0x08003ab4   0x08003ab4   0x00000054   Code   RO         3844    i.HAL_FLASHEx_DATAEEPROM_Program  stm32l0xx_hal_flash_ex.o
    0x08003b08   0x08003b08   0x00000034   Code   RO         3845    i.HAL_FLASHEx_DATAEEPROM_Unlock  stm32l0xx_hal_flash_ex.o
    0x08003b3c   0x08003b3c   0x0000000c   Code   RO         3742    i.HAL_FLASH_GetError  stm32l0xx_hal_flash.o
    0x08003b48   0x08003b48   0x00000028   Code   RO          317    i.HAL_GPIO_EXTI_Callback  gpio.o
    0x08003b70   0x08003b70   0x00000018   Code   RO         3947    i.HAL_GPIO_EXTI_IRQHandler  stm32l0xx_hal_gpio.o
    0x08003b88   0x08003b88   0x00000178   Code   RO         3948    i.HAL_GPIO_Init     stm32l0xx_hal_gpio.o
    0x08003d00   0x08003d00   0x0000000c   Code   RO         3952    i.HAL_GPIO_WritePin  stm32l0xx_hal_gpio.o
    0x08003d0c   0x08003d0c   0x0000000c   Code   RO         2792    i.HAL_GetTick       stm32l0xx_hal.o
    0x08003d18   0x08003d18   0x00000010   Code   RO         2796    i.HAL_IncTick       stm32l0xx_hal.o
    0x08003d28   0x08003d28   0x00000028   Code   RO         2797    i.HAL_Init          stm32l0xx_hal.o
    0x08003d50   0x08003d50   0x00000030   Code   RO         2798    i.HAL_InitTick      stm32l0xx_hal.o
    0x08003d80   0x08003d80   0x00000018   Code   RO          930    i.HAL_MspInit       stm32l0xx_hal_msp.o
    0x08003d98   0x08003d98   0x00000014   Code   RO         4274    i.HAL_NVIC_DisableIRQ  stm32l0xx_hal_cortex.o
    0x08003dac   0x08003dac   0x00000014   Code   RO         4275    i.HAL_NVIC_EnableIRQ  stm32l0xx_hal_cortex.o
    0x08003dc0   0x08003dc0   0x00000008   Code   RO         4279    i.HAL_NVIC_SetPriority  stm32l0xx_hal_cortex.o
    0x08003dc8   0x08003dc8   0x00000010   Code   RO         4105    i.HAL_PWR_EnableBkUpAccess  stm32l0xx_hal_pwr.o
    0x08003dd8   0x08003dd8   0x00000034   Code   RO         4112    i.HAL_PWR_EnterSTOPMode  stm32l0xx_hal_pwr.o
    0x08003e0c   0x08003e0c   0x00000178   Code   RO         3580    i.HAL_RCCEx_PeriphCLKConfig  stm32l0xx_hal_rcc_ex.o
    0x08003f84   0x08003f84   0x0000016c   Code   RO         3471    i.HAL_RCC_ClockConfig  stm32l0xx_hal_rcc.o
    0x080040f0   0x080040f0   0x00000020   Code   RO         3477    i.HAL_RCC_GetPCLK1Freq  stm32l0xx_hal_rcc.o
    0x08004110   0x08004110   0x00000020   Code   RO         3478    i.HAL_RCC_GetPCLK2Freq  stm32l0xx_hal_rcc.o
    0x08004130   0x08004130   0x00000078   Code   RO         3479    i.HAL_RCC_GetSysClockFreq  stm32l0xx_hal_rcc.o
    0x080041a8   0x080041a8   0x00000486   Code   RO         3482    i.HAL_RCC_OscConfig  stm32l0xx_hal_rcc.o
    0x0800462e   0x0800462e   0x0000007a   Code   RO         1147    i.HAL_RTCEx_DeactivateWakeUpTimer  stm32l0xx_hal_rtc_ex.o
    0x080046a8   0x080046a8   0x000000f8   Code   RO         1166    i.HAL_RTCEx_SetWakeUpTimer_IT  stm32l0xx_hal_rtc_ex.o
    0x080047a0   0x080047a0   0x00000002   Code   RO         1171    i.HAL_RTCEx_WakeUpTimerEventCallback  stm32l0xx_hal_rtc_ex.o
    0x080047a2   0x080047a2   0x00000002   PAD
    0x080047a4   0x080047a4   0x00000038   Code   RO         1172    i.HAL_RTCEx_WakeUpTimerIRQHandler  stm32l0xx_hal_rtc_ex.o
    0x080047dc   0x080047dc   0x000000bc   Code   RO         1015    i.HAL_RTC_Init      stm32l0xx_hal_rtc.o
    0x08004898   0x08004898   0x00000030   Code   RO          468    i.HAL_RTC_MspInit   rtc.o
    0x080048c8   0x080048c8   0x000000c4   Code   RO         1021    i.HAL_RTC_SetDate   stm32l0xx_hal_rtc.o
    0x0800498c   0x0800498c   0x000000e8   Code   RO         1022    i.HAL_RTC_SetTime   stm32l0xx_hal_rtc.o
    0x08004a74   0x08004a74   0x00000034   Code   RO         1023    i.HAL_RTC_WaitForSynchro  stm32l0xx_hal_rtc.o
    0x08004aa8   0x08004aa8   0x00000002   Code   RO         1359    i.HAL_SPI_ErrorCallback  stm32l0xx_hal_spi.o
    0x08004aaa   0x08004aaa   0x00000006   Code   RO         1361    i.HAL_SPI_GetState  stm32l0xx_hal_spi.o
    0x08004ab0   0x08004ab0   0x00000080   Code   RO         1363    i.HAL_SPI_Init      stm32l0xx_hal_spi.o
    0x08004b30   0x08004b30   0x000000dc   Code   RO          578    i.HAL_SPI_MspInit   spi.o
    0x08004c0c   0x08004c0c   0x00000002   Code   RO         1369    i.HAL_SPI_RxCpltCallback  stm32l0xx_hal_spi.o
    0x08004c0e   0x08004c0e   0x00000002   Code   RO         1370    i.HAL_SPI_RxHalfCpltCallback  stm32l0xx_hal_spi.o
    0x08004c10   0x08004c10   0x000001f0   Code   RO         1372    i.HAL_SPI_TransmitReceive  stm32l0xx_hal_spi.o
    0x08004e00   0x08004e00   0x00000128   Code   RO         1373    i.HAL_SPI_TransmitReceive_DMA  stm32l0xx_hal_spi.o
    0x08004f28   0x08004f28   0x00000024   Code   RO          579    i.HAL_SPI_TxRxCpltCallback  spi.o
    0x08004f4c   0x08004f4c   0x00000002   Code   RO         1380    i.HAL_SPI_TxRxHalfCpltCallback  stm32l0xx_hal_spi.o
    0x08004f4e   0x08004f4e   0x00000002   PAD
    0x08004f50   0x08004f50   0x00000030   Code   RO         4283    i.HAL_SYSTICK_Config  stm32l0xx_hal_cortex.o
    0x08004f80   0x08004f80   0x0000003c   Code   RO         2339    i.HAL_TIMEx_MasterConfigSynchronization  stm32l0xx_hal_tim_ex.o
    0x08004fbc   0x08004fbc   0x00000034   Code   RO         1672    i.HAL_TIM_Base_Init  stm32l0xx_hal_tim.o
    0x08004ff0   0x08004ff0   0x00000030   Code   RO          683    i.HAL_TIM_Base_MspInit  tim.o
    0x08005020   0x08005020   0x00000022   Code   RO         1675    i.HAL_TIM_Base_Start  stm32l0xx_hal_tim.o
    0x08005042   0x08005042   0x00000020   Code   RO         1677    i.HAL_TIM_Base_Start_IT  stm32l0xx_hal_tim.o
    0x08005062   0x08005062   0x00000002   PAD
    0x08005064   0x08005064   0x00000028   Code   RO         1678    i.HAL_TIM_Base_Stop  stm32l0xx_hal_tim.o
    0x0800508c   0x0800508c   0x00000024   Code   RO         1680    i.HAL_TIM_Base_Stop_IT  stm32l0xx_hal_tim.o
    0x080050b0   0x080050b0   0x00000002   Code   RO         1701    i.HAL_TIM_IC_CaptureCallback  stm32l0xx_hal_tim.o
    0x080050b2   0x080050b2   0x00000126   Code   RO         1715    i.HAL_TIM_IRQHandler  stm32l0xx_hal_tim.o
    0x080051d8   0x080051d8   0x00000002   Code   RO         1718    i.HAL_TIM_OC_DelayElapsedCallback  stm32l0xx_hal_tim.o
    0x080051da   0x080051da   0x00000002   Code   RO         1745    i.HAL_TIM_PWM_PulseFinishedCallback  stm32l0xx_hal_tim.o
    0x080051dc   0x080051dc   0x00000002   Code   RO         1753    i.HAL_TIM_PeriodElapsedCallback  stm32l0xx_hal_tim.o
    0x080051de   0x080051de   0x00000002   Code   RO         1758    i.HAL_TIM_TriggerCallback  stm32l0xx_hal_tim.o
    0x080051e0   0x080051e0   0x0000000a   Code   RO         2389    i.HAL_UART_GetState  stm32l0xx_hal_uart.o
    0x080051ea   0x080051ea   0x0000006a   Code   RO         2391    i.HAL_UART_Init     stm32l0xx_hal_uart.o
    0x08005254   0x08005254   0x000000c0   Code   RO          801    i.HAL_UART_MspInit  usart.o
    0x08005314   0x08005314   0x000000ce   Code   RO         2399    i.HAL_UART_Transmit  stm32l0xx_hal_uart.o
    0x080053e2   0x080053e2   0x00000002   Code   RO          847    i.HardFault_Handler  stm32l0xx_it.o
    0x080053e4   0x080053e4   0x0000000e   Code   RO         5133    i.MCU_API_aes_128_cbc_encrypt  mcu_api_stm32.o
    0x080053f2   0x080053f2   0x00000032   Code   RO         5134    i.MCU_API_delay     mcu_api_stm32.o
    0x08005424   0x08005424   0x00000004   Code   RO         5135    i.MCU_API_free      mcu_api_stm32.o
    0x08005428   0x08005428   0x00000018   Code   RO         5136    i.MCU_API_get_device_id_and_payload_encryption_flag  mcu_api_stm32.o
    0x08005440   0x08005440   0x0000000a   Code   RO         5137    i.MCU_API_get_initial_pac  mcu_api_stm32.o
    0x0800544a   0x0800544a   0x0000000a   Code   RO         5138    i.MCU_API_get_nv_mem  mcu_api_stm32.o
    0x08005454   0x08005454   0x00000010   Code   RO         5139    i.MCU_API_get_version  mcu_api_stm32.o
    0x08005464   0x08005464   0x0000000c   Code   RO         5140    i.MCU_API_get_voltage_temperature  mcu_api_stm32.o
    0x08005470   0x08005470   0x00000018   Code   RO         5141    i.MCU_API_malloc    mcu_api_stm32.o
    0x08005488   0x08005488   0x00000004   Code   RO         5142    i.MCU_API_report_test_result  mcu_api_stm32.o
    0x0800548c   0x0800548c   0x0000000a   Code   RO         5143    i.MCU_API_set_nv_mem  mcu_api_stm32.o
    0x08005496   0x08005496   0x00000002   PAD
    0x08005498   0x08005498   0x0000008c   Code   RO          684    i.MCU_API_timer_start  tim.o
    0x08005524   0x08005524   0x000000cc   Code   RO          685    i.MCU_API_timer_start_carrier_sense  tim.o
    0x080055f0   0x080055f0   0x0000001c   Code   RO          686    i.MCU_API_timer_stop  tim.o
    0x0800560c   0x0800560c   0x00000038   Code   RO          687    i.MCU_API_timer_stop_carrier_sense  tim.o
    0x08005644   0x08005644   0x0000001a   Code   RO          688    i.MCU_API_timer_wait_for_end  tim.o
    0x0800565e   0x0800565e   0x00000002   PAD
    0x08005660   0x08005660   0x00000038   Code   RO          431    i.MX_DMA_Init       dma.o
    0x08005698   0x08005698   0x0000009c   Code   RO          318    i.MX_GPIO_Init      gpio.o
    0x08005734   0x08005734   0x00000090   Code   RO          469    i.MX_RTC_Init       rtc.o
    0x080057c4   0x080057c4   0x00000040   Code   RO          580    i.MX_SPI1_Init      spi.o
    0x08005804   0x08005804   0x00000048   Code   RO          689    i.MX_TIM6_Init      tim.o
    0x0800584c   0x0800584c   0x00000038   Code   RO          802    i.MX_USART1_UART_Init  usart.o
    0x08005884   0x08005884   0x00000002   Code   RO          848    i.NMI_Handler       stm32l0xx_it.o
    0x08005886   0x08005886   0x00000002   PAD
    0x08005888   0x08005888   0x00000044   Code   RO         4285    i.NVIC_SetPriority  stm32l0xx_hal_cortex.o
    0x080058cc   0x080058cc   0x00000012   Code   RO         4645    i.NVM_Read          nvm_api.o
    0x080058de   0x080058de   0x00000002   PAD
    0x080058e0   0x080058e0   0x000000a8   Code   RO         4646    i.NVM_ReadRecord    nvm_api.o
    0x08005988   0x08005988   0x00000012   Code   RO         4648    i.NVM_Write         nvm_api.o
    0x0800599a   0x0800599a   0x00000002   PAD
    0x0800599c   0x0800599c   0x00000084   Code   RO         4649    i.NVM_WriteRecord   nvm_api.o
    0x08005a20   0x08005a20   0x00000002   Code   RO          849    i.PendSV_Handler    stm32l0xx_it.o
    0x08005a22   0x08005a22   0x00000002   PAD
    0x08005a24   0x08005a24   0x000000d4   Code   RO         4752    i.RF_API_change_frequency  rf_api.o
    0x08005af8   0x08005af8   0x00000010   Code   RO         4753    i.RF_API_get_version  rf_api.o
    0x08005b08   0x08005b08   0x00000170   Code   RO         4754    i.RF_API_init       rf_api.o
    0x08005c78   0x08005c78   0x00000058   Code   RO         4755    i.RF_API_send       rf_api.o
    0x08005cd0   0x08005cd0   0x00000090   Code   RO         4756    i.RF_API_start_continuous_transmission  rf_api.o
    0x08005d60   0x08005d60   0x00000024   Code   RO         4757    i.RF_API_stop       rf_api.o
    0x08005d84   0x08005d84   0x00000028   Code   RO         4758    i.RF_API_stop_continuous_transmission  rf_api.o
    0x08005dac   0x08005dac   0x0000018c   Code   RO         4759    i.RF_API_wait_for_clear_channel  rf_api.o
    0x08005f38   0x08005f38   0x000000f0   Code   RO         4760    i.RF_API_wait_frame  rf_api.o
    0x08006028   0x08006028   0x00000018   Code   RO         1025    i.RTC_ByteToBcd2    stm32l0xx_hal_rtc.o
    0x08006040   0x08006040   0x00000038   Code   RO         1026    i.RTC_EnterInitMode  stm32l0xx_hal_rtc.o
    0x08006078   0x08006078   0x00000074   Code   RO          850    i.RTC_IRQHandler    stm32l0xx_it.o
    0x080060ec   0x080060ec   0x0000000c   Code   RO          581    i.S2LPGetSpiInUse   spi.o
    0x080060f8   0x080060f8   0x00000068   Code   RO          319    i.S2LPIRQEnable     gpio.o
    0x08006160   0x08006160   0x00000050   Code   RO          320    i.S2LPIRQInit       gpio.o
    0x080061b0   0x080061b0   0x0000000c   Code   RO         4419    i.S2LPManagementGetRangeExtender  s2lp_aux_utils.o
    0x080061bc   0x080061bc   0x0000000c   Code   RO         4421    i.S2LPManagementGetXtalFrequency  s2lp_aux_utils.o
    0x080061c8   0x080061c8   0x0000000c   Code   RO         4423    i.S2LPManagementSetBand  s2lp_aux_utils.o
    0x080061d4   0x080061d4   0x0000000c   Code   RO         4424    i.S2LPManagementSetRangeExtender  s2lp_aux_utils.o
    0x080061e0   0x080061e0   0x00000002   Code   RO         4507    i.S2LPRadioSetPALevelMaxIndex  s2lp_aux_fem_auto.o
    0x080061e2   0x080061e2   0x00000002   Code   RO         4508    i.S2LPRadioSetPALeveldBm  s2lp_aux_fem_auto.o
    0x080061e4   0x080061e4   0x0000000c   Code   RO         4425    i.S2LPRadioSetXtalFrequency  s2lp_aux_utils.o
    0x080061f0   0x080061f0   0x00000014   Code   RO          322    i.S2LPShutdownEnter  gpio.o
    0x08006204   0x08006204   0x00000028   Code   RO          323    i.S2LPShutdownExit  gpio.o
    0x0800622c   0x0800622c   0x0000003c   Code   RO          324    i.S2LPShutdownInit  gpio.o
    0x08006268   0x08006268   0x00000108   Code   RO          584    i.S2LPSpiRaw        spi.o
    0x08006370   0x08006370   0x000000e4   Code   RO          588    i.S2LPSpiWriteRegisters  spi.o
    0x08006454   0x08006454   0x00000022   Code   RO         1391    i.SPI_DMAError      stm32l0xx_hal_spi.o
    0x08006476   0x08006476   0x0000000a   Code   RO         1392    i.SPI_DMAHalfReceiveCplt  stm32l0xx_hal_spi.o
    0x08006480   0x08006480   0x0000000a   Code   RO         1394    i.SPI_DMAHalfTransmitReceiveCplt  stm32l0xx_hal_spi.o
    0x0800648a   0x0800648a   0x00000056   Code   RO         1395    i.SPI_DMAReceiveCplt  stm32l0xx_hal_spi.o
    0x080064e0   0x080064e0   0x0000005c   Code   RO         1398    i.SPI_DMATransmitReceiveCplt  stm32l0xx_hal_spi.o
    0x0800653c   0x0800653c   0x0000005c   Code   RO         1400    i.SPI_EndRxTransaction  stm32l0xx_hal_spi.o
    0x08006598   0x08006598   0x00000042   Code   RO         1401    i.SPI_EndRxTxTransaction  stm32l0xx_hal_spi.o
    0x080065da   0x080065da   0x0000008c   Code   RO         1406    i.SPI_WaitFlagStateUntilTimeout  stm32l0xx_hal_spi.o
    0x08006666   0x08006666   0x00000002   PAD
    0x08006668   0x08006668   0x00000044   Code   RO          243    i.ST_Init           main.o
    0x080066ac   0x080066ac   0x00000014   Code   RO          325    i.ST_MCU_API_GpioIRQ  gpio.o
    0x080066c0   0x080066c0   0x00000012   Code   RO          327    i.ST_MCU_API_Shutdown  gpio.o
    0x080066d2   0x080066d2   0x0000000a   Code   RO          589    i.ST_MCU_API_SpiRaw  spi.o
    0x080066dc   0x080066dc   0x000000c0   Code   RO          690    i.ST_MCU_API_TimerCalibration  tim.o
    0x0800679c   0x0800679c   0x00000038   Code   RO          691    i.ST_MCU_API_WaitForInterrupt  tim.o
    0x080067d4   0x080067d4   0x00000020   Code   RO         4761    i.ST_RF_API_GetRSSI  rf_api.o
    0x080067f4   0x080067f4   0x0000000c   Code   RO         4762    i.ST_RF_API_Get_Continuous_TX_or_MONARCH_Scan_Flag  rf_api.o
    0x08006800   0x08006800   0x0000001a   Code   RO         4763    i.ST_RF_API_ReadFifo  rf_api.o
    0x0800681a   0x0800681a   0x00000012   Code   RO         4764    i.ST_RF_API_ReadFifoStatus  rf_api.o
    0x0800682c   0x0800682c   0x00000034   Code   RO         4765    i.ST_RF_API_S2LP_IRQ_CB  rf_api.o
    0x08006860   0x08006860   0x0000001c   Code   RO         4766    i.ST_RF_API_SetFifoLength  rf_api.o
    0x0800687c   0x0800687c   0x00000012   Code   RO         4767    i.ST_RF_API_StartRx  rf_api.o
    0x0800688e   0x0800688e   0x00000002   PAD
    0x08006890   0x08006890   0x00000024   Code   RO         4768    i.ST_RF_API_StartTx  rf_api.o
    0x080068b4   0x080068b4   0x00000012   Code   RO         4769    i.ST_RF_API_StopRxTx  rf_api.o
    0x080068c6   0x080068c6   0x00000002   PAD
    0x080068c8   0x080068c8   0x0000000c   Code   RO         4770    i.ST_RF_API_Timer_CB  rf_api.o
    0x080068d4   0x080068d4   0x0000000c   Code   RO         4771    i.ST_RF_API_Timer_Channel_Clear_CB  rf_api.o
    0x080068e0   0x080068e0   0x00000002   Code   RO         4772    i.ST_RF_API_custom_setting  rf_api.o
    0x080068e2   0x080068e2   0x00000002   PAD
    0x080068e4   0x080068e4   0x00000010   Code   RO         4775    i.ST_RF_API_get_ramp_duration  rf_api.o
    0x080068f4   0x080068f4   0x00000018   Code   RO         4779    i.ST_RF_API_gpio_rx_pin  rf_api.o
    0x0800690c   0x0800690c   0x00000018   Code   RO         4780    i.ST_RF_API_gpio_tx_pin  rf_api.o
    0x08006924   0x08006924   0x00000018   Code   RO         4781    i.ST_RF_API_gpio_tx_rx_pin  rf_api.o
    0x0800693c   0x0800693c   0x0000000c   Code   RO         4782    i.ST_RF_API_reduce_output_power  rf_api.o
    0x08006948   0x08006948   0x0000000c   Code   RO         4783    i.ST_RF_API_set_freq_offset  rf_api.o
    0x08006954   0x08006954   0x0000000c   Code   RO         4784    i.ST_RF_API_set_lbt_thr_offset  rf_api.o
    0x08006960   0x08006960   0x0000000c   Code   RO         4785    i.ST_RF_API_set_pa  rf_api.o
    0x0800696c   0x0800696c   0x0000000c   Code   RO         4786    i.ST_RF_API_set_rssi_offset  rf_api.o
    0x08006978   0x08006978   0x0000000c   Code   RO         4788    i.ST_RF_API_set_xtal_freq  rf_api.o
    0x08006984   0x08006984   0x00000088   Code   RO           12    i.ST_Sigfox_Init    st_sigfox_init.o
    0x08006a0c   0x08006a0c   0x00000002   Code   RO          851    i.SVC_Handler       stm32l0xx_it.o
    0x08006a0e   0x08006a0e   0x00000002   PAD
    0x08006a10   0x08006a10   0x0000000c   Code   RO         4426    i.SdkEvalGetDaughterBoardType  s2lp_aux_utils.o
    0x08006a1c   0x08006a1c   0x00000002   Code   RO          590    i.SdkEvalSpiRawTC   spi.o
    0x08006a1e   0x08006a1e   0x00000002   PAD
    0x08006a20   0x08006a20   0x00000098   Code   RO          692    i.SdkEvalTimersFindFactors  tim.o
    0x08006ab8   0x08006ab8   0x00000090   Code   RO          693    i.SdkEvalTimersTimConfig  tim.o
    0x08006b48   0x08006b48   0x00000040   Code   RO         4650    i.SetNVMInitial     nvm_api.o
    0x08006b88   0x08006b88   0x000000ec   Code   RO           14    i.St_Sigfox_Open_RCZ  st_sigfox_init.o
    0x08006c74   0x08006c74   0x00000008   Code   RO          852    i.SysTick_Handler   stm32l0xx_it.o
    0x08006c7c   0x08006c7c   0x00000070   Code   RO          244    i.SystemClock_Config  main.o
    0x08006cec   0x08006cec   0x00000054   Code   RO         4383    i.SystemInit        system_stm32l0xx.o
    0x08006d40   0x08006d40   0x00000010   Code   RO          853    i.TIM6_DAC_IRQHandler  stm32l0xx_it.o
    0x08006d50   0x08006d50   0x00000058   Code   RO         1760    i.TIM_Base_SetConfig  stm32l0xx_hal_tim.o
    0x08006da8   0x08006da8   0x000000ca   Code   RO         2404    i.UART_AdvFeatureConfig  stm32l0xx_hal_uart.o
    0x08006e72   0x08006e72   0x00000002   PAD
    0x08006e74   0x08006e74   0x00000060   Code   RO         2405    i.UART_CheckIdleState  stm32l0xx_hal_uart.o
    0x08006ed4   0x08006ed4   0x00000228   Code   RO         2420    i.UART_SetConfig    stm32l0xx_hal_uart.o
    0x080070fc   0x080070fc   0x00000062   Code   RO         2423    i.UART_WaitOnFlagUntilTimeout  stm32l0xx_hal_uart.o
    0x0800715e   0x0800715e   0x00000002   PAD
    0x08007160   0x08007160   0x00000020   Code   RO         5599    i.__0printf$5       mc_p.l(printf5.o)
    0x08007180   0x08007180   0x00000030   Code   RO         5091    i.__ARM_common_ll_muluu  rf_api.o
    0x080071b0   0x080071b0   0x0000001a   Code   RO           40    i.__ARM_common_switch8  st_sigfox_init.o
    0x080071ca   0x080071ca   0x0000000e   Code   RO         5775    i.__scatterload_copy  mc_p.l(handlers.o)
    0x080071d8   0x080071d8   0x00000002   Code   RO         5776    i.__scatterload_null  mc_p.l(handlers.o)
    0x080071da   0x080071da   0x0000000e   Code   RO         5777    i.__scatterload_zeroinit  mc_p.l(handlers.o)
    0x080071e8   0x080071e8   0x000002dc   Code   RO         5606    i._printf_core      mc_p.l(printf5.o)
    0x080074c4   0x080074c4   0x00000040   Code   RO         4651    i._setBlockState    nvm_api.o
    0x08007504   0x08007504   0x00000032   Code   RO         4652    i._writeRecordInternal  nvm_api.o
    0x08007536   0x08007536   0x00000002   PAD
    0x08007538   0x08007538   0x00000100   Code   RO          950    i.callback          monarch_app.o
    0x08007638   0x08007638   0x00000024   Code   RO          951    i.closeSigfoxLib    monarch_app.o
    0x0800765c   0x0800765c   0x00000128   Code   RO          952    i.configRegion      monarch_app.o
    0x08007784   0x08007784   0x00000020   Code   RO         4653    i.eraseAllSector    nvm_api.o
    0x080077a4   0x080077a4   0x00000020   Code   RO          803    i.fputc             usart.o
    0x080077c4   0x080077c4   0x0000000c   Code   RO          328    i.getLowPowerFlag   gpio.o
    0x080077d0   0x080077d0   0x0000000c   Code   RO          694    i.getNIntermediateTimIrqFlag  tim.o
    0x080077dc   0x080077dc   0x0000000c   Code   RO          470    i.getNextRtcWakeUpFlag  rtc.o
    0x080077e8   0x080077e8   0x0000000c   Code   RO          695    i.getNotifyEndFlag  tim.o
    0x080077f4   0x080077f4   0x00000008   Code   RO          471    i.getRtcHandler     rtc.o
    0x080077fc   0x080077fc   0x0000000c   Code   RO          472    i.getRtcInUseFlag   rtc.o
    0x08007808   0x08007808   0x0000000c   Code   RO          473    i.getRtcInUseForCsFlag  rtc.o
    0x08007814   0x08007814   0x0000000c   Code   RO          474    i.getRtcIrqFlag     rtc.o
    0x08007820   0x08007820   0x0000000c   Code   RO          475    i.getRtcPrescFlag   rtc.o
    0x0800782c   0x0800782c   0x0000000c   Code   RO          329    i.getS2lpIrqRaisedFlag  gpio.o
    0x08007838   0x08007838   0x0000000c   Code   RO          953    i.getScanStatus     monarch_app.o
    0x08007844   0x08007844   0x00000042   Code   RO          245    i.main              main.o
    0x08007886   0x08007886   0x00000002   PAD
    0x08007888   0x08007888   0x000000cc   Code   RO          246    i.mcuConfig         main.o
    0x08007954   0x08007954   0x00000034   Code   RO          954    i.monarchScan       monarch_app.o
    0x08007988   0x08007988   0x00000018   Code   RO         4790    i.pn9_next          rf_api.o
    0x080079a0   0x080079a0   0x00000016   Code   RO         4791    i.pn9_next_byte     rf_api.o
    0x080079b6   0x080079b6   0x00000016   Code   RO         4792    i.priv_ST_MANUF_CmdStrobe  rf_api.o
    0x080079cc   0x080079cc   0x00000042   Code   RO         4793    i.priv_ST_MANUF_ReadRegisters  rf_api.o
    0x08007a0e   0x08007a0e   0x00000002   PAD
    0x08007a10   0x08007a10   0x00000060   Code   RO         4794    i.priv_ST_MANUF_SpiRaw_Ramp  rf_api.o
    0x08007a70   0x08007a70   0x000000f4   Code   RO         4795    i.priv_ST_MANUF_Transmission_Tick  rf_api.o
    0x08007b64   0x08007b64   0x0000002e   Code   RO         4796    i.priv_ST_MANUF_WriteRegisters  rf_api.o
    0x08007b92   0x08007b92   0x00000002   PAD
    0x08007b94   0x08007b94   0x0000005c   Code   RO         4797    i.priv_ST_MANUF_rf_load_first_ramp_up  rf_api.o
    0x08007bf0   0x08007bf0   0x00000108   Code   RO         4798    i.priv_ST_MANUF_rx_monarch_rf_init  rf_api.o
    0x08007cf8   0x08007cf8   0x00000220   Code   RO         4799    i.priv_ST_MANUF_rx_rf_init  rf_api.o
    0x08007f18   0x08007f18   0x000003ac   Code   RO         4800    i.priv_ST_MANUF_tx_rf_dbpsk_init  rf_api.o
    0x080082c4   0x080082c4   0x0000003c   Code   RO         4801    i.priv_ST_MANUF_tx_rf_dbpsk_single_bit  rf_api.o
    0x08008300   0x08008300   0x000000d4   Code   RO         4802    i.priv_ST_MANUF_tx_rf_init  rf_api.o
    0x080083d4   0x080083d4   0x00000044   Code   RO          955    i.sendFrameRCZ      monarch_app.o
    0x08008418   0x08008418   0x0000000c   Code   RO          696    i.setNIntermediateTimIrqFlag  tim.o
    0x08008424   0x08008424   0x0000000c   Code   RO          476    i.setNextRtcWakeUpFlag  rtc.o
    0x08008430   0x08008430   0x0000000c   Code   RO          477    i.setRtcInUseFlag   rtc.o
    0x0800843c   0x0800843c   0x0000000c   Code   RO          478    i.setRtcInUseForCsFlag  rtc.o
    0x08008448   0x08008448   0x0000000c   Code   RO          479    i.setRtcIrqFlag     rtc.o
    0x08008454   0x08008454   0x0000000c   Code   RO          480    i.setRtcPrescFlag   rtc.o
    0x08008460   0x08008460   0x0000000c   Code   RO          330    i.setS2lpIrqRaisedFlag  gpio.o
    0x0800846c   0x0800846c   0x0000000c   Code   RO          956    i.setScanStatus     monarch_app.o
    0x08008478   0x08008478   0x00000104   Data   RO           15    .constdata          st_sigfox_init.o
    0x0800857c   0x0800857c   0x0000003c   Data   RO          699    .constdata          tim.o
    0x080085b8   0x080085b8   0x00000019   Data   RO         4384    .constdata          system_stm32l0xx.o
    0x080085d1   0x080085d1   0x00000008   Data   RO         4385    .constdata          system_stm32l0xx.o
    0x080085d9   0x080085d9   0x00000050   Data   RO         4803    .constdata          rf_api.o
    0x08008629   0x08008629   0x000001e1   Data   RO         4804    .constdata          rf_api.o
    0x0800880a   0x0800880a   0x000001e1   Data   RO         4805    .constdata          rf_api.o
    0x080089eb   0x080089eb   0x00000007   Data   RO         5146    .constdata          mcu_api_stm32.o
    0x080089f2   0x080089f2   0x00000002   PAD
    0x080089f4   0x080089f4   0x00000100   Data   RO         5290    .rodata             ST_RETRIEVER_LIB_STM32L053xx.a(retriever_api.o)
    0x08008af4   0x08008af4   0x00000100   Data   RO         5291    .rodata             ST_RETRIEVER_LIB_STM32L053xx.a(retriever_api.o)
    0x08008bf4   0x08008bf4   0x00000100   Data   RO         5292    .rodata             ST_RETRIEVER_LIB_STM32L053xx.a(retriever_api.o)
    0x08008cf4   0x08008cf4   0x00000020   Data   RO         5773    Region$$Table       anon$$obj.o


    Execution Region BLOCK_SIGFOXUSER_FLASH_DATA (Exec base: 0x08080000, Load base: 0x08008d88, Size: 0x00000100, Max: 0x00000100, ABSOLUTE, UNINIT)

    Exec Addr    Load Addr    Size         Type   Attr      Idx    E Section Name        Object

    0x08080000        -       0x00000080   Zero   RW         5240    .noinit.sigfox_board_data  sdk_utils_flash.o
    0x08080080        -       0x00000080   Zero   RW         5241    .noinit.sigfox_nvm_data  sdk_utils_flash.o


    Execution Region RW_IRAM1 (Exec base: 0x20000000, Load base: 0x08008d14, Size: 0x00001028, Max: 0x00002000, ABSOLUTE, COMPRESSED[0x00000074])

    Exec Addr    Load Addr    Size         Type   Attr      Idx    E Section Name        Object

    0x20000000   COMPRESSED   0x0000003c   Data   RW          247    .data               main.o
    0x2000003c   COMPRESSED   0x00000002   Data   RW          331    .data               gpio.o
    0x2000003e   COMPRESSED   0x00000002   PAD
    0x20000040   COMPRESSED   0x0000000c   Data   RW          482    .data               rtc.o
    0x2000004c   COMPRESSED   0x00000002   Data   RW          592    .data               spi.o
    0x2000004e   COMPRESSED   0x00000002   PAD
    0x20000050   COMPRESSED   0x00000048   Data   RW          701    .data               tim.o
    0x20000098   COMPRESSED   0x00000004   Data   RW          854    .data               stm32l0xx_it.o
    0x2000009c   COMPRESSED   0x00000002   Data   RW          957    .data               monarch_app.o
    0x2000009e   COMPRESSED   0x00000002   PAD
    0x200000a0   COMPRESSED   0x00000004   Data   RW         2807    .data               stm32l0xx_hal.o
    0x200000a4   COMPRESSED   0x00000004   Data   RW         4386    .data               system_stm32l0xx.o
    0x200000a8   COMPRESSED   0x00000008   Data   RW         4429    .data               s2lp_aux_utils.o
    0x200000b0   COMPRESSED   0x00000003   Data   RW         4509    .data               s2lp_aux_fem_auto.o
    0x200000b3   COMPRESSED   0x00000001   PAD
    0x200000b4   COMPRESSED   0x00000010   Data   RW         4654    .data               nvm_api.o
    0x200000c4   COMPRESSED   0x000000a0   Data   RW         4806    .data               rf_api.o
    0x20000164   COMPRESSED   0x00000001   Data   RW         5147    .data               mcu_api_stm32.o
    0x20000165   COMPRESSED   0x00000003   PAD
    0x20000168   COMPRESSED   0x00000080   Data   RW         5294    .data               ST_RETRIEVER_LIB_STM32L053xx.a(retriever_api.o)
    0x200001e8   COMPRESSED   0x00000038   Data   RW         5349    .data               SFX_LIB_V2.8.0_FDL_MON_IAR8.11_cortexM0+.a(sigfox_monarch_api.o)
    0x20000220   COMPRESSED   0x00000004   Data   RW         5749    .data               mc_p.l(stdout.o)
    0x20000224        -       0x00000024   Zero   RW          481    .bss                rtc.o
    0x20000248        -       0x000001e8   Zero   RW          591    .bss                spi.o
    0x20000430        -       0x0000003c   Zero   RW          698    .bss                tim.o
    0x2000046c        -       0x00000110   Zero   RW          804    .bss                usart.o
    0x2000057c        -       0x00000018   Zero   RW         3752    .bss                stm32l0xx_hal_flash.o
    0x20000594        -       0x00000058   Zero   RW         4559    .bss                s2lp_aux_eeprom.o
    0x200005ec        -       0x000001f4   Zero   RW         5145    .bss                mcu_api_stm32.o
    0x200007e0        -       0x0000000c   Zero   RW         5238    .bss                sdk_utils_flash.o
    0x200007ec        -       0x000000b0   Zero   RW         5289    .bss                ST_RETRIEVER_LIB_STM32L053xx.a(retriever_api.o)
    0x2000089c        -       0x00000008   Zero   RW         5326    .bss                SFX_LIB_V2.8.0_FDL_MON_IAR8.11_cortexM0+.a(sigfox_api.o)
    0x200008a4        -       0x00000004   Zero   RW         5350    .bss                SFX_LIB_V2.8.0_FDL_MON_IAR8.11_cortexM0+.a(sigfox_monarch_api.o)
    0x200008a8        -       0x000002c8   Zero   RW         5360    .bss                ST_MONARCH_LIB_CM0.a(monarch_api.o)
    0x20000b70        -       0x00000002   Zero   RW         5361    .bss                ST_MONARCH_LIB_CM0.a(monarch_api.o)
    0x20000b72   COMPRESSED   0x00000002   PAD
    0x20000b74        -       0x00000030   Zero   RW         5363    .bss                ST_MONARCH_LIB_CM0.a(monarch_api.o)
    0x20000ba4        -       0x00000064   Zero   RW         5365    .bss                ST_MONARCH_LIB_CM0.a(monarch_api.o)
    0x20000c08        -       0x00000020   Zero   RW         5431    .bss                SFX_LIB_V2.8.0_FDL_MON_IAR8.11_cortexM0+.a(sigfox_hmac.o)
    0x20000c28        -       0x00000400   Zero   RW            1    STACK               startup_stm32l052xx.o


==============================================================================

Image component sizes


      Code (inc. data)   RO Data    RW Data    ZI Data      Debug   Object Name

        56          4          0          0          0       5182   dma.o
       574         82          0          2          0      11640   gpio.o
       452         88          0         60          0       8625   main.o
       178         14          7          1        500      25183   mcu_api_stm32.o
       732        274          0          2          0       4758   monarch_app.o
       558         36          0         16          0       7364   nvm_api.o
      4646        288       1042        160          0      54151   rf_api.o
       400         86          0         12         36       7629   rtc.o
       240         20          0          0         88       3746   s2lp_aux_eeprom.o
       160         10          0          3          0       3592   s2lp_aux_fem_auto.o
        72         36          0          8          0       4341   s2lp_aux_utils.o
       328          6          0          0        268       5916   sdk_utils_flash.o
       836         66          0          2        488       6555   spi.o
       398         28        260          0          0     415140   st_sigfox_init.o
        28          8        192          0       1024        668   startup_stm32l052xx.o
       144         20          0          4          0       3999   stm32l0xx_hal.o
       164         30          0          0          0      11467   stm32l0xx_hal_cortex.o
       460         12          0          0          0       3807   stm32l0xx_hal_dma.o
       268         22          0          0         24       3899   stm32l0xx_hal_flash.o
       196         36          0          0          0       3114   stm32l0xx_hal_flash_ex.o
       412         36          0          0          0       3099   stm32l0xx_hal_gpio.o
        24          4          0          0          0        466   stm32l0xx_hal_msp.o
        68         12          0          0          0       1211   stm32l0xx_hal_pwr.o
      1706         92          0          0          0       5792   stm32l0xx_hal_rcc.o
       376         14          0          0          0       1540   stm32l0xx_hal_rcc_ex.o
       748         14          0          0          0       5460   stm32l0xx_hal_rtc.o
       428         18          0          0          0       4099   stm32l0xx_hal_rtc_ex.o
      1464         22          0          0          0      12839   stm32l0xx_hal_spi.o
       586         20          0          0          0       8770   stm32l0xx_hal_tim.o
        60          0          0          0          0       1268   stm32l0xx_hal_tim_ex.o
      1270         76          0          0          0       7369   stm32l0xx_hal_uart.o
       206         32          0          4          0       5675   stm32l0xx_it.o
        84         18         33          4          0       1319   system_stm32l0xx.o
      1154        132         60         72         60       9794   tim.o
       280         30          0          0        272       2404   usart.o

    ----------------------------------------------------------------------
     19802       1686       1628        360       2760     661881   Object Totals
         0          0         32          0          0          0   (incl. Generated)
        46          0          2         10          0          0   (incl. Padding)

    ----------------------------------------------------------------------

      Code (inc. data)   RO Data    RW Data    ZI Data      Debug   Library Member Name

      1352         56          0          0          8       1112   sigfox_api.o
       560         20          0          0          0        221   sigfox_callback.o
       126          8          0          0          0        150   sigfox_crc.o
       524         44          0          0          0        159   sigfox_decode.o
       116         12          0          0         32         80   sigfox_hmac.o
      3902         80          0          0          0       1591   sigfox_internal.o
       424         20          0         56          4        301   sigfox_monarch_api.o
       100          4          0          0          0         78   sigfox_pn.o
       140         16          0          0          0         79   sigfox_scramb.o
      1840        148          0          0        862        808   monarch_api.o
      3020         44        768        128        176       1834   retriever_api.o
        86          0          0          0          0          0   __dczerorl2.o
         0          0          0          0          0          0   entry.o
         0          0          0          0          0          0   entry10a.o
         0          0          0          0          0          0   entry11a.o
         8          4          0          0          0          0   entry2.o
         4          0          0          0          0          0   entry5.o
         0          0          0          0          0          0   entry7b.o
         0          0          0          0          0          0   entry8b.o
         8          4          0          0          0          0   entry9a.o
        30          0          0          0          0          0   handlers.o
        40          0          0          0          0         72   idiv.o
        36          8          0          0          0         68   init.o
         0          0          0          0          0          0   iusefp.o
       122          0          0          0          0         84   llmul.o
        32          0          0          0          0         68   llshl.o
        34          0          0          0          0         68   llushr.o
        36          0          0          0          0         60   memcpya.o
        36          0          0          0          0        100   memseta.o
       764         52          0          0          0        168   printf5.o
         0          0          0          4          0          0   stdout.o
        44          0          0          0          0         72   uidiv.o
        96          0          0          0          0         84   uldiv.o
       124          0          0          0          0         72   fdiv.o
       130          0          0          0          0        144   fepilogue.o
        40          0          0          0          0         60   ffixui.o
        14          0          0          0          0         68   ffltui.o
       122          0          0          0          0         72   fmul.o

    ----------------------------------------------------------------------
     13918        520        768        188       1084       7673   Library Totals
         8          0          0          0          2          0   (incl. Padding)

    ----------------------------------------------------------------------

      Code (inc. data)   RO Data    RW Data    ZI Data      Debug   Library Name

      7244        260          0         56         44       3771   SFX_LIB_V2.8.0_FDL_MON_IAR8.11_cortexM0+.a
      1840        148          0          0        862        808   ST_MONARCH_LIB_CM0.a
      3020         44        768        128        176       1834   ST_RETRIEVER_LIB_STM32L053xx.a
      1376         68          0          4          0        844   mc_p.l
       430          0          0          0          0        416   mf_p.l

    ----------------------------------------------------------------------
     13918        520        768        188       1084       7673   Library Totals

    ----------------------------------------------------------------------

==============================================================================


      Code (inc. data)   RO Data    RW Data    ZI Data      Debug   

     33720       2206       2396        548       3844     654774   Grand Totals
     33720       2206       2396        116       3844     654774   ELF Image Totals (compressed)
     33720       2206       2396        116          0          0   ROM Totals

==============================================================================

    Total RO  Size (Code + RO Data)                36116 (  35.27kB)
    Total RW  Size (RW Data + ZI Data)              4392 (   4.29kB)
    Total ROM Size (Code + RO Data + RW Data)      36232 (  35.38kB)

==============================================================================

