<!doctype html public "-//w3c//dtd html 4.0 transitional//en">
<html><head>
<title>Static Call Graph - [Sigfox\Sigfox.axf]</title></head>
<body><HR>
<H1>Static Call Graph for image Sigfox\Sigfox.axf</H1><HR>
<BR><P>#&#060CALLGRAPH&#062# ARM Linker, 5060750: Last Updated: Mon Jul 27 09:48:19 2020
<BR><P>
<H3>Maximum Stack Usage =        916 bytes + Unknown(Cycles, Untraceable Function Pointers)</H3><H3>
Call chain for Maximum Stack Depth:</H3>
main &rArr; configRegion &rArr; sendFrameRCZ &rArr; SIGFOX_API_send_frame &rArr; SIGFOX_INT_execute_communication_sequence &rArr; SIGFOX_INT_process_downlink &rArr; SIGFOX_INT_get_received_frames &rArr; RF_API_wait_frame &rArr; ST_MCU_API_WaitForInterrupt &rArr; ST_RF_API_S2LP_IRQ_CB &rArr; ST_MONARCH_API_AFTHR_GPIO_CB &rArr; NextFrequencyRequest &rArr; RF_API_change_frequency &rArr; priv_ST_MANUF_ReadRegisters &rArr; ST_MCU_API_SpiRaw &rArr; S2LPSpiRaw &rArr; HAL_SPI_TransmitReceive_DMA &rArr; HAL_DMA_Start_IT &rArr; DMA_SetConfig
<P>
<H3>
Mutually Recursive functions
</H3> <LI><a href="#[42]">ADC1_COMP_IRQHandler</a>&nbsp;&nbsp;&nbsp;&rArr;&nbsp;&nbsp;&nbsp;<a href="#[42]">ADC1_COMP_IRQHandler</a><BR>
 <LI><a href="#[32]">HardFault_Handler</a>&nbsp;&nbsp;&nbsp;&rArr;&nbsp;&nbsp;&nbsp;<a href="#[32]">HardFault_Handler</a><BR>
 <LI><a href="#[ae]">[Anonymous Symbol]</a>&nbsp;&nbsp;&nbsp;&rArr;&nbsp;&nbsp;&nbsp;<a href="#[ae]">[Anonymous Symbol]</a><BR>
</UL>
<P>
<H3>
Function Pointers
</H3><UL>
 <LI><a href="#[42]">ADC1_COMP_IRQHandler</a> from startup_stm32l052xx.o(.text) referenced from startup_stm32l052xx.o(RESET)
 <LI><a href="#[5e]">BSP_GetTick</a> from custom_bus.o(i.BSP_GetTick) referenced from iks01a2_motion_sensors.o(i.LSM303AGR_ACC_0_Probe)
 <LI><a href="#[5e]">BSP_GetTick</a> from custom_bus.o(i.BSP_GetTick) referenced from iks01a2_motion_sensors.o(i.LSM303AGR_MAG_0_Probe)
 <LI><a href="#[5e]">BSP_GetTick</a> from custom_bus.o(i.BSP_GetTick) referenced from iks01a2_motion_sensors.o(i.LSM6DSL_0_Probe)
 <LI><a href="#[5b]">BSP_I2C1_DeInit</a> from custom_bus.o(i.BSP_I2C1_DeInit) referenced from iks01a2_motion_sensors.o(i.LSM303AGR_ACC_0_Probe)
 <LI><a href="#[5b]">BSP_I2C1_DeInit</a> from custom_bus.o(i.BSP_I2C1_DeInit) referenced from iks01a2_motion_sensors.o(i.LSM303AGR_MAG_0_Probe)
 <LI><a href="#[5b]">BSP_I2C1_DeInit</a> from custom_bus.o(i.BSP_I2C1_DeInit) referenced from iks01a2_motion_sensors.o(i.LSM6DSL_0_Probe)
 <LI><a href="#[5a]">BSP_I2C1_Init</a> from custom_bus.o(i.BSP_I2C1_Init) referenced from iks01a2_motion_sensors.o(i.LSM303AGR_ACC_0_Probe)
 <LI><a href="#[5a]">BSP_I2C1_Init</a> from custom_bus.o(i.BSP_I2C1_Init) referenced from iks01a2_motion_sensors.o(i.LSM303AGR_MAG_0_Probe)
 <LI><a href="#[5a]">BSP_I2C1_Init</a> from custom_bus.o(i.BSP_I2C1_Init) referenced from iks01a2_motion_sensors.o(i.LSM6DSL_0_Probe)
 <LI><a href="#[5c]">BSP_I2C1_ReadReg</a> from custom_bus.o(i.BSP_I2C1_ReadReg) referenced from iks01a2_motion_sensors.o(i.LSM303AGR_ACC_0_Probe)
 <LI><a href="#[5c]">BSP_I2C1_ReadReg</a> from custom_bus.o(i.BSP_I2C1_ReadReg) referenced from iks01a2_motion_sensors.o(i.LSM303AGR_MAG_0_Probe)
 <LI><a href="#[5c]">BSP_I2C1_ReadReg</a> from custom_bus.o(i.BSP_I2C1_ReadReg) referenced from iks01a2_motion_sensors.o(i.LSM6DSL_0_Probe)
 <LI><a href="#[5d]">BSP_I2C1_WriteReg</a> from custom_bus.o(i.BSP_I2C1_WriteReg) referenced from iks01a2_motion_sensors.o(i.LSM303AGR_ACC_0_Probe)
 <LI><a href="#[5d]">BSP_I2C1_WriteReg</a> from custom_bus.o(i.BSP_I2C1_WriteReg) referenced from iks01a2_motion_sensors.o(i.LSM303AGR_MAG_0_Probe)
 <LI><a href="#[5d]">BSP_I2C1_WriteReg</a> from custom_bus.o(i.BSP_I2C1_WriteReg) referenced from iks01a2_motion_sensors.o(i.LSM6DSL_0_Probe)
 <LI><a href="#[3f]">DMA1_Channel1_IRQHandler</a> from startup_stm32l052xx.o(.text) referenced from startup_stm32l052xx.o(RESET)
 <LI><a href="#[40]">DMA1_Channel2_3_IRQHandler</a> from stm32l0xx_it.o(i.DMA1_Channel2_3_IRQHandler) referenced from startup_stm32l052xx.o(RESET)
 <LI><a href="#[41]">DMA1_Channel4_5_6_7_IRQHandler</a> from stm32l0xx_it.o(i.DMA1_Channel4_5_6_7_IRQHandler) referenced from startup_stm32l052xx.o(RESET)
 <LI><a href="#[3b]">EXTI0_1_IRQHandler</a> from stm32l0xx_it.o(i.EXTI0_1_IRQHandler) referenced from startup_stm32l052xx.o(RESET)
 <LI><a href="#[3c]">EXTI2_3_IRQHandler</a> from startup_stm32l052xx.o(.text) referenced from startup_stm32l052xx.o(RESET)
 <LI><a href="#[3d]">EXTI4_15_IRQHandler</a> from stm32l0xx_it.o(i.EXTI4_15_IRQHandler) referenced from startup_stm32l052xx.o(RESET)
 <LI><a href="#[39]">FLASH_IRQHandler</a> from startup_stm32l052xx.o(.text) referenced from startup_stm32l052xx.o(RESET)
 <LI><a href="#[32]">HardFault_Handler</a> from stm32l0xx_it.o(i.HardFault_Handler) referenced from startup_stm32l052xx.o(RESET)
 <LI><a href="#[48]">I2C1_IRQHandler</a> from startup_stm32l052xx.o(.text) referenced from startup_stm32l052xx.o(RESET)
 <LI><a href="#[49]">I2C2_IRQHandler</a> from startup_stm32l052xx.o(.text) referenced from startup_stm32l052xx.o(RESET)
 <LI><a href="#[43]">LPTIM1_IRQHandler</a> from startup_stm32l052xx.o(.text) referenced from startup_stm32l052xx.o(RESET)
 <LI><a href="#[17]">LSM303AGR_ACC_DeInit</a> from lsm303agr.o(i.LSM303AGR_ACC_DeInit) referenced 2 times from lsm303agr.o(.data)
 <LI><a href="#[1b]">LSM303AGR_ACC_Disable</a> from lsm303agr.o(i.LSM303AGR_ACC_Disable) referenced 2 times from lsm303agr.o(.data)
 <LI><a href="#[1a]">LSM303AGR_ACC_Enable</a> from lsm303agr.o(i.LSM303AGR_ACC_Enable) referenced 2 times from lsm303agr.o(.data)
 <LI><a href="#[21]">LSM303AGR_ACC_GetAxes</a> from lsm303agr.o(i.LSM303AGR_ACC_GetAxes) referenced 2 times from lsm303agr.o(.data)
 <LI><a href="#[22]">LSM303AGR_ACC_GetAxesRaw</a> from lsm303agr.o(i.LSM303AGR_ACC_GetAxesRaw) referenced 2 times from lsm303agr.o(.data)
 <LI><a href="#[19]">LSM303AGR_ACC_GetCapabilities</a> from lsm303agr.o(i.LSM303AGR_ACC_GetCapabilities) referenced 2 times from lsm303agr.o(.data)
 <LI><a href="#[1f]">LSM303AGR_ACC_GetFullScale</a> from lsm303agr.o(i.LSM303AGR_ACC_GetFullScale) referenced 2 times from lsm303agr.o(.data)
 <LI><a href="#[1d]">LSM303AGR_ACC_GetOutputDataRate</a> from lsm303agr.o(i.LSM303AGR_ACC_GetOutputDataRate) referenced 2 times from lsm303agr.o(.data)
 <LI><a href="#[1c]">LSM303AGR_ACC_GetSensitivity</a> from lsm303agr.o(i.LSM303AGR_ACC_GetSensitivity) referenced 2 times from lsm303agr.o(.data)
 <LI><a href="#[16]">LSM303AGR_ACC_Init</a> from lsm303agr.o(i.LSM303AGR_ACC_Init) referenced 2 times from lsm303agr.o(.data)
 <LI><a href="#[18]">LSM303AGR_ACC_ReadID</a> from lsm303agr.o(i.LSM303AGR_ACC_ReadID) referenced 2 times from lsm303agr.o(.data)
 <LI><a href="#[20]">LSM303AGR_ACC_SetFullScale</a> from lsm303agr.o(i.LSM303AGR_ACC_SetFullScale) referenced 2 times from lsm303agr.o(.data)
 <LI><a href="#[1e]">LSM303AGR_ACC_SetOutputDataRate</a> from lsm303agr.o(i.LSM303AGR_ACC_SetOutputDataRate) referenced 2 times from lsm303agr.o(.data)
 <LI><a href="#[24]">LSM303AGR_MAG_DeInit</a> from lsm303agr.o(i.LSM303AGR_MAG_DeInit) referenced 2 times from lsm303agr.o(.data)
 <LI><a href="#[28]">LSM303AGR_MAG_Disable</a> from lsm303agr.o(i.LSM303AGR_MAG_Disable) referenced 2 times from lsm303agr.o(.data)
 <LI><a href="#[27]">LSM303AGR_MAG_Enable</a> from lsm303agr.o(i.LSM303AGR_MAG_Enable) referenced 2 times from lsm303agr.o(.data)
 <LI><a href="#[2e]">LSM303AGR_MAG_GetAxes</a> from lsm303agr.o(i.LSM303AGR_MAG_GetAxes) referenced 2 times from lsm303agr.o(.data)
 <LI><a href="#[2f]">LSM303AGR_MAG_GetAxesRaw</a> from lsm303agr.o(i.LSM303AGR_MAG_GetAxesRaw) referenced 2 times from lsm303agr.o(.data)
 <LI><a href="#[26]">LSM303AGR_MAG_GetCapabilities</a> from lsm303agr.o(i.LSM303AGR_MAG_GetCapabilities) referenced 2 times from lsm303agr.o(.data)
 <LI><a href="#[2c]">LSM303AGR_MAG_GetFullScale</a> from lsm303agr.o(i.LSM303AGR_MAG_GetFullScale) referenced 2 times from lsm303agr.o(.data)
 <LI><a href="#[2a]">LSM303AGR_MAG_GetOutputDataRate</a> from lsm303agr.o(i.LSM303AGR_MAG_GetOutputDataRate) referenced 2 times from lsm303agr.o(.data)
 <LI><a href="#[29]">LSM303AGR_MAG_GetSensitivity</a> from lsm303agr.o(i.LSM303AGR_MAG_GetSensitivity) referenced 2 times from lsm303agr.o(.data)
 <LI><a href="#[23]">LSM303AGR_MAG_Init</a> from lsm303agr.o(i.LSM303AGR_MAG_Init) referenced 2 times from lsm303agr.o(.data)
 <LI><a href="#[25]">LSM303AGR_MAG_ReadID</a> from lsm303agr.o(i.LSM303AGR_MAG_ReadID) referenced 2 times from lsm303agr.o(.data)
 <LI><a href="#[2d]">LSM303AGR_MAG_SetFullScale</a> from lsm303agr.o(i.LSM303AGR_MAG_SetFullScale) referenced 2 times from lsm303agr.o(.data)
 <LI><a href="#[2b]">LSM303AGR_MAG_SetOutputDataRate</a> from lsm303agr.o(i.LSM303AGR_MAG_SetOutputDataRate) referenced 2 times from lsm303agr.o(.data)
 <LI><a href="#[5]">LSM6DSL_ACC_Disable</a> from lsm6dsl.o(i.LSM6DSL_ACC_Disable) referenced 2 times from lsm6dsl.o(.data)
 <LI><a href="#[4]">LSM6DSL_ACC_Enable</a> from lsm6dsl.o(i.LSM6DSL_ACC_Enable) referenced 2 times from lsm6dsl.o(.data)
 <LI><a href="#[b]">LSM6DSL_ACC_GetAxes</a> from lsm6dsl.o(i.LSM6DSL_ACC_GetAxes) referenced 2 times from lsm6dsl.o(.data)
 <LI><a href="#[c]">LSM6DSL_ACC_GetAxesRaw</a> from lsm6dsl.o(i.LSM6DSL_ACC_GetAxesRaw) referenced 2 times from lsm6dsl.o(.data)
 <LI><a href="#[9]">LSM6DSL_ACC_GetFullScale</a> from lsm6dsl.o(i.LSM6DSL_ACC_GetFullScale) referenced 2 times from lsm6dsl.o(.data)
 <LI><a href="#[7]">LSM6DSL_ACC_GetOutputDataRate</a> from lsm6dsl.o(i.LSM6DSL_ACC_GetOutputDataRate) referenced 2 times from lsm6dsl.o(.data)
 <LI><a href="#[6]">LSM6DSL_ACC_GetSensitivity</a> from lsm6dsl.o(i.LSM6DSL_ACC_GetSensitivity) referenced 2 times from lsm6dsl.o(.data)
 <LI><a href="#[a]">LSM6DSL_ACC_SetFullScale</a> from lsm6dsl.o(i.LSM6DSL_ACC_SetFullScale) referenced 2 times from lsm6dsl.o(.data)
 <LI><a href="#[8]">LSM6DSL_ACC_SetOutputDataRate</a> from lsm6dsl.o(i.LSM6DSL_ACC_SetOutputDataRate) referenced 2 times from lsm6dsl.o(.data)
 <LI><a href="#[1]">LSM6DSL_DeInit</a> from lsm6dsl.o(i.LSM6DSL_DeInit) referenced 2 times from lsm6dsl.o(.data)
 <LI><a href="#[e]">LSM6DSL_GYRO_Disable</a> from lsm6dsl.o(i.LSM6DSL_GYRO_Disable) referenced 2 times from lsm6dsl.o(.data)
 <LI><a href="#[d]">LSM6DSL_GYRO_Enable</a> from lsm6dsl.o(i.LSM6DSL_GYRO_Enable) referenced 2 times from lsm6dsl.o(.data)
 <LI><a href="#[14]">LSM6DSL_GYRO_GetAxes</a> from lsm6dsl.o(i.LSM6DSL_GYRO_GetAxes) referenced 2 times from lsm6dsl.o(.data)
 <LI><a href="#[15]">LSM6DSL_GYRO_GetAxesRaw</a> from lsm6dsl.o(i.LSM6DSL_GYRO_GetAxesRaw) referenced 2 times from lsm6dsl.o(.data)
 <LI><a href="#[12]">LSM6DSL_GYRO_GetFullScale</a> from lsm6dsl.o(i.LSM6DSL_GYRO_GetFullScale) referenced 2 times from lsm6dsl.o(.data)
 <LI><a href="#[10]">LSM6DSL_GYRO_GetOutputDataRate</a> from lsm6dsl.o(i.LSM6DSL_GYRO_GetOutputDataRate) referenced 2 times from lsm6dsl.o(.data)
 <LI><a href="#[f]">LSM6DSL_GYRO_GetSensitivity</a> from lsm6dsl.o(i.LSM6DSL_GYRO_GetSensitivity) referenced 2 times from lsm6dsl.o(.data)
 <LI><a href="#[13]">LSM6DSL_GYRO_SetFullScale</a> from lsm6dsl.o(i.LSM6DSL_GYRO_SetFullScale) referenced 2 times from lsm6dsl.o(.data)
 <LI><a href="#[11]">LSM6DSL_GYRO_SetOutputDataRate</a> from lsm6dsl.o(i.LSM6DSL_GYRO_SetOutputDataRate) referenced 2 times from lsm6dsl.o(.data)
 <LI><a href="#[3]">LSM6DSL_GetCapabilities</a> from lsm6dsl.o(i.LSM6DSL_GetCapabilities) referenced 2 times from lsm6dsl.o(.data)
 <LI><a href="#[0]">LSM6DSL_Init</a> from lsm6dsl.o(i.LSM6DSL_Init) referenced 2 times from lsm6dsl.o(.data)
 <LI><a href="#[2]">LSM6DSL_ReadID</a> from lsm6dsl.o(i.LSM6DSL_ReadID) referenced 2 times from lsm6dsl.o(.data)
 <LI><a href="#[31]">NMI_Handler</a> from stm32l0xx_it.o(i.NMI_Handler) referenced from startup_stm32l052xx.o(RESET)
 <LI><a href="#[37]">PVD_IRQHandler</a> from startup_stm32l052xx.o(.text) referenced from startup_stm32l052xx.o(RESET)
 <LI><a href="#[34]">PendSV_Handler</a> from stm32l0xx_it.o(i.PendSV_Handler) referenced from startup_stm32l052xx.o(RESET)
 <LI><a href="#[3a]">RCC_CRS_IRQHandler</a> from startup_stm32l052xx.o(.text) referenced from startup_stm32l052xx.o(RESET)
 <LI><a href="#[4e]">RNG_LPUART1_IRQHandler</a> from startup_stm32l052xx.o(.text) referenced from startup_stm32l052xx.o(RESET)
 <LI><a href="#[38]">RTC_IRQHandler</a> from stm32l0xx_it.o(i.RTC_IRQHandler) referenced from startup_stm32l052xx.o(RESET)
 <LI><a href="#[5f]">ReadAccRegWrap</a> from lsm303agr.o(i.ReadAccRegWrap) referenced from lsm303agr.o(i.LSM303AGR_ACC_RegisterBusIO)
 <LI><a href="#[61]">ReadMagRegWrap</a> from lsm303agr.o(i.ReadMagRegWrap) referenced from lsm303agr.o(i.LSM303AGR_MAG_RegisterBusIO)
 <LI><a href="#[63]">ReadRegWrap</a> from lsm6dsl.o(i.ReadRegWrap) referenced from lsm6dsl.o(i.LSM6DSL_RegisterBusIO)
 <LI><a href="#[30]">Reset_Handler</a> from startup_stm32l052xx.o(.text) referenced from startup_stm32l052xx.o(RESET)
 <LI><a href="#[54]">SIGFOX_CALLBACK_monarch_pattern_frequency_result</a> from sigfox_callback.o(.text) referenced 2 times from sigfox_monarch_api.o(.text)
 <LI><a href="#[53]">SIGFOX_CALLBACK_monarch_scan_timeout</a> from sigfox_callback.o(.text) referenced 2 times from sigfox_monarch_api.o(.text)
 <LI><a href="#[4a]">SPI1_IRQHandler</a> from startup_stm32l052xx.o(.text) referenced from startup_stm32l052xx.o(RESET)
 <LI><a href="#[4b]">SPI2_IRQHandler</a> from startup_stm32l052xx.o(.text) referenced from startup_stm32l052xx.o(RESET)
 <LI><a href="#[57]">SPI_DMAError</a> from stm32l0xx_hal_spi.o(i.SPI_DMAError) referenced from stm32l0xx_hal_spi.o(i.HAL_SPI_TransmitReceive_DMA)
 <LI><a href="#[58]">SPI_DMAHalfReceiveCplt</a> from stm32l0xx_hal_spi.o(i.SPI_DMAHalfReceiveCplt) referenced from stm32l0xx_hal_spi.o(i.HAL_SPI_TransmitReceive_DMA)
 <LI><a href="#[55]">SPI_DMAHalfTransmitReceiveCplt</a> from stm32l0xx_hal_spi.o(i.SPI_DMAHalfTransmitReceiveCplt) referenced from stm32l0xx_hal_spi.o(i.HAL_SPI_TransmitReceive_DMA)
 <LI><a href="#[59]">SPI_DMAReceiveCplt</a> from stm32l0xx_hal_spi.o(i.SPI_DMAReceiveCplt) referenced from stm32l0xx_hal_spi.o(i.HAL_SPI_TransmitReceive_DMA)
 <LI><a href="#[56]">SPI_DMATransmitReceiveCplt</a> from stm32l0xx_hal_spi.o(i.SPI_DMATransmitReceiveCplt) referenced from stm32l0xx_hal_spi.o(i.HAL_SPI_TransmitReceive_DMA)
 <LI><a href="#[33]">SVC_Handler</a> from stm32l0xx_it.o(i.SVC_Handler) referenced from startup_stm32l052xx.o(RESET)
 <LI><a href="#[35]">SysTick_Handler</a> from stm32l0xx_it.o(i.SysTick_Handler) referenced from startup_stm32l052xx.o(RESET)
 <LI><a href="#[51]">SystemInit</a> from system_stm32l0xx.o(i.SystemInit) referenced from startup_stm32l052xx.o(.text)
 <LI><a href="#[46]">TIM21_IRQHandler</a> from startup_stm32l052xx.o(.text) referenced from startup_stm32l052xx.o(RESET)
 <LI><a href="#[47]">TIM22_IRQHandler</a> from startup_stm32l052xx.o(.text) referenced from startup_stm32l052xx.o(RESET)
 <LI><a href="#[44]">TIM2_IRQHandler</a> from startup_stm32l052xx.o(.text) referenced from startup_stm32l052xx.o(RESET)
 <LI><a href="#[45]">TIM6_DAC_IRQHandler</a> from stm32l0xx_it.o(i.TIM6_DAC_IRQHandler) referenced from startup_stm32l052xx.o(RESET)
 <LI><a href="#[3e]">TSC_IRQHandler</a> from startup_stm32l052xx.o(.text) referenced from startup_stm32l052xx.o(RESET)
 <LI><a href="#[4c]">USART1_IRQHandler</a> from startup_stm32l052xx.o(.text) referenced from startup_stm32l052xx.o(RESET)
 <LI><a href="#[4d]">USART2_IRQHandler</a> from startup_stm32l052xx.o(.text) referenced from startup_stm32l052xx.o(RESET)
 <LI><a href="#[4f]">USB_IRQHandler</a> from startup_stm32l052xx.o(.text) referenced from startup_stm32l052xx.o(RESET)
 <LI><a href="#[36]">WWDG_IRQHandler</a> from startup_stm32l052xx.o(.text) referenced from startup_stm32l052xx.o(RESET)
 <LI><a href="#[60]">WriteAccRegWrap</a> from lsm303agr.o(i.WriteAccRegWrap) referenced from lsm303agr.o(i.LSM303AGR_ACC_RegisterBusIO)
 <LI><a href="#[62]">WriteMagRegWrap</a> from lsm303agr.o(i.WriteMagRegWrap) referenced from lsm303agr.o(i.LSM303AGR_MAG_RegisterBusIO)
 <LI><a href="#[64]">WriteRegWrap</a> from lsm6dsl.o(i.WriteRegWrap) referenced from lsm6dsl.o(i.LSM6DSL_RegisterBusIO)
 <LI><a href="#[52]">__main</a> from entry.o(.ARM.Collect$$$$00000000) referenced from startup_stm32l052xx.o(.text)
 <LI><a href="#[65]">callback</a> from monarch_app.o(i.callback) referenced from monarch_app.o(i.MonarchScan)
 <LI><a href="#[66]">fputc</a> from usart.o(i.fputc) referenced from printf5.o(i.__0printf$5)
 <LI><a href="#[50]">main</a> from main.o(i.main) referenced from entry9a.o(.ARM.Collect$$$$0000000B)
</UL>
<P>
<H3>
Global Symbols
</H3>
<P><STRONG><a name="[52]"></a>__main</STRONG> (Thumb, 0 bytes, Stack size unknown bytes, entry.o(.ARM.Collect$$$$00000000))
<BR>[Address Reference Count : 1]<UL><LI> startup_stm32l052xx.o(.text)
</UL>
<P><STRONG><a name="[20b]"></a>_main_stk</STRONG> (Thumb, 0 bytes, Stack size unknown bytes, entry2.o(.ARM.Collect$$$$00000001))

<P><STRONG><a name="[67]"></a>_main_scatterload</STRONG> (Thumb, 0 bytes, Stack size unknown bytes, entry5.o(.ARM.Collect$$$$00000004))
<BR><BR>[Calls]<UL><LI><a href="#[68]">&gt;&gt;</a>&nbsp;&nbsp;&nbsp;__scatterload
</UL>

<P><STRONG><a name="[f1]"></a>__main_after_scatterload</STRONG> (Thumb, 0 bytes, Stack size unknown bytes, entry5.o(.ARM.Collect$$$$00000004))
<BR><BR>[Called By]<UL><LI><a href="#[68]">&gt;&gt;</a>&nbsp;&nbsp;&nbsp;__scatterload
</UL>

<P><STRONG><a name="[20c]"></a>_main_clock</STRONG> (Thumb, 0 bytes, Stack size unknown bytes, entry7b.o(.ARM.Collect$$$$00000008))

<P><STRONG><a name="[20d]"></a>_main_cpp_init</STRONG> (Thumb, 0 bytes, Stack size unknown bytes, entry8b.o(.ARM.Collect$$$$0000000A))

<P><STRONG><a name="[20e]"></a>_main_init</STRONG> (Thumb, 0 bytes, Stack size unknown bytes, entry9a.o(.ARM.Collect$$$$0000000B))

<P><STRONG><a name="[20f]"></a>__rt_final_cpp</STRONG> (Thumb, 0 bytes, Stack size unknown bytes, entry10a.o(.ARM.Collect$$$$0000000D))

<P><STRONG><a name="[210]"></a>__rt_final_exit</STRONG> (Thumb, 0 bytes, Stack size unknown bytes, entry11a.o(.ARM.Collect$$$$0000000F))

<P><STRONG><a name="[30]"></a>Reset_Handler</STRONG> (Thumb, 8 bytes, Stack size 0 bytes, startup_stm32l052xx.o(.text))
<BR>[Address Reference Count : 1]<UL><LI> startup_stm32l052xx.o(RESET)
</UL>
<P><STRONG><a name="[42]"></a>ADC1_COMP_IRQHandler</STRONG> (Thumb, 0 bytes, Stack size 0 bytes, startup_stm32l052xx.o(.text))
<BR><BR>[Calls]<UL><LI><a href="#[42]">&gt;&gt;</a>&nbsp;&nbsp;&nbsp;ADC1_COMP_IRQHandler
</UL>
<BR>[Called By]<UL><LI><a href="#[42]">&gt;&gt;</a>&nbsp;&nbsp;&nbsp;ADC1_COMP_IRQHandler
</UL>
<BR>[Address Reference Count : 1]<UL><LI> startup_stm32l052xx.o(RESET)
</UL>
<P><STRONG><a name="[3f]"></a>DMA1_Channel1_IRQHandler</STRONG> (Thumb, 0 bytes, Stack size 0 bytes, startup_stm32l052xx.o(.text))
<BR>[Address Reference Count : 1]<UL><LI> startup_stm32l052xx.o(RESET)
</UL>
<P><STRONG><a name="[3c]"></a>EXTI2_3_IRQHandler</STRONG> (Thumb, 0 bytes, Stack size 0 bytes, startup_stm32l052xx.o(.text))
<BR>[Address Reference Count : 1]<UL><LI> startup_stm32l052xx.o(RESET)
</UL>
<P><STRONG><a name="[39]"></a>FLASH_IRQHandler</STRONG> (Thumb, 0 bytes, Stack size 0 bytes, startup_stm32l052xx.o(.text))
<BR>[Address Reference Count : 1]<UL><LI> startup_stm32l052xx.o(RESET)
</UL>
<P><STRONG><a name="[48]"></a>I2C1_IRQHandler</STRONG> (Thumb, 0 bytes, Stack size 0 bytes, startup_stm32l052xx.o(.text))
<BR>[Address Reference Count : 1]<UL><LI> startup_stm32l052xx.o(RESET)
</UL>
<P><STRONG><a name="[49]"></a>I2C2_IRQHandler</STRONG> (Thumb, 0 bytes, Stack size 0 bytes, startup_stm32l052xx.o(.text))
<BR>[Address Reference Count : 1]<UL><LI> startup_stm32l052xx.o(RESET)
</UL>
<P><STRONG><a name="[43]"></a>LPTIM1_IRQHandler</STRONG> (Thumb, 0 bytes, Stack size 0 bytes, startup_stm32l052xx.o(.text))
<BR>[Address Reference Count : 1]<UL><LI> startup_stm32l052xx.o(RESET)
</UL>
<P><STRONG><a name="[37]"></a>PVD_IRQHandler</STRONG> (Thumb, 0 bytes, Stack size 0 bytes, startup_stm32l052xx.o(.text))
<BR>[Address Reference Count : 1]<UL><LI> startup_stm32l052xx.o(RESET)
</UL>
<P><STRONG><a name="[3a]"></a>RCC_CRS_IRQHandler</STRONG> (Thumb, 0 bytes, Stack size 0 bytes, startup_stm32l052xx.o(.text))
<BR>[Address Reference Count : 1]<UL><LI> startup_stm32l052xx.o(RESET)
</UL>
<P><STRONG><a name="[4e]"></a>RNG_LPUART1_IRQHandler</STRONG> (Thumb, 0 bytes, Stack size 0 bytes, startup_stm32l052xx.o(.text))
<BR>[Address Reference Count : 1]<UL><LI> startup_stm32l052xx.o(RESET)
</UL>
<P><STRONG><a name="[4a]"></a>SPI1_IRQHandler</STRONG> (Thumb, 0 bytes, Stack size 0 bytes, startup_stm32l052xx.o(.text))
<BR>[Address Reference Count : 1]<UL><LI> startup_stm32l052xx.o(RESET)
</UL>
<P><STRONG><a name="[4b]"></a>SPI2_IRQHandler</STRONG> (Thumb, 0 bytes, Stack size 0 bytes, startup_stm32l052xx.o(.text))
<BR>[Address Reference Count : 1]<UL><LI> startup_stm32l052xx.o(RESET)
</UL>
<P><STRONG><a name="[46]"></a>TIM21_IRQHandler</STRONG> (Thumb, 0 bytes, Stack size 0 bytes, startup_stm32l052xx.o(.text))
<BR>[Address Reference Count : 1]<UL><LI> startup_stm32l052xx.o(RESET)
</UL>
<P><STRONG><a name="[47]"></a>TIM22_IRQHandler</STRONG> (Thumb, 0 bytes, Stack size 0 bytes, startup_stm32l052xx.o(.text))
<BR>[Address Reference Count : 1]<UL><LI> startup_stm32l052xx.o(RESET)
</UL>
<P><STRONG><a name="[44]"></a>TIM2_IRQHandler</STRONG> (Thumb, 0 bytes, Stack size 0 bytes, startup_stm32l052xx.o(.text))
<BR>[Address Reference Count : 1]<UL><LI> startup_stm32l052xx.o(RESET)
</UL>
<P><STRONG><a name="[3e]"></a>TSC_IRQHandler</STRONG> (Thumb, 0 bytes, Stack size 0 bytes, startup_stm32l052xx.o(.text))
<BR>[Address Reference Count : 1]<UL><LI> startup_stm32l052xx.o(RESET)
</UL>
<P><STRONG><a name="[4c]"></a>USART1_IRQHandler</STRONG> (Thumb, 0 bytes, Stack size 0 bytes, startup_stm32l052xx.o(.text))
<BR>[Address Reference Count : 1]<UL><LI> startup_stm32l052xx.o(RESET)
</UL>
<P><STRONG><a name="[4d]"></a>USART2_IRQHandler</STRONG> (Thumb, 0 bytes, Stack size 0 bytes, startup_stm32l052xx.o(.text))
<BR>[Address Reference Count : 1]<UL><LI> startup_stm32l052xx.o(RESET)
</UL>
<P><STRONG><a name="[4f]"></a>USB_IRQHandler</STRONG> (Thumb, 0 bytes, Stack size 0 bytes, startup_stm32l052xx.o(.text))
<BR>[Address Reference Count : 1]<UL><LI> startup_stm32l052xx.o(RESET)
</UL>
<P><STRONG><a name="[36]"></a>WWDG_IRQHandler</STRONG> (Thumb, 0 bytes, Stack size 0 bytes, startup_stm32l052xx.o(.text))
<BR>[Address Reference Count : 1]<UL><LI> startup_stm32l052xx.o(RESET)
</UL>
<P><STRONG><a name="[69]"></a>SIGFOX_API_open</STRONG> (Thumb, 380 bytes, Stack size 32 bytes, sigfox_api.o(.text))
<BR><BR>[Stack]<UL><LI>Max Depth = 136<LI>Call Chain = SIGFOX_API_open &rArr; MCU_API_get_nv_mem &rArr; NVM_ReadRecord &rArr; NVM_Read &rArr; FlashRead &rArr; __aeabi_llsr
</UL>
<BR>[Calls]<UL><LI><a href="#[6b]">&gt;&gt;</a>&nbsp;&nbsp;&nbsp;MCU_API_malloc
<LI><a href="#[6a]">&gt;&gt;</a>&nbsp;&nbsp;&nbsp;MCU_API_get_nv_mem
<LI><a href="#[6d]">&gt;&gt;</a>&nbsp;&nbsp;&nbsp;MCU_API_free
<LI><a href="#[6c]">&gt;&gt;</a>&nbsp;&nbsp;&nbsp;SIGFOX_INT_get_device_id_and_payload_encryption_flag
<LI><a href="#[6e]">&gt;&gt;</a>&nbsp;&nbsp;&nbsp;RETURN_CODE
</UL>
<BR>[Called By]<UL><LI><a href="#[1f3]">&gt;&gt;</a>&nbsp;&nbsp;&nbsp;St_Sigfox_Open_RCZ
</UL>

<P><STRONG><a name="[6f]"></a>SIGFOX_API_close</STRONG> (Thumb, 40 bytes, Stack size 16 bytes, sigfox_api.o(.text))
<BR><BR>[Stack]<UL><LI>Max Depth = 16<LI>Call Chain = SIGFOX_API_close
</UL>
<BR>[Calls]<UL><LI><a href="#[6d]">&gt;&gt;</a>&nbsp;&nbsp;&nbsp;MCU_API_free
<LI><a href="#[6e]">&gt;&gt;</a>&nbsp;&nbsp;&nbsp;RETURN_CODE
</UL>
<BR>[Called By]<UL><LI><a href="#[1fa]">&gt;&gt;</a>&nbsp;&nbsp;&nbsp;closeSigfoxLib
</UL>

<P><STRONG><a name="[70]"></a>SIGFOX_API_send_frame</STRONG> (Thumb, 68 bytes, Stack size 24 bytes, sigfox_api.o(.text))
<BR><BR>[Stack]<UL><LI>Max Depth = 860<LI>Call Chain = SIGFOX_API_send_frame &rArr; SIGFOX_INT_execute_communication_sequence &rArr; SIGFOX_INT_process_downlink &rArr; SIGFOX_INT_get_received_frames &rArr; RF_API_wait_frame &rArr; ST_MCU_API_WaitForInterrupt &rArr; ST_RF_API_S2LP_IRQ_CB &rArr; ST_MONARCH_API_AFTHR_GPIO_CB &rArr; NextFrequencyRequest &rArr; RF_API_change_frequency &rArr; priv_ST_MANUF_ReadRegisters &rArr; ST_MCU_API_SpiRaw &rArr; S2LPSpiRaw &rArr; HAL_SPI_TransmitReceive_DMA &rArr; HAL_DMA_Start_IT &rArr; DMA_SetConfig
</UL>
<BR>[Calls]<UL><LI><a href="#[71]">&gt;&gt;</a>&nbsp;&nbsp;&nbsp;SIGFOX_INT_execute_communication_sequence
</UL>
<BR>[Called By]<UL><LI><a href="#[1fd]">&gt;&gt;</a>&nbsp;&nbsp;&nbsp;sendFrameRCZ
</UL>

<P><STRONG><a name="[72]"></a>SIGFOX_API_send_bit</STRONG> (Thumb, 56 bytes, Stack size 24 bytes, sigfox_api.o(.text), UNUSED)
<BR><BR>[Calls]<UL><LI><a href="#[71]">&gt;&gt;</a>&nbsp;&nbsp;&nbsp;SIGFOX_INT_execute_communication_sequence
</UL>

<P><STRONG><a name="[73]"></a>SIGFOX_API_send_outofband</STRONG> (Thumb, 60 bytes, Stack size 16 bytes, sigfox_api.o(.text), UNUSED)
<BR><BR>[Calls]<UL><LI><a href="#[71]">&gt;&gt;</a>&nbsp;&nbsp;&nbsp;SIGFOX_INT_execute_communication_sequence
</UL>

<P><STRONG><a name="[74]"></a>SIGFOX_API_get_version</STRONG> (Thumb, 70 bytes, Stack size 8 bytes, sigfox_api.o(.text), UNUSED)
<BR><BR>[Calls]<UL><LI><a href="#[75]">&gt;&gt;</a>&nbsp;&nbsp;&nbsp;MCU_API_get_version
<LI><a href="#[76]">&gt;&gt;</a>&nbsp;&nbsp;&nbsp;RF_API_get_version
<LI><a href="#[77]">&gt;&gt;</a>&nbsp;&nbsp;&nbsp;MONARCH_API_get_version
<LI><a href="#[6e]">&gt;&gt;</a>&nbsp;&nbsp;&nbsp;RETURN_CODE
</UL>

<P><STRONG><a name="[78]"></a>SIGFOX_API_set_std_config</STRONG> (Thumb, 114 bytes, Stack size 16 bytes, sigfox_api.o(.text))
<BR><BR>[Stack]<UL><LI>Max Depth = 28<LI>Call Chain = SIGFOX_API_set_std_config &rArr; SIGFOX_INT_get_max_micro_channel
</UL>
<BR>[Calls]<UL><LI><a href="#[79]">&gt;&gt;</a>&nbsp;&nbsp;&nbsp;SIGFOX_INT_get_max_micro_channel
</UL>
<BR>[Called By]<UL><LI><a href="#[1f3]">&gt;&gt;</a>&nbsp;&nbsp;&nbsp;St_Sigfox_Open_RCZ
</UL>

<P><STRONG><a name="[7a]"></a>SIGFOX_API_start_continuous_transmission</STRONG> (Thumb, 72 bytes, Stack size 24 bytes, sigfox_api.o(.text), UNUSED)
<BR><BR>[Calls]<UL><LI><a href="#[7e]">&gt;&gt;</a>&nbsp;&nbsp;&nbsp;RF_API_stop
<LI><a href="#[7d]">&gt;&gt;</a>&nbsp;&nbsp;&nbsp;RF_API_start_continuous_transmission
<LI><a href="#[7b]">&gt;&gt;</a>&nbsp;&nbsp;&nbsp;RF_API_init
<LI><a href="#[7c]">&gt;&gt;</a>&nbsp;&nbsp;&nbsp;RF_API_change_frequency
<LI><a href="#[6e]">&gt;&gt;</a>&nbsp;&nbsp;&nbsp;RETURN_CODE
</UL>

<P><STRONG><a name="[7f]"></a>SIGFOX_API_stop_continuous_transmission</STRONG> (Thumb, 50 bytes, Stack size 16 bytes, sigfox_api.o(.text), UNUSED)
<BR><BR>[Calls]<UL><LI><a href="#[80]">&gt;&gt;</a>&nbsp;&nbsp;&nbsp;RF_API_stop_continuous_transmission
<LI><a href="#[7e]">&gt;&gt;</a>&nbsp;&nbsp;&nbsp;RF_API_stop
<LI><a href="#[6e]">&gt;&gt;</a>&nbsp;&nbsp;&nbsp;RETURN_CODE
</UL>

<P><STRONG><a name="[81]"></a>SIGFOX_API_send_test_frame</STRONG> (Thumb, 150 bytes, Stack size 32 bytes, sigfox_api.o(.text), UNUSED)
<BR><BR>[Calls]<UL><LI><a href="#[83]">&gt;&gt;</a>&nbsp;&nbsp;&nbsp;SIGFOX_INT_store_nvm
<LI><a href="#[85]">&gt;&gt;</a>&nbsp;&nbsp;&nbsp;SIGFOX_INT_send_single_frame
<LI><a href="#[82]">&gt;&gt;</a>&nbsp;&nbsp;&nbsp;SIGFOX_INT_prepare_transmission
<LI><a href="#[84]">&gt;&gt;</a>&nbsp;&nbsp;&nbsp;SIGFOX_INT_compute_uplink_frequency
<LI><a href="#[6e]">&gt;&gt;</a>&nbsp;&nbsp;&nbsp;RETURN_CODE
</UL>

<P><STRONG><a name="[86]"></a>SIGFOX_API_receive_test_frame</STRONG> (Thumb, 126 bytes, Stack size 24 bytes, sigfox_api.o(.text), UNUSED)
<BR><BR>[Calls]<UL><LI><a href="#[89]">&gt;&gt;</a>&nbsp;&nbsp;&nbsp;SIGFOX_INT_get_received_frames
<LI><a href="#[88]">&gt;&gt;</a>&nbsp;&nbsp;&nbsp;SIGFOX_INT_downlink_configuration
<LI><a href="#[87]">&gt;&gt;</a>&nbsp;&nbsp;&nbsp;SIGFOX_INT_compute_downlink_frequency
</UL>

<P><STRONG><a name="[211]"></a>SIGFOX_API_get_info</STRONG> (Thumb, 30 bytes, Stack size 0 bytes, sigfox_api.o(.text), UNUSED)

<P><STRONG><a name="[8a]"></a>SIGFOX_API_get_device_id</STRONG> (Thumb, 10 bytes, Stack size 8 bytes, sigfox_api.o(.text), UNUSED)
<BR><BR>[Calls]<UL><LI><a href="#[6c]">&gt;&gt;</a>&nbsp;&nbsp;&nbsp;SIGFOX_INT_get_device_id_and_payload_encryption_flag
</UL>

<P><STRONG><a name="[8b]"></a>SIGFOX_API_get_initial_pac</STRONG> (Thumb, 22 bytes, Stack size 8 bytes, sigfox_api.o(.text), UNUSED)
<BR><BR>[Calls]<UL><LI><a href="#[8c]">&gt;&gt;</a>&nbsp;&nbsp;&nbsp;MCU_API_get_initial_pac
<LI><a href="#[6e]">&gt;&gt;</a>&nbsp;&nbsp;&nbsp;RETURN_CODE
</UL>

<P><STRONG><a name="[212]"></a>SIGFOX_API_switch_public_key</STRONG> (Thumb, 22 bytes, Stack size 0 bytes, sigfox_api.o(.text), UNUSED)

<P><STRONG><a name="[213]"></a>SIGFOX_API_set_rc_sync_period</STRONG> (Thumb, 24 bytes, Stack size 0 bytes, sigfox_api.o(.text), UNUSED)

<P><STRONG><a name="[8f]"></a>SIGFOX_MONARCH_API_reset_list_freq_pattern</STRONG> (Thumb, 22 bytes, Stack size 0 bytes, sigfox_monarch_api.o(.text))
<BR><BR>[Called By]<UL><LI><a href="#[8d]">&gt;&gt;</a>&nbsp;&nbsp;&nbsp;SIGFOX_MONARCH_API_execute_rc_scan
<LI><a href="#[54]">&gt;&gt;</a>&nbsp;&nbsp;&nbsp;SIGFOX_CALLBACK_monarch_pattern_frequency_result
</UL>

<P><STRONG><a name="[90]"></a>SIGFOX_MONARCH_API_set_list_freq_pattern</STRONG> (Thumb, 128 bytes, Stack size 32 bytes, sigfox_monarch_api.o(.text))
<BR><BR>[Stack]<UL><LI>Max Depth = 32<LI>Call Chain = SIGFOX_MONARCH_API_set_list_freq_pattern
</UL>
<BR>[Called By]<UL><LI><a href="#[8d]">&gt;&gt;</a>&nbsp;&nbsp;&nbsp;SIGFOX_MONARCH_API_execute_rc_scan
</UL>

<P><STRONG><a name="[8d]"></a>SIGFOX_MONARCH_API_execute_rc_scan</STRONG> (Thumb, 160 bytes, Stack size 32 bytes, sigfox_monarch_api.o(.text))
<BR><BR>[Stack]<UL><LI>Max Depth = 492<LI>Call Chain = SIGFOX_MONARCH_API_execute_rc_scan &rArr; MONARCH_API_configure_search_pattern &rArr; RF_API_change_frequency &rArr; priv_ST_MANUF_ReadRegisters &rArr; ST_MCU_API_SpiRaw &rArr; S2LPSpiRaw &rArr; HAL_SPI_TransmitReceive_DMA &rArr; HAL_DMA_Start_IT &rArr; DMA_SetConfig
</UL>
<BR>[Calls]<UL><LI><a href="#[7e]">&gt;&gt;</a>&nbsp;&nbsp;&nbsp;RF_API_stop
<LI><a href="#[7b]">&gt;&gt;</a>&nbsp;&nbsp;&nbsp;RF_API_init
<LI><a href="#[93]">&gt;&gt;</a>&nbsp;&nbsp;&nbsp;MONARCH_API_timer_stop
<LI><a href="#[91]">&gt;&gt;</a>&nbsp;&nbsp;&nbsp;MONARCH_API_timer_start
<LI><a href="#[8e]">&gt;&gt;</a>&nbsp;&nbsp;&nbsp;MONARCH_API_malloc
<LI><a href="#[92]">&gt;&gt;</a>&nbsp;&nbsp;&nbsp;MONARCH_API_configure_search_pattern
<LI><a href="#[90]">&gt;&gt;</a>&nbsp;&nbsp;&nbsp;SIGFOX_MONARCH_API_set_list_freq_pattern
<LI><a href="#[8f]">&gt;&gt;</a>&nbsp;&nbsp;&nbsp;SIGFOX_MONARCH_API_reset_list_freq_pattern
<LI><a href="#[6e]">&gt;&gt;</a>&nbsp;&nbsp;&nbsp;RETURN_CODE
</UL>
<BR>[Called By]<UL><LI><a href="#[1c0]">&gt;&gt;</a>&nbsp;&nbsp;&nbsp;MonarchScan
</UL>

<P><STRONG><a name="[94]"></a>SIGFOX_MONARCH_API_stop_rc_scan</STRONG> (Thumb, 92 bytes, Stack size 16 bytes, sigfox_monarch_api.o(.text))
<BR><BR>[Stack]<UL><LI>Max Depth = 148<LI>Call Chain = SIGFOX_MONARCH_API_stop_rc_scan &rArr; RF_API_stop &rArr; ST_RF_API_StopRxTx &rArr; priv_ST_MANUF_CmdStrobe &rArr; ST_MCU_API_SpiRaw &rArr; S2LPSpiRaw &rArr; HAL_SPI_TransmitReceive_DMA &rArr; HAL_DMA_Start_IT &rArr; DMA_SetConfig
</UL>
<BR>[Calls]<UL><LI><a href="#[7e]">&gt;&gt;</a>&nbsp;&nbsp;&nbsp;RF_API_stop
<LI><a href="#[93]">&gt;&gt;</a>&nbsp;&nbsp;&nbsp;MONARCH_API_timer_stop
<LI><a href="#[95]">&gt;&gt;</a>&nbsp;&nbsp;&nbsp;MONARCH_API_stop_search_pattern
<LI><a href="#[96]">&gt;&gt;</a>&nbsp;&nbsp;&nbsp;MONARCH_API_free
<LI><a href="#[6e]">&gt;&gt;</a>&nbsp;&nbsp;&nbsp;RETURN_CODE
</UL>
<BR>[Called By]<UL><LI><a href="#[1fb]">&gt;&gt;</a>&nbsp;&nbsp;&nbsp;configRegion
</UL>

<P><STRONG><a name="[8e]"></a>MONARCH_API_malloc</STRONG> (Thumb, 16 bytes, Stack size 0 bytes, monarch_api.o(.text))
<BR><BR>[Called By]<UL><LI><a href="#[8d]">&gt;&gt;</a>&nbsp;&nbsp;&nbsp;SIGFOX_MONARCH_API_execute_rc_scan
</UL>

<P><STRONG><a name="[96]"></a>MONARCH_API_free</STRONG> (Thumb, 4 bytes, Stack size 0 bytes, monarch_api.o(.text))
<BR><BR>[Called By]<UL><LI><a href="#[94]">&gt;&gt;</a>&nbsp;&nbsp;&nbsp;SIGFOX_MONARCH_API_stop_rc_scan
<LI><a href="#[53]">&gt;&gt;</a>&nbsp;&nbsp;&nbsp;SIGFOX_CALLBACK_monarch_scan_timeout
<LI><a href="#[54]">&gt;&gt;</a>&nbsp;&nbsp;&nbsp;SIGFOX_CALLBACK_monarch_pattern_frequency_result
</UL>

<P><STRONG><a name="[91]"></a>MONARCH_API_timer_start</STRONG> (Thumb, 148 bytes, Stack size 24 bytes, monarch_api.o(.text))
<BR><BR>[Stack]<UL><LI>Max Depth = 128<LI>Call Chain = MONARCH_API_timer_start &rArr; ST_MCU_API_GpioIRQ &rArr; S2LPIRQInit &rArr; HAL_GPIO_Init
</UL>
<BR>[Calls]<UL><LI><a href="#[9d]">&gt;&gt;</a>&nbsp;&nbsp;&nbsp;ST_MCU_API_GpioIRQ
<LI><a href="#[97]">&gt;&gt;</a>&nbsp;&nbsp;&nbsp;__aeabi_ui2f
<LI><a href="#[9a]">&gt;&gt;</a>&nbsp;&nbsp;&nbsp;__aeabi_f2uiz
<LI><a href="#[99]">&gt;&gt;</a>&nbsp;&nbsp;&nbsp;__aeabi_fdiv
<LI><a href="#[98]">&gt;&gt;</a>&nbsp;&nbsp;&nbsp;__aeabi_fmul
<LI><a href="#[9c]">&gt;&gt;</a>&nbsp;&nbsp;&nbsp;__aeabi_idivmod
<LI><a href="#[9b]">&gt;&gt;</a>&nbsp;&nbsp;&nbsp;__aeabi_idiv
</UL>
<BR>[Called By]<UL><LI><a href="#[8d]">&gt;&gt;</a>&nbsp;&nbsp;&nbsp;SIGFOX_MONARCH_API_execute_rc_scan
<LI><a href="#[54]">&gt;&gt;</a>&nbsp;&nbsp;&nbsp;SIGFOX_CALLBACK_monarch_pattern_frequency_result
</UL>

<P><STRONG><a name="[93]"></a>MONARCH_API_timer_stop</STRONG> (Thumb, 4 bytes, Stack size 8 bytes, monarch_api.o(.text))
<BR><BR>[Stack]<UL><LI>Max Depth = 120<LI>Call Chain = MONARCH_API_timer_stop &rArr; [Anonymous Symbol] &rArr; ST_MCU_API_GpioIRQ &rArr; S2LPIRQInit &rArr; HAL_GPIO_Init
</UL>
<BR>[Calls]<UL><LI><a href="#[9e]">&gt;&gt;</a>&nbsp;&nbsp;&nbsp;[Anonymous Symbol]
</UL>
<BR>[Called By]<UL><LI><a href="#[94]">&gt;&gt;</a>&nbsp;&nbsp;&nbsp;SIGFOX_MONARCH_API_stop_rc_scan
<LI><a href="#[8d]">&gt;&gt;</a>&nbsp;&nbsp;&nbsp;SIGFOX_MONARCH_API_execute_rc_scan
<LI><a href="#[53]">&gt;&gt;</a>&nbsp;&nbsp;&nbsp;SIGFOX_CALLBACK_monarch_scan_timeout
<LI><a href="#[54]">&gt;&gt;</a>&nbsp;&nbsp;&nbsp;SIGFOX_CALLBACK_monarch_pattern_frequency_result
</UL>

<P><STRONG><a name="[92]"></a>MONARCH_API_configure_search_pattern</STRONG> (Thumb, 196 bytes, Stack size 32 bytes, monarch_api.o(.text))
<BR><BR>[Stack]<UL><LI>Max Depth = 460<LI>Call Chain = MONARCH_API_configure_search_pattern &rArr; RF_API_change_frequency &rArr; priv_ST_MANUF_ReadRegisters &rArr; ST_MCU_API_SpiRaw &rArr; S2LPSpiRaw &rArr; HAL_SPI_TransmitReceive_DMA &rArr; HAL_DMA_Start_IT &rArr; DMA_SetConfig
</UL>
<BR>[Calls]<UL><LI><a href="#[9d]">&gt;&gt;</a>&nbsp;&nbsp;&nbsp;ST_MCU_API_GpioIRQ
<LI><a href="#[a1]">&gt;&gt;</a>&nbsp;&nbsp;&nbsp;ST_RF_API_StartRx
<LI><a href="#[9f]">&gt;&gt;</a>&nbsp;&nbsp;&nbsp;ST_RF_API_SetFifoLength
<LI><a href="#[7c]">&gt;&gt;</a>&nbsp;&nbsp;&nbsp;RF_API_change_frequency
<LI><a href="#[a0]">&gt;&gt;</a>&nbsp;&nbsp;&nbsp;init_samples
</UL>
<BR>[Called By]<UL><LI><a href="#[8d]">&gt;&gt;</a>&nbsp;&nbsp;&nbsp;SIGFOX_MONARCH_API_execute_rc_scan
<LI><a href="#[54]">&gt;&gt;</a>&nbsp;&nbsp;&nbsp;SIGFOX_CALLBACK_monarch_pattern_frequency_result
</UL>

<P><STRONG><a name="[95]"></a>MONARCH_API_stop_search_pattern</STRONG> (Thumb, 12 bytes, Stack size 8 bytes, monarch_api.o(.text))
<BR><BR>[Stack]<UL><LI>Max Depth = 132<LI>Call Chain = MONARCH_API_stop_search_pattern &rArr; ST_RF_API_StopRxTx &rArr; priv_ST_MANUF_CmdStrobe &rArr; ST_MCU_API_SpiRaw &rArr; S2LPSpiRaw &rArr; HAL_SPI_TransmitReceive_DMA &rArr; HAL_DMA_Start_IT &rArr; DMA_SetConfig
</UL>
<BR>[Calls]<UL><LI><a href="#[a2]">&gt;&gt;</a>&nbsp;&nbsp;&nbsp;ST_RF_API_StopRxTx
</UL>
<BR>[Called By]<UL><LI><a href="#[94]">&gt;&gt;</a>&nbsp;&nbsp;&nbsp;SIGFOX_MONARCH_API_stop_rc_scan
<LI><a href="#[53]">&gt;&gt;</a>&nbsp;&nbsp;&nbsp;SIGFOX_CALLBACK_monarch_scan_timeout
<LI><a href="#[54]">&gt;&gt;</a>&nbsp;&nbsp;&nbsp;SIGFOX_CALLBACK_monarch_pattern_frequency_result
</UL>

<P><STRONG><a name="[77]"></a>MONARCH_API_get_version</STRONG> (Thumb, 12 bytes, Stack size 0 bytes, monarch_api.o(.text), UNUSED)
<BR><BR>[Called By]<UL><LI><a href="#[74]">&gt;&gt;</a>&nbsp;&nbsp;&nbsp;SIGFOX_API_get_version
</UL>

<P><STRONG><a name="[a3]"></a>ST_MONARCH_API_AFTHR_GPIO_CB</STRONG> (Thumb, 842 bytes, Stack size 200 bytes, monarch_api.o(.text))
<BR><BR>[Stack]<UL><LI>Max Depth = 636<LI>Call Chain = ST_MONARCH_API_AFTHR_GPIO_CB &rArr; NextFrequencyRequest &rArr; RF_API_change_frequency &rArr; priv_ST_MANUF_ReadRegisters &rArr; ST_MCU_API_SpiRaw &rArr; S2LPSpiRaw &rArr; HAL_SPI_TransmitReceive_DMA &rArr; HAL_DMA_Start_IT &rArr; DMA_SetConfig
</UL>
<BR>[Calls]<UL><LI><a href="#[9d]">&gt;&gt;</a>&nbsp;&nbsp;&nbsp;ST_MCU_API_GpioIRQ
<LI><a href="#[a2]">&gt;&gt;</a>&nbsp;&nbsp;&nbsp;ST_RF_API_StopRxTx
<LI><a href="#[a1]">&gt;&gt;</a>&nbsp;&nbsp;&nbsp;ST_RF_API_StartRx
<LI><a href="#[a5]">&gt;&gt;</a>&nbsp;&nbsp;&nbsp;ST_RF_API_ReadFifoStatus
<LI><a href="#[a6]">&gt;&gt;</a>&nbsp;&nbsp;&nbsp;ST_RF_API_ReadFifo
<LI><a href="#[a4]">&gt;&gt;</a>&nbsp;&nbsp;&nbsp;ST_RF_API_GetRSSI
<LI><a href="#[a0]">&gt;&gt;</a>&nbsp;&nbsp;&nbsp;init_samples
<LI><a href="#[a7]">&gt;&gt;</a>&nbsp;&nbsp;&nbsp;NextFrequencyRequest
<LI><a href="#[a8]">&gt;&gt;</a>&nbsp;&nbsp;&nbsp;HammingDist
</UL>
<BR>[Called By]<UL><LI><a href="#[127]">&gt;&gt;</a>&nbsp;&nbsp;&nbsp;ST_RF_API_S2LP_IRQ_CB
</UL>

<P><STRONG><a name="[a7]"></a>NextFrequencyRequest</STRONG> (Thumb, 50 bytes, Stack size 8 bytes, monarch_api.o(.text))
<BR><BR>[Stack]<UL><LI>Max Depth = 436<LI>Call Chain = NextFrequencyRequest &rArr; RF_API_change_frequency &rArr; priv_ST_MANUF_ReadRegisters &rArr; ST_MCU_API_SpiRaw &rArr; S2LPSpiRaw &rArr; HAL_SPI_TransmitReceive_DMA &rArr; HAL_DMA_Start_IT &rArr; DMA_SetConfig
</UL>
<BR>[Calls]<UL><LI><a href="#[7c]">&gt;&gt;</a>&nbsp;&nbsp;&nbsp;RF_API_change_frequency
</UL>
<BR>[Called By]<UL><LI><a href="#[a3]">&gt;&gt;</a>&nbsp;&nbsp;&nbsp;ST_MONARCH_API_AFTHR_GPIO_CB
</UL>

<P><STRONG><a name="[a0]"></a>init_samples</STRONG> (Thumb, 344 bytes, Stack size 48 bytes, monarch_api.o(.text))
<BR><BR>[Stack]<UL><LI>Max Depth = 48<LI>Call Chain = init_samples
</UL>
<BR>[Calls]<UL><LI><a href="#[a8]">&gt;&gt;</a>&nbsp;&nbsp;&nbsp;HammingDist
</UL>
<BR>[Called By]<UL><LI><a href="#[a3]">&gt;&gt;</a>&nbsp;&nbsp;&nbsp;ST_MONARCH_API_AFTHR_GPIO_CB
<LI><a href="#[92]">&gt;&gt;</a>&nbsp;&nbsp;&nbsp;MONARCH_API_configure_search_pattern
</UL>

<P><STRONG><a name="[b7]"></a>AES128_CBC_encrypt</STRONG> (Thumb, 198 bytes, Stack size 24 bytes, retriever_api.o(.text))
<BR><BR>[Stack]<UL><LI>Max Depth = 72<LI>Call Chain = AES128_CBC_encrypt &rArr; KeyExpansion_enc &rArr; [Anonymous Symbol]
</UL>
<BR>[Calls]<UL><LI><a href="#[b9]">&gt;&gt;</a>&nbsp;&nbsp;&nbsp;XorWithIv
<LI><a href="#[ab]">&gt;&gt;</a>&nbsp;&nbsp;&nbsp;KeyExpansion_enc
<LI><a href="#[af]">&gt;&gt;</a>&nbsp;&nbsp;&nbsp;Cipher
<LI><a href="#[b8]">&gt;&gt;</a>&nbsp;&nbsp;&nbsp;BlockCopy
<LI><a href="#[ba]">&gt;&gt;</a>&nbsp;&nbsp;&nbsp;__aeabi_memclr
</UL>
<BR>[Called By]<UL><LI><a href="#[c4]">&gt;&gt;</a>&nbsp;&nbsp;&nbsp;enc_utils_encrypt
</UL>

<P><STRONG><a name="[bb]"></a>AES128_CBC_decrypt_internal</STRONG> (Thumb, 204 bytes, Stack size 48 bytes, retriever_api.o(.text), UNUSED)
<BR><BR>[Calls]<UL><LI><a href="#[b9]">&gt;&gt;</a>&nbsp;&nbsp;&nbsp;XorWithIv
<LI><a href="#[a9]">&gt;&gt;</a>&nbsp;&nbsp;&nbsp;KeyExpansion_dec
<LI><a href="#[b3]">&gt;&gt;</a>&nbsp;&nbsp;&nbsp;InvCipher
<LI><a href="#[b8]">&gt;&gt;</a>&nbsp;&nbsp;&nbsp;BlockCopy
<LI><a href="#[ba]">&gt;&gt;</a>&nbsp;&nbsp;&nbsp;__aeabi_memclr
</UL>
<BR>[Called By]<UL><LI><a href="#[c1]">&gt;&gt;</a>&nbsp;&nbsp;&nbsp;enc_utils_retrieve_data
</UL>

<P><STRONG><a name="[bc]"></a>AES_CBC_decrypt_buffer</STRONG> (Thumb, 56 bytes, Stack size 32 bytes, retriever_api.o(.text))
<BR><BR>[Stack]<UL><LI>Max Depth = 92<LI>Call Chain = AES_CBC_decrypt_buffer &rArr; InvCipher &rArr; InvMixColumns
</UL>
<BR>[Calls]<UL><LI><a href="#[b9]">&gt;&gt;</a>&nbsp;&nbsp;&nbsp;XorWithIv
<LI><a href="#[a9]">&gt;&gt;</a>&nbsp;&nbsp;&nbsp;KeyExpansion_dec
<LI><a href="#[b3]">&gt;&gt;</a>&nbsp;&nbsp;&nbsp;InvCipher
<LI><a href="#[ac]">&gt;&gt;</a>&nbsp;&nbsp;&nbsp;__aeabi_memcpy
</UL>
<BR>[Called By]<UL><LI><a href="#[bd]">&gt;&gt;</a>&nbsp;&nbsp;&nbsp;enc_utils_retrieve_data_from_flash
</UL>

<P><STRONG><a name="[c3]"></a>get_integrity_cksum</STRONG> (Thumb, 42 bytes, Stack size 0 bytes, retriever_api.o(.text), UNUSED)
<BR><BR>[Called By]<UL><LI><a href="#[c1]">&gt;&gt;</a>&nbsp;&nbsp;&nbsp;enc_utils_retrieve_data
</UL>

<P><STRONG><a name="[bd]"></a>enc_utils_retrieve_data_from_flash</STRONG> (Thumb, 346 bytes, Stack size 104 bytes, retriever_api.o(.text))
<BR><BR>[Stack]<UL><LI>Max Depth = 196<LI>Call Chain = enc_utils_retrieve_data_from_flash &rArr; AES_CBC_decrypt_buffer &rArr; InvCipher &rArr; InvMixColumns
</UL>
<BR>[Calls]<UL><LI><a href="#[bf]">&gt;&gt;</a>&nbsp;&nbsp;&nbsp;NVM_Read
<LI><a href="#[be]">&gt;&gt;</a>&nbsp;&nbsp;&nbsp;GetNVMBoardDataAddress
<LI><a href="#[bc]">&gt;&gt;</a>&nbsp;&nbsp;&nbsp;AES_CBC_decrypt_buffer
<LI><a href="#[c0]">&gt;&gt;</a>&nbsp;&nbsp;&nbsp;__aeabi_memclr4
<LI><a href="#[ac]">&gt;&gt;</a>&nbsp;&nbsp;&nbsp;__aeabi_memcpy
</UL>
<BR>[Called By]<UL><LI><a href="#[1b0]">&gt;&gt;</a>&nbsp;&nbsp;&nbsp;ST_Sigfox_Init
</UL>

<P><STRONG><a name="[c1]"></a>enc_utils_retrieve_data</STRONG> (Thumb, 318 bytes, Stack size 104 bytes, retriever_api.o(.text), UNUSED)
<BR><BR>[Calls]<UL><LI><a href="#[c2]">&gt;&gt;</a>&nbsp;&nbsp;&nbsp;EepromRead
<LI><a href="#[c3]">&gt;&gt;</a>&nbsp;&nbsp;&nbsp;get_integrity_cksum
<LI><a href="#[bb]">&gt;&gt;</a>&nbsp;&nbsp;&nbsp;AES128_CBC_decrypt_internal
</UL>

<P><STRONG><a name="[c4]"></a>enc_utils_encrypt</STRONG> (Thumb, 30 bytes, Stack size 16 bytes, retriever_api.o(.text))
<BR><BR>[Stack]<UL><LI>Max Depth = 88<LI>Call Chain = enc_utils_encrypt &rArr; AES128_CBC_encrypt &rArr; KeyExpansion_enc &rArr; [Anonymous Symbol]
</UL>
<BR>[Calls]<UL><LI><a href="#[b7]">&gt;&gt;</a>&nbsp;&nbsp;&nbsp;AES128_CBC_encrypt
</UL>
<BR>[Called By]<UL><LI><a href="#[d3]">&gt;&gt;</a>&nbsp;&nbsp;&nbsp;MCU_API_aes_128_cbc_encrypt
</UL>

<P><STRONG><a name="[214]"></a>enc_utils_set_public_key</STRONG> (Thumb, 32 bytes, Stack size 0 bytes, retriever_api.o(.text), UNUSED)

<P><STRONG><a name="[215]"></a>enc_utils_set_test_key</STRONG> (Thumb, 32 bytes, Stack size 0 bytes, retriever_api.o(.text), UNUSED)

<P><STRONG><a name="[216]"></a>enc_utils_set_test_id</STRONG> (Thumb, 8 bytes, Stack size 0 bytes, retriever_api.o(.text), UNUSED)

<P><STRONG><a name="[19b]"></a>enc_utils_get_id</STRONG> (Thumb, 34 bytes, Stack size 0 bytes, retriever_api.o(.text))
<BR><BR>[Called By]<UL><LI><a href="#[e5]">&gt;&gt;</a>&nbsp;&nbsp;&nbsp;MCU_API_get_device_id_and_payload_encryption_flag
</UL>

<P><STRONG><a name="[19c]"></a>enc_utils_get_initial_pac</STRONG> (Thumb, 48 bytes, Stack size 0 bytes, retriever_api.o(.text), UNUSED)
<BR><BR>[Called By]<UL><LI><a href="#[8c]">&gt;&gt;</a>&nbsp;&nbsp;&nbsp;MCU_API_get_initial_pac
</UL>

<P><STRONG><a name="[c5]"></a>SIGFOX_CALLBACK_get_rc_from_list</STRONG> (Thumb, 58 bytes, Stack size 16 bytes, sigfox_callback.o(.text))
<BR><BR>[Stack]<UL><LI>Max Depth = 16<LI>Call Chain = SIGFOX_CALLBACK_get_rc_from_list
</UL>
<BR>[Called By]<UL><LI><a href="#[54]">&gt;&gt;</a>&nbsp;&nbsp;&nbsp;SIGFOX_CALLBACK_monarch_pattern_frequency_result
</UL>

<P><STRONG><a name="[53]"></a>SIGFOX_CALLBACK_monarch_scan_timeout</STRONG> (Thumb, 102 bytes, Stack size 16 bytes, sigfox_callback.o(.text))
<BR><BR>[Stack]<UL><LI>Max Depth = 148<LI>Call Chain = SIGFOX_CALLBACK_monarch_scan_timeout &rArr; RF_API_stop &rArr; ST_RF_API_StopRxTx &rArr; priv_ST_MANUF_CmdStrobe &rArr; ST_MCU_API_SpiRaw &rArr; S2LPSpiRaw &rArr; HAL_SPI_TransmitReceive_DMA &rArr; HAL_DMA_Start_IT &rArr; DMA_SetConfig
</UL>
<BR>[Calls]<UL><LI><a href="#[7e]">&gt;&gt;</a>&nbsp;&nbsp;&nbsp;RF_API_stop
<LI><a href="#[93]">&gt;&gt;</a>&nbsp;&nbsp;&nbsp;MONARCH_API_timer_stop
<LI><a href="#[95]">&gt;&gt;</a>&nbsp;&nbsp;&nbsp;MONARCH_API_stop_search_pattern
<LI><a href="#[96]">&gt;&gt;</a>&nbsp;&nbsp;&nbsp;MONARCH_API_free
<LI><a href="#[6e]">&gt;&gt;</a>&nbsp;&nbsp;&nbsp;RETURN_CODE
</UL>
<BR>[Address Reference Count : 2]<UL><LI> sigfox_monarch_api.o(.text)
<LI> sigfox_callback.o(.text)
</UL>
<P><STRONG><a name="[54]"></a>SIGFOX_CALLBACK_monarch_pattern_frequency_result</STRONG> (Thumb, 380 bytes, Stack size 32 bytes, sigfox_callback.o(.text))
<BR><BR>[Stack]<UL><LI>Max Depth = 492<LI>Call Chain = SIGFOX_CALLBACK_monarch_pattern_frequency_result &rArr; MONARCH_API_configure_search_pattern &rArr; RF_API_change_frequency &rArr; priv_ST_MANUF_ReadRegisters &rArr; ST_MCU_API_SpiRaw &rArr; S2LPSpiRaw &rArr; HAL_SPI_TransmitReceive_DMA &rArr; HAL_DMA_Start_IT &rArr; DMA_SetConfig
</UL>
<BR>[Calls]<UL><LI><a href="#[7e]">&gt;&gt;</a>&nbsp;&nbsp;&nbsp;RF_API_stop
<LI><a href="#[c5]">&gt;&gt;</a>&nbsp;&nbsp;&nbsp;SIGFOX_CALLBACK_get_rc_from_list
<LI><a href="#[93]">&gt;&gt;</a>&nbsp;&nbsp;&nbsp;MONARCH_API_timer_stop
<LI><a href="#[91]">&gt;&gt;</a>&nbsp;&nbsp;&nbsp;MONARCH_API_timer_start
<LI><a href="#[95]">&gt;&gt;</a>&nbsp;&nbsp;&nbsp;MONARCH_API_stop_search_pattern
<LI><a href="#[96]">&gt;&gt;</a>&nbsp;&nbsp;&nbsp;MONARCH_API_free
<LI><a href="#[92]">&gt;&gt;</a>&nbsp;&nbsp;&nbsp;MONARCH_API_configure_search_pattern
<LI><a href="#[8f]">&gt;&gt;</a>&nbsp;&nbsp;&nbsp;SIGFOX_MONARCH_API_reset_list_freq_pattern
<LI><a href="#[6e]">&gt;&gt;</a>&nbsp;&nbsp;&nbsp;RETURN_CODE
</UL>
<BR>[Address Reference Count : 2]<UL><LI> sigfox_monarch_api.o(.text)
<LI> sigfox_callback.o(.text)
</UL>
<P><STRONG><a name="[cb]"></a>SIGFOX_INT_randomize</STRONG> (Thumb, 22 bytes, Stack size 0 bytes, sigfox_internal.o(.text))
<BR><BR>[Called By]<UL><LI><a href="#[ca]">&gt;&gt;</a>&nbsp;&nbsp;&nbsp;SIGFOX_INT_compute_channels
</UL>

<P><STRONG><a name="[79]"></a>SIGFOX_INT_get_max_micro_channel</STRONG> (Thumb, 48 bytes, Stack size 12 bytes, sigfox_internal.o(.text))
<BR><BR>[Stack]<UL><LI>Max Depth = 12<LI>Call Chain = SIGFOX_INT_get_max_micro_channel
</UL>
<BR>[Called By]<UL><LI><a href="#[78]">&gt;&gt;</a>&nbsp;&nbsp;&nbsp;SIGFOX_API_set_std_config
</UL>

<P><STRONG><a name="[c6]"></a>SIGFOX_INT_get_macro_channel_index</STRONG> (Thumb, 94 bytes, Stack size 24 bytes, sigfox_internal.o(.text))
<BR><BR>[Stack]<UL><LI>Max Depth = 40<LI>Call Chain = SIGFOX_INT_get_macro_channel_index &rArr; __aeabi_idiv
</UL>
<BR>[Calls]<UL><LI><a href="#[9b]">&gt;&gt;</a>&nbsp;&nbsp;&nbsp;__aeabi_idiv
</UL>
<BR>[Called By]<UL><LI><a href="#[84]">&gt;&gt;</a>&nbsp;&nbsp;&nbsp;SIGFOX_INT_compute_uplink_frequency
</UL>

<P><STRONG><a name="[c7]"></a>SIGFOX_INT_dc_lbt_channel_pn_max</STRONG> (Thumb, 40 bytes, Stack size 20 bytes, sigfox_internal.o(.text))
<BR><BR>[Stack]<UL><LI>Max Depth = 36<LI>Call Chain = SIGFOX_INT_dc_lbt_channel_pn_max &rArr; __aeabi_idiv
</UL>
<BR>[Calls]<UL><LI><a href="#[9b]">&gt;&gt;</a>&nbsp;&nbsp;&nbsp;__aeabi_idiv
<LI><a href="#[c8]">&gt;&gt;</a>&nbsp;&nbsp;&nbsp;__aeabi_uidiv
</UL>
<BR>[Called By]<UL><LI><a href="#[ca]">&gt;&gt;</a>&nbsp;&nbsp;&nbsp;SIGFOX_INT_compute_channels
</UL>

<P><STRONG><a name="[c9]"></a>SIGFOX_INT_dc_lbt_channel_pn_min</STRONG> (Thumb, 30 bytes, Stack size 12 bytes, sigfox_internal.o(.text), UNUSED)
<BR><BR>[Calls]<UL><LI><a href="#[9b]">&gt;&gt;</a>&nbsp;&nbsp;&nbsp;__aeabi_idiv
</UL>

<P><STRONG><a name="[6e]"></a>RETURN_CODE</STRONG> (Thumb, 8 bytes, Stack size 0 bytes, sigfox_internal.o(.text))
<BR><BR>[Called By]<UL><LI><a href="#[69]">&gt;&gt;</a>&nbsp;&nbsp;&nbsp;SIGFOX_API_open
<LI><a href="#[94]">&gt;&gt;</a>&nbsp;&nbsp;&nbsp;SIGFOX_MONARCH_API_stop_rc_scan
<LI><a href="#[8d]">&gt;&gt;</a>&nbsp;&nbsp;&nbsp;SIGFOX_MONARCH_API_execute_rc_scan
<LI><a href="#[6f]">&gt;&gt;</a>&nbsp;&nbsp;&nbsp;SIGFOX_API_close
<LI><a href="#[53]">&gt;&gt;</a>&nbsp;&nbsp;&nbsp;SIGFOX_CALLBACK_monarch_scan_timeout
<LI><a href="#[54]">&gt;&gt;</a>&nbsp;&nbsp;&nbsp;SIGFOX_CALLBACK_monarch_pattern_frequency_result
<LI><a href="#[7f]">&gt;&gt;</a>&nbsp;&nbsp;&nbsp;SIGFOX_API_stop_continuous_transmission
<LI><a href="#[7a]">&gt;&gt;</a>&nbsp;&nbsp;&nbsp;SIGFOX_API_start_continuous_transmission
<LI><a href="#[81]">&gt;&gt;</a>&nbsp;&nbsp;&nbsp;SIGFOX_API_send_test_frame
<LI><a href="#[74]">&gt;&gt;</a>&nbsp;&nbsp;&nbsp;SIGFOX_API_get_version
<LI><a href="#[8b]">&gt;&gt;</a>&nbsp;&nbsp;&nbsp;SIGFOX_API_get_initial_pac
</UL>

<P><STRONG><a name="[ca]"></a>SIGFOX_INT_compute_channels</STRONG> (Thumb, 386 bytes, Stack size 40 bytes, sigfox_internal.o(.text))
<BR><BR>[Stack]<UL><LI>Max Depth = 76<LI>Call Chain = SIGFOX_INT_compute_channels &rArr; SIGFOX_INT_dc_lbt_channel_pn_max &rArr; __aeabi_idiv
</UL>
<BR>[Calls]<UL><LI><a href="#[9b]">&gt;&gt;</a>&nbsp;&nbsp;&nbsp;__aeabi_idiv
<LI><a href="#[c8]">&gt;&gt;</a>&nbsp;&nbsp;&nbsp;__aeabi_uidiv
<LI><a href="#[cb]">&gt;&gt;</a>&nbsp;&nbsp;&nbsp;SIGFOX_INT_randomize
<LI><a href="#[c7]">&gt;&gt;</a>&nbsp;&nbsp;&nbsp;SIGFOX_INT_dc_lbt_channel_pn_max
<LI><a href="#[cc]">&gt;&gt;</a>&nbsp;&nbsp;&nbsp;SIGFOX_PN_next_pn
</UL>
<BR>[Called By]<UL><LI><a href="#[82]">&gt;&gt;</a>&nbsp;&nbsp;&nbsp;SIGFOX_INT_prepare_transmission
</UL>

<P><STRONG><a name="[dd]"></a>SIGFOX_INT_compute_carrier_sense_frequency</STRONG> (Thumb, 44 bytes, Stack size 0 bytes, sigfox_internal.o(.text))
<BR><BR>[Called By]<UL><LI><a href="#[ce]">&gt;&gt;</a>&nbsp;&nbsp;&nbsp;SIGFOX_INT_process_uplink
</UL>

<P><STRONG><a name="[83]"></a>SIGFOX_INT_store_nvm</STRONG> (Thumb, 64 bytes, Stack size 16 bytes, sigfox_internal.o(.text))
<BR><BR>[Stack]<UL><LI>Max Depth = 200<LI>Call Chain = SIGFOX_INT_store_nvm &rArr; MCU_API_set_nv_mem &rArr; NVM_WriteRecord &rArr; _writeRecordInternal &rArr; _setBlockState &rArr; NVM_Write &rArr; FlashWrite &rArr; FlashErase &rArr; HAL_FLASHEx_DATAEEPROM_Erase &rArr; FLASH_WaitForLastOperation &rArr; FLASH_SetErrorCode
</UL>
<BR>[Calls]<UL><LI><a href="#[cd]">&gt;&gt;</a>&nbsp;&nbsp;&nbsp;MCU_API_set_nv_mem
</UL>
<BR>[Called By]<UL><LI><a href="#[81]">&gt;&gt;</a>&nbsp;&nbsp;&nbsp;SIGFOX_API_send_test_frame
<LI><a href="#[71]">&gt;&gt;</a>&nbsp;&nbsp;&nbsp;SIGFOX_INT_execute_communication_sequence
</UL>

<P><STRONG><a name="[71]"></a>SIGFOX_INT_execute_communication_sequence</STRONG> (Thumb, 368 bytes, Stack size 40 bytes, sigfox_internal.o(.text))
<BR><BR>[Stack]<UL><LI>Max Depth = 836<LI>Call Chain = SIGFOX_INT_execute_communication_sequence &rArr; SIGFOX_INT_process_downlink &rArr; SIGFOX_INT_get_received_frames &rArr; RF_API_wait_frame &rArr; ST_MCU_API_WaitForInterrupt &rArr; ST_RF_API_S2LP_IRQ_CB &rArr; ST_MONARCH_API_AFTHR_GPIO_CB &rArr; NextFrequencyRequest &rArr; RF_API_change_frequency &rArr; priv_ST_MANUF_ReadRegisters &rArr; ST_MCU_API_SpiRaw &rArr; S2LPSpiRaw &rArr; HAL_SPI_TransmitReceive_DMA &rArr; HAL_DMA_Start_IT &rArr; DMA_SetConfig
</UL>
<BR>[Calls]<UL><LI><a href="#[d0]">&gt;&gt;</a>&nbsp;&nbsp;&nbsp;MCU_API_delay
<LI><a href="#[83]">&gt;&gt;</a>&nbsp;&nbsp;&nbsp;SIGFOX_INT_store_nvm
<LI><a href="#[82]">&gt;&gt;</a>&nbsp;&nbsp;&nbsp;SIGFOX_INT_prepare_transmission
<LI><a href="#[ce]">&gt;&gt;</a>&nbsp;&nbsp;&nbsp;SIGFOX_INT_process_uplink
<LI><a href="#[cf]">&gt;&gt;</a>&nbsp;&nbsp;&nbsp;SIGFOX_INT_process_downlink
</UL>
<BR>[Called By]<UL><LI><a href="#[70]">&gt;&gt;</a>&nbsp;&nbsp;&nbsp;SIGFOX_API_send_frame
<LI><a href="#[73]">&gt;&gt;</a>&nbsp;&nbsp;&nbsp;SIGFOX_API_send_outofband
<LI><a href="#[72]">&gt;&gt;</a>&nbsp;&nbsp;&nbsp;SIGFOX_API_send_bit
</UL>

<P><STRONG><a name="[82]"></a>SIGFOX_INT_prepare_transmission</STRONG> (Thumb, 140 bytes, Stack size 24 bytes, sigfox_internal.o(.text))
<BR><BR>[Stack]<UL><LI>Max Depth = 328<LI>Call Chain = SIGFOX_INT_prepare_transmission &rArr; SIGFOX_INT_build_frame &rArr; SIGFOX_INT_encrypt_decrypt_frame &rArr; MCU_API_aes_128_cbc_encrypt &rArr; enc_utils_encrypt &rArr; AES128_CBC_encrypt &rArr; KeyExpansion_enc &rArr; [Anonymous Symbol]
</UL>
<BR>[Calls]<UL><LI><a href="#[ca]">&gt;&gt;</a>&nbsp;&nbsp;&nbsp;SIGFOX_INT_compute_channels
<LI><a href="#[d1]">&gt;&gt;</a>&nbsp;&nbsp;&nbsp;SIGFOX_INT_build_frame
</UL>
<BR>[Called By]<UL><LI><a href="#[81]">&gt;&gt;</a>&nbsp;&nbsp;&nbsp;SIGFOX_API_send_test_frame
<LI><a href="#[71]">&gt;&gt;</a>&nbsp;&nbsp;&nbsp;SIGFOX_INT_execute_communication_sequence
</UL>

<P><STRONG><a name="[d2]"></a>SIGFOX_INT_encrypt_decrypt_frame</STRONG> (Thumb, 278 bytes, Stack size 88 bytes, sigfox_internal.o(.text))
<BR><BR>[Stack]<UL><LI>Max Depth = 192<LI>Call Chain = SIGFOX_INT_encrypt_decrypt_frame &rArr; MCU_API_aes_128_cbc_encrypt &rArr; enc_utils_encrypt &rArr; AES128_CBC_encrypt &rArr; KeyExpansion_enc &rArr; [Anonymous Symbol]
</UL>
<BR>[Calls]<UL><LI><a href="#[d3]">&gt;&gt;</a>&nbsp;&nbsp;&nbsp;MCU_API_aes_128_cbc_encrypt
<LI><a href="#[ba]">&gt;&gt;</a>&nbsp;&nbsp;&nbsp;__aeabi_memclr
</UL>
<BR>[Called By]<UL><LI><a href="#[89]">&gt;&gt;</a>&nbsp;&nbsp;&nbsp;SIGFOX_INT_get_received_frames
<LI><a href="#[d1]">&gt;&gt;</a>&nbsp;&nbsp;&nbsp;SIGFOX_INT_build_frame
</UL>

<P><STRONG><a name="[d1]"></a>SIGFOX_INT_build_frame</STRONG> (Thumb, 804 bytes, Stack size 112 bytes, sigfox_internal.o(.text))
<BR><BR>[Stack]<UL><LI>Max Depth = 304<LI>Call Chain = SIGFOX_INT_build_frame &rArr; SIGFOX_INT_encrypt_decrypt_frame &rArr; MCU_API_aes_128_cbc_encrypt &rArr; enc_utils_encrypt &rArr; AES128_CBC_encrypt &rArr; KeyExpansion_enc &rArr; [Anonymous Symbol]
</UL>
<BR>[Calls]<UL><LI><a href="#[d4]">&gt;&gt;</a>&nbsp;&nbsp;&nbsp;MCU_API_get_voltage_temperature
<LI><a href="#[9c]">&gt;&gt;</a>&nbsp;&nbsp;&nbsp;__aeabi_idivmod
<LI><a href="#[9b]">&gt;&gt;</a>&nbsp;&nbsp;&nbsp;__aeabi_idiv
<LI><a href="#[c8]">&gt;&gt;</a>&nbsp;&nbsp;&nbsp;__aeabi_uidiv
<LI><a href="#[d2]">&gt;&gt;</a>&nbsp;&nbsp;&nbsp;SIGFOX_INT_encrypt_decrypt_frame
<LI><a href="#[d5]">&gt;&gt;</a>&nbsp;&nbsp;&nbsp;SIGFOX_HMAC_compute_aes
<LI><a href="#[d6]">&gt;&gt;</a>&nbsp;&nbsp;&nbsp;SIGFOX_CRC_crc16
</UL>
<BR>[Called By]<UL><LI><a href="#[82]">&gt;&gt;</a>&nbsp;&nbsp;&nbsp;SIGFOX_INT_prepare_transmission
</UL>

<P><STRONG><a name="[85]"></a>SIGFOX_INT_send_single_frame</STRONG> (Thumb, 128 bytes, Stack size 48 bytes, sigfox_internal.o(.text))
<BR><BR>[Stack]<UL><LI>Max Depth = 724<LI>Call Chain = SIGFOX_INT_send_single_frame &rArr; RF_API_send &rArr; ST_MCU_API_WaitForInterrupt &rArr; ST_RF_API_S2LP_IRQ_CB &rArr; ST_MONARCH_API_AFTHR_GPIO_CB &rArr; NextFrequencyRequest &rArr; RF_API_change_frequency &rArr; priv_ST_MANUF_ReadRegisters &rArr; ST_MCU_API_SpiRaw &rArr; S2LPSpiRaw &rArr; HAL_SPI_TransmitReceive_DMA &rArr; HAL_DMA_Start_IT &rArr; DMA_SetConfig
</UL>
<BR>[Calls]<UL><LI><a href="#[7e]">&gt;&gt;</a>&nbsp;&nbsp;&nbsp;RF_API_stop
<LI><a href="#[d8]">&gt;&gt;</a>&nbsp;&nbsp;&nbsp;RF_API_send
<LI><a href="#[7b]">&gt;&gt;</a>&nbsp;&nbsp;&nbsp;RF_API_init
<LI><a href="#[7c]">&gt;&gt;</a>&nbsp;&nbsp;&nbsp;RF_API_change_frequency
<LI><a href="#[d7]">&gt;&gt;</a>&nbsp;&nbsp;&nbsp;SIGFOX_SCRAMB_compute
</UL>
<BR>[Called By]<UL><LI><a href="#[81]">&gt;&gt;</a>&nbsp;&nbsp;&nbsp;SIGFOX_API_send_test_frame
<LI><a href="#[ce]">&gt;&gt;</a>&nbsp;&nbsp;&nbsp;SIGFOX_INT_process_uplink
</UL>

<P><STRONG><a name="[d9]"></a>SIGFOX_INT_execute_carrier_sense</STRONG> (Thumb, 64 bytes, Stack size 24 bytes, sigfox_internal.o(.text))
<BR><BR>[Stack]<UL><LI>Max Depth = 716<LI>Call Chain = SIGFOX_INT_execute_carrier_sense &rArr; RF_API_wait_for_clear_channel &rArr; ST_MCU_API_WaitForInterrupt &rArr; ST_RF_API_S2LP_IRQ_CB &rArr; ST_MONARCH_API_AFTHR_GPIO_CB &rArr; NextFrequencyRequest &rArr; RF_API_change_frequency &rArr; priv_ST_MANUF_ReadRegisters &rArr; ST_MCU_API_SpiRaw &rArr; S2LPSpiRaw &rArr; HAL_SPI_TransmitReceive_DMA &rArr; HAL_DMA_Start_IT &rArr; DMA_SetConfig
</UL>
<BR>[Calls]<UL><LI><a href="#[da]">&gt;&gt;</a>&nbsp;&nbsp;&nbsp;RF_API_wait_for_clear_channel
<LI><a href="#[7e]">&gt;&gt;</a>&nbsp;&nbsp;&nbsp;RF_API_stop
<LI><a href="#[7b]">&gt;&gt;</a>&nbsp;&nbsp;&nbsp;RF_API_init
<LI><a href="#[7c]">&gt;&gt;</a>&nbsp;&nbsp;&nbsp;RF_API_change_frequency
</UL>
<BR>[Called By]<UL><LI><a href="#[ce]">&gt;&gt;</a>&nbsp;&nbsp;&nbsp;SIGFOX_INT_process_uplink
</UL>

<P><STRONG><a name="[ce]"></a>SIGFOX_INT_process_uplink</STRONG> (Thumb, 634 bytes, Stack size 48 bytes, sigfox_internal.o(.text))
<BR><BR>[Stack]<UL><LI>Max Depth = 772<LI>Call Chain = SIGFOX_INT_process_uplink &rArr; SIGFOX_INT_send_single_frame &rArr; RF_API_send &rArr; ST_MCU_API_WaitForInterrupt &rArr; ST_RF_API_S2LP_IRQ_CB &rArr; ST_MONARCH_API_AFTHR_GPIO_CB &rArr; NextFrequencyRequest &rArr; RF_API_change_frequency &rArr; priv_ST_MANUF_ReadRegisters &rArr; ST_MCU_API_SpiRaw &rArr; S2LPSpiRaw &rArr; HAL_SPI_TransmitReceive_DMA &rArr; HAL_DMA_Start_IT &rArr; DMA_SetConfig
</UL>
<BR>[Calls]<UL><LI><a href="#[de]">&gt;&gt;</a>&nbsp;&nbsp;&nbsp;MCU_API_timer_wait_for_end
<LI><a href="#[df]">&gt;&gt;</a>&nbsp;&nbsp;&nbsp;MCU_API_timer_stop_carrier_sense
<LI><a href="#[dc]">&gt;&gt;</a>&nbsp;&nbsp;&nbsp;MCU_API_timer_start_carrier_sense
<LI><a href="#[db]">&gt;&gt;</a>&nbsp;&nbsp;&nbsp;MCU_API_timer_start
<LI><a href="#[d0]">&gt;&gt;</a>&nbsp;&nbsp;&nbsp;MCU_API_delay
<LI><a href="#[85]">&gt;&gt;</a>&nbsp;&nbsp;&nbsp;SIGFOX_INT_send_single_frame
<LI><a href="#[84]">&gt;&gt;</a>&nbsp;&nbsp;&nbsp;SIGFOX_INT_compute_uplink_frequency
<LI><a href="#[9b]">&gt;&gt;</a>&nbsp;&nbsp;&nbsp;__aeabi_idiv
<LI><a href="#[c8]">&gt;&gt;</a>&nbsp;&nbsp;&nbsp;__aeabi_uidiv
<LI><a href="#[d9]">&gt;&gt;</a>&nbsp;&nbsp;&nbsp;SIGFOX_INT_execute_carrier_sense
<LI><a href="#[dd]">&gt;&gt;</a>&nbsp;&nbsp;&nbsp;SIGFOX_INT_compute_carrier_sense_frequency
</UL>
<BR>[Called By]<UL><LI><a href="#[71]">&gt;&gt;</a>&nbsp;&nbsp;&nbsp;SIGFOX_INT_execute_communication_sequence
</UL>

<P><STRONG><a name="[cf]"></a>SIGFOX_INT_process_downlink</STRONG> (Thumb, 74 bytes, Stack size 16 bytes, sigfox_internal.o(.text))
<BR><BR>[Stack]<UL><LI>Max Depth = 796<LI>Call Chain = SIGFOX_INT_process_downlink &rArr; SIGFOX_INT_get_received_frames &rArr; RF_API_wait_frame &rArr; ST_MCU_API_WaitForInterrupt &rArr; ST_RF_API_S2LP_IRQ_CB &rArr; ST_MONARCH_API_AFTHR_GPIO_CB &rArr; NextFrequencyRequest &rArr; RF_API_change_frequency &rArr; priv_ST_MANUF_ReadRegisters &rArr; ST_MCU_API_SpiRaw &rArr; S2LPSpiRaw &rArr; HAL_SPI_TransmitReceive_DMA &rArr; HAL_DMA_Start_IT &rArr; DMA_SetConfig
</UL>
<BR>[Calls]<UL><LI><a href="#[de]">&gt;&gt;</a>&nbsp;&nbsp;&nbsp;MCU_API_timer_wait_for_end
<LI><a href="#[89]">&gt;&gt;</a>&nbsp;&nbsp;&nbsp;SIGFOX_INT_get_received_frames
<LI><a href="#[88]">&gt;&gt;</a>&nbsp;&nbsp;&nbsp;SIGFOX_INT_downlink_configuration
</UL>
<BR>[Called By]<UL><LI><a href="#[71]">&gt;&gt;</a>&nbsp;&nbsp;&nbsp;SIGFOX_INT_execute_communication_sequence
</UL>

<P><STRONG><a name="[88]"></a>SIGFOX_INT_downlink_configuration</STRONG> (Thumb, 56 bytes, Stack size 16 bytes, sigfox_internal.o(.text))
<BR><BR>[Stack]<UL><LI>Max Depth = 468<LI>Call Chain = SIGFOX_INT_downlink_configuration &rArr; RF_API_init &rArr; priv_ST_MANUF_rx_monarch_rf_init &rArr; priv_ST_MANUF_ReadRegisters &rArr; ST_MCU_API_SpiRaw &rArr; S2LPSpiRaw &rArr; HAL_SPI_TransmitReceive_DMA &rArr; HAL_DMA_Start_IT &rArr; DMA_SetConfig
</UL>
<BR>[Calls]<UL><LI><a href="#[db]">&gt;&gt;</a>&nbsp;&nbsp;&nbsp;MCU_API_timer_start
<LI><a href="#[7e]">&gt;&gt;</a>&nbsp;&nbsp;&nbsp;RF_API_stop
<LI><a href="#[7b]">&gt;&gt;</a>&nbsp;&nbsp;&nbsp;RF_API_init
<LI><a href="#[7c]">&gt;&gt;</a>&nbsp;&nbsp;&nbsp;RF_API_change_frequency
</UL>
<BR>[Called By]<UL><LI><a href="#[86]">&gt;&gt;</a>&nbsp;&nbsp;&nbsp;SIGFOX_API_receive_test_frame
<LI><a href="#[cf]">&gt;&gt;</a>&nbsp;&nbsp;&nbsp;SIGFOX_INT_process_downlink
</UL>

<P><STRONG><a name="[89]"></a>SIGFOX_INT_get_received_frames</STRONG> (Thumb, 360 bytes, Stack size 88 bytes, sigfox_internal.o(.text))
<BR><BR>[Stack]<UL><LI>Max Depth = 780<LI>Call Chain = SIGFOX_INT_get_received_frames &rArr; RF_API_wait_frame &rArr; ST_MCU_API_WaitForInterrupt &rArr; ST_RF_API_S2LP_IRQ_CB &rArr; ST_MONARCH_API_AFTHR_GPIO_CB &rArr; NextFrequencyRequest &rArr; RF_API_change_frequency &rArr; priv_ST_MANUF_ReadRegisters &rArr; ST_MCU_API_SpiRaw &rArr; S2LPSpiRaw &rArr; HAL_SPI_TransmitReceive_DMA &rArr; HAL_DMA_Start_IT &rArr; DMA_SetConfig
</UL>
<BR>[Calls]<UL><LI><a href="#[e2]">&gt;&gt;</a>&nbsp;&nbsp;&nbsp;MCU_API_timer_stop
<LI><a href="#[e3]">&gt;&gt;</a>&nbsp;&nbsp;&nbsp;MCU_API_report_test_result
<LI><a href="#[e0]">&gt;&gt;</a>&nbsp;&nbsp;&nbsp;RF_API_wait_frame
<LI><a href="#[7e]">&gt;&gt;</a>&nbsp;&nbsp;&nbsp;RF_API_stop
<LI><a href="#[d2]">&gt;&gt;</a>&nbsp;&nbsp;&nbsp;SIGFOX_INT_encrypt_decrypt_frame
<LI><a href="#[e1]">&gt;&gt;</a>&nbsp;&nbsp;&nbsp;SIGFOX_DECODE_decode_frame
</UL>
<BR>[Called By]<UL><LI><a href="#[86]">&gt;&gt;</a>&nbsp;&nbsp;&nbsp;SIGFOX_API_receive_test_frame
<LI><a href="#[cf]">&gt;&gt;</a>&nbsp;&nbsp;&nbsp;SIGFOX_INT_process_downlink
</UL>

<P><STRONG><a name="[84]"></a>SIGFOX_INT_compute_uplink_frequency</STRONG> (Thumb, 138 bytes, Stack size 24 bytes, sigfox_internal.o(.text))
<BR><BR>[Stack]<UL><LI>Max Depth = 64<LI>Call Chain = SIGFOX_INT_compute_uplink_frequency &rArr; SIGFOX_INT_get_macro_channel_index &rArr; __aeabi_idiv
</UL>
<BR>[Calls]<UL><LI><a href="#[e4]">&gt;&gt;</a>&nbsp;&nbsp;&nbsp;__aeabi_uidivmod
<LI><a href="#[c6]">&gt;&gt;</a>&nbsp;&nbsp;&nbsp;SIGFOX_INT_get_macro_channel_index
</UL>
<BR>[Called By]<UL><LI><a href="#[81]">&gt;&gt;</a>&nbsp;&nbsp;&nbsp;SIGFOX_API_send_test_frame
<LI><a href="#[ce]">&gt;&gt;</a>&nbsp;&nbsp;&nbsp;SIGFOX_INT_process_uplink
</UL>

<P><STRONG><a name="[87]"></a>SIGFOX_INT_compute_downlink_frequency</STRONG> (Thumb, 4 bytes, Stack size 0 bytes, sigfox_internal.o(.text), UNUSED)
<BR><BR>[Called By]<UL><LI><a href="#[86]">&gt;&gt;</a>&nbsp;&nbsp;&nbsp;SIGFOX_API_receive_test_frame
</UL>

<P><STRONG><a name="[6c]"></a>SIGFOX_INT_get_device_id_and_payload_encryption_flag</STRONG> (Thumb, 34 bytes, Stack size 8 bytes, sigfox_internal.o(.text))
<BR><BR>[Stack]<UL><LI>Max Depth = 16<LI>Call Chain = SIGFOX_INT_get_device_id_and_payload_encryption_flag &rArr; MCU_API_get_device_id_and_payload_encryption_flag
</UL>
<BR>[Calls]<UL><LI><a href="#[e5]">&gt;&gt;</a>&nbsp;&nbsp;&nbsp;MCU_API_get_device_id_and_payload_encryption_flag
</UL>
<BR>[Called By]<UL><LI><a href="#[69]">&gt;&gt;</a>&nbsp;&nbsp;&nbsp;SIGFOX_API_open
<LI><a href="#[8a]">&gt;&gt;</a>&nbsp;&nbsp;&nbsp;SIGFOX_API_get_device_id
</UL>

<P><STRONG><a name="[d6]"></a>SIGFOX_CRC_crc16</STRONG> (Thumb, 64 bytes, Stack size 12 bytes, sigfox_crc.o(.text))
<BR><BR>[Stack]<UL><LI>Max Depth = 12<LI>Call Chain = SIGFOX_CRC_crc16
</UL>
<BR>[Called By]<UL><LI><a href="#[d1]">&gt;&gt;</a>&nbsp;&nbsp;&nbsp;SIGFOX_INT_build_frame
</UL>

<P><STRONG><a name="[e7]"></a>SIGFOX_CRC_crc8</STRONG> (Thumb, 54 bytes, Stack size 12 bytes, sigfox_crc.o(.text))
<BR><BR>[Stack]<UL><LI>Max Depth = 12<LI>Call Chain = SIGFOX_CRC_crc8
</UL>
<BR>[Called By]<UL><LI><a href="#[e1]">&gt;&gt;</a>&nbsp;&nbsp;&nbsp;SIGFOX_DECODE_decode_frame
</UL>

<P><STRONG><a name="[e1]"></a>SIGFOX_DECODE_decode_frame</STRONG> (Thumb, 236 bytes, Stack size 72 bytes, sigfox_decode.o(.text))
<BR><BR>[Stack]<UL><LI>Max Depth = 176<LI>Call Chain = SIGFOX_DECODE_decode_frame &rArr; MCU_API_aes_128_cbc_encrypt &rArr; enc_utils_encrypt &rArr; AES128_CBC_encrypt &rArr; KeyExpansion_enc &rArr; [Anonymous Symbol]
</UL>
<BR>[Calls]<UL><LI><a href="#[d3]">&gt;&gt;</a>&nbsp;&nbsp;&nbsp;MCU_API_aes_128_cbc_encrypt
<LI><a href="#[e6]">&gt;&gt;</a>&nbsp;&nbsp;&nbsp;SIGFOX_DECODE_dewhitening
<LI><a href="#[e7]">&gt;&gt;</a>&nbsp;&nbsp;&nbsp;SIGFOX_CRC_crc8
</UL>
<BR>[Called By]<UL><LI><a href="#[89]">&gt;&gt;</a>&nbsp;&nbsp;&nbsp;SIGFOX_INT_get_received_frames
</UL>

<P><STRONG><a name="[d5]"></a>SIGFOX_HMAC_compute_aes</STRONG> (Thumb, 116 bytes, Stack size 32 bytes, sigfox_hmac.o(.text))
<BR><BR>[Stack]<UL><LI>Max Depth = 136<LI>Call Chain = SIGFOX_HMAC_compute_aes &rArr; MCU_API_aes_128_cbc_encrypt &rArr; enc_utils_encrypt &rArr; AES128_CBC_encrypt &rArr; KeyExpansion_enc &rArr; [Anonymous Symbol]
</UL>
<BR>[Calls]<UL><LI><a href="#[d3]">&gt;&gt;</a>&nbsp;&nbsp;&nbsp;MCU_API_aes_128_cbc_encrypt
</UL>
<BR>[Called By]<UL><LI><a href="#[d1]">&gt;&gt;</a>&nbsp;&nbsp;&nbsp;SIGFOX_INT_build_frame
</UL>

<P><STRONG><a name="[cc]"></a>SIGFOX_PN_next_pn</STRONG> (Thumb, 100 bytes, Stack size 20 bytes, sigfox_pn.o(.text))
<BR><BR>[Stack]<UL><LI>Max Depth = 20<LI>Call Chain = SIGFOX_PN_next_pn
</UL>
<BR>[Called By]<UL><LI><a href="#[ca]">&gt;&gt;</a>&nbsp;&nbsp;&nbsp;SIGFOX_INT_compute_channels
</UL>

<P><STRONG><a name="[d7]"></a>SIGFOX_SCRAMB_compute</STRONG> (Thumb, 122 bytes, Stack size 32 bytes, sigfox_scramb.o(.text))
<BR><BR>[Stack]<UL><LI>Max Depth = 32<LI>Call Chain = SIGFOX_SCRAMB_compute
</UL>
<BR>[Calls]<UL><LI><a href="#[ba]">&gt;&gt;</a>&nbsp;&nbsp;&nbsp;__aeabi_memclr
</UL>
<BR>[Called By]<UL><LI><a href="#[85]">&gt;&gt;</a>&nbsp;&nbsp;&nbsp;SIGFOX_INT_send_single_frame
</UL>

<P><STRONG><a name="[c8]"></a>__aeabi_uidiv</STRONG> (Thumb, 0 bytes, Stack size 12 bytes, uidiv.o(.text))
<BR><BR>[Stack]<UL><LI>Max Depth = 12<LI>Call Chain = __aeabi_uidiv
</UL>
<BR>[Called By]<UL><LI><a href="#[ce]">&gt;&gt;</a>&nbsp;&nbsp;&nbsp;SIGFOX_INT_process_uplink
<LI><a href="#[c7]">&gt;&gt;</a>&nbsp;&nbsp;&nbsp;SIGFOX_INT_dc_lbt_channel_pn_max
<LI><a href="#[ca]">&gt;&gt;</a>&nbsp;&nbsp;&nbsp;SIGFOX_INT_compute_channels
<LI><a href="#[d1]">&gt;&gt;</a>&nbsp;&nbsp;&nbsp;SIGFOX_INT_build_frame
</UL>

<P><STRONG><a name="[e4]"></a>__aeabi_uidivmod</STRONG> (Thumb, 44 bytes, Stack size 12 bytes, uidiv.o(.text))
<BR><BR>[Stack]<UL><LI>Max Depth = 12<LI>Call Chain = __aeabi_uidivmod
</UL>
<BR>[Called By]<UL><LI><a href="#[1a6]">&gt;&gt;</a>&nbsp;&nbsp;&nbsp;SdkEvalTimersFindFactors
<LI><a href="#[dc]">&gt;&gt;</a>&nbsp;&nbsp;&nbsp;MCU_API_timer_start_carrier_sense
<LI><a href="#[db]">&gt;&gt;</a>&nbsp;&nbsp;&nbsp;MCU_API_timer_start
<LI><a href="#[120]">&gt;&gt;</a>&nbsp;&nbsp;&nbsp;HAL_DMA_Init
<LI><a href="#[132]">&gt;&gt;</a>&nbsp;&nbsp;&nbsp;HAL_InitTick
<LI><a href="#[137]">&gt;&gt;</a>&nbsp;&nbsp;&nbsp;HAL_RCC_GetSysClockFreq
<LI><a href="#[15b]">&gt;&gt;</a>&nbsp;&nbsp;&nbsp;UART_SetConfig
<LI><a href="#[84]">&gt;&gt;</a>&nbsp;&nbsp;&nbsp;SIGFOX_INT_compute_uplink_frequency
<LI><a href="#[9c]">&gt;&gt;</a>&nbsp;&nbsp;&nbsp;__aeabi_idivmod
</UL>

<P><STRONG><a name="[9b]"></a>__aeabi_idiv</STRONG> (Thumb, 0 bytes, Stack size 16 bytes, idiv.o(.text))
<BR><BR>[Stack]<UL><LI>Max Depth = 16<LI>Call Chain = __aeabi_idiv
</UL>
<BR>[Called By]<UL><LI><a href="#[91]">&gt;&gt;</a>&nbsp;&nbsp;&nbsp;MONARCH_API_timer_start
<LI><a href="#[ce]">&gt;&gt;</a>&nbsp;&nbsp;&nbsp;SIGFOX_INT_process_uplink
<LI><a href="#[c6]">&gt;&gt;</a>&nbsp;&nbsp;&nbsp;SIGFOX_INT_get_macro_channel_index
<LI><a href="#[c9]">&gt;&gt;</a>&nbsp;&nbsp;&nbsp;SIGFOX_INT_dc_lbt_channel_pn_min
<LI><a href="#[c7]">&gt;&gt;</a>&nbsp;&nbsp;&nbsp;SIGFOX_INT_dc_lbt_channel_pn_max
<LI><a href="#[ca]">&gt;&gt;</a>&nbsp;&nbsp;&nbsp;SIGFOX_INT_compute_channels
<LI><a href="#[d1]">&gt;&gt;</a>&nbsp;&nbsp;&nbsp;SIGFOX_INT_build_frame
</UL>

<P><STRONG><a name="[9c]"></a>__aeabi_idivmod</STRONG> (Thumb, 40 bytes, Stack size 16 bytes, idiv.o(.text))
<BR><BR>[Stack]<UL><LI>Max Depth = 28<LI>Call Chain = __aeabi_idivmod &rArr; __aeabi_uidivmod
</UL>
<BR>[Calls]<UL><LI><a href="#[e4]">&gt;&gt;</a>&nbsp;&nbsp;&nbsp;__aeabi_uidivmod
</UL>
<BR>[Called By]<UL><LI><a href="#[1b2]">&gt;&gt;</a>&nbsp;&nbsp;&nbsp;ST_MCU_API_TimerCalibration
<LI><a href="#[dc]">&gt;&gt;</a>&nbsp;&nbsp;&nbsp;MCU_API_timer_start_carrier_sense
<LI><a href="#[7b]">&gt;&gt;</a>&nbsp;&nbsp;&nbsp;RF_API_init
<LI><a href="#[91]">&gt;&gt;</a>&nbsp;&nbsp;&nbsp;MONARCH_API_timer_start
<LI><a href="#[22]">&gt;&gt;</a>&nbsp;&nbsp;&nbsp;LSM303AGR_ACC_GetAxesRaw
<LI><a href="#[d1]">&gt;&gt;</a>&nbsp;&nbsp;&nbsp;SIGFOX_INT_build_frame
</UL>

<P><STRONG><a name="[e8]"></a>__aeabi_uldivmod</STRONG> (Thumb, 96 bytes, Stack size 48 bytes, uldiv.o(.text))
<BR><BR>[Stack]<UL><LI>Max Depth = 56<LI>Call Chain = __aeabi_uldivmod &rArr; __aeabi_llsl
</UL>
<BR>[Calls]<UL><LI><a href="#[ea]">&gt;&gt;</a>&nbsp;&nbsp;&nbsp;__aeabi_llsl
<LI><a href="#[e9]">&gt;&gt;</a>&nbsp;&nbsp;&nbsp;__aeabi_llsr
</UL>
<BR>[Called By]<UL><LI><a href="#[15b]">&gt;&gt;</a>&nbsp;&nbsp;&nbsp;UART_SetConfig
<LI><a href="#[da]">&gt;&gt;</a>&nbsp;&nbsp;&nbsp;RF_API_wait_for_clear_channel
<LI><a href="#[7b]">&gt;&gt;</a>&nbsp;&nbsp;&nbsp;RF_API_init
<LI><a href="#[7c]">&gt;&gt;</a>&nbsp;&nbsp;&nbsp;RF_API_change_frequency
<LI><a href="#[1cc]">&gt;&gt;</a>&nbsp;&nbsp;&nbsp;priv_ST_MANUF_tx_rf_dbpsk_init
<LI><a href="#[1c9]">&gt;&gt;</a>&nbsp;&nbsp;&nbsp;priv_ST_MANUF_rx_rf_init
<LI><a href="#[1ca]">&gt;&gt;</a>&nbsp;&nbsp;&nbsp;priv_ST_MANUF_rx_monarch_rf_init
<LI><a href="#[1f8]">&gt;&gt;</a>&nbsp;&nbsp;&nbsp;_printf_core
</UL>

<P><STRONG><a name="[eb]"></a>__aeabi_lmul</STRONG> (Thumb, 122 bytes, Stack size 64 bytes, llmul.o(.text))
<BR><BR>[Stack]<UL><LI>Max Depth = 72<LI>Call Chain = __aeabi_lmul &rArr; __aeabi_llsl
</UL>
<BR>[Calls]<UL><LI><a href="#[ea]">&gt;&gt;</a>&nbsp;&nbsp;&nbsp;__aeabi_llsl
</UL>
<BR>[Called By]<UL><LI><a href="#[7c]">&gt;&gt;</a>&nbsp;&nbsp;&nbsp;RF_API_change_frequency
<LI><a href="#[1cc]">&gt;&gt;</a>&nbsp;&nbsp;&nbsp;priv_ST_MANUF_tx_rf_dbpsk_init
<LI><a href="#[1c9]">&gt;&gt;</a>&nbsp;&nbsp;&nbsp;priv_ST_MANUF_rx_rf_init
<LI><a href="#[1ca]">&gt;&gt;</a>&nbsp;&nbsp;&nbsp;priv_ST_MANUF_rx_monarch_rf_init
</UL>

<P><STRONG><a name="[217]"></a>_ll_mul</STRONG> (Thumb, 0 bytes, Stack size 64 bytes, llmul.o(.text), UNUSED)

<P><STRONG><a name="[e9]"></a>__aeabi_llsr</STRONG> (Thumb, 34 bytes, Stack size 8 bytes, llushr.o(.text))
<BR><BR>[Stack]<UL><LI>Max Depth = 8<LI>Call Chain = __aeabi_llsr
</UL>
<BR>[Called By]<UL><LI><a href="#[11c]">&gt;&gt;</a>&nbsp;&nbsp;&nbsp;FlashRead
<LI><a href="#[e8]">&gt;&gt;</a>&nbsp;&nbsp;&nbsp;__aeabi_uldivmod
</UL>

<P><STRONG><a name="[218]"></a>_ll_ushift_r</STRONG> (Thumb, 0 bytes, Stack size 8 bytes, llushr.o(.text), UNUSED)

<P><STRONG><a name="[ac]"></a>__aeabi_memcpy</STRONG> (Thumb, 36 bytes, Stack size 0 bytes, memcpya.o(.text))
<BR><BR>[Called By]<UL><LI><a href="#[bd]">&gt;&gt;</a>&nbsp;&nbsp;&nbsp;enc_utils_retrieve_data_from_flash
<LI><a href="#[bc]">&gt;&gt;</a>&nbsp;&nbsp;&nbsp;AES_CBC_decrypt_buffer
<LI><a href="#[aa]">&gt;&gt;</a>&nbsp;&nbsp;&nbsp;[Anonymous Symbol]
</UL>

<P><STRONG><a name="[1e7]"></a>__aeabi_memcpy4</STRONG> (Thumb, 0 bytes, Stack size 0 bytes, memcpya.o(.text))
<BR><BR>[Called By]<UL><LI><a href="#[1b2]">&gt;&gt;</a>&nbsp;&nbsp;&nbsp;ST_MCU_API_TimerCalibration
<LI><a href="#[1f3]">&gt;&gt;</a>&nbsp;&nbsp;&nbsp;St_Sigfox_Open_RCZ
</UL>

<P><STRONG><a name="[219]"></a>__aeabi_memcpy8</STRONG> (Thumb, 0 bytes, Stack size 0 bytes, memcpya.o(.text), UNUSED)

<P><STRONG><a name="[ec]"></a>__aeabi_memset</STRONG> (Thumb, 14 bytes, Stack size 0 bytes, memseta.o(.text))
<BR><BR>[Called By]<UL><LI><a href="#[ed]">&gt;&gt;</a>&nbsp;&nbsp;&nbsp;_memset$wrapper
<LI><a href="#[ba]">&gt;&gt;</a>&nbsp;&nbsp;&nbsp;__aeabi_memclr
</UL>

<P><STRONG><a name="[21a]"></a>__aeabi_memset4</STRONG> (Thumb, 0 bytes, Stack size 0 bytes, memseta.o(.text), UNUSED)

<P><STRONG><a name="[21b]"></a>__aeabi_memset8</STRONG> (Thumb, 0 bytes, Stack size 0 bytes, memseta.o(.text), UNUSED)

<P><STRONG><a name="[ba]"></a>__aeabi_memclr</STRONG> (Thumb, 4 bytes, Stack size 0 bytes, memseta.o(.text))
<BR><BR>[Calls]<UL><LI><a href="#[ec]">&gt;&gt;</a>&nbsp;&nbsp;&nbsp;__aeabi_memset
</UL>
<BR>[Called By]<UL><LI><a href="#[1ae]">&gt;&gt;</a>&nbsp;&nbsp;&nbsp;MCU_Config
<LI><a href="#[b7]">&gt;&gt;</a>&nbsp;&nbsp;&nbsp;AES128_CBC_encrypt
<LI><a href="#[bb]">&gt;&gt;</a>&nbsp;&nbsp;&nbsp;AES128_CBC_decrypt_internal
<LI><a href="#[d2]">&gt;&gt;</a>&nbsp;&nbsp;&nbsp;SIGFOX_INT_encrypt_decrypt_frame
<LI><a href="#[d7]">&gt;&gt;</a>&nbsp;&nbsp;&nbsp;SIGFOX_SCRAMB_compute
</UL>

<P><STRONG><a name="[c0]"></a>__aeabi_memclr4</STRONG> (Thumb, 0 bytes, Stack size 0 bytes, memseta.o(.text))
<BR><BR>[Called By]<UL><LI><a href="#[1ba]">&gt;&gt;</a>&nbsp;&nbsp;&nbsp;MX_RTC_Init
<LI><a href="#[1b8]">&gt;&gt;</a>&nbsp;&nbsp;&nbsp;MX_GPIO_Init
<LI><a href="#[1ec]">&gt;&gt;</a>&nbsp;&nbsp;&nbsp;SystemClock_Config
<LI><a href="#[bd]">&gt;&gt;</a>&nbsp;&nbsp;&nbsp;enc_utils_retrieve_data_from_flash
<LI><a href="#[15a]">&gt;&gt;</a>&nbsp;&nbsp;&nbsp;HAL_UART_MspInit
<LI><a href="#[144]">&gt;&gt;</a>&nbsp;&nbsp;&nbsp;HAL_SPI_MspInit
</UL>

<P><STRONG><a name="[21c]"></a>__aeabi_memclr8</STRONG> (Thumb, 0 bytes, Stack size 0 bytes, memseta.o(.text), UNUSED)

<P><STRONG><a name="[ed]"></a>_memset$wrapper</STRONG> (Thumb, 18 bytes, Stack size 8 bytes, memseta.o(.text), UNUSED)
<BR><BR>[Calls]<UL><LI><a href="#[ec]">&gt;&gt;</a>&nbsp;&nbsp;&nbsp;__aeabi_memset
</UL>

<P><STRONG><a name="[98]"></a>__aeabi_fmul</STRONG> (Thumb, 122 bytes, Stack size 16 bytes, fmul.o(.text))
<BR><BR>[Stack]<UL><LI>Max Depth = 16<LI>Call Chain = __aeabi_fmul
</UL>
<BR>[Called By]<UL><LI><a href="#[14]">&gt;&gt;</a>&nbsp;&nbsp;&nbsp;LSM6DSL_GYRO_GetAxes
<LI><a href="#[b]">&gt;&gt;</a>&nbsp;&nbsp;&nbsp;LSM6DSL_ACC_GetAxes
<LI><a href="#[91]">&gt;&gt;</a>&nbsp;&nbsp;&nbsp;MONARCH_API_timer_start
<LI><a href="#[2e]">&gt;&gt;</a>&nbsp;&nbsp;&nbsp;LSM303AGR_MAG_GetAxes
<LI><a href="#[21]">&gt;&gt;</a>&nbsp;&nbsp;&nbsp;LSM303AGR_ACC_GetAxes
</UL>

<P><STRONG><a name="[99]"></a>__aeabi_fdiv</STRONG> (Thumb, 124 bytes, Stack size 16 bytes, fdiv.o(.text))
<BR><BR>[Stack]<UL><LI>Max Depth = 16<LI>Call Chain = __aeabi_fdiv
</UL>
<BR>[Calls]<UL><LI><a href="#[ee]">&gt;&gt;</a>&nbsp;&nbsp;&nbsp;_float_round
</UL>
<BR>[Called By]<UL><LI><a href="#[91]">&gt;&gt;</a>&nbsp;&nbsp;&nbsp;MONARCH_API_timer_start
</UL>

<P><STRONG><a name="[ef]"></a>__aeabi_i2f</STRONG> (Thumb, 22 bytes, Stack size 8 bytes, fflti.o(.text))
<BR><BR>[Stack]<UL><LI>Max Depth = 20<LI>Call Chain = __aeabi_i2f &rArr; _float_epilogue
</UL>
<BR>[Calls]<UL><LI><a href="#[f0]">&gt;&gt;</a>&nbsp;&nbsp;&nbsp;_float_epilogue
</UL>
<BR>[Called By]<UL><LI><a href="#[14]">&gt;&gt;</a>&nbsp;&nbsp;&nbsp;LSM6DSL_GYRO_GetAxes
<LI><a href="#[b]">&gt;&gt;</a>&nbsp;&nbsp;&nbsp;LSM6DSL_ACC_GetAxes
<LI><a href="#[2e]">&gt;&gt;</a>&nbsp;&nbsp;&nbsp;LSM303AGR_MAG_GetAxes
<LI><a href="#[21]">&gt;&gt;</a>&nbsp;&nbsp;&nbsp;LSM303AGR_ACC_GetAxes
</UL>

<P><STRONG><a name="[97]"></a>__aeabi_ui2f</STRONG> (Thumb, 14 bytes, Stack size 8 bytes, ffltui.o(.text))
<BR><BR>[Stack]<UL><LI>Max Depth = 20<LI>Call Chain = __aeabi_ui2f &rArr; _float_epilogue
</UL>
<BR>[Calls]<UL><LI><a href="#[f0]">&gt;&gt;</a>&nbsp;&nbsp;&nbsp;_float_epilogue
</UL>
<BR>[Called By]<UL><LI><a href="#[91]">&gt;&gt;</a>&nbsp;&nbsp;&nbsp;MONARCH_API_timer_start
</UL>

<P><STRONG><a name="[16d]"></a>__aeabi_f2iz</STRONG> (Thumb, 50 bytes, Stack size 0 bytes, ffixi.o(.text))
<BR><BR>[Called By]<UL><LI><a href="#[14]">&gt;&gt;</a>&nbsp;&nbsp;&nbsp;LSM6DSL_GYRO_GetAxes
<LI><a href="#[b]">&gt;&gt;</a>&nbsp;&nbsp;&nbsp;LSM6DSL_ACC_GetAxes
<LI><a href="#[2e]">&gt;&gt;</a>&nbsp;&nbsp;&nbsp;LSM303AGR_MAG_GetAxes
<LI><a href="#[21]">&gt;&gt;</a>&nbsp;&nbsp;&nbsp;LSM303AGR_ACC_GetAxes
</UL>

<P><STRONG><a name="[9a]"></a>__aeabi_f2uiz</STRONG> (Thumb, 40 bytes, Stack size 0 bytes, ffixui.o(.text))
<BR><BR>[Called By]<UL><LI><a href="#[91]">&gt;&gt;</a>&nbsp;&nbsp;&nbsp;MONARCH_API_timer_start
</UL>

<P><STRONG><a name="[ea]"></a>__aeabi_llsl</STRONG> (Thumb, 32 bytes, Stack size 8 bytes, llshl.o(.text))
<BR><BR>[Stack]<UL><LI>Max Depth = 8<LI>Call Chain = __aeabi_llsl
</UL>
<BR>[Called By]<UL><LI><a href="#[eb]">&gt;&gt;</a>&nbsp;&nbsp;&nbsp;__aeabi_lmul
<LI><a href="#[e8]">&gt;&gt;</a>&nbsp;&nbsp;&nbsp;__aeabi_uldivmod
</UL>

<P><STRONG><a name="[21d]"></a>_ll_shift_l</STRONG> (Thumb, 0 bytes, Stack size 8 bytes, llshl.o(.text), UNUSED)

<P><STRONG><a name="[21e]"></a>__I$use$fp</STRONG> (Thumb, 0 bytes, Stack size 0 bytes, iusefp.o(.text), UNUSED)

<P><STRONG><a name="[ee]"></a>_float_round</STRONG> (Thumb, 16 bytes, Stack size 0 bytes, fepilogue.o(.text))
<BR><BR>[Called By]<UL><LI><a href="#[99]">&gt;&gt;</a>&nbsp;&nbsp;&nbsp;__aeabi_fdiv
</UL>

<P><STRONG><a name="[f0]"></a>_float_epilogue</STRONG> (Thumb, 114 bytes, Stack size 12 bytes, fepilogue.o(.text))
<BR><BR>[Stack]<UL><LI>Max Depth = 12<LI>Call Chain = _float_epilogue
</UL>
<BR>[Called By]<UL><LI><a href="#[97]">&gt;&gt;</a>&nbsp;&nbsp;&nbsp;__aeabi_ui2f
<LI><a href="#[ef]">&gt;&gt;</a>&nbsp;&nbsp;&nbsp;__aeabi_i2f
</UL>

<P><STRONG><a name="[68]"></a>__scatterload</STRONG> (Thumb, 28 bytes, Stack size 0 bytes, init.o(.text))
<BR><BR>[Calls]<UL><LI><a href="#[f1]">&gt;&gt;</a>&nbsp;&nbsp;&nbsp;__main_after_scatterload
</UL>
<BR>[Called By]<UL><LI><a href="#[67]">&gt;&gt;</a>&nbsp;&nbsp;&nbsp;_main_scatterload
</UL>

<P><STRONG><a name="[21f]"></a>__scatterload_rt2</STRONG> (Thumb, 0 bytes, Stack size 0 bytes, init.o(.text), UNUSED)

<P><STRONG><a name="[220]"></a>__decompress</STRONG> (Thumb, 0 bytes, Stack size unknown bytes, __dczerorl2.o(.text), UNUSED)

<P><STRONG><a name="[221]"></a>__decompress1</STRONG> (Thumb, 86 bytes, Stack size unknown bytes, __dczerorl2.o(.text), UNUSED)

<P><STRONG><a name="[5e]"></a>BSP_GetTick</STRONG> (Thumb, 8 bytes, Stack size 8 bytes, custom_bus.o(i.BSP_GetTick))
<BR><BR>[Stack]<UL><LI>Max Depth = 8<LI>Call Chain = BSP_GetTick
</UL>
<BR>[Calls]<UL><LI><a href="#[f2]">&gt;&gt;</a>&nbsp;&nbsp;&nbsp;HAL_GetTick
</UL>
<BR>[Address Reference Count : 3]<UL><LI> iks01a2_motion_sensors.o(i.LSM303AGR_ACC_0_Probe)
<LI> iks01a2_motion_sensors.o(i.LSM303AGR_MAG_0_Probe)
<LI> iks01a2_motion_sensors.o(i.LSM6DSL_0_Probe)
</UL>
<P><STRONG><a name="[5b]"></a>BSP_I2C1_DeInit</STRONG> (Thumb, 56 bytes, Stack size 8 bytes, custom_bus.o(i.BSP_I2C1_DeInit))
<BR><BR>[Stack]<UL><LI>Max Depth = 28<LI>Call Chain = BSP_I2C1_DeInit &rArr; HAL_GPIO_DeInit
</UL>
<BR>[Calls]<UL><LI><a href="#[f4]">&gt;&gt;</a>&nbsp;&nbsp;&nbsp;HAL_I2C_DeInit
<LI><a href="#[f3]">&gt;&gt;</a>&nbsp;&nbsp;&nbsp;HAL_GPIO_DeInit
</UL>
<BR>[Address Reference Count : 3]<UL><LI> iks01a2_motion_sensors.o(i.LSM303AGR_ACC_0_Probe)
<LI> iks01a2_motion_sensors.o(i.LSM303AGR_MAG_0_Probe)
<LI> iks01a2_motion_sensors.o(i.LSM6DSL_0_Probe)
</UL>
<P><STRONG><a name="[5a]"></a>BSP_I2C1_Init</STRONG> (Thumb, 120 bytes, Stack size 40 bytes, custom_bus.o(i.BSP_I2C1_Init))
<BR><BR>[Stack]<UL><LI>Max Depth = 72<LI>Call Chain = BSP_I2C1_Init &rArr; MX_I2C1_Init &rArr; HAL_I2C_Init
</UL>
<BR>[Calls]<UL><LI><a href="#[f6]">&gt;&gt;</a>&nbsp;&nbsp;&nbsp;HAL_GPIO_Init
<LI><a href="#[f7]">&gt;&gt;</a>&nbsp;&nbsp;&nbsp;MX_I2C1_Init
<LI><a href="#[f5]">&gt;&gt;</a>&nbsp;&nbsp;&nbsp;HAL_I2C_GetState
<LI><a href="#[f8]">&gt;&gt;</a>&nbsp;&nbsp;&nbsp;HAL_I2CEx_ConfigAnalogFilter
</UL>
<BR>[Address Reference Count : 3]<UL><LI> iks01a2_motion_sensors.o(i.LSM303AGR_ACC_0_Probe)
<LI> iks01a2_motion_sensors.o(i.LSM303AGR_MAG_0_Probe)
<LI> iks01a2_motion_sensors.o(i.LSM6DSL_0_Probe)
</UL>
<P><STRONG><a name="[5c]"></a>BSP_I2C1_ReadReg</STRONG> (Thumb, 52 bytes, Stack size 24 bytes, custom_bus.o(i.BSP_I2C1_ReadReg))
<BR><BR>[Stack]<UL><LI>Max Depth = 144<LI>Call Chain = BSP_I2C1_ReadReg &rArr; HAL_I2C_Mem_Read &rArr; I2C_RequestMemoryRead &rArr; I2C_WaitOnTXISFlagUntilTimeout &rArr; I2C_IsAcknowledgeFailed
</UL>
<BR>[Calls]<UL><LI><a href="#[f9]">&gt;&gt;</a>&nbsp;&nbsp;&nbsp;HAL_I2C_Mem_Read
<LI><a href="#[fa]">&gt;&gt;</a>&nbsp;&nbsp;&nbsp;HAL_I2C_GetError
[...]
</UL>

<P><STRONG><a name="[209]"></a>priv_ST_MANUF_SpiRaw_Ramp</STRONG> (Thumb, 86 bytes, Stack size 104 bytes, rf_api.o(i.priv_ST_MANUF_SpiRaw_Ramp))
<BR><BR>[Stack]<UL><LI>Max Depth = 212<LI>Call Chain = priv_ST_MANUF_SpiRaw_Ramp &rArr; ST_MCU_API_SpiRaw &rArr; S2LPSpiRaw &rArr; HAL_SPI_TransmitReceive_DMA &rArr; HAL_DMA_Start_IT &rArr; DMA_SetConfig
</UL>
<BR>[Calls]<UL><LI><a href="#[1e6]">&gt;&gt;</a>&nbsp;&nbsp;&nbsp;ST_MCU_API_SpiRaw
</UL>
<BR>[Called By]<UL><LI><a href="#[20a]">&gt;&gt;</a>&nbsp;&nbsp;&nbsp;priv_ST_MANUF_tx_rf_dbpsk_single_bit
<LI><a href="#[1cd]">&gt;&gt;</a>&nbsp;&nbsp;&nbsp;priv_ST_MANUF_rf_load_first_ramp_up
<LI><a href="#[1f0]">&gt;&gt;</a>&nbsp;&nbsp;&nbsp;priv_ST_MANUF_Transmission_Tick
</UL>

<P><STRONG><a name="[1f0]"></a>priv_ST_MANUF_Transmission_Tick</STRONG> (Thumb, 234 bytes, Stack size 24 bytes, rf_api.o(i.priv_ST_MANUF_Transmission_Tick))
<BR><BR>[Stack]<UL><LI>Max Depth = 244<LI>Call Chain = priv_ST_MANUF_Transmission_Tick &rArr; priv_ST_MANUF_tx_rf_dbpsk_single_bit &rArr; priv_ST_MANUF_SpiRaw_Ramp &rArr; ST_MCU_API_SpiRaw &rArr; S2LPSpiRaw &rArr; HAL_SPI_TransmitReceive_DMA &rArr; HAL_DMA_Start_IT &rArr; DMA_SetConfig
</UL>
<BR>[Calls]<UL><LI><a href="#[9d]">&gt;&gt;</a>&nbsp;&nbsp;&nbsp;ST_MCU_API_GpioIRQ
<LI><a href="#[171]">&gt;&gt;</a>&nbsp;&nbsp;&nbsp;__ARM_common_switch8
<LI><a href="#[207]">&gt;&gt;</a>&nbsp;&nbsp;&nbsp;pn9_next_byte
<LI><a href="#[a2]">&gt;&gt;</a>&nbsp;&nbsp;&nbsp;ST_RF_API_StopRxTx
<LI><a href="#[20a]">&gt;&gt;</a>&nbsp;&nbsp;&nbsp;priv_ST_MANUF_tx_rf_dbpsk_single_bit
<LI><a href="#[209]">&gt;&gt;</a>&nbsp;&nbsp;&nbsp;priv_ST_MANUF_SpiRaw_Ramp
<LI><a href="#[1cf]">&gt;&gt;</a>&nbsp;&nbsp;&nbsp;priv_ST_MANUF_CmdStrobe
</UL>
<BR>[Called By]<UL><LI><a href="#[127]">&gt;&gt;</a>&nbsp;&nbsp;&nbsp;ST_RF_API_S2LP_IRQ_CB
</UL>

<P><STRONG><a name="[1c6]"></a>priv_ST_MANUF_WriteRegisters</STRONG> (Thumb, 46 bytes, Stack size 40 bytes, rf_api.o(i.priv_ST_MANUF_WriteRegisters))
<BR><BR>[Stack]<UL><LI>Max Depth = 148<LI>Call Chain = priv_ST_MANUF_WriteRegisters &rArr; ST_MCU_API_SpiRaw &rArr; S2LPSpiRaw &rArr; HAL_SPI_TransmitReceive_DMA &rArr; HAL_DMA_Start_IT &rArr; DMA_SetConfig
</UL>
<BR>[Calls]<UL><LI><a href="#[1e6]">&gt;&gt;</a>&nbsp;&nbsp;&nbsp;ST_MCU_API_SpiRaw
</UL>
<BR>[Called By]<UL><LI><a href="#[9f]">&gt;&gt;</a>&nbsp;&nbsp;&nbsp;ST_RF_API_SetFifoLength
<LI><a href="#[e0]">&gt;&gt;</a>&nbsp;&nbsp;&nbsp;RF_API_wait_frame
<LI><a href="#[da]">&gt;&gt;</a>&nbsp;&nbsp;&nbsp;RF_API_wait_for_clear_channel
<LI><a href="#[7d]">&gt;&gt;</a>&nbsp;&nbsp;&nbsp;RF_API_start_continuous_transmission
<LI><a href="#[7b]">&gt;&gt;</a>&nbsp;&nbsp;&nbsp;RF_API_init
<LI><a href="#[7c]">&gt;&gt;</a>&nbsp;&nbsp;&nbsp;RF_API_change_frequency
<LI><a href="#[1c8]">&gt;&gt;</a>&nbsp;&nbsp;&nbsp;priv_ST_MANUF_tx_rf_init
<LI><a href="#[1cc]">&gt;&gt;</a>&nbsp;&nbsp;&nbsp;priv_ST_MANUF_tx_rf_dbpsk_init
<LI><a href="#[1c9]">&gt;&gt;</a>&nbsp;&nbsp;&nbsp;priv_ST_MANUF_rx_rf_init
<LI><a href="#[1ca]">&gt;&gt;</a>&nbsp;&nbsp;&nbsp;priv_ST_MANUF_rx_monarch_rf_init
<LI><a href="#[1cd]">&gt;&gt;</a>&nbsp;&nbsp;&nbsp;priv_ST_MANUF_rf_load_first_ramp_up
</UL>

<P><STRONG><a name="[1cd]"></a>priv_ST_MANUF_rf_load_first_ramp_up</STRONG> (Thumb, 82 bytes, Stack size 16 bytes, rf_api.o(i.priv_ST_MANUF_rf_load_first_ramp_up))
<BR><BR>[Stack]<UL><LI>Max Depth = 228<LI>Call Chain = priv_ST_MANUF_rf_load_first_ramp_up &rArr; priv_ST_MANUF_SpiRaw_Ramp &rArr; ST_MCU_API_SpiRaw &rArr; S2LPSpiRaw &rArr; HAL_SPI_TransmitReceive_DMA &rArr; HAL_DMA_Start_IT &rArr; DMA_SetConfig
</UL>
<BR>[Calls]<UL><LI><a href="#[9d]">&gt;&gt;</a>&nbsp;&nbsp;&nbsp;ST_MCU_API_GpioIRQ
<LI><a href="#[1c6]">&gt;&gt;</a>&nbsp;&nbsp;&nbsp;priv_ST_MANUF_WriteRegisters
<LI><a href="#[209]">&gt;&gt;</a>&nbsp;&nbsp;&nbsp;priv_ST_MANUF_SpiRaw_Ramp
<LI><a href="#[1cf]">&gt;&gt;</a>&nbsp;&nbsp;&nbsp;priv_ST_MANUF_CmdStrobe
</UL>
<BR>[Called By]<UL><LI><a href="#[7d]">&gt;&gt;</a>&nbsp;&nbsp;&nbsp;RF_API_start_continuous_transmission
<LI><a href="#[d8]">&gt;&gt;</a>&nbsp;&nbsp;&nbsp;RF_API_send
</UL>

<P><STRONG><a name="[1ca]"></a>priv_ST_MANUF_rx_monarch_rf_init</STRONG> (Thumb, 248 bytes, Stack size 24 bytes, rf_api.o(i.priv_ST_MANUF_rx_monarch_rf_init))
<BR><BR>[Stack]<UL><LI>Max Depth = 412<LI>Call Chain = priv_ST_MANUF_rx_monarch_rf_init &rArr; priv_ST_MANUF_ReadRegisters &rArr; ST_MCU_API_SpiRaw &rArr; S2LPSpiRaw &rArr; HAL_SPI_TransmitReceive_DMA &rArr; HAL_DMA_Start_IT &rArr; DMA_SetConfig
</UL>
<BR>[Calls]<UL><LI><a href="#[1c6]">&gt;&gt;</a>&nbsp;&nbsp;&nbsp;priv_ST_MANUF_WriteRegisters
<LI><a href="#[1c5]">&gt;&gt;</a>&nbsp;&nbsp;&nbsp;priv_ST_MANUF_ReadRegisters
<LI><a href="#[eb]">&gt;&gt;</a>&nbsp;&nbsp;&nbsp;__aeabi_lmul
<LI><a href="#[e8]">&gt;&gt;</a>&nbsp;&nbsp;&nbsp;__aeabi_uldivmod
</UL>
<BR>[Called By]<UL><LI><a href="#[7b]">&gt;&gt;</a>&nbsp;&nbsp;&nbsp;RF_API_init
</UL>

<P><STRONG><a name="[1c9]"></a>priv_ST_MANUF_rx_rf_init</STRONG> (Thumb, 506 bytes, Stack size 80 bytes, rf_api.o(i.priv_ST_MANUF_rx_rf_init))
<BR><BR>[Stack]<UL><LI>Max Depth = 228<LI>Call Chain = priv_ST_MANUF_rx_rf_init &rArr; priv_ST_MANUF_WriteRegisters &rArr; ST_MCU_API_SpiRaw &rArr; S2LPSpiRaw &rArr; HAL_SPI_TransmitReceive_DMA &rArr; HAL_DMA_Start_IT &rArr; DMA_SetConfig
</UL>
<BR>[Calls]<UL><LI><a href="#[1c4]">&gt;&gt;</a>&nbsp;&nbsp;&nbsp;__ARM_common_ll_muluu
<LI><a href="#[1c6]">&gt;&gt;</a>&nbsp;&nbsp;&nbsp;priv_ST_MANUF_WriteRegisters
<LI><a href="#[eb]">&gt;&gt;</a>&nbsp;&nbsp;&nbsp;__aeabi_lmul
<LI><a href="#[e8]">&gt;&gt;</a>&nbsp;&nbsp;&nbsp;__aeabi_uldivmod
</UL>
<BR>[Called By]<UL><LI><a href="#[7b]">&gt;&gt;</a>&nbsp;&nbsp;&nbsp;RF_API_init
</UL>

<P><STRONG><a name="[1cc]"></a>priv_ST_MANUF_tx_rf_dbpsk_init</STRONG> (Thumb, 912 bytes, Stack size 64 bytes, rf_api.o(i.priv_ST_MANUF_tx_rf_dbpsk_init))
<BR><BR>[Stack]<UL><LI>Max Depth = 212<LI>Call Chain = priv_ST_MANUF_tx_rf_dbpsk_init &rArr; priv_ST_MANUF_WriteRegisters &rArr; ST_MCU_API_SpiRaw &rArr; S2LPSpiRaw &rArr; HAL_SPI_TransmitReceive_DMA &rArr; HAL_DMA_Start_IT &rArr; DMA_SetConfig
</UL>
<BR>[Calls]<UL><LI><a href="#[1c4]">&gt;&gt;</a>&nbsp;&nbsp;&nbsp;__ARM_common_ll_muluu
<LI><a href="#[1c6]">&gt;&gt;</a>&nbsp;&nbsp;&nbsp;priv_ST_MANUF_WriteRegisters
<LI><a href="#[eb]">&gt;&gt;</a>&nbsp;&nbsp;&nbsp;__aeabi_lmul
<LI><a href="#[e8]">&gt;&gt;</a>&nbsp;&nbsp;&nbsp;__aeabi_uldivmod
</UL>
<BR>[Called By]<UL><LI><a href="#[7d]">&gt;&gt;</a>&nbsp;&nbsp;&nbsp;RF_API_start_continuous_transmission
<LI><a href="#[d8]">&gt;&gt;</a>&nbsp;&nbsp;&nbsp;RF_API_send
</UL>

<P><STRONG><a name="[20a]"></a>priv_ST_MANUF_tx_rf_dbpsk_single_bit</STRONG> (Thumb, 56 bytes, Stack size 8 bytes, rf_api.o(i.priv_ST_MANUF_tx_rf_dbpsk_single_bit))
<BR><BR>[Stack]<UL><LI>Max Depth = 220<LI>Call Chain = priv_ST_MANUF_tx_rf_dbpsk_single_bit &rArr; priv_ST_MANUF_SpiRaw_Ramp &rArr; ST_MCU_API_SpiRaw &rArr; S2LPSpiRaw &rArr; HAL_SPI_TransmitReceive_DMA &rArr; HAL_DMA_Start_IT &rArr; DMA_SetConfig
</UL>
<BR>[Calls]<UL><LI><a href="#[209]">&gt;&gt;</a>&nbsp;&nbsp;&nbsp;priv_ST_MANUF_SpiRaw_Ramp
</UL>
<BR>[Called By]<UL><LI><a href="#[1f0]">&gt;&gt;</a>&nbsp;&nbsp;&nbsp;priv_ST_MANUF_Transmission_Tick
</UL>

<P><STRONG><a name="[1c8]"></a>priv_ST_MANUF_tx_rf_init</STRONG> (Thumb, 208 bytes, Stack size 16 bytes, rf_api.o(i.priv_ST_MANUF_tx_rf_init))
<BR><BR>[Stack]<UL><LI>Max Depth = 404<LI>Call Chain = priv_ST_MANUF_tx_rf_init &rArr; priv_ST_MANUF_ReadRegisters &rArr; ST_MCU_API_SpiRaw &rArr; S2LPSpiRaw &rArr; HAL_SPI_TransmitReceive_DMA &rArr; HAL_DMA_Start_IT &rArr; DMA_SetConfig
</UL>
<BR>[Calls]<UL><LI><a href="#[1c6]">&gt;&gt;</a>&nbsp;&nbsp;&nbsp;priv_ST_MANUF_WriteRegisters
<LI><a href="#[1c5]">&gt;&gt;</a>&nbsp;&nbsp;&nbsp;priv_ST_MANUF_ReadRegisters
</UL>
<BR>[Called By]<UL><LI><a href="#[7b]">&gt;&gt;</a>&nbsp;&nbsp;&nbsp;RF_API_init
</UL>

<P><STRONG><a name="[11e]"></a>GetNumberOfPagesByBytes</STRONG> (Thumb, 14 bytes, Stack size 0 bytes, sdk_utils_flash.o(i.GetNumberOfPagesByBytes))
<BR><BR>[Called By]<UL><LI><a href="#[11d]">&gt;&gt;</a>&nbsp;&nbsp;&nbsp;FlashWrite
</UL>

<P><STRONG><a name="[18d]"></a>LSM6DSL_ACC_SetOutputDataRate_When_Enabled</STRONG> (Thumb, 110 bytes, Stack size 8 bytes, lsm6dsl.o(i.LSM6DSL_ACC_SetOutputDataRate_When_Enabled))
<BR><BR>[Stack]<UL><LI>Max Depth = 32<LI>Call Chain = LSM6DSL_ACC_SetOutputDataRate_When_Enabled &rArr; lsm6dsl_xl_data_rate_set &rArr; lsm6dsl_write_reg
</UL>
<BR>[Calls]<UL><LI><a href="#[183]">&gt;&gt;</a>&nbsp;&nbsp;&nbsp;lsm6dsl_xl_data_rate_set
</UL>
<BR>[Called By]<UL><LI><a href="#[8]">&gt;&gt;</a>&nbsp;&nbsp;&nbsp;LSM6DSL_ACC_SetOutputDataRate
</UL>

<P><STRONG><a name="[193]"></a>LSM6DSL_GYRO_SetOutputDataRate_When_Enabled</STRONG> (Thumb, 110 bytes, Stack size 8 bytes, lsm6dsl.o(i.LSM6DSL_GYRO_SetOutputDataRate_When_Enabled))
<BR><BR>[Stack]<UL><LI>Max Depth = 32<LI>Call Chain = LSM6DSL_GYRO_SetOutputDataRate_When_Enabled &rArr; lsm6dsl_gy_data_rate_set &rArr; lsm6dsl_write_reg
</UL>
<BR>[Calls]<UL><LI><a href="#[18f]">&gt;&gt;</a>&nbsp;&nbsp;&nbsp;lsm6dsl_gy_data_rate_set
</UL>
<BR>[Called By]<UL><LI><a href="#[11]">&gt;&gt;</a>&nbsp;&nbsp;&nbsp;LSM6DSL_GYRO_SetOutputDataRate
</UL>

<P><STRONG><a name="[63]"></a>ReadRegWrap</STRONG> (Thumb, 14 bytes, Stack size 8 bytes, lsm6dsl.o(i.ReadRegWrap))
<BR><BR>[Stack]<UL><LI>Max Depth = 8<LI>Call Chain = ReadRegWrap
</UL>
<BR>[Address Reference Count : 1]<UL><LI> lsm6dsl.o(i.LSM6DSL_RegisterBusIO)
</UL>
<P><STRONG><a name="[64]"></a>WriteRegWrap</STRONG> (Thumb, 14 bytes, Stack size 8 bytes, lsm6dsl.o(i.WriteRegWrap))
<BR><BR>[Stack]<UL><LI>Max Depth = 8<LI>Call Chain = WriteRegWrap
</UL>
<BR>[Address Reference Count : 1]<UL><LI> lsm6dsl.o(i.LSM6DSL_RegisterBusIO)
</UL>
<P><STRONG><a name="[5f]"></a>ReadAccRegWrap</STRONG> (Thumb, 28 bytes, Stack size 8 bytes, lsm303agr.o(i.ReadAccRegWrap))
<BR><BR>[Stack]<UL><LI>Max Depth = 8<LI>Call Chain = ReadAccRegWrap
</UL>
<BR>[Address Reference Count : 1]<UL><LI> lsm303agr.o(i.LSM303AGR_ACC_RegisterBusIO)
</UL>
<P><STRONG><a name="[61]"></a>ReadMagRegWrap</STRONG> (Thumb, 28 bytes, Stack size 8 bytes, lsm303agr.o(i.ReadMagRegWrap))
<BR><BR>[Stack]<UL><LI>Max Depth = 8<LI>Call Chain = ReadMagRegWrap
</UL>
<BR>[Address Reference Count : 1]<UL><LI> lsm303agr.o(i.LSM303AGR_MAG_RegisterBusIO)
</UL>
<P><STRONG><a name="[60]"></a>WriteAccRegWrap</STRONG> (Thumb, 28 bytes, Stack size 8 bytes, lsm303agr.o(i.WriteAccRegWrap))
<BR><BR>[Stack]<UL><LI>Max Depth = 8<LI>Call Chain = WriteAccRegWrap
</UL>
<BR>[Address Reference Count : 1]<UL><LI> lsm303agr.o(i.LSM303AGR_ACC_RegisterBusIO)
</UL>
<P><STRONG><a name="[62]"></a>WriteMagRegWrap</STRONG> (Thumb, 28 bytes, Stack size 8 bytes, lsm303agr.o(i.WriteMagRegWrap))
<BR><BR>[Stack]<UL><LI>Max Depth = 8<LI>Call Chain = WriteMagRegWrap
</UL>
<BR>[Address Reference Count : 1]<UL><LI> lsm303agr.o(i.LSM303AGR_MAG_RegisterBusIO)
</UL>
<P><STRONG><a name="[168]"></a>LSM303AGR_ACC_0_Probe</STRONG> (Thumb, 166 bytes, Stack size 80 bytes, iks01a2_motion_sensors.o(i.LSM303AGR_ACC_0_Probe))
<BR><BR>[Stack]<UL><LI>Max Depth = 120<LI>Call Chain = LSM303AGR_ACC_0_Probe &rArr; LSM303AGR_ACC_RegisterBusIO &rArr; LSM303AGR_ACC_Write_Reg &rArr; lsm303agr_write_reg
</UL>
<BR>[Calls]<UL><LI><a href="#[16a]">&gt;&gt;</a>&nbsp;&nbsp;&nbsp;LSM303AGR_ACC_RegisterBusIO
<LI><a href="#[18]">&gt;&gt;</a>&nbsp;&nbsp;&nbsp;LSM303AGR_ACC_ReadID
<LI><a href="#[19]">&gt;&gt;</a>&nbsp;&nbsp;&nbsp;LSM303AGR_ACC_GetCapabilities
</UL>
<BR>[Called By]<UL><LI><a href="#[166]">&gt;&gt;</a>&nbsp;&nbsp;&nbsp;IKS01A2_MOTION_SENSOR_Init
</UL>

<P><STRONG><a name="[169]"></a>LSM303AGR_MAG_0_Probe</STRONG> (Thumb, 164 bytes, Stack size 80 bytes, iks01a2_motion_sensors.o(i.LSM303AGR_MAG_0_Probe))
<BR><BR>[Stack]<UL><LI>Max Depth = 120<LI>Call Chain = LSM303AGR_MAG_0_Probe &rArr; LSM303AGR_MAG_RegisterBusIO &rArr; lsm303agr_mag_i2c_interface_set &rArr; lsm303agr_write_reg
</UL>
<BR>[Calls]<UL><LI><a href="#[178]">&gt;&gt;</a>&nbsp;&nbsp;&nbsp;LSM303AGR_MAG_RegisterBusIO
<LI><a href="#[25]">&gt;&gt;</a>&nbsp;&nbsp;&nbsp;LSM303AGR_MAG_ReadID
<LI><a href="#[26]">&gt;&gt;</a>&nbsp;&nbsp;&nbsp;LSM303AGR_MAG_GetCapabilities
</UL>
<BR>[Called By]<UL><LI><a href="#[166]">&gt;&gt;</a>&nbsp;&nbsp;&nbsp;IKS01A2_MOTION_SENSOR_Init
</UL>

<P><STRONG><a name="[167]"></a>LSM6DSL_0_Probe</STRONG> (Thumb, 200 bytes, Stack size 80 bytes, iks01a2_motion_sensors.o(i.LSM6DSL_0_Probe))
<BR><BR>[Stack]<UL><LI>Max Depth = 120<LI>Call Chain = LSM6DSL_0_Probe &rArr; LSM6DSL_RegisterBusIO &rArr; LSM6DSL_Write_Reg &rArr; lsm6dsl_write_reg
</UL>
<BR>[Calls]<UL><LI><a href="#[181]">&gt;&gt;</a>&nbsp;&nbsp;&nbsp;LSM6DSL_RegisterBusIO
<LI><a href="#[2]">&gt;&gt;</a>&nbsp;&nbsp;&nbsp;LSM6DSL_ReadID
<LI><a href="#[3]">&gt;&gt;</a>&nbsp;&nbsp;&nbsp;LSM6DSL_GetCapabilities
</UL>
<BR>[Called By]<UL><LI><a href="#[166]">&gt;&gt;</a>&nbsp;&nbsp;&nbsp;IKS01A2_MOTION_SENSOR_Init
</UL>

<P><STRONG><a name="[a8]"></a>HammingDist</STRONG> (Thumb, 44 bytes, Stack size 0 bytes, monarch_api.o(.text))
<BR><BR>[Called By]<UL><LI><a href="#[a3]">&gt;&gt;</a>&nbsp;&nbsp;&nbsp;ST_MONARCH_API_AFTHR_GPIO_CB
<LI><a href="#[a0]">&gt;&gt;</a>&nbsp;&nbsp;&nbsp;init_samples
</UL>

<P><STRONG><a name="[9e]"></a>[Anonymous Symbol]</STRONG> (Thumb, 0 bytes, Stack size 8 bytes, monarch_api.o(.text))
<BR><BR>[Stack]<UL><LI>Max Depth = 112<LI>Call Chain = [Anonymous Symbol] &rArr; ST_MCU_API_GpioIRQ &rArr; S2LPIRQInit &rArr; HAL_GPIO_Init
</UL>
<BR>[Calls]<UL><LI><a href="#[9d]">&gt;&gt;</a>&nbsp;&nbsp;&nbsp;ST_MCU_API_GpioIRQ
</UL>
<BR>[Called By]<UL><LI><a href="#[93]">&gt;&gt;</a>&nbsp;&nbsp;&nbsp;MONARCH_API_timer_stop
</UL>

<P><STRONG><a name="[b0]"></a>AddRoundKey</STRONG> (Thumb, 58 bytes, Stack size 4 bytes, retriever_api.o(.text))
<BR><BR>[Stack]<UL><LI>Max Depth = 4<LI>Call Chain = AddRoundKey
</UL>
<BR>[Called By]<UL><LI><a href="#[b3]">&gt;&gt;</a>&nbsp;&nbsp;&nbsp;InvCipher
<LI><a href="#[af]">&gt;&gt;</a>&nbsp;&nbsp;&nbsp;Cipher
</UL>

<P><STRONG><a name="[b8]"></a>BlockCopy</STRONG> (Thumb, 32 bytes, Stack size 0 bytes, retriever_api.o(.text))
<BR><BR>[Called By]<UL><LI><a href="#[b7]">&gt;&gt;</a>&nbsp;&nbsp;&nbsp;AES128_CBC_encrypt
<LI><a href="#[bb]">&gt;&gt;</a>&nbsp;&nbsp;&nbsp;AES128_CBC_decrypt_internal
</UL>

<P><STRONG><a name="[af]"></a>Cipher</STRONG> (Thumb, 52 bytes, Stack size 8 bytes, retriever_api.o(.text))
<BR><BR>[Stack]<UL><LI>Max Depth = 32<LI>Call Chain = Cipher &rArr; MixColumns
</UL>
<BR>[Calls]<UL><LI><a href="#[ad]">&gt;&gt;</a>&nbsp;&nbsp;&nbsp;SubBytes
<LI><a href="#[b1]">&gt;&gt;</a>&nbsp;&nbsp;&nbsp;ShiftRows
<LI><a href="#[b2]">&gt;&gt;</a>&nbsp;&nbsp;&nbsp;MixColumns
<LI><a href="#[b0]">&gt;&gt;</a>&nbsp;&nbsp;&nbsp;AddRoundKey
</UL>
<BR>[Called By]<UL><LI><a href="#[b7]">&gt;&gt;</a>&nbsp;&nbsp;&nbsp;AES128_CBC_encrypt
</UL>

<P><STRONG><a name="[b3]"></a>InvCipher</STRONG> (Thumb, 50 bytes, Stack size 8 bytes, retriever_api.o(.text))
<BR><BR>[Stack]<UL><LI>Max Depth = 60<LI>Call Chain = InvCipher &rArr; InvMixColumns
</UL>
<BR>[Calls]<UL><LI><a href="#[b5]">&gt;&gt;</a>&nbsp;&nbsp;&nbsp;InvSubBytes
<LI><a href="#[b4]">&gt;&gt;</a>&nbsp;&nbsp;&nbsp;InvShiftRows
<LI><a href="#[b6]">&gt;&gt;</a>&nbsp;&nbsp;&nbsp;InvMixColumns
<LI><a href="#[b0]">&gt;&gt;</a>&nbsp;&nbsp;&nbsp;AddRoundKey
</UL>
<BR>[Called By]<UL><LI><a href="#[bc]">&gt;&gt;</a>&nbsp;&nbsp;&nbsp;AES_CBC_decrypt_buffer
<LI><a href="#[bb]">&gt;&gt;</a>&nbsp;&nbsp;&nbsp;AES128_CBC_decrypt_internal
</UL>

<P><STRONG><a name="[b6]"></a>InvMixColumns</STRONG> (Thumb, 818 bytes, Stack size 52 bytes, retriever_api.o(.text))
<BR><BR>[Stack]<UL><LI>Max Depth = 52<LI>Call Chain = InvMixColumns
</UL>
<BR>[Called By]<UL><LI><a href="#[b3]">&gt;&gt;</a>&nbsp;&nbsp;&nbsp;InvCipher
</UL>

<P><STRONG><a name="[b4]"></a>InvShiftRows</STRONG> (Thumb, 54 bytes, Stack size 0 bytes, retriever_api.o(.text))
<BR><BR>[Called By]<UL><LI><a href="#[b3]">&gt;&gt;</a>&nbsp;&nbsp;&nbsp;InvCipher
</UL>

<P><STRONG><a name="[b5]"></a>InvSubBytes</STRONG> (Thumb, 8 bytes, Stack size 0 bytes, retriever_api.o(.text))
<BR><BR>[Called By]<UL><LI><a href="#[b3]">&gt;&gt;</a>&nbsp;&nbsp;&nbsp;InvCipher
</UL>

<P><STRONG><a name="[a9]"></a>KeyExpansion_dec</STRONG> (Thumb, 74 bytes, Stack size 24 bytes, retriever_api.o(.text))
<BR><BR>[Stack]<UL><LI>Max Depth = 48<LI>Call Chain = KeyExpansion_dec &rArr; [Anonymous Symbol]
</UL>
<BR>[Calls]<UL><LI><a href="#[aa]">&gt;&gt;</a>&nbsp;&nbsp;&nbsp;[Anonymous Symbol]
</UL>
<BR>[Called By]<UL><LI><a href="#[bc]">&gt;&gt;</a>&nbsp;&nbsp;&nbsp;AES_CBC_decrypt_buffer
<LI><a href="#[bb]">&gt;&gt;</a>&nbsp;&nbsp;&nbsp;AES128_CBC_decrypt_internal
</UL>

<P><STRONG><a name="[ab]"></a>KeyExpansion_enc</STRONG> (Thumb, 58 bytes, Stack size 24 bytes, retriever_api.o(.text))
<BR><BR>[Stack]<UL><LI>Max Depth = 48<LI>Call Chain = KeyExpansion_enc &rArr; [Anonymous Symbol]
</UL>
<BR>[Calls]<UL><LI><a href="#[aa]">&gt;&gt;</a>&nbsp;&nbsp;&nbsp;[Anonymous Symbol]
</UL>
<BR>[Called By]<UL><LI><a href="#[b7]">&gt;&gt;</a>&nbsp;&nbsp;&nbsp;AES128_CBC_encrypt
</UL>

<P><STRONG><a name="[b2]"></a>MixColumns</STRONG> (Thumb, 130 bytes, Stack size 24 bytes, retriever_api.o(.text))
<BR><BR>[Stack]<UL><LI>Max Depth = 24<LI>Call Chain = MixColumns
</UL>
<BR>[Called By]<UL><LI><a href="#[af]">&gt;&gt;</a>&nbsp;&nbsp;&nbsp;Cipher
</UL>

<P><STRONG><a name="[b1]"></a>ShiftRows</STRONG> (Thumb, 54 bytes, Stack size 0 bytes, retriever_api.o(.text))
<BR><BR>[Called By]<UL><LI><a href="#[af]">&gt;&gt;</a>&nbsp;&nbsp;&nbsp;Cipher
</UL>

<P><STRONG><a name="[ad]"></a>SubBytes</STRONG> (Thumb, 10 bytes, Stack size 0 bytes, retriever_api.o(.text))
<BR><BR>[Calls]<UL><LI><a href="#[ae]">&gt;&gt;</a>&nbsp;&nbsp;&nbsp;[Anonymous Symbol]
</UL>
<BR>[Called By]<UL><LI><a href="#[af]">&gt;&gt;</a>&nbsp;&nbsp;&nbsp;Cipher
</UL>

<P><STRONG><a name="[b9]"></a>XorWithIv</STRONG> (Thumb, 64 bytes, Stack size 8 bytes, retriever_api.o(.text))
<BR><BR>[Stack]<UL><LI>Max Depth = 8<LI>Call Chain = XorWithIv
</UL>
<BR>[Called By]<UL><LI><a href="#[bc]">&gt;&gt;</a>&nbsp;&nbsp;&nbsp;AES_CBC_decrypt_buffer
<LI><a href="#[b7]">&gt;&gt;</a>&nbsp;&nbsp;&nbsp;AES128_CBC_encrypt
<LI><a href="#[bb]">&gt;&gt;</a>&nbsp;&nbsp;&nbsp;AES128_CBC_decrypt_internal
</UL>

<P><STRONG><a name="[aa]"></a>[Anonymous Symbol]</STRONG> (Thumb, 0 bytes, Stack size 24 bytes, retriever_api.o(.text))
<BR><BR>[Stack]<UL><LI>Max Depth = 24<LI>Call Chain = [Anonymous Symbol]
</UL>
<BR>[Calls]<UL><LI><a href="#[ac]">&gt;&gt;</a>&nbsp;&nbsp;&nbsp;__aeabi_memcpy
</UL>
<BR>[Called By]<UL><LI><a href="#[ab]">&gt;&gt;</a>&nbsp;&nbsp;&nbsp;KeyExpansion_enc
<LI><a href="#[a9]">&gt;&gt;</a>&nbsp;&nbsp;&nbsp;KeyExpansion_dec
</UL>

<P><STRONG><a name="[ae]"></a>[Anonymous Symbol]</STRONG> (Thumb, 0 bytes, Stack size 0 bytes, retriever_api.o(.text))
<BR><BR>[Calls]<UL><LI><a href="#[ae]">&gt;&gt;</a>&nbsp;&nbsp;&nbsp;[Anonymous Symbol]
</UL>
<BR>[Called By]<UL><LI><a href="#[ae]">&gt;&gt;</a>&nbsp;&nbsp;&nbsp;[Anonymous Symbol]
<LI><a href="#[ad]">&gt;&gt;</a>&nbsp;&nbsp;&nbsp;SubBytes
</UL>

<P><STRONG><a name="[e6]"></a>SIGFOX_DECODE_dewhitening</STRONG> (Thumb, 242 bytes, Stack size 20 bytes, sigfox_decode.o(.text))
<BR><BR>[Stack]<UL><LI>Max Depth = 20<LI>Call Chain = SIGFOX_DECODE_dewhitening
</UL>
<BR>[Called By]<UL><LI><a href="#[e1]">&gt;&gt;</a>&nbsp;&nbsp;&nbsp;SIGFOX_DECODE_decode_frame
</UL>

<P><STRONG><a name="[1f8]"></a>_printf_core</STRONG> (Thumb, 688 bytes, Stack size 96 bytes, printf5.o(i._printf_core), UNUSED)
<BR><BR>[Calls]<UL><LI><a href="#[e8]">&gt;&gt;</a>&nbsp;&nbsp;&nbsp;__aeabi_uldivmod
</UL>
<BR>[Called By]<UL><LI><a href="#[1f7]">&gt;&gt;</a>&nbsp;&nbsp;&nbsp;__0printf$5
</UL>
<P>
<H3>
Undefined Global Symbols
</H3><HR></body></html>
