Component: ARM Compiler 5.06 update 6 (build 750) Tool: armlink [4d35ed]

==============================================================================

Section Cross References

    startup_stm32l052xx.o(RESET) refers to startup_stm32l052xx.o(STACK) for __initial_sp
    startup_stm32l052xx.o(RESET) refers to startup_stm32l052xx.o(.text) for Reset_Handler
    startup_stm32l052xx.o(RESET) refers to stm32l0xx_it.o(i.NMI_Handler) for NMI_Handler
    startup_stm32l052xx.o(RESET) refers to stm32l0xx_it.o(i.HardFault_Handler) for HardFault_Handler
    startup_stm32l052xx.o(RESET) refers to stm32l0xx_it.o(i.SVC_Handler) for SVC_Handler
    startup_stm32l052xx.o(RESET) refers to stm32l0xx_it.o(i.PendSV_Handler) for PendSV_Handler
    startup_stm32l052xx.o(RESET) refers to stm32l0xx_it.o(i.SysTick_Handler) for SysTick_Handler
    startup_stm32l052xx.o(RESET) refers to stm32l0xx_it.o(i.RTC_IRQHandler) for RTC_IRQHandler
    startup_stm32l052xx.o(RESET) refers to stm32l0xx_it.o(i.EXTI0_1_IRQHandler) for EXTI0_1_IRQHandler
    startup_stm32l052xx.o(RESET) refers to stm32l0xx_it.o(i.DMA1_Channel2_3_IRQHandler) for DMA1_Channel2_3_IRQHandler
    startup_stm32l052xx.o(RESET) refers to stm32l0xx_it.o(i.DMA1_Channel4_5_6_7_IRQHandler) for DMA1_Channel4_5_6_7_IRQHandler
    startup_stm32l052xx.o(RESET) refers to stm32l0xx_it.o(i.TIM6_DAC_IRQHandler) for TIM6_DAC_IRQHandler
    startup_stm32l052xx.o(.text) refers to system_stm32l0xx.o(i.SystemInit) for SystemInit
    startup_stm32l052xx.o(.text) refers to entry.o(.ARM.Collect$$$$00000000) for __main
    st_sigfox_init.o(i.ST_Sigfox_Init) refers to s2lp_aux_utils.o(i.S2LPManagementGetXtalFrequency) for S2LPManagementGetXtalFrequency
    st_sigfox_init.o(i.ST_Sigfox_Init) refers to rf_api.o(i.ST_RF_API_set_xtal_freq) for ST_RF_API_set_xtal_freq
    st_sigfox_init.o(i.ST_Sigfox_Init) refers to nvm_api.o(i.SetNVMInitial) for SetNVMInitial
    st_sigfox_init.o(i.ST_Sigfox_Init) refers to retriever_api.o(.text) for enc_utils_retrieve_data_from_flash
    st_sigfox_init.o(i.ST_Sigfox_Init) refers to rf_api.o(i.ST_RF_API_set_rssi_offset) for ST_RF_API_set_rssi_offset
    st_sigfox_init.o(i.ST_Sigfox_Init) refers to rf_api.o(i.ST_RF_API_set_lbt_thr_offset) for ST_RF_API_set_lbt_thr_offset
    st_sigfox_init.o(i.ST_Sigfox_Init) refers to st_sigfox_init.o(i.St_Sigfox_Open_RCZ) for St_Sigfox_Open_RCZ
    st_sigfox_init.o(i.ST_Sigfox_Init) refers to st_sigfox_init.o(.constdata) for .constdata
    st_sigfox_init.o(i.ST_Sigfox_Init) refers to sdk_utils_flash.o(.noinit.sigfox_nvm_data) for nvm_data
    st_sigfox_init.o(i.ST_Sigfox_Init) refers to sdk_utils_flash.o(.noinit.sigfox_board_data) for board_data
    st_sigfox_init.o(i.ST_Sigfox_SetPublicKey) refers to retriever_api.o(.text) for enc_utils_set_public_key
    st_sigfox_init.o(i.St_Sigfox_Open_RCZ) refers to st_sigfox_init.o(i.__ARM_common_switch8) for __ARM_common_switch8
    st_sigfox_init.o(i.St_Sigfox_Open_RCZ) refers to rf_api.o(i.ST_RF_API_set_pa) for ST_RF_API_set_pa
    st_sigfox_init.o(i.St_Sigfox_Open_RCZ) refers to memcpya.o(.text) for __aeabi_memcpy4
    st_sigfox_init.o(i.St_Sigfox_Open_RCZ) refers to sigfox_api.o(.text) for SIGFOX_API_open
    st_sigfox_init.o(i.St_Sigfox_Open_RCZ) refers to st_sigfox_init.o(.constdata) for .constdata
    main.o(i.MCU_Config) refers to main.o(i.ST_Init) for ST_Init
    main.o(i.MCU_Config) refers to st_sigfox_init.o(i.ST_Sigfox_Init) for ST_Sigfox_Init
    main.o(i.MCU_Config) refers to printf5.o(i.__0printf$5) for __2printf
    main.o(i.MCU_Config) refers to tim.o(i.ST_MCU_API_TimerCalibration) for ST_MCU_API_TimerCalibration
    main.o(i.MCU_Config) refers to rf_api.o(i.ST_RF_API_set_xtal_freq) for ST_RF_API_set_xtal_freq
    main.o(i.MCU_Config) refers to rf_api.o(i.ST_RF_API_set_freq_offset) for ST_RF_API_set_freq_offset
    main.o(i.MCU_Config) refers to rf_api.o(i.ST_RF_API_set_lbt_thr_offset) for ST_RF_API_set_lbt_thr_offset
    main.o(i.MCU_Config) refers to rf_api.o(i.ST_RF_API_set_rssi_offset) for ST_RF_API_set_rssi_offset
    main.o(i.MCU_Config) refers to rf_api.o(i.ST_RF_API_set_tcxo) for ST_RF_API_set_tcxo
    main.o(i.MCU_Config) refers to rf_api.o(i.ST_RF_API_set_pa) for ST_RF_API_set_pa
    main.o(i.MCU_Config) refers to rf_api.o(i.ST_RF_API_reduce_output_power) for ST_RF_API_reduce_output_power
    main.o(i.MCU_Config) refers to memseta.o(.text) for __aeabi_memclr
    main.o(i.ST_Init) refers to gpio.o(i.S2LPShutdownInit) for S2LPShutdownInit
    main.o(i.ST_Init) refers to stm32l0xx_hal.o(i.HAL_Delay) for HAL_Delay
    main.o(i.ST_Init) refers to gpio.o(i.S2LPShutdownExit) for S2LPShutdownExit
    main.o(i.ST_Init) refers to stm32l0xx_hal_tim.o(i.HAL_TIM_Base_Start_IT) for HAL_TIM_Base_Start_IT
    main.o(i.ST_Init) refers to s2lp_aux_utils.o(i.S2LPRadioSetXtalFrequency) for S2LPRadioSetXtalFrequency
    main.o(i.ST_Init) refers to s2lp_aux_utils.o(i.S2LPManagementSetBand) for S2LPManagementSetBand
[...]
    _sfxDataAddress                          0x200000bc   Data           4  nvm_api.o(.data)
    _boardDataAddress                        0x200000c0   Data           4  nvm_api.o(.data)
    .data                                    0x200000c4   Section      160  rf_api.o(.data)
    st_manuf                                 0x200000c4   Data         160  rf_api.o(.data)
    .data                                    0x20000164   Section        1  mcu_api_stm32.o(.data)
    _encryptedPayload                        0x20000164   Data           1  mcu_api_stm32.o(.data)
    .data                                    0x20000168   Section        4  sdk_utils_flash.o(.data)
    s_pac                                    0x2000016c   Data           8  retriever_api.o(.data)
    s_id                                     0x20000174   Data           4  retriever_api.o(.data)
    use_test_id                              0x20000178   Data           1  retriever_api.o(.data)
    use_test_key                             0x20000179   Data           1  retriever_api.o(.data)
    use_public_key                           0x2000017a   Data           1  retriever_api.o(.data)
    start_idx_backup                         0x2000017b   Data           1  retriever_api.o(.data)
    start_idx                                0x2000017c   Data           1  retriever_api.o(.data)
    cbc_data                                 0x20000180   Data          40  retriever_api.o(.data)
    state                                    0x200001a8   Data           4  retriever_api.o(.data)
    Key                                      0x200001ac   Data           4  retriever_api.o(.data)
    Iv                                       0x200001b0   Data           4  retriever_api.o(.data)
    iiv                                      0x200001b4   Data           4  retriever_api.o(.data)
    real_key_backup                          0x200001b8   Data           4  retriever_api.o(.data)
    public_key                               0x200001bc   Data          16  retriever_api.o(.data)
    test_key                                 0x200001cc   Data          16  retriever_api.o(.data)
    .data                                    0x200001ec   Section        4  stdout.o(.data)
    .data                                    0x200001f0   Section        4  mvars.o(.data)
    .data                                    0x200001f4   Section        4  mvars.o(.data)
    .bss                                     0x200001f8   Section       36  rtc.o(.bss)
    .bss                                     0x2000021c   Section      488  spi.o(.bss)
    tx_buff                                  0x2000021c   Data         128  spi.o(.bss)
    rx_buff                                  0x2000029c   Data         128  spi.o(.bss)
    .bss                                     0x20000404   Section       60  tim.o(.bss)
    .bss                                     0x20000440   Section      272  usart.o(.bss)
    .bss                                     0x20000550   Section       24  stm32l0xx_hal_flash.o(.bss)
    .bss                                     0x20000568   Section       88  s2lp_aux_eeprom.o(.bss)
    EepromSpiHandle                          0x20000568   Data          88  s2lp_aux_eeprom.o(.bss)
    .bss                                     0x200005c0   Section      500  mcu_api_stm32.o(.bss)
    mem                                      0x200005c0   Data         500  mcu_api_stm32.o(.bss)
    .bss                                     0x200007b4   Section       12  sdk_utils_flash.o(.bss)
    EraseInitStruct                          0x200007b4   Data          12  sdk_utils_flash.o(.bss)
    RoundKey                                 0x200007c0   Data         176  retriever_api.o(.bss)
    .bss6                                    0x20000870   Section        0  sigfox_api.o(.bss)
    .bss6                                    0x20000878   Section        0  sigfox_hmac.o(.bss)
    HEAP                                     0x20000898   Section      512  startup_stm32l052xx.o(HEAP)
    STACK                                    0x20000a98   Section     1024  startup_stm32l052xx.o(STACK)

    Global Symbols

    Symbol Name                              Value     Ov Type        Size  Object(Section)

    BuildAttributes$$THM_ISAv3M$S$PE$A:L22$X:L11$S22$IEEE1$IW$USESV6$~STKCKD$USESV7$WCHAR32$~SHL$OSPACE$ROPI$EBA8$MICROLIB$REQ8$PRES8$EABIv2 0x00000000   Number         0  anon$$obj.o ABSOLUTE
    __ARM_use_no_argv                        0x00000000   Number         0  main.o ABSOLUTE
    _printf_a                                0x00000000   Number         0  stubs.o ABSOLUTE
    _printf_c                                0x00000000   Number         0  stubs.o ABSOLUTE
    _printf_charcount                        0x00000000   Number         0  stubs.o ABSOLUTE
    _printf_d                                0x00000000   Number         0  stubs.o ABSOLUTE
    _printf_e                                0x00000000   Number         0  stubs.o ABSOLUTE
    _printf_f                                0x00000000   Number         0  stubs.o ABSOLUTE
    _printf_flags                            0x00000000   Number         0  stubs.o ABSOLUTE
    _printf_fp_dec                           0x00000000   Number         0  stubs.o ABSOLUTE
    _printf_fp_hex                           0x00000000   Number         0  stubs.o ABSOLUTE
    _printf_g                                0x00000000   Number         0  stubs.o ABSOLUTE
    _printf_i                                0x00000000   Number         0  stubs.o ABSOLUTE
    _printf_int_dec                          0x00000000   Number         0  stubs.o ABSOLUTE
    _printf_l                                0x00000000   Number         0  stubs.o ABSOLUTE
    _printf_lc                               0x00000000   Number         0  stubs.o ABSOLUTE
    _printf_ll                               0x00000000   Number         0  stubs.o ABSOLUTE
    _printf_lld                              0x00000000   Number         0  stubs.o ABSOLUTE
    _printf_lli                              0x00000000   Number         0  stubs.o ABSOLUTE
    _printf_llo                              0x00000000   Number         0  stubs.o ABSOLUTE
    _printf_llu                              0x00000000   Number         0  stubs.o ABSOLUTE
    _printf_llx                              0x00000000   Number         0  stubs.o ABSOLUTE
    _printf_longlong_dec                     0x00000000   Number         0  stubs.o ABSOLUTE
    _printf_longlong_hex                     0x00000000   Number         0  stubs.o ABSOLUTE
    _printf_longlong_oct                     0x00000000   Number         0  stubs.o ABSOLUTE
    _printf_ls                               0x00000000   Number         0  stubs.o ABSOLUTE
    _printf_mbtowc                           0x00000000   Number         0  stubs.o ABSOLUTE
    _printf_n                                0x00000000   Number         0  stubs.o ABSOLUTE
    _printf_o                                0x00000000   Number         0  stubs.o ABSOLUTE
    _printf_p                                0x00000000   Number         0  stubs.o ABSOLUTE
    _printf_percent                          0x00000000   Number         0  stubs.o ABSOLUTE
    _printf_pre_padding                      0x00000000   Number         0  stubs.o ABSOLUTE
    _printf_return_value                     0x00000000   Number         0  stubs.o ABSOLUTE
    _printf_s                                0x00000000   Number         0  stubs.o ABSOLUTE
    _printf_sizespec                         0x00000000   Number         0  stubs.o ABSOLUTE
    _printf_str                              0x00000000   Number         0  stubs.o ABSOLUTE
    _printf_truncate_signed                  0x00000000   Number         0  stubs.o ABSOLUTE
    _printf_truncate_unsigned                0x00000000   Number         0  stubs.o ABSOLUTE
    _printf_u                                0x00000000   Number         0  stubs.o ABSOLUTE
    _printf_wc                               0x00000000   Number         0  stubs.o ABSOLUTE
    _printf_wctomb                           0x00000000   Number         0  stubs.o ABSOLUTE
    _printf_widthprec                        0x00000000   Number         0  stubs.o ABSOLUTE
    _printf_x                                0x00000000   Number         0  stubs.o ABSOLUTE
    __cpp_initialize__aeabi_                  - Undefined Weak Reference
    __cxa_finalize                            - Undefined Weak Reference
    _clock_init                               - Undefined Weak Reference
    _microlib_exit                            - Undefined Weak Reference
    __Vectors_Size                           0x000000c0   Number         0  startup_stm32l052xx.o ABSOLUTE
    __Vectors                                0x08000000   Data           4  startup_stm32l052xx.o(RESET)
    __Vectors_End                            0x080000c0   Data           0  startup_stm32l052xx.o(RESET)
    __main                                   0x080000c1   Thumb Code     0  entry.o(.ARM.Collect$$$$00000000)
    _main_stk                                0x080000c1   Thumb Code     0  entry2.o(.ARM.Collect$$$$00000001)
    _main_scatterload                        0x080000c5   Thumb Code     0  entry5.o(.ARM.Collect$$$$00000004)
    __main_after_scatterload                 0x080000c9   Thumb Code     0  entry5.o(.ARM.Collect$$$$00000004)
    _main_clock                              0x080000c9   Thumb Code     0  entry7b.o(.ARM.Collect$$$$00000008)
    _main_cpp_init                           0x080000c9   Thumb Code     0  entry8b.o(.ARM.Collect$$$$0000000A)
    _main_init                               0x080000c9   Thumb Code     0  entry9a.o(.ARM.Collect$$$$0000000B)
    __rt_final_cpp                           0x080000d1   Thumb Code     0  entry10a.o(.ARM.Collect$$$$0000000D)
    __rt_final_exit                          0x080000d1   Thumb Code     0  entry11a.o(.ARM.Collect$$$$0000000F)
    Reset_Handler                            0x080000d5   Thumb Code     8  startup_stm32l052xx.o(.text)
    ADC1_COMP_IRQHandler                     0x080000e7   Thumb Code     0  startup_stm32l052xx.o(.text)
    DMA1_Channel1_IRQHandler                 0x080000e7   Thumb Code     0  startup_stm32l052xx.o(.text)
    EXTI2_3_IRQHandler                       0x080000e7   Thumb Code     0  startup_stm32l052xx.o(.text)
    EXTI4_15_IRQHandler                      0x080000e7   Thumb Code     0  startup_stm32l052xx.o(.text)
    FLASH_IRQHandler                         0x080000e7   Thumb Code     0  startup_stm32l052xx.o(.text)
    I2C1_IRQHandler                          0x080000e7   Thumb Code     0  startup_stm32l052xx.o(.text)
    I2C2_IRQHandler                          0x080000e7   Thumb Code     0  startup_stm32l052xx.o(.text)
    LPTIM1_IRQHandler                        0x080000e7   Thumb Code     0  startup_stm32l052xx.o(.text)
    PVD_IRQHandler                           0x080000e7   Thumb Code     0  startup_stm32l052xx.o(.text)
    RCC_CRS_IRQHandler                       0x080000e7   Thumb Code     0  startup_stm32l052xx.o(.text)
    RNG_LPUART1_IRQHandler                   0x080000e7   Thumb Code     0  startup_stm32l052xx.o(.text)
    SPI1_IRQHandler                          0x080000e7   Thumb Code     0  startup_stm32l052xx.o(.text)
    SPI2_IRQHandler                          0x080000e7   Thumb Code     0  startup_stm32l052xx.o(.text)
    TIM21_IRQHandler                         0x080000e7   Thumb Code     0  startup_stm32l052xx.o(.text)
    TIM22_IRQHandler                         0x080000e7   Thumb Code     0  startup_stm32l052xx.o(.text)
    TIM2_IRQHandler                          0x080000e7   Thumb Code     0  startup_stm32l052xx.o(.text)
    TSC_IRQHandler                           0x080000e7   Thumb Code     0  startup_stm32l052xx.o(.text)
    USART1_IRQHandler                        0x080000e7   Thumb Code     0  startup_stm32l052xx.o(.text)
    USART2_IRQHandler                        0x080000e7   Thumb Code     0  startup_stm32l052xx.o(.text)
    USB_IRQHandler                           0x080000e7   Thumb Code     0  startup_stm32l052xx.o(.text)
    WWDG_IRQHandler                          0x080000e7   Thumb Code     0  startup_stm32l052xx.o(.text)
    AES128_CBC_encrypt                       0x0800075f   Thumb Code   198  retriever_api.o(.text)
    AES128_CBC_decrypt_internal              0x08000825   Thumb Code   204  retriever_api.o(.text)
    AES_CBC_decrypt_buffer                   0x080008f1   Thumb Code    56  retriever_api.o(.text)
    get_integrity_cksum                      0x08000931   Thumb Code    42  retriever_api.o(.text)
    enc_utils_retrieve_data_from_flash       0x0800095b   Thumb Code   346  retriever_api.o(.text)
    enc_utils_retrieve_data                  0x08000ab9   Thumb Code   318  retriever_api.o(.text)
    enc_utils_encrypt                        0x08000bf7   Thumb Code    30  retriever_api.o(.text)
    enc_utils_set_public_key                 0x08000c15   Thumb Code    32  retriever_api.o(.text)
    enc_utils_set_test_key                   0x08000c35   Thumb Code    32  retriever_api.o(.text)
    enc_utils_set_test_id                    0x08000c55   Thumb Code     8  retriever_api.o(.text)
    enc_utils_get_id                         0x08000c5d   Thumb Code    34  retriever_api.o(.text)
    enc_utils_get_initial_pac                0x08000c7f   Thumb Code    48  retriever_api.o(.text)
    SIGFOX_API_open                          0x08000cbd   Thumb Code   368  sigfox_api.o(.text)
    SIGFOX_API_close                         0x08000e2d   Thumb Code    40  sigfox_api.o(.text)
    SIGFOX_API_send_frame                    0x08000e55   Thumb Code    68  sigfox_api.o(.text)
    SIGFOX_API_send_bit                      0x08000e99   Thumb Code    56  sigfox_api.o(.text)
    SIGFOX_API_send_outofband                0x08000ed1   Thumb Code    60  sigfox_api.o(.text)
    SIGFOX_API_get_version                   0x08000f11   Thumb Code    70  sigfox_api.o(.text)
    SIGFOX_API_set_std_config                0x08000f57   Thumb Code   114  sigfox_api.o(.text)
    SIGFOX_API_start_continuous_transmission 0x08000fcd   Thumb Code    72  sigfox_api.o(.text)
    SIGFOX_API_stop_continuous_transmission  0x0800101d   Thumb Code    50  sigfox_api.o(.text)
    SIGFOX_API_send_test_frame               0x08001061   Thumb Code   150  sigfox_api.o(.text)
    SIGFOX_API_receive_test_frame            0x080010f7   Thumb Code   126  sigfox_api.o(.text)
    SIGFOX_API_get_info                      0x08001175   Thumb Code    30  sigfox_api.o(.text)
    SIGFOX_API_get_device_id                 0x08001193   Thumb Code    10  sigfox_api.o(.text)
    SIGFOX_API_get_initial_pac               0x0800119d   Thumb Code    22  sigfox_api.o(.text)
    SIGFOX_API_switch_public_key             0x080011b3   Thumb Code    22  sigfox_api.o(.text)
    SIGFOX_API_set_rc_sync_period            0x080011c9   Thumb Code    24  sigfox_api.o(.text)
    SIGFOX_INT_randomize                     0x080011f9   Thumb Code    22  sigfox_internal.o(.text)
    SIGFOX_INT_get_max_micro_channel         0x0800120f   Thumb Code    48  sigfox_internal.o(.text)
    SIGFOX_INT_get_macro_channel_index       0x0800123f   Thumb Code    94  sigfox_internal.o(.text)
    SIGFOX_INT_dc_lbt_channel_pn_max         0x0800129d   Thumb Code    40  sigfox_internal.o(.text)
    SIGFOX_INT_dc_lbt_channel_pn_min         0x080012c5   Thumb Code    30  sigfox_internal.o(.text)
    RETURN_CODE                              0x080012e3   Thumb Code     8  sigfox_internal.o(.text)
    SIGFOX_INT_compute_channels              0x080012eb   Thumb Code   362  sigfox_internal.o(.text)
    SIGFOX_INT_compute_carrier_sense_frequency 0x08001455   Thumb Code    44  sigfox_internal.o(.text)
    SIGFOX_INT_store_nvm                     0x08001481   Thumb Code    64  sigfox_internal.o(.text)
    SIGFOX_INT_execute_communication_sequence 0x080014c1   Thumb Code   368  sigfox_internal.o(.text)
    SIGFOX_INT_prepare_transmission          0x08001631   Thumb Code   140  sigfox_internal.o(.text)
    fsync_lut_tx                             0x080016bc   Data          36  sigfox_internal.o(.text)
    SIGFOX_INT_encrypt_decrypt_frame         0x080016e1   Thumb Code   278  sigfox_internal.o(.text)
    public_key                               0x0800180c   Data          16  sigfox_internal.o(.text)
    SIGFOX_INT_build_frame                   0x0800181d   Thumb Code   804  sigfox_internal.o(.text)
    SIGFOX_INT_send_single_frame             0x08001b41   Thumb Code   128  sigfox_internal.o(.text)
    SIGFOX_INT_execute_carrier_sense         0x08001bc1   Thumb Code    64  sigfox_internal.o(.text)
    SIGFOX_INT_process_uplink                0x08001c01   Thumb Code   634  sigfox_internal.o(.text)
    SIGFOX_INT_process_downlink              0x08001e7b   Thumb Code    74  sigfox_internal.o(.text)
    SIGFOX_INT_downlink_configuration        0x08001ec5   Thumb Code    56  sigfox_internal.o(.text)
    SIGFOX_INT_get_received_frames           0x08001efd   Thumb Code   360  sigfox_internal.o(.text)
    SIGFOX_INT_compute_uplink_frequency      0x08002065   Thumb Code   126  sigfox_internal.o(.text)
    SIGFOX_INT_compute_downlink_frequency    0x080020ed   Thumb Code     4  sigfox_internal.o(.text)
    SIGFOX_INT_get_device_id_and_payload_encryption_flag 0x080020f1   Thumb Code    34  sigfox_internal.o(.text)
    SIGFOX_CRC_crc16                         0x08002115   Thumb Code    64  sigfox_crc.o(.text)
    SIGFOX_CRC_crc8                          0x0800215d   Thumb Code    54  sigfox_crc.o(.text)
    SIGFOX_DECODE_decode_frame               0x08002195   Thumb Code   236  sigfox_decode.o(.text)
    pow_alpha                                0x08002380   Data          16  sigfox_decode.o(.text)
    log_alpha                                0x08002390   Data          16  sigfox_decode.o(.text)
    SIGFOX_HMAC_compute_aes                  0x080023a1   Thumb Code   116  sigfox_hmac.o(.text)
    SIGFOX_PN_next_pn                        0x08002415   Thumb Code   100  sigfox_pn.o(.text)
    SIGFOX_SCRAMB_compute                    0x08002479   Thumb Code   122  sigfox_scramb.o(.text)
    __aeabi_uidiv                            0x08002505   Thumb Code     0  uidiv.o(.text)
    __aeabi_uidivmod                         0x08002505   Thumb Code    44  uidiv.o(.text)
    __aeabi_idiv                             0x08002531   Thumb Code     0  idiv.o(.text)
    __aeabi_idivmod                          0x08002531   Thumb Code    40  idiv.o(.text)
    __aeabi_uldivmod                         0x08002559   Thumb Code    96  uldiv.o(.text)
    __aeabi_lmul                             0x080025b9   Thumb Code   122  llmul.o(.text)
    _ll_mul                                  0x080025b9   Thumb Code     0  llmul.o(.text)
    __aeabi_memcpy                           0x08002633   Thumb Code    36  memcpya.o(.text)
    __aeabi_memcpy4                          0x08002633   Thumb Code     0  memcpya.o(.text)
    __aeabi_memcpy8                          0x08002633   Thumb Code     0  memcpya.o(.text)
    __aeabi_memset                           0x08002657   Thumb Code    14  memseta.o(.text)
    __aeabi_memset4                          0x08002657   Thumb Code     0  memseta.o(.text)
    __aeabi_memset8                          0x08002657   Thumb Code     0  memseta.o(.text)
    __aeabi_memclr                           0x08002665   Thumb Code     4  memseta.o(.text)
    __aeabi_memclr4                          0x08002665   Thumb Code     0  memseta.o(.text)
    __aeabi_memclr8                          0x08002665   Thumb Code     0  memseta.o(.text)
    _memset$wrapper                          0x08002669   Thumb Code    18  memseta.o(.text)
    strlen                                   0x0800267b   Thumb Code    14  strlen.o(.text)
    __aeabi_llsl                             0x08002689   Thumb Code    32  llshl.o(.text)
    _ll_shift_l                              0x08002689   Thumb Code     0  llshl.o(.text)
    __aeabi_llsr                             0x080026a9   Thumb Code    34  llushr.o(.text)
    _ll_ushift_r                             0x080026a9   Thumb Code     0  llushr.o(.text)
    __scatterload                            0x080026cd   Thumb Code    28  init.o(.text)
    __scatterload_rt2                        0x080026cd   Thumb Code     0  init.o(.text)
    __decompress                             0x080026f1   Thumb Code     0  __dczerorl2.o(.text)
    __decompress1                            0x080026f1   Thumb Code    86  __dczerorl2.o(.text)
    CheckFlashAddress                        0x08002749   Thumb Code    30  sdk_utils_flash.o(i.CheckFlashAddress)
    Configure_RTC_Clock                      0x0800276d   Thumb Code    74  rtc.o(i.Configure_RTC_Clock)
    DMA1_Channel2_3_IRQHandler               0x080027bd   Thumb Code    16  stm32l0xx_it.o(i.DMA1_Channel2_3_IRQHandler)
    DMA1_Channel4_5_6_7_IRQHandler           0x080027d5   Thumb Code    16  stm32l0xx_it.o(i.DMA1_Channel4_5_6_7_IRQHandler)
    EXTI0_1_IRQHandler                       0x08002819   Thumb Code    10  stm32l0xx_it.o(i.EXTI0_1_IRQHandler)
    EepromRead                               0x08002825   Thumb Code    92  s2lp_aux_eeprom.o(i.EepromRead)
    EepromSPICSHigh                          0x08002885   Thumb Code    32  s2lp_aux_eeprom.o(i.EepromSPICSHigh)
    EepromSPICSLow                           0x080028a9   Thumb Code    34  s2lp_aux_eeprom.o(i.EepromSPICSLow)
    EepromWaitEndWriteOperation              0x080028d1   Thumb Code    62  s2lp_aux_eeprom.o(i.EepromWaitEndWriteOperation)
    Error_Handler                            0x08002915   Thumb Code     2  main.o(i.Error_Handler)
    FEM_Init                                 0x08002919   Thumb Code    84  s2lp_aux_fem_auto.o(i.FEM_Init)
    FEM_Operation                            0x08002971   Thumb Code    74  s2lp_aux_fem_auto.o(i.FEM_Operation)
    FLASH_PageErase                          0x080029c9   Thumb Code    34  stm32l0xx_hal_flash_ex.o(i.FLASH_PageErase)
    FLASH_WaitForLastOperation               0x08002a85   Thumb Code   106  stm32l0xx_hal_flash.o(i.FLASH_WaitForLastOperation)
    FlashErase                               0x08002af5   Thumb Code    56  sdk_utils_flash.o(i.FlashErase)
    FlashRead                                0x08002b35   Thumb Code    86  sdk_utils_flash.o(i.FlashRead)
    FlashWrite                               0x08002b8b   Thumb Code   148  sdk_utils_flash.o(i.FlashWrite)
    GetNVMBoardDataAddress                   0x08002c21   Thumb Code     6  nvm_api.o(i.GetNVMBoardDataAddress)
    HAL_DMA_IRQHandler                       0x08002c3b   Thumb Code   168  stm32l0xx_hal_dma.o(i.HAL_DMA_IRQHandler)
    HAL_DMA_Init                             0x08002ce5   Thumb Code   132  stm32l0xx_hal_dma.o(i.HAL_DMA_Init)
    HAL_DMA_Start_IT                         0x08002d75   Thumb Code   104  stm32l0xx_hal_dma.o(i.HAL_DMA_Start_IT)
    HAL_Delay                                0x08002ddd   Thumb Code    28  stm32l0xx_hal.o(i.HAL_Delay)
    HAL_FLASHEx_Erase                        0x08002df9   Thumb Code   106  stm32l0xx_hal_flash_ex.o(i.HAL_FLASHEx_Erase)
    HAL_FLASH_GetError                       0x08002e71   Thumb Code     6  stm32l0xx_hal_flash.o(i.HAL_FLASH_GetError)
    HAL_FLASH_Lock                           0x08002e7d   Thumb Code    22  stm32l0xx_hal_flash.o(i.HAL_FLASH_Lock)
    HAL_FLASH_Program                        0x08002e99   Thumb Code    50  stm32l0xx_hal_flash.o(i.HAL_FLASH_Program)
    HAL_FLASH_Unlock                         0x08002ed5   Thumb Code    70  stm32l0xx_hal_flash.o(i.HAL_FLASH_Unlock)
    HAL_GPIO_EXTI_Callback                   0x08002f31   Thumb Code    32  gpio.o(i.HAL_GPIO_EXTI_Callback)
    HAL_GPIO_EXTI_IRQHandler                 0x08002f59   Thumb Code    18  stm32l0xx_hal_gpio.o(i.HAL_GPIO_EXTI_IRQHandler)
    HAL_GPIO_Init                            0x08002f71   Thumb Code   346  stm32l0xx_hal_gpio.o(i.HAL_GPIO_Init)
    HAL_GPIO_WritePin                        0x080030e9   Thumb Code    12  stm32l0xx_hal_gpio.o(i.HAL_GPIO_WritePin)
    HAL_GetTick                              0x080030f5   Thumb Code     6  stm32l0xx_hal.o(i.HAL_GetTick)
    HAL_IncTick                              0x08003101   Thumb Code    10  stm32l0xx_hal.o(i.HAL_IncTick)
    HAL_Init                                 0x08003111   Thumb Code    36  stm32l0xx_hal.o(i.HAL_Init)
    HAL_InitTick                             0x08003139   Thumb Code    44  stm32l0xx_hal.o(i.HAL_InitTick)
    HAL_MspInit                              0x08003169   Thumb Code    20  stm32l0xx_hal_msp.o(i.HAL_MspInit)
    HAL_NVIC_DisableIRQ                      0x08003181   Thumb Code    14  stm32l0xx_hal_cortex.o(i.HAL_NVIC_DisableIRQ)
    HAL_NVIC_EnableIRQ                       0x08003195   Thumb Code    14  stm32l0xx_hal_cortex.o(i.HAL_NVIC_EnableIRQ)
    HAL_NVIC_SetPriority                     0x080031a9   Thumb Code     8  stm32l0xx_hal_cortex.o(i.HAL_NVIC_SetPriority)
    HAL_PWR_EnableBkUpAccess                 0x080031b1   Thumb Code    12  stm32l0xx_hal_pwr.o(i.HAL_PWR_EnableBkUpAccess)
    HAL_PWR_EnterSTOPMode                    0x080031c1   Thumb Code    44  stm32l0xx_hal_pwr.o(i.HAL_PWR_EnterSTOPMode)
    HAL_RCCEx_PeriphCLKConfig                0x080031f5   Thumb Code   362  stm32l0xx_hal_rcc_ex.o(i.HAL_RCCEx_PeriphCLKConfig)
    HAL_RCC_ClockConfig                      0x0800336d   Thumb Code   344  stm32l0xx_hal_rcc.o(i.HAL_RCC_ClockConfig)
    HAL_RCC_GetPCLK1Freq                     0x080034d9   Thumb Code    20  stm32l0xx_hal_rcc.o(i.HAL_RCC_GetPCLK1Freq)
    HAL_RCC_GetPCLK2Freq                     0x080034f9   Thumb Code    20  stm32l0xx_hal_rcc.o(i.HAL_RCC_GetPCLK2Freq)
    HAL_RCC_GetSysClockFreq                  0x08003519   Thumb Code   100  stm32l0xx_hal_rcc.o(i.HAL_RCC_GetSysClockFreq)
    HAL_RCC_OscConfig                        0x08003591   Thumb Code  1158  stm32l0xx_hal_rcc.o(i.HAL_RCC_OscConfig)
    HAL_RTCEx_DeactivateWakeUpTimer          0x08003a17   Thumb Code   122  stm32l0xx_hal_rtc_ex.o(i.HAL_RTCEx_DeactivateWakeUpTimer)
    HAL_RTCEx_SetWakeUpTimer_IT              0x08003a91   Thumb Code   238  stm32l0xx_hal_rtc_ex.o(i.HAL_RTCEx_SetWakeUpTimer_IT)
    HAL_RTCEx_WakeUpTimerEventCallback       0x08003b89   Thumb Code     2  stm32l0xx_hal_rtc_ex.o(i.HAL_RTCEx_WakeUpTimerEventCallback)
    HAL_RTCEx_WakeUpTimerIRQHandler          0x08003b8d   Thumb Code    48  stm32l0xx_hal_rtc_ex.o(i.HAL_RTCEx_WakeUpTimerIRQHandler)
    HAL_RTC_Init                             0x08003bc5   Thumb Code   184  stm32l0xx_hal_rtc.o(i.HAL_RTC_Init)
    HAL_RTC_MspInit                          0x08003c81   Thumb Code    40  rtc.o(i.HAL_RTC_MspInit)
    HAL_RTC_SetDate                          0x08003cb1   Thumb Code   190  stm32l0xx_hal_rtc.o(i.HAL_RTC_SetDate)
    HAL_RTC_SetTime                          0x08003d75   Thumb Code   228  stm32l0xx_hal_rtc.o(i.HAL_RTC_SetTime)
    HAL_RTC_WaitForSynchro                   0x08003e5d   Thumb Code    52  stm32l0xx_hal_rtc.o(i.HAL_RTC_WaitForSynchro)
    HAL_SPI_ErrorCallback                    0x08003e91   Thumb Code     2  stm32l0xx_hal_spi.o(i.HAL_SPI_ErrorCallback)
    HAL_SPI_GetState                         0x08003e93   Thumb Code     6  stm32l0xx_hal_spi.o(i.HAL_SPI_GetState)
    HAL_SPI_Init                             0x08003e99   Thumb Code   128  stm32l0xx_hal_spi.o(i.HAL_SPI_Init)
    HAL_SPI_MspInit                          0x08003f19   Thumb Code   198  spi.o(i.HAL_SPI_MspInit)
    HAL_SPI_RxCpltCallback                   0x08003ff5   Thumb Code     2  stm32l0xx_hal_spi.o(i.HAL_SPI_RxCpltCallback)
    HAL_SPI_RxHalfCpltCallback               0x08003ff7   Thumb Code     2  stm32l0xx_hal_spi.o(i.HAL_SPI_RxHalfCpltCallback)
    HAL_SPI_TransmitReceive                  0x08003ff9   Thumb Code   496  stm32l0xx_hal_spi.o(i.HAL_SPI_TransmitReceive)
    HAL_SPI_TransmitReceive_DMA              0x080041e9   Thumb Code   274  stm32l0xx_hal_spi.o(i.HAL_SPI_TransmitReceive_DMA)
    HAL_SPI_TxRxCpltCallback                 0x08004311   Thumb Code    32  spi.o(i.HAL_SPI_TxRxCpltCallback)
    HAL_SPI_TxRxHalfCpltCallback             0x08004335   Thumb Code     2  stm32l0xx_hal_spi.o(i.HAL_SPI_TxRxHalfCpltCallback)
    HAL_SYSTICK_Config                       0x08004339   Thumb Code    38  stm32l0xx_hal_cortex.o(i.HAL_SYSTICK_Config)
    HAL_TIMEx_MasterConfigSynchronization    0x08004369   Thumb Code    60  stm32l0xx_hal_tim_ex.o(i.HAL_TIMEx_MasterConfigSynchronization)
    HAL_TIM_Base_Init                        0x080043a5   Thumb Code    52  stm32l0xx_hal_tim.o(i.HAL_TIM_Base_Init)
    HAL_TIM_Base_MspInit                     0x080043d9   Thumb Code    38  tim.o(i.HAL_TIM_Base_MspInit)
    HAL_TIM_Base_Start                       0x08004409   Thumb Code    34  stm32l0xx_hal_tim.o(i.HAL_TIM_Base_Start)
    HAL_TIM_Base_Start_IT                    0x0800442b   Thumb Code    32  stm32l0xx_hal_tim.o(i.HAL_TIM_Base_Start_IT)
    HAL_TIM_Base_Stop                        0x0800444d   Thumb Code    34  stm32l0xx_hal_tim.o(i.HAL_TIM_Base_Stop)
    HAL_TIM_Base_Stop_IT                     0x08004475   Thumb Code    32  stm32l0xx_hal_tim.o(i.HAL_TIM_Base_Stop_IT)
    HAL_TIM_IC_CaptureCallback               0x08004499   Thumb Code     2  stm32l0xx_hal_tim.o(i.HAL_TIM_IC_CaptureCallback)
    HAL_TIM_IRQHandler                       0x0800449b   Thumb Code   294  stm32l0xx_hal_tim.o(i.HAL_TIM_IRQHandler)
    HAL_TIM_OC_DelayElapsedCallback          0x080045c1   Thumb Code     2  stm32l0xx_hal_tim.o(i.HAL_TIM_OC_DelayElapsedCallback)
    HAL_TIM_PWM_PulseFinishedCallback        0x080045c3   Thumb Code     2  stm32l0xx_hal_tim.o(i.HAL_TIM_PWM_PulseFinishedCallback)
    HAL_TIM_PeriodElapsedCallback            0x080045c5   Thumb Code     2  stm32l0xx_hal_tim.o(i.HAL_TIM_PeriodElapsedCallback)
    HAL_TIM_TriggerCallback                  0x080045c7   Thumb Code     2  stm32l0xx_hal_tim.o(i.HAL_TIM_TriggerCallback)
    HAL_UART_GetState                        0x080045c9   Thumb Code    10  stm32l0xx_hal_uart.o(i.HAL_UART_GetState)
    HAL_UART_Init                            0x080045d3   Thumb Code   106  stm32l0xx_hal_uart.o(i.HAL_UART_Init)
    HAL_UART_MspInit                         0x0800463d   Thumb Code   200  usart.o(i.HAL_UART_MspInit)
    HAL_UART_Transmit                        0x08004715   Thumb Code   206  stm32l0xx_hal_uart.o(i.HAL_UART_Transmit)
    HardFault_Handler                        0x080047e3   Thumb Code     2  stm32l0xx_it.o(i.HardFault_Handler)
    MCU_API_aes_128_cbc_encrypt              0x080047e5   Thumb Code    14  mcu_api_stm32.o(i.MCU_API_aes_128_cbc_encrypt)
    MCU_API_delay                            0x080047f3   Thumb Code    50  mcu_api_stm32.o(i.MCU_API_delay)
    MCU_API_free                             0x08004825   Thumb Code     4  mcu_api_stm32.o(i.MCU_API_free)
    MCU_API_get_device_id_and_payload_encryption_flag 0x08004829   Thumb Code    18  mcu_api_stm32.o(i.MCU_API_get_device_id_and_payload_encryption_flag)
    MCU_API_get_initial_pac                  0x08004841   Thumb Code    10  mcu_api_stm32.o(i.MCU_API_get_initial_pac)
    MCU_API_get_nv_mem                       0x0800484b   Thumb Code    10  mcu_api_stm32.o(i.MCU_API_get_nv_mem)
    MCU_API_get_version                      0x08004855   Thumb Code    12  mcu_api_stm32.o(i.MCU_API_get_version)
    MCU_API_get_voltage_temperature          0x08004865   Thumb Code    12  mcu_api_stm32.o(i.MCU_API_get_voltage_temperature)
    MCU_API_malloc                           0x08004871   Thumb Code    20  mcu_api_stm32.o(i.MCU_API_malloc)
    MCU_API_report_test_result               0x08004889   Thumb Code     4  mcu_api_stm32.o(i.MCU_API_report_test_result)
    MCU_API_set_nv_mem                       0x0800488d   Thumb Code    10  mcu_api_stm32.o(i.MCU_API_set_nv_mem)
    MCU_API_timer_start                      0x08004899   Thumb Code   124  tim.o(i.MCU_API_timer_start)
    MCU_API_timer_start_carrier_sense        0x08004925   Thumb Code   186  tim.o(i.MCU_API_timer_start_carrier_sense)
    MCU_API_timer_stop                       0x080049f1   Thumb Code    24  tim.o(i.MCU_API_timer_stop)
    MCU_API_timer_stop_carrier_sense         0x08004a0d   Thumb Code    52  tim.o(i.MCU_API_timer_stop_carrier_sense)
    MCU_API_timer_wait_for_end               0x08004a45   Thumb Code    26  tim.o(i.MCU_API_timer_wait_for_end)
    MCU_Config                               0x08004a61   Thumb Code   174  main.o(i.MCU_Config)
    MONARCH_API_get_version                  0x08004b81   Thumb Code     4  rf_api.o(i.MONARCH_API_get_version)
    MX_DMA_Init                              0x08004b85   Thumb Code    52  dma.o(i.MX_DMA_Init)
    MX_GPIO_Init                             0x08004bbd   Thumb Code   156  gpio.o(i.MX_GPIO_Init)
    MX_RTC_Init                              0x08004c65   Thumb Code   136  rtc.o(i.MX_RTC_Init)
    MX_SPI1_Init                             0x08004cf5   Thumb Code    56  spi.o(i.MX_SPI1_Init)
    MX_TIM6_Init                             0x08004d35   Thumb Code    60  tim.o(i.MX_TIM6_Init)
    MX_USART1_UART_Init                      0x08004d7d   Thumb Code    48  usart.o(i.MX_USART1_UART_Init)
    NMI_Handler                              0x08004db5   Thumb Code     2  stm32l0xx_it.o(i.NMI_Handler)
    NVM_Read                                 0x08004dfd   Thumb Code    18  nvm_api.o(i.NVM_Read)
    NVM_ReadRecord                           0x08004e11   Thumb Code   160  nvm_api.o(i.NVM_ReadRecord)
    NVM_Write                                0x08004eb9   Thumb Code    18  nvm_api.o(i.NVM_Write)
    NVM_WriteRecord                          0x08004ecd   Thumb Code   126  nvm_api.o(i.NVM_WriteRecord)
    PendSV_Handler                           0x08004f55   Thumb Code     2  stm32l0xx_it.o(i.PendSV_Handler)
    RF_API_change_frequency                  0x08004f59   Thumb Code   200  rf_api.o(i.RF_API_change_frequency)
    RF_API_get_version                       0x0800502d   Thumb Code    12  rf_api.o(i.RF_API_get_version)
    RF_API_init                              0x0800503d   Thumb Code   342  rf_api.o(i.RF_API_init)
    RF_API_send                              0x080051a9   Thumb Code    82  rf_api.o(i.RF_API_send)
    RF_API_start_continuous_transmission     0x08005201   Thumb Code   136  rf_api.o(i.RF_API_start_continuous_transmission)
    RF_API_stop                              0x08005291   Thumb Code    32  rf_api.o(i.RF_API_stop)
    RF_API_stop_continuous_transmission      0x080052b5   Thumb Code    34  rf_api.o(i.RF_API_stop_continuous_transmission)
    RF_API_wait_for_clear_channel            0x080052dd   Thumb Code   382  rf_api.o(i.RF_API_wait_for_clear_channel)
    RF_API_wait_frame                        0x08005469   Thumb Code   236  rf_api.o(i.RF_API_wait_frame)
    RTC_ByteToBcd2                           0x08005559   Thumb Code    24  stm32l0xx_hal_rtc.o(i.RTC_ByteToBcd2)
    RTC_EnterInitMode                        0x08005571   Thumb Code    56  stm32l0xx_hal_rtc.o(i.RTC_EnterInitMode)
    RTC_IRQHandler                           0x080055a9   Thumb Code   112  stm32l0xx_it.o(i.RTC_IRQHandler)
    S2LPGetSpiInUse                          0x08005639   Thumb Code     6  spi.o(i.S2LPGetSpiInUse)
    S2LPIRQEnable                            0x08005645   Thumb Code    94  gpio.o(i.S2LPIRQEnable)
    S2LPIRQInit                              0x080056ad   Thumb Code    68  gpio.o(i.S2LPIRQInit)
    S2LPManagementGetRangeExtender           0x080056fd   Thumb Code     6  s2lp_aux_utils.o(i.S2LPManagementGetRangeExtender)
    S2LPManagementGetXtalFrequency           0x08005709   Thumb Code     6  s2lp_aux_utils.o(i.S2LPManagementGetXtalFrequency)
    S2LPManagementSetBand                    0x08005715   Thumb Code     6  s2lp_aux_utils.o(i.S2LPManagementSetBand)
    S2LPManagementSetRangeExtender           0x08005721   Thumb Code     6  s2lp_aux_utils.o(i.S2LPManagementSetRangeExtender)
    S2LPRadioSetPALevelMaxIndex              0x0800572d   Thumb Code     2  s2lp_aux_fem_auto.o(i.S2LPRadioSetPALevelMaxIndex)
    S2LPRadioSetPALeveldBm                   0x0800572f   Thumb Code     2  s2lp_aux_fem_auto.o(i.S2LPRadioSetPALeveldBm)
    S2LPRadioSetXtalFrequency                0x08005731   Thumb Code     6  s2lp_aux_utils.o(i.S2LPRadioSetXtalFrequency)
    S2LPShutdownEnter                        0x0800573d   Thumb Code    14  gpio.o(i.S2LPShutdownEnter)
    S2LPShutdownExit                         0x08005751   Thumb Code    34  gpio.o(i.S2LPShutdownExit)
    S2LPShutdownInit                         0x08005779   Thumb Code    52  gpio.o(i.S2LPShutdownInit)
    S2LPSpiRaw                               0x080057b5   Thumb Code   250  spi.o(i.S2LPSpiRaw)
    S2LPSpiWriteRegisters                    0x080058bd   Thumb Code   216  spi.o(i.S2LPSpiWriteRegisters)
    ST_Init                                  0x08005bb5   Thumb Code    58  main.o(i.ST_Init)
    ST_MCU_API_GpioIRQ                       0x08005bf9   Thumb Code    20  gpio.o(i.ST_MCU_API_GpioIRQ)
    ST_MCU_API_Shutdown                      0x08005c0d   Thumb Code    18  gpio.o(i.ST_MCU_API_Shutdown)
    ST_MCU_API_SpiRaw                        0x08005c1f   Thumb Code    10  spi.o(i.ST_MCU_API_SpiRaw)
    ST_MCU_API_TimerCalibration              0x08005c29   Thumb Code   166  tim.o(i.ST_MCU_API_TimerCalibration)
    ST_MCU_API_WaitForInterrupt              0x08005ce9   Thumb Code    50  tim.o(i.ST_MCU_API_WaitForInterrupt)
    ST_RF_API_Get_Continuous_TX_or_MONARCH_Scan_Flag 0x08005d21   Thumb Code     6  rf_api.o(i.ST_RF_API_Get_Continuous_TX_or_MONARCH_Scan_Flag)
    ST_RF_API_S2LP_IRQ_CB                    0x08005d2d   Thumb Code    36  rf_api.o(i.ST_RF_API_S2LP_IRQ_CB)
    ST_RF_API_StartRx                        0x08005d55   Thumb Code    18  rf_api.o(i.ST_RF_API_StartRx)
    ST_RF_API_StartTx                        0x08005d69   Thumb Code    30  rf_api.o(i.ST_RF_API_StartTx)
    ST_RF_API_StopRxTx                       0x08005d8d   Thumb Code    18  rf_api.o(i.ST_RF_API_StopRxTx)
    ST_RF_API_Timer_CB                       0x08005da1   Thumb Code     6  rf_api.o(i.ST_RF_API_Timer_CB)
    ST_RF_API_Timer_Channel_Clear_CB         0x08005dad   Thumb Code     8  rf_api.o(i.ST_RF_API_Timer_Channel_Clear_CB)
    ST_RF_API_custom_setting                 0x08005db9   Thumb Code     2  rf_api.o(i.ST_RF_API_custom_setting)
    ST_RF_API_get_ramp_duration              0x08005dbd   Thumb Code    12  rf_api.o(i.ST_RF_API_get_ramp_duration)
    ST_RF_API_gpio_rx_pin                    0x08005dcd   Thumb Code    20  rf_api.o(i.ST_RF_API_gpio_rx_pin)
    ST_RF_API_gpio_tx_pin                    0x08005de5   Thumb Code    20  rf_api.o(i.ST_RF_API_gpio_tx_pin)
    ST_RF_API_gpio_tx_rx_pin                 0x08005dfd   Thumb Code    20  rf_api.o(i.ST_RF_API_gpio_tx_rx_pin)
    ST_RF_API_reduce_output_power            0x08005e15   Thumb Code     8  rf_api.o(i.ST_RF_API_reduce_output_power)
    ST_RF_API_set_freq_offset                0x08005e21   Thumb Code     8  rf_api.o(i.ST_RF_API_set_freq_offset)
    ST_RF_API_set_lbt_thr_offset             0x08005e2d   Thumb Code     8  rf_api.o(i.ST_RF_API_set_lbt_thr_offset)
    ST_RF_API_set_pa                         0x08005e39   Thumb Code     8  rf_api.o(i.ST_RF_API_set_pa)
    ST_RF_API_set_rssi_offset                0x08005e45   Thumb Code     8  rf_api.o(i.ST_RF_API_set_rssi_offset)
    ST_RF_API_set_tcxo                       0x08005e51   Thumb Code     8  rf_api.o(i.ST_RF_API_set_tcxo)
    ST_RF_API_set_xtal_freq                  0x08005e5d   Thumb Code     8  rf_api.o(i.ST_RF_API_set_xtal_freq)
    ST_Sigfox_Init                           0x08005e69   Thumb Code   120  st_sigfox_init.o(i.ST_Sigfox_Init)
    SVC_Handler                              0x08005eed   Thumb Code     2  stm32l0xx_it.o(i.SVC_Handler)
    SdkEvalGetDaughterBoardType              0x08005ef1   Thumb Code     6  s2lp_aux_utils.o(i.SdkEvalGetDaughterBoardType)
    SdkEvalSpiRawTC                          0x08005efd   Thumb Code     2  spi.o(i.SdkEvalSpiRawTC)
    SdkEvalTimersFindFactors                 0x08005f01   Thumb Code   148  tim.o(i.SdkEvalTimersFindFactors)
    SdkEvalTimersTimConfig                   0x08005f99   Thumb Code   130  tim.o(i.SdkEvalTimersTimConfig)
    SetNVMInitial                            0x08006029   Thumb Code    62  nvm_api.o(i.SetNVMInitial)
    St_Sigfox_Open_RCZ                       0x0800606d   Thumb Code   260  st_sigfox_init.o(i.St_Sigfox_Open_RCZ)
    SysTick_Handler                          0x08006175   Thumb Code     8  stm32l0xx_it.o(i.SysTick_Handler)
    SystemClock_Config                       0x0800617d   Thumb Code   108  main.o(i.SystemClock_Config)
    SystemInit                               0x080061ed   Thumb Code    66  system_stm32l0xx.o(i.SystemInit)
    TIM6_DAC_IRQHandler                      0x08006241   Thumb Code    10  stm32l0xx_it.o(i.TIM6_DAC_IRQHandler)
    UART_AdvFeatureConfig                    0x080062a9   Thumb Code   202  stm32l0xx_hal_uart.o(i.UART_AdvFeatureConfig)
    UART_CheckIdleState                      0x08006375   Thumb Code    90  stm32l0xx_hal_uart.o(i.UART_CheckIdleState)
    UART_SetConfig                           0x080063d5   Thumb Code   506  stm32l0xx_hal_uart.o(i.UART_SetConfig)
    UART_WaitOnFlagUntilTimeout              0x080065fd   Thumb Code    98  stm32l0xx_hal_uart.o(i.UART_WaitOnFlagUntilTimeout)
    __0printf$5                              0x08006661   Thumb Code    24  printf5.o(i.__0printf$5)
    __1printf$5                              0x08006661   Thumb Code     0  printf5.o(i.__0printf$5)
    __2printf                                0x08006661   Thumb Code     0  printf5.o(i.__0printf$5)
    __0sprintf$5                             0x08006681   Thumb Code    36  printf5.o(i.__0sprintf$5)
    __1sprintf$5                             0x08006681   Thumb Code     0  printf5.o(i.__0sprintf$5)
    __2sprintf                               0x08006681   Thumb Code     0  printf5.o(i.__0sprintf$5)
    __ARM_common_ll_muluu                    0x080066a9   Thumb Code    48  rf_api.o(i.__ARM_common_ll_muluu)
    __ARM_common_switch8                     0x080066d9   Thumb Code    26  st_sigfox_init.o(i.__ARM_common_switch8)
    __scatterload_copy                       0x080066f3   Thumb Code    14  handlers.o(i.__scatterload_copy)
    __scatterload_null                       0x08006701   Thumb Code     2  handlers.o(i.__scatterload_null)
    __scatterload_zeroinit                   0x08006703   Thumb Code    14  handlers.o(i.__scatterload_zeroinit)
    button_pressed                           0x08006a69   Thumb Code    20  gpio.o(i.button_pressed)
    configWordRC2                            0x08006a7d   Thumb Code    28  main.o(i.configWordRC2)
    fputc                                    0x08006ab5   Thumb Code    28  usart.o(i.fputc)
    free                                     0x08006ad5   Thumb Code    80  malloc.o(i.free)
    getLowPowerFlag                          0x08006b29   Thumb Code     6  gpio.o(i.getLowPowerFlag)
    getNIntermediateTimIrqFlag               0x08006b35   Thumb Code     6  tim.o(i.getNIntermediateTimIrqFlag)
    getNextRtcWakeUpFlag                     0x08006b41   Thumb Code     6  rtc.o(i.getNextRtcWakeUpFlag)
    getNotifyEndFlag                         0x08006b4d   Thumb Code     6  tim.o(i.getNotifyEndFlag)
    getRtcHandler                            0x08006b59   Thumb Code     4  rtc.o(i.getRtcHandler)
    getRtcInUseFlag                          0x08006b61   Thumb Code     6  rtc.o(i.getRtcInUseFlag)
    getRtcInUseForCsFlag                     0x08006b6d   Thumb Code     6  rtc.o(i.getRtcInUseForCsFlag)
    getRtcIrqFlag                            0x08006b79   Thumb Code     6  rtc.o(i.getRtcIrqFlag)
    getRtcPrescFlag                          0x08006b85   Thumb Code     6  rtc.o(i.getRtcPrescFlag)
    getS2lpIrqRaisedFlag                     0x08006b91   Thumb Code     6  gpio.o(i.getS2lpIrqRaisedFlag)
    main                                     0x08006b9d   Thumb Code    74  main.o(i.main)
    malloc                                   0x08006bfd   Thumb Code    92  malloc.o(i.malloc)
    onButtonRelease                          0x08006c69   Thumb Code    20  gpio.o(i.onButtonRelease)
    openSigfoxLibRC2                         0x08006c7d   Thumb Code    32  main.o(i.openSigfoxLibRC2)
    pn9_next                                 0x08006cb1   Thumb Code    24  rf_api.o(i.pn9_next)
    pn9_next_byte                            0x08006cc9   Thumb Code    22  rf_api.o(i.pn9_next_byte)
    printUart                                0x08006ce1   Thumb Code    48  usart.o(i.printUart)
    readButton                               0x0800762d   Thumb Code    14  gpio.o(i.readButton)
    sendFrameRC2                             0x08007641   Thumb Code    88  main.o(i.sendFrameRC2)
    setNIntermediateTimIrqFlag               0x080076e5   Thumb Code     6  tim.o(i.setNIntermediateTimIrqFlag)
    setNextRtcWakeUpFlag                     0x080076f1   Thumb Code     6  rtc.o(i.setNextRtcWakeUpFlag)
    setRtcInUseFlag                          0x080076fd   Thumb Code     6  rtc.o(i.setRtcInUseFlag)
    setRtcInUseForCsFlag                     0x08007709   Thumb Code     6  rtc.o(i.setRtcInUseForCsFlag)
    setRtcIrqFlag                            0x08007715   Thumb Code     6  rtc.o(i.setRtcIrqFlag)
    setRtcPrescFlag                          0x08007721   Thumb Code     6  rtc.o(i.setRtcPrescFlag)
    setS2lpIrqRaisedFlag                     0x0800772d   Thumb Code     6  gpio.o(i.setS2lpIrqRaisedFlag)
    AHBPrescTable                            0x08007884   Data          16  system_stm32l0xx.o(.constdata)
    PLLMulTable                              0x08007894   Data           9  system_stm32l0xx.o(.constdata)
    APBPrescTable                            0x0800789d   Data           8  system_stm32l0xx.o(.constdata)
    Region$$Table$$Base                      0x08007fc0   Number         0  anon$$obj.o(Region$$Table)
    Region$$Table$$Limit                     0x08007fe0   Number         0  anon$$obj.o(Region$$Table)
    board_data                               0x0800ff00   Data         128  sdk_utils_flash.o(.noinit.sigfox_board_data)
    nvm_data                                 0x0800ff80   Data         128  sdk_utils_flash.o(.noinit.sigfox_nvm_data)
    Tim6_Handler                             0x20000004   Data          60  main.o(.data)
    rtcHandler                               0x2000005c   Data           4  tim.o(.data)
    uwTick                                   0x200000a0   Data           4  stm32l0xx_hal.o(.data)
    SystemCoreClock                          0x200000a4   Data           4  system_stm32l0xx.o(.data)
    tmp                                      0x200000b0   Data           3  s2lp_aux_fem_auto.o(.data)
    PAGEError                                0x20000168   Data           4  sdk_utils_flash.o(.data)
    zeroIV                                   0x200001dc   Data          16  retriever_api.o(.data)
    __stdout                                 0x200001ec   Data           4  stdout.o(.data)
    __microlib_freelist                      0x200001f0   Data           4  mvars.o(.data)
    __microlib_freelist_initialised          0x200001f4   Data           4  mvars.o(.data)
    hrtc                                     0x200001f8   Data          36  rtc.o(.bss)
    hspi1                                    0x2000031c   Data          88  spi.o(.bss)
    hdma_spi1_tx                             0x20000374   Data          72  spi.o(.bss)
    hdma_spi1_rx                             0x200003bc   Data          72  spi.o(.bss)
    htim6                                    0x20000404   Data          60  tim.o(.bss)
    huart1                                   0x20000440   Data         128  usart.o(.bss)
    hdma_usart1_rx                           0x200004c0   Data          72  usart.o(.bss)
    hdma_usart1_tx                           0x20000508   Data          72  usart.o(.bss)
    pFlash                                   0x20000550   Data          24  stm32l0xx_hal_flash.o(.bss)
    g_state                                  0x20000870   Data           1  sigfox_api.o(.bss)
    rs                                       0x20000874   Data           4  sigfox_api.o(.bss)
    aes_in                                   0x20000878   Data          32  sigfox_hmac.o(.bss)
    __heap_base                              0x20000898   Data           0  startup_stm32l052xx.o(HEAP)
    __heap_limit                             0x20000a98   Data           0  startup_stm32l052xx.o(HEAP)
    __initial_sp                             0x20000e98   Data           0  startup_stm32l052xx.o(STACK)



==============================================================================

Memory Map of the image

  Image Entry point : 0x080000c1

  Load Region LR_IROM1 (Base: 0x08000000, Size: 0x000081d8, Max: 0x00010000, ABSOLUTE, COMPRESSED[0x0000802c])

    Execution Region ER_IROM1 (Exec base: 0x08000000, Load base: 0x08000000, Size: 0x00007fe0, Max: 0x00010000, ABSOLUTE)

    Exec Addr    Load Addr    Size         Type   Attr      Idx    E Section Name        Object

    0x08000000   0x08000000   0x000000c0   Data   RO            3    RESET               startup_stm32l052xx.o
    0x080000c0   0x080000c0   0x00000000   Code   RO         5411  * .ARM.Collect$$$$00000000  mc_p.l(entry.o)
    0x080000c0   0x080000c0   0x00000004   Code   RO         5719    .ARM.Collect$$$$00000001  mc_p.l(entry2.o)
    0x080000c4   0x080000c4   0x00000004   Code   RO         5722    .ARM.Collect$$$$00000004  mc_p.l(entry5.o)
    0x080000c8   0x080000c8   0x00000000   Code   RO         5724    .ARM.Collect$$$$00000008  mc_p.l(entry7b.o)
    0x080000c8   0x080000c8   0x00000000   Code   RO         5726    .ARM.Collect$$$$0000000A  mc_p.l(entry8b.o)
    0x080000c8   0x080000c8   0x00000008   Code   RO         5727    .ARM.Collect$$$$0000000B  mc_p.l(entry9a.o)
    0x080000d0   0x080000d0   0x00000000   Code   RO         5729    .ARM.Collect$$$$0000000D  mc_p.l(entry10a.o)
    0x080000d0   0x080000d0   0x00000000   Code   RO         5731    .ARM.Collect$$$$0000000F  mc_p.l(entry11a.o)
    0x080000d0   0x080000d0   0x00000004   Code   RO         5720    .ARM.Collect$$$$00002712  mc_p.l(entry2.o)
    0x080000d4   0x080000d4   0x0000001c   Code   RO            4    .text               startup_stm32l052xx.o
    0x080000f0   0x080000f0   0x00000bcc   Code   RO         5298    .text               ST_RETRIEVER_LIB_STM32L053xx.a(retriever_api.o)
    0x08000cbc   0x08000cbc   0x0000053c   Code   RO         5332    .text               SFX_LIB_MON_CortexM0+.a(sigfox_api.o)
    0x080011f8   0x080011f8   0x00000f1a   Code   RO         5354    .text               SFX_LIB_MON_CortexM0+.a(sigfox_internal.o)
    0x08002112   0x08002112   0x00000002   PAD
    0x08002114   0x08002114   0x0000007e   Code   RO         5381    .text               SFX_LIB_MON_CortexM0+.a(sigfox_crc.o)
    0x08002192   0x08002192   0x00000002   PAD
    0x08002194   0x08002194   0x0000020c   Code   RO         5388    .text               SFX_LIB_MON_CortexM0+.a(sigfox_decode.o)
    0x080023a0   0x080023a0   0x00000074   Code   RO         5396    .text               SFX_LIB_MON_CortexM0+.a(sigfox_hmac.o)
    0x08002414   0x08002414   0x00000064   Code   RO         5401    .text               SFX_LIB_MON_CortexM0+.a(sigfox_pn.o)
    0x08002478   0x08002478   0x0000008c   Code   RO         5406    .text               SFX_LIB_MON_CortexM0+.a(sigfox_scramb.o)
    0x08002504   0x08002504   0x0000002c   Code   RO         5414    .text               mc_p.l(uidiv.o)
    0x08002530   0x08002530   0x00000028   Code   RO         5416    .text               mc_p.l(idiv.o)
    0x08002558   0x08002558   0x00000060   Code   RO         5418    .text               mc_p.l(uldiv.o)
    0x080025b8   0x080025b8   0x0000007a   Code   RO         5420    .text               mc_p.l(llmul.o)
    0x08002632   0x08002632   0x00000024   Code   RO         5422    .text               mc_p.l(memcpya.o)
    0x08002656   0x08002656   0x00000024   Code   RO         5424    .text               mc_p.l(memseta.o)
    0x0800267a   0x0800267a   0x0000000e   Code   RO         5426    .text               mc_p.l(strlen.o)
    0x08002688   0x08002688   0x00000020   Code   RO         5734    .text               mc_p.l(llshl.o)
    0x080026a8   0x080026a8   0x00000022   Code   RO         5736    .text               mc_p.l(llushr.o)
    0x080026ca   0x080026ca   0x00000002   PAD
    0x080026cc   0x080026cc   0x00000024   Code   RO         5751    .text               mc_p.l(init.o)
    0x080026f0   0x080026f0   0x00000056   Code   RO         5767    .text               mc_p.l(__dczerorl2.o)
    0x08002746   0x08002746   0x00000002   PAD
    0x08002748   0x08002748   0x00000024   Code   RO         5243    i.CheckFlashAddress  sdk_utils_flash.o
    0x0800276c   0x0800276c   0x00000050   Code   RO          512    i.Configure_RTC_Clock  rtc.o
    0x080027bc   0x080027bc   0x00000018   Code   RO          896    i.DMA1_Channel2_3_IRQHandler  stm32l0xx_it.o
    0x080027d4   0x080027d4   0x00000018   Code   RO          897    i.DMA1_Channel4_5_6_7_IRQHandler  stm32l0xx_it.o
    0x080027ec   0x080027ec   0x0000002c   Code   RO         4002    i.DMA_SetConfig     stm32l0xx_hal_dma.o
    0x08002818   0x08002818   0x0000000a   Code   RO          898    i.EXTI0_1_IRQHandler  stm32l0xx_it.o
    0x08002822   0x08002822   0x00000002   PAD
    0x08002824   0x08002824   0x00000060   Code   RO         4569    i.EepromRead        s2lp_aux_eeprom.o
    0x08002884   0x08002884   0x00000024   Code   RO         4570    i.EepromSPICSHigh   s2lp_aux_eeprom.o
    0x080028a8   0x080028a8   0x00000028   Code   RO         4571    i.EepromSPICSLow    s2lp_aux_eeprom.o
    0x080028d0   0x080028d0   0x00000044   Code   RO         4575    i.EepromWaitEndWriteOperation  s2lp_aux_eeprom.o
    0x08002914   0x08002914   0x00000002   Code   RO          245    i.Error_Handler     main.o
    0x08002916   0x08002916   0x00000002   PAD
    0x08002918   0x08002918   0x00000058   Code   RO         4500    i.FEM_Init          s2lp_aux_fem_auto.o
    0x08002970   0x08002970   0x00000058   Code   RO         4501    i.FEM_Operation     s2lp_aux_fem_auto.o
    0x080029c8   0x080029c8   0x0000002c   Code   RO         3832    i.FLASH_PageErase   stm32l0xx_hal_flash_ex.o
    0x080029f4   0x080029f4   0x00000090   Code   RO         3734    i.FLASH_SetErrorCode  stm32l0xx_hal_flash.o
    0x08002a84   0x08002a84   0x00000070   Code   RO         3735    i.FLASH_WaitForLastOperation  stm32l0xx_hal_flash.o
    0x08002af4   0x08002af4   0x00000040   Code   RO         5244    i.FlashErase        sdk_utils_flash.o
    0x08002b34   0x08002b34   0x00000056   Code   RO         5245    i.FlashRead         sdk_utils_flash.o
    0x08002b8a   0x08002b8a   0x00000094   Code   RO         5246    i.FlashWrite        sdk_utils_flash.o
    0x08002c1e   0x08002c1e   0x00000002   PAD
    0x08002c20   0x08002c20   0x0000000c   Code   RO         4663    i.GetNVMBoardDataAddress  nvm_api.o
    0x08002c2c   0x08002c2c   0x0000000e   Code   RO         5247    i.GetNumberOfPagesByBytes  sdk_utils_flash.o
    0x08002c3a   0x08002c3a   0x000000a8   Code   RO         4008    i.HAL_DMA_IRQHandler  stm32l0xx_hal_dma.o
    0x08002ce2   0x08002ce2   0x00000002   PAD
    0x08002ce4   0x08002ce4   0x00000090   Code   RO         4009    i.HAL_DMA_Init      stm32l0xx_hal_dma.o
    0x08002d74   0x08002d74   0x00000068   Code   RO         4013    i.HAL_DMA_Start_IT  stm32l0xx_hal_dma.o
    0x08002ddc   0x08002ddc   0x0000001c   Code   RO         2783    i.HAL_Delay         stm32l0xx_hal.o
    0x08002df8   0x08002df8   0x00000078   Code   RO         3841    i.HAL_FLASHEx_Erase  stm32l0xx_hal_flash_ex.o
    0x08002e70   0x08002e70   0x0000000c   Code   RO         3737    i.HAL_FLASH_GetError  stm32l0xx_hal_flash.o
    0x08002e7c   0x08002e7c   0x0000001c   Code   RO         3739    i.HAL_FLASH_Lock    stm32l0xx_hal_flash.o
    0x08002e98   0x08002e98   0x0000003c   Code   RO         3744    i.HAL_FLASH_Program  stm32l0xx_hal_flash.o
    0x08002ed4   0x08002ed4   0x0000005c   Code   RO         3746    i.HAL_FLASH_Unlock  stm32l0xx_hal_flash.o
    0x08002f30   0x08002f30   0x00000028   Code   RO          341    i.HAL_GPIO_EXTI_Callback  gpio.o
    0x08002f58   0x08002f58   0x00000018   Code   RO         3942    i.HAL_GPIO_EXTI_IRQHandler  stm32l0xx_hal_gpio.o
    0x08002f70   0x08002f70   0x00000178   Code   RO         3943    i.HAL_GPIO_Init     stm32l0xx_hal_gpio.o
    0x080030e8   0x080030e8   0x0000000c   Code   RO         3947    i.HAL_GPIO_WritePin  stm32l0xx_hal_gpio.o
    0x080030f4   0x080030f4   0x0000000c   Code   RO         2787    i.HAL_GetTick       stm32l0xx_hal.o
    0x08003100   0x08003100   0x00000010   Code   RO         2791    i.HAL_IncTick       stm32l0xx_hal.o
    0x08003110   0x08003110   0x00000028   Code   RO         2792    i.HAL_Init          stm32l0xx_hal.o
    0x08003138   0x08003138   0x00000030   Code   RO         2793    i.HAL_InitTick      stm32l0xx_hal.o
    0x08003168   0x08003168   0x00000018   Code   RO          982    i.HAL_MspInit       stm32l0xx_hal_msp.o
    0x08003180   0x08003180   0x00000014   Code   RO         4269    i.HAL_NVIC_DisableIRQ  stm32l0xx_hal_cortex.o
    0x08003194   0x08003194   0x00000014   Code   RO         4270    i.HAL_NVIC_EnableIRQ  stm32l0xx_hal_cortex.o
    0x080031a8   0x080031a8   0x00000008   Code   RO         4274    i.HAL_NVIC_SetPriority  stm32l0xx_hal_cortex.o
    0x080031b0   0x080031b0   0x00000010   Code   RO         4100    i.HAL_PWR_EnableBkUpAccess  stm32l0xx_hal_pwr.o
    0x080031c0   0x080031c0   0x00000034   Code   RO         4107    i.HAL_PWR_EnterSTOPMode  stm32l0xx_hal_pwr.o
    0x080031f4   0x080031f4   0x00000178   Code   RO         3575    i.HAL_RCCEx_PeriphCLKConfig  stm32l0xx_hal_rcc_ex.o
    0x0800336c   0x0800336c   0x0000016c   Code   RO         3466    i.HAL_RCC_ClockConfig  stm32l0xx_hal_rcc.o
    0x080034d8   0x080034d8   0x00000020   Code   RO         3472    i.HAL_RCC_GetPCLK1Freq  stm32l0xx_hal_rcc.o
    0x080034f8   0x080034f8   0x00000020   Code   RO         3473    i.HAL_RCC_GetPCLK2Freq  stm32l0xx_hal_rcc.o
    0x08003518   0x08003518   0x00000078   Code   RO         3474    i.HAL_RCC_GetSysClockFreq  stm32l0xx_hal_rcc.o
    0x08003590   0x08003590   0x00000486   Code   RO         3477    i.HAL_RCC_OscConfig  stm32l0xx_hal_rcc.o
    0x08003a16   0x08003a16   0x0000007a   Code   RO         1142    i.HAL_RTCEx_DeactivateWakeUpTimer  stm32l0xx_hal_rtc_ex.o
    0x08003a90   0x08003a90   0x000000f8   Code   RO         1161    i.HAL_RTCEx_SetWakeUpTimer_IT  stm32l0xx_hal_rtc_ex.o
    0x08003b88   0x08003b88   0x00000002   Code   RO         1166    i.HAL_RTCEx_WakeUpTimerEventCallback  stm32l0xx_hal_rtc_ex.o
    0x08003b8a   0x08003b8a   0x00000002   PAD
    0x08003b8c   0x08003b8c   0x00000038   Code   RO         1167    i.HAL_RTCEx_WakeUpTimerIRQHandler  stm32l0xx_hal_rtc_ex.o
    0x08003bc4   0x08003bc4   0x000000bc   Code   RO         1010    i.HAL_RTC_Init      stm32l0xx_hal_rtc.o
    0x08003c80   0x08003c80   0x00000030   Code   RO          514    i.HAL_RTC_MspInit   rtc.o
    0x08003cb0   0x08003cb0   0x000000c4   Code   RO         1016    i.HAL_RTC_SetDate   stm32l0xx_hal_rtc.o
    0x08003d74   0x08003d74   0x000000e8   Code   RO         1017    i.HAL_RTC_SetTime   stm32l0xx_hal_rtc.o
    0x08003e5c   0x08003e5c   0x00000034   Code   RO         1018    i.HAL_RTC_WaitForSynchro  stm32l0xx_hal_rtc.o
    0x08003e90   0x08003e90   0x00000002   Code   RO         1354    i.HAL_SPI_ErrorCallback  stm32l0xx_hal_spi.o
    0x08003e92   0x08003e92   0x00000006   Code   RO         1356    i.HAL_SPI_GetState  stm32l0xx_hal_spi.o
    0x08003e98   0x08003e98   0x00000080   Code   RO         1358    i.HAL_SPI_Init      stm32l0xx_hal_spi.o
    0x08003f18   0x08003f18   0x000000dc   Code   RO          624    i.HAL_SPI_MspInit   spi.o
    0x08003ff4   0x08003ff4   0x00000002   Code   RO         1364    i.HAL_SPI_RxCpltCallback  stm32l0xx_hal_spi.o
    0x08003ff6   0x08003ff6   0x00000002   Code   RO         1365    i.HAL_SPI_RxHalfCpltCallback  stm32l0xx_hal_spi.o
    0x08003ff8   0x08003ff8   0x000001f0   Code   RO         1367    i.HAL_SPI_TransmitReceive  stm32l0xx_hal_spi.o
    0x080041e8   0x080041e8   0x00000128   Code   RO         1368    i.HAL_SPI_TransmitReceive_DMA  stm32l0xx_hal_spi.o
    0x08004310   0x08004310   0x00000024   Code   RO          625    i.HAL_SPI_TxRxCpltCallback  spi.o
    0x08004334   0x08004334   0x00000002   Code   RO         1375    i.HAL_SPI_TxRxHalfCpltCallback  stm32l0xx_hal_spi.o
    0x08004336   0x08004336   0x00000002   PAD
    0x08004338   0x08004338   0x00000030   Code   RO         4278    i.HAL_SYSTICK_Config  stm32l0xx_hal_cortex.o
    0x08004368   0x08004368   0x0000003c   Code   RO         2334    i.HAL_TIMEx_MasterConfigSynchronization  stm32l0xx_hal_tim_ex.o
    0x080043a4   0x080043a4   0x00000034   Code   RO         1667    i.HAL_TIM_Base_Init  stm32l0xx_hal_tim.o
    0x080043d8   0x080043d8   0x00000030   Code   RO          729    i.HAL_TIM_Base_MspInit  tim.o
    0x08004408   0x08004408   0x00000022   Code   RO         1670    i.HAL_TIM_Base_Start  stm32l0xx_hal_tim.o
    0x0800442a   0x0800442a   0x00000020   Code   RO         1672    i.HAL_TIM_Base_Start_IT  stm32l0xx_hal_tim.o
    0x0800444a   0x0800444a   0x00000002   PAD
    0x0800444c   0x0800444c   0x00000028   Code   RO         1673    i.HAL_TIM_Base_Stop  stm32l0xx_hal_tim.o
    0x08004474   0x08004474   0x00000024   Code   RO         1675    i.HAL_TIM_Base_Stop_IT  stm32l0xx_hal_tim.o
    0x08004498   0x08004498   0x00000002   Code   RO         1696    i.HAL_TIM_IC_CaptureCallback  stm32l0xx_hal_tim.o
    0x0800449a   0x0800449a   0x00000126   Code   RO         1710    i.HAL_TIM_IRQHandler  stm32l0xx_hal_tim.o
    0x080045c0   0x080045c0   0x00000002   Code   RO         1713    i.HAL_TIM_OC_DelayElapsedCallback  stm32l0xx_hal_tim.o
    0x080045c2   0x080045c2   0x00000002   Code   RO         1740    i.HAL_TIM_PWM_PulseFinishedCallback  stm32l0xx_hal_tim.o
    0x080045c4   0x080045c4   0x00000002   Code   RO         1748    i.HAL_TIM_PeriodElapsedCallback  stm32l0xx_hal_tim.o
    0x080045c6   0x080045c6   0x00000002   Code   RO         1753    i.HAL_TIM_TriggerCallback  stm32l0xx_hal_tim.o
    0x080045c8   0x080045c8   0x0000000a   Code   RO         2384    i.HAL_UART_GetState  stm32l0xx_hal_uart.o
    0x080045d2   0x080045d2   0x0000006a   Code   RO         2386    i.HAL_UART_Init     stm32l0xx_hal_uart.o
    0x0800463c   0x0800463c   0x000000d8   Code   RO          847    i.HAL_UART_MspInit  usart.o
    0x08004714   0x08004714   0x000000ce   Code   RO         2394    i.HAL_UART_Transmit  stm32l0xx_hal_uart.o
    0x080047e2   0x080047e2   0x00000002   Code   RO          899    i.HardFault_Handler  stm32l0xx_it.o
    0x080047e4   0x080047e4   0x0000000e   Code   RO         5144    i.MCU_API_aes_128_cbc_encrypt  mcu_api_stm32.o
    0x080047f2   0x080047f2   0x00000032   Code   RO         5145    i.MCU_API_delay     mcu_api_stm32.o
    0x08004824   0x08004824   0x00000004   Code   RO         5146    i.MCU_API_free      mcu_api_stm32.o
    0x08004828   0x08004828   0x00000018   Code   RO         5147    i.MCU_API_get_device_id_and_payload_encryption_flag  mcu_api_stm32.o
    0x08004840   0x08004840   0x0000000a   Code   RO         5148    i.MCU_API_get_initial_pac  mcu_api_stm32.o
    0x0800484a   0x0800484a   0x0000000a   Code   RO         5149    i.MCU_API_get_nv_mem  mcu_api_stm32.o
    0x08004854   0x08004854   0x00000010   Code   RO         5150    i.MCU_API_get_version  mcu_api_stm32.o
    0x08004864   0x08004864   0x0000000c   Code   RO         5151    i.MCU_API_get_voltage_temperature  mcu_api_stm32.o
    0x08004870   0x08004870   0x00000018   Code   RO         5152    i.MCU_API_malloc    mcu_api_stm32.o
    0x08004888   0x08004888   0x00000004   Code   RO         5153    i.MCU_API_report_test_result  mcu_api_stm32.o
    0x0800488c   0x0800488c   0x0000000a   Code   RO         5154    i.MCU_API_set_nv_mem  mcu_api_stm32.o
    0x08004896   0x08004896   0x00000002   PAD
    0x08004898   0x08004898   0x0000008c   Code   RO          730    i.MCU_API_timer_start  tim.o
    0x08004924   0x08004924   0x000000cc   Code   RO          731    i.MCU_API_timer_start_carrier_sense  tim.o
    0x080049f0   0x080049f0   0x0000001c   Code   RO          732    i.MCU_API_timer_stop  tim.o
    0x08004a0c   0x08004a0c   0x00000038   Code   RO          733    i.MCU_API_timer_stop_carrier_sense  tim.o
    0x08004a44   0x08004a44   0x0000001a   Code   RO          734    i.MCU_API_timer_wait_for_end  tim.o
    0x08004a5e   0x08004a5e   0x00000002   PAD
    0x08004a60   0x08004a60   0x00000120   Code   RO          246    i.MCU_Config        main.o
    0x08004b80   0x08004b80   0x00000004   Code   RO         4763    i.MONARCH_API_get_version  rf_api.o
    0x08004b84   0x08004b84   0x00000038   Code   RO          477    i.MX_DMA_Init       dma.o
    0x08004bbc   0x08004bbc   0x000000a8   Code   RO          342    i.MX_GPIO_Init      gpio.o
    0x08004c64   0x08004c64   0x00000090   Code   RO          515    i.MX_RTC_Init       rtc.o
    0x08004cf4   0x08004cf4   0x00000040   Code   RO          626    i.MX_SPI1_Init      spi.o
    0x08004d34   0x08004d34   0x00000048   Code   RO          735    i.MX_TIM6_Init      tim.o
    0x08004d7c   0x08004d7c   0x00000038   Code   RO          848    i.MX_USART1_UART_Init  usart.o
    0x08004db4   0x08004db4   0x00000002   Code   RO          900    i.NMI_Handler       stm32l0xx_it.o
    0x08004db6   0x08004db6   0x00000002   PAD
    0x08004db8   0x08004db8   0x00000044   Code   RO         4280    i.NVIC_SetPriority  stm32l0xx_hal_cortex.o
    0x08004dfc   0x08004dfc   0x00000012   Code   RO         4666    i.NVM_Read          nvm_api.o
    0x08004e0e   0x08004e0e   0x00000002   PAD
    0x08004e10   0x08004e10   0x000000a8   Code   RO         4667    i.NVM_ReadRecord    nvm_api.o
    0x08004eb8   0x08004eb8   0x00000012   Code   RO         4669    i.NVM_Write         nvm_api.o
    0x08004eca   0x08004eca   0x00000002   PAD
    0x08004ecc   0x08004ecc   0x00000088   Code   RO         4670    i.NVM_WriteRecord   nvm_api.o
    0x08004f54   0x08004f54   0x00000002   Code   RO          901    i.PendSV_Handler    stm32l0xx_it.o
    0x08004f56   0x08004f56   0x00000002   PAD
    0x08004f58   0x08004f58   0x000000d4   Code   RO         4768    i.RF_API_change_frequency  rf_api.o
    0x0800502c   0x0800502c   0x00000010   Code   RO         4769    i.RF_API_get_version  rf_api.o
    0x0800503c   0x0800503c   0x0000016c   Code   RO         4770    i.RF_API_init       rf_api.o
    0x080051a8   0x080051a8   0x00000058   Code   RO         4771    i.RF_API_send       rf_api.o
    0x08005200   0x08005200   0x00000090   Code   RO         4772    i.RF_API_start_continuous_transmission  rf_api.o
    0x08005290   0x08005290   0x00000024   Code   RO         4773    i.RF_API_stop       rf_api.o
    0x080052b4   0x080052b4   0x00000028   Code   RO         4774    i.RF_API_stop_continuous_transmission  rf_api.o
    0x080052dc   0x080052dc   0x0000018c   Code   RO         4775    i.RF_API_wait_for_clear_channel  rf_api.o
    0x08005468   0x08005468   0x000000f0   Code   RO         4776    i.RF_API_wait_frame  rf_api.o
    0x08005558   0x08005558   0x00000018   Code   RO         1020    i.RTC_ByteToBcd2    stm32l0xx_hal_rtc.o
    0x08005570   0x08005570   0x00000038   Code   RO         1021    i.RTC_EnterInitMode  stm32l0xx_hal_rtc.o
    0x080055a8   0x080055a8   0x00000090   Code   RO          902    i.RTC_IRQHandler    stm32l0xx_it.o
    0x08005638   0x08005638   0x0000000c   Code   RO          627    i.S2LPGetSpiInUse   spi.o
    0x08005644   0x08005644   0x00000068   Code   RO          343    i.S2LPIRQEnable     gpio.o
    0x080056ac   0x080056ac   0x00000050   Code   RO          344    i.S2LPIRQInit       gpio.o
    0x080056fc   0x080056fc   0x0000000c   Code   RO         4414    i.S2LPManagementGetRangeExtender  s2lp_aux_utils.o
    0x08005708   0x08005708   0x0000000c   Code   RO         4416    i.S2LPManagementGetXtalFrequency  s2lp_aux_utils.o
    0x08005714   0x08005714   0x0000000c   Code   RO         4418    i.S2LPManagementSetBand  s2lp_aux_utils.o
    0x08005720   0x08005720   0x0000000c   Code   RO         4419    i.S2LPManagementSetRangeExtender  s2lp_aux_utils.o
    0x0800572c   0x0800572c   0x00000002   Code   RO         4502    i.S2LPRadioSetPALevelMaxIndex  s2lp_aux_fem_auto.o
    0x0800572e   0x0800572e   0x00000002   Code   RO         4503    i.S2LPRadioSetPALeveldBm  s2lp_aux_fem_auto.o
    0x08005730   0x08005730   0x0000000c   Code   RO         4420    i.S2LPRadioSetXtalFrequency  s2lp_aux_utils.o
    0x0800573c   0x0800573c   0x00000014   Code   RO          346    i.S2LPShutdownEnter  gpio.o
    0x08005750   0x08005750   0x00000028   Code   RO          347    i.S2LPShutdownExit  gpio.o
    0x08005778   0x08005778   0x0000003c   Code   RO          348    i.S2LPShutdownInit  gpio.o
    0x080057b4   0x080057b4   0x00000108   Code   RO          630    i.S2LPSpiRaw        spi.o
    0x080058bc   0x080058bc   0x000000e4   Code   RO          634    i.S2LPSpiWriteRegisters  spi.o
    0x080059a0   0x080059a0   0x00000022   Code   RO         1386    i.SPI_DMAError      stm32l0xx_hal_spi.o
    0x080059c2   0x080059c2   0x0000000a   Code   RO         1387    i.SPI_DMAHalfReceiveCplt  stm32l0xx_hal_spi.o
    0x080059cc   0x080059cc   0x0000000a   Code   RO         1389    i.SPI_DMAHalfTransmitReceiveCplt  stm32l0xx_hal_spi.o
    0x080059d6   0x080059d6   0x00000056   Code   RO         1390    i.SPI_DMAReceiveCplt  stm32l0xx_hal_spi.o
    0x08005a2c   0x08005a2c   0x0000005c   Code   RO         1393    i.SPI_DMATransmitReceiveCplt  stm32l0xx_hal_spi.o
    0x08005a88   0x08005a88   0x0000005c   Code   RO         1395    i.SPI_EndRxTransaction  stm32l0xx_hal_spi.o
    0x08005ae4   0x08005ae4   0x00000042   Code   RO         1396    i.SPI_EndRxTxTransaction  stm32l0xx_hal_spi.o
    0x08005b26   0x08005b26   0x0000008c   Code   RO         1401    i.SPI_WaitFlagStateUntilTimeout  stm32l0xx_hal_spi.o
    0x08005bb2   0x08005bb2   0x00000002   PAD
    0x08005bb4   0x08005bb4   0x00000044   Code   RO          247    i.ST_Init           main.o
    0x08005bf8   0x08005bf8   0x00000014   Code   RO          349    i.ST_MCU_API_GpioIRQ  gpio.o
    0x08005c0c   0x08005c0c   0x00000012   Code   RO          351    i.ST_MCU_API_Shutdown  gpio.o
    0x08005c1e   0x08005c1e   0x0000000a   Code   RO          635    i.ST_MCU_API_SpiRaw  spi.o
    0x08005c28   0x08005c28   0x000000c0   Code   RO          736    i.ST_MCU_API_TimerCalibration  tim.o
    0x08005ce8   0x08005ce8   0x00000038   Code   RO          737    i.ST_MCU_API_WaitForInterrupt  tim.o
    0x08005d20   0x08005d20   0x0000000c   Code   RO         4778    i.ST_RF_API_Get_Continuous_TX_or_MONARCH_Scan_Flag  rf_api.o
    0x08005d2c   0x08005d2c   0x00000028   Code   RO         4781    i.ST_RF_API_S2LP_IRQ_CB  rf_api.o
    0x08005d54   0x08005d54   0x00000012   Code   RO         4783    i.ST_RF_API_StartRx  rf_api.o
    0x08005d66   0x08005d66   0x00000002   PAD
    0x08005d68   0x08005d68   0x00000024   Code   RO         4784    i.ST_RF_API_StartTx  rf_api.o
    0x08005d8c   0x08005d8c   0x00000012   Code   RO         4785    i.ST_RF_API_StopRxTx  rf_api.o
    0x08005d9e   0x08005d9e   0x00000002   PAD
    0x08005da0   0x08005da0   0x0000000c   Code   RO         4786    i.ST_RF_API_Timer_CB  rf_api.o
    0x08005dac   0x08005dac   0x0000000c   Code   RO         4787    i.ST_RF_API_Timer_Channel_Clear_CB  rf_api.o
    0x08005db8   0x08005db8   0x00000002   Code   RO         4788    i.ST_RF_API_custom_setting  rf_api.o
    0x08005dba   0x08005dba   0x00000002   PAD
    0x08005dbc   0x08005dbc   0x00000010   Code   RO         4791    i.ST_RF_API_get_ramp_duration  rf_api.o
    0x08005dcc   0x08005dcc   0x00000018   Code   RO         4795    i.ST_RF_API_gpio_rx_pin  rf_api.o
    0x08005de4   0x08005de4   0x00000018   Code   RO         4796    i.ST_RF_API_gpio_tx_pin  rf_api.o
    0x08005dfc   0x08005dfc   0x00000018   Code   RO         4797    i.ST_RF_API_gpio_tx_rx_pin  rf_api.o
    0x08005e14   0x08005e14   0x0000000c   Code   RO         4798    i.ST_RF_API_reduce_output_power  rf_api.o
    0x08005e20   0x08005e20   0x0000000c   Code   RO         4799    i.ST_RF_API_set_freq_offset  rf_api.o
    0x08005e2c   0x08005e2c   0x0000000c   Code   RO         4800    i.ST_RF_API_set_lbt_thr_offset  rf_api.o
    0x08005e38   0x08005e38   0x0000000c   Code   RO         4801    i.ST_RF_API_set_pa  rf_api.o
    0x08005e44   0x08005e44   0x0000000c   Code   RO         4802    i.ST_RF_API_set_rssi_offset  rf_api.o
    0x08005e50   0x08005e50   0x0000000c   Code   RO         4803    i.ST_RF_API_set_tcxo  rf_api.o
    0x08005e5c   0x08005e5c   0x0000000c   Code   RO         4804    i.ST_RF_API_set_xtal_freq  rf_api.o
    0x08005e68   0x08005e68   0x00000084   Code   RO           12    i.ST_Sigfox_Init    st_sigfox_init.o
    0x08005eec   0x08005eec   0x00000002   Code   RO          903    i.SVC_Handler       stm32l0xx_it.o
    0x08005eee   0x08005eee   0x00000002   PAD
    0x08005ef0   0x08005ef0   0x0000000c   Code   RO         4421    i.SdkEvalGetDaughterBoardType  s2lp_aux_utils.o
    0x08005efc   0x08005efc   0x00000002   Code   RO          636    i.SdkEvalSpiRawTC   spi.o
    0x08005efe   0x08005efe   0x00000002   PAD
    0x08005f00   0x08005f00   0x00000098   Code   RO          738    i.SdkEvalTimersFindFactors  tim.o
    0x08005f98   0x08005f98   0x00000090   Code   RO          739    i.SdkEvalTimersTimConfig  tim.o
    0x08006028   0x08006028   0x00000044   Code   RO         4671    i.SetNVMInitial     nvm_api.o
    0x0800606c   0x0800606c   0x00000108   Code   RO           14    i.St_Sigfox_Open_RCZ  st_sigfox_init.o
    0x08006174   0x08006174   0x00000008   Code   RO          904    i.SysTick_Handler   stm32l0xx_it.o
    0x0800617c   0x0800617c   0x00000070   Code   RO          248    i.SystemClock_Config  main.o
    0x080061ec   0x080061ec   0x00000054   Code   RO         4378    i.SystemInit        system_stm32l0xx.o
    0x08006240   0x08006240   0x00000010   Code   RO          905    i.TIM6_DAC_IRQHandler  stm32l0xx_it.o
    0x08006250   0x08006250   0x00000058   Code   RO         1755    i.TIM_Base_SetConfig  stm32l0xx_hal_tim.o
    0x080062a8   0x080062a8   0x000000ca   Code   RO         2399    i.UART_AdvFeatureConfig  stm32l0xx_hal_uart.o
    0x08006372   0x08006372   0x00000002   PAD
    0x08006374   0x08006374   0x00000060   Code   RO         2400    i.UART_CheckIdleState  stm32l0xx_hal_uart.o
    0x080063d4   0x080063d4   0x00000228   Code   RO         2415    i.UART_SetConfig    stm32l0xx_hal_uart.o
    0x080065fc   0x080065fc   0x00000062   Code   RO         2418    i.UART_WaitOnFlagUntilTimeout  stm32l0xx_hal_uart.o
    0x0800665e   0x0800665e   0x00000002   PAD
    0x08006660   0x08006660   0x00000020   Code   RO         5563    i.__0printf$5       mc_p.l(printf5.o)
    0x08006680   0x08006680   0x00000028   Code   RO         5565    i.__0sprintf$5      mc_p.l(printf5.o)
    0x080066a8   0x080066a8   0x00000030   Code   RO         5102    i.__ARM_common_ll_muluu  rf_api.o
    0x080066d8   0x080066d8   0x0000001a   Code   RO           40    i.__ARM_common_switch8  st_sigfox_init.o
    0x080066f2   0x080066f2   0x0000000e   Code   RO         5761    i.__scatterload_copy  mc_p.l(handlers.o)
    0x08006700   0x08006700   0x00000002   Code   RO         5762    i.__scatterload_null  mc_p.l(handlers.o)
    0x08006702   0x08006702   0x0000000e   Code   RO         5763    i.__scatterload_zeroinit  mc_p.l(handlers.o)
    0x08006710   0x08006710   0x000002dc   Code   RO         5570    i._printf_core      mc_p.l(printf5.o)
    0x080069ec   0x080069ec   0x00000040   Code   RO         4672    i._setBlockState    nvm_api.o
    0x08006a2c   0x08006a2c   0x0000000a   Code   RO         5572    i._sputc            mc_p.l(printf5.o)
    0x08006a36   0x08006a36   0x00000032   Code   RO         4673    i._writeRecordInternal  nvm_api.o
    0x08006a68   0x08006a68   0x00000014   Code   RO          352    i.button_pressed    gpio.o
    0x08006a7c   0x08006a7c   0x00000038   Code   RO          250    i.configWordRC2     main.o
    0x08006ab4   0x08006ab4   0x00000020   Code   RO          849    i.fputc             usart.o
    0x08006ad4   0x08006ad4   0x00000054   Code   RO         5691    i.free              mc_p.l(malloc.o)
    0x08006b28   0x08006b28   0x0000000c   Code   RO          353    i.getLowPowerFlag   gpio.o
    0x08006b34   0x08006b34   0x0000000c   Code   RO          740    i.getNIntermediateTimIrqFlag  tim.o
    0x08006b40   0x08006b40   0x0000000c   Code   RO          516    i.getNextRtcWakeUpFlag  rtc.o
    0x08006b4c   0x08006b4c   0x0000000c   Code   RO          741    i.getNotifyEndFlag  tim.o
    0x08006b58   0x08006b58   0x00000008   Code   RO          517    i.getRtcHandler     rtc.o
    0x08006b60   0x08006b60   0x0000000c   Code   RO          518    i.getRtcInUseFlag   rtc.o
    0x08006b6c   0x08006b6c   0x0000000c   Code   RO          519    i.getRtcInUseForCsFlag  rtc.o
    0x08006b78   0x08006b78   0x0000000c   Code   RO          520    i.getRtcIrqFlag     rtc.o
    0x08006b84   0x08006b84   0x0000000c   Code   RO          521    i.getRtcPrescFlag   rtc.o
    0x08006b90   0x08006b90   0x0000000c   Code   RO          354    i.getS2lpIrqRaisedFlag  gpio.o
    0x08006b9c   0x08006b9c   0x00000060   Code   RO          251    i.main              main.o
    0x08006bfc   0x08006bfc   0x0000006c   Code   RO         5692    i.malloc            mc_p.l(malloc.o)
    0x08006c68   0x08006c68   0x00000014   Code   RO          355    i.onButtonRelease   gpio.o
    0x08006c7c   0x08006c7c   0x00000034   Code   RO          252    i.openSigfoxLibRC2  main.o
    0x08006cb0   0x08006cb0   0x00000018   Code   RO         4806    i.pn9_next          rf_api.o
    0x08006cc8   0x08006cc8   0x00000016   Code   RO         4807    i.pn9_next_byte     rf_api.o
    0x08006cde   0x08006cde   0x00000002   PAD
    0x08006ce0   0x08006ce0   0x00000038   Code   RO          850    i.printUart         usart.o
    0x08006d18   0x08006d18   0x00000016   Code   RO         4808    i.priv_ST_MANUF_CmdStrobe  rf_api.o
    0x08006d2e   0x08006d2e   0x00000042   Code   RO         4809    i.priv_ST_MANUF_ReadRegisters  rf_api.o
    0x08006d70   0x08006d70   0x00000060   Code   RO         4810    i.priv_ST_MANUF_SpiRaw_Ramp  rf_api.o
    0x08006dd0   0x08006dd0   0x000000f4   Code   RO         4811    i.priv_ST_MANUF_Transmission_Tick  rf_api.o
    0x08006ec4   0x08006ec4   0x0000002e   Code   RO         4812    i.priv_ST_MANUF_WriteRegisters  rf_api.o
    0x08006ef2   0x08006ef2   0x00000002   PAD
    0x08006ef4   0x08006ef4   0x0000005c   Code   RO         4813    i.priv_ST_MANUF_rf_load_first_ramp_up  rf_api.o
    0x08006f50   0x08006f50   0x00000220   Code   RO         4814    i.priv_ST_MANUF_rx_rf_init  rf_api.o
    0x08007170   0x08007170   0x000003ac   Code   RO         4815    i.priv_ST_MANUF_tx_rf_dbpsk_init  rf_api.o
    0x0800751c   0x0800751c   0x0000003c   Code   RO         4816    i.priv_ST_MANUF_tx_rf_dbpsk_single_bit  rf_api.o
    0x08007558   0x08007558   0x000000d4   Code   RO         4817    i.priv_ST_MANUF_tx_rf_init  rf_api.o
    0x0800762c   0x0800762c   0x00000014   Code   RO          356    i.readButton        gpio.o
    0x08007640   0x08007640   0x000000a4   Code   RO          253    i.sendFrameRC2      main.o
    0x080076e4   0x080076e4   0x0000000c   Code   RO          742    i.setNIntermediateTimIrqFlag  tim.o
    0x080076f0   0x080076f0   0x0000000c   Code   RO          522    i.setNextRtcWakeUpFlag  rtc.o
    0x080076fc   0x080076fc   0x0000000c   Code   RO          523    i.setRtcInUseFlag   rtc.o
    0x08007708   0x08007708   0x0000000c   Code   RO          524    i.setRtcInUseForCsFlag  rtc.o
    0x08007714   0x08007714   0x0000000c   Code   RO          525    i.setRtcIrqFlag     rtc.o
    0x08007720   0x08007720   0x0000000c   Code   RO          526    i.setRtcPrescFlag   rtc.o
    0x0800772c   0x0800772c   0x0000000c   Code   RO          358    i.setS2lpIrqRaisedFlag  gpio.o
    0x08007738   0x08007738   0x000000e8   Data   RO           15    .constdata          st_sigfox_init.o
    0x08007820   0x08007820   0x00000028   Data   RO          254    .constdata          main.o
    0x08007848   0x08007848   0x0000003c   Data   RO          745    .constdata          tim.o
    0x08007884   0x08007884   0x00000019   Data   RO         4379    .constdata          system_stm32l0xx.o
    0x0800789d   0x0800789d   0x00000008   Data   RO         4380    .constdata          system_stm32l0xx.o
    0x080078a5   0x080078a5   0x00000050   Data   RO         4818    .constdata          rf_api.o
    0x080078f5   0x080078f5   0x000001e1   Data   RO         4819    .constdata          rf_api.o
    0x08007ad6   0x08007ad6   0x000001e1   Data   RO         4820    .constdata          rf_api.o
    0x08007cb7   0x08007cb7   0x00000007   Data   RO         5157    .constdata          mcu_api_stm32.o
    0x08007cbe   0x08007cbe   0x00000002   PAD
    0x08007cc0   0x08007cc0   0x00000100   Data   RO         5295    .rodata             ST_RETRIEVER_LIB_STM32L053xx.a(retriever_api.o)
    0x08007dc0   0x08007dc0   0x00000100   Data   RO         5296    .rodata             ST_RETRIEVER_LIB_STM32L053xx.a(retriever_api.o)
    0x08007ec0   0x08007ec0   0x00000100   Data   RO         5297    .rodata             ST_RETRIEVER_LIB_STM32L053xx.a(retriever_api.o)
    0x08007fc0   0x08007fc0   0x00000020   Data   RO         5759    Region$$Table       anon$$obj.o


    Execution Region BLOCK_SIGFOXUSER_FLASH_DATA (Exec base: 0x0800ff00, Load base: 0x0800802c, Size: 0x00000100, Max: 0x00000100, ABSOLUTE, UNINIT)

    Exec Addr    Load Addr    Size         Type   Attr      Idx    E Section Name        Object

    0x0800ff00        -       0x00000080   Zero   RW         5250    .noinit.sigfox_board_data  sdk_utils_flash.o
    0x0800ff80        -       0x00000080   Zero   RW         5251    .noinit.sigfox_nvm_data  sdk_utils_flash.o


    Execution Region RW_IRAM1 (Exec base: 0x20000000, Load base: 0x08007fe0, Size: 0x00000e98, Max: 0x00002000, ABSOLUTE, COMPRESSED[0x0000004c])

    Exec Addr    Load Addr    Size         Type   Attr      Idx    E Section Name        Object

    0x20000000   COMPRESSED   0x00000040   Data   RW          255    .data               main.o
    0x20000040   COMPRESSED   0x00000002   Data   RW          359    .data               gpio.o
    0x20000042   COMPRESSED   0x00000002   PAD
    0x20000044   COMPRESSED   0x0000000c   Data   RW          528    .data               rtc.o
    0x20000050   COMPRESSED   0x00000002   Data   RW          638    .data               spi.o
    0x20000052   COMPRESSED   0x00000002   PAD
    0x20000054   COMPRESSED   0x00000048   Data   RW          747    .data               tim.o
    0x2000009c   COMPRESSED   0x00000004   Data   RW          906    .data               stm32l0xx_it.o
    0x200000a0   COMPRESSED   0x00000004   Data   RW         2802    .data               stm32l0xx_hal.o
    0x200000a4   COMPRESSED   0x00000004   Data   RW         4381    .data               system_stm32l0xx.o
    0x200000a8   COMPRESSED   0x00000008   Data   RW         4424    .data               s2lp_aux_utils.o
    0x200000b0   COMPRESSED   0x00000003   Data   RW         4504    .data               s2lp_aux_fem_auto.o
    0x200000b3   COMPRESSED   0x00000001   PAD
    0x200000b4   COMPRESSED   0x00000010   Data   RW         4674    .data               nvm_api.o
    0x200000c4   COMPRESSED   0x000000a0   Data   RW         4821    .data               rf_api.o
    0x20000164   COMPRESSED   0x00000001   Data   RW         5158    .data               mcu_api_stm32.o
    0x20000165   COMPRESSED   0x00000003   PAD
    0x20000168   COMPRESSED   0x00000004   Data   RW         5249    .data               sdk_utils_flash.o
    0x2000016c   COMPRESSED   0x00000080   Data   RW         5299    .data               ST_RETRIEVER_LIB_STM32L053xx.a(retriever_api.o)
    0x200001ec   COMPRESSED   0x00000004   Data   RW         5733    .data               mc_p.l(stdout.o)
    0x200001f0   COMPRESSED   0x00000004   Data   RW         5738    .data               mc_p.l(mvars.o)
    0x200001f4   COMPRESSED   0x00000004   Data   RW         5739    .data               mc_p.l(mvars.o)
    0x200001f8        -       0x00000024   Zero   RW          527    .bss                rtc.o
    0x2000021c        -       0x000001e8   Zero   RW          637    .bss                spi.o
    0x20000404        -       0x0000003c   Zero   RW          744    .bss                tim.o
    0x20000440        -       0x00000110   Zero   RW          851    .bss                usart.o
    0x20000550        -       0x00000018   Zero   RW         3747    .bss                stm32l0xx_hal_flash.o
    0x20000568        -       0x00000058   Zero   RW         4580    .bss                s2lp_aux_eeprom.o
    0x200005c0        -       0x000001f4   Zero   RW         5156    .bss                mcu_api_stm32.o
    0x200007b4        -       0x0000000c   Zero   RW         5248    .bss                sdk_utils_flash.o
    0x200007c0        -       0x000000b0   Zero   RW         5294    .bss                ST_RETRIEVER_LIB_STM32L053xx.a(retriever_api.o)
    0x20000870        -       0x00000008   Zero   RW         5331    .bss                SFX_LIB_MON_CortexM0+.a(sigfox_api.o)
    0x20000878        -       0x00000020   Zero   RW         5395    .bss                SFX_LIB_MON_CortexM0+.a(sigfox_hmac.o)
    0x20000898        -       0x00000200   Zero   RW            2    HEAP                startup_stm32l052xx.o
    0x20000a98        -       0x00000400   Zero   RW            1    STACK               startup_stm32l052xx.o


==============================================================================

Image component sizes


      Code (inc. data)   RO Data    RW Data    ZI Data      Debug   Object Name

        56          4          0          0          0        806   dma.o
       646         86          0          2          0      13640   gpio.o
       838        274         40         64          0      10906   main.o
       178         14          7          1        500      25275   mcu_api_stm32.o
       534         30          0         16          0       6813   nvm_api.o
      4278        264       1042        160          0      52724   rf_api.o
       400         86          0         12         36       7693   rtc.o
       240         20          0          0         88       3770   s2lp_aux_eeprom.o
       180         18          0          3          0       3632   s2lp_aux_fem_auto.o
        72         36          0          8          0       4373   s2lp_aux_utils.o
       348         14          0          4        268       6010   sdk_utils_flash.o
       836         66          0          2        488       6595   spi.o
       422         26        232          0          0     414368   st_sigfox_init.o
        28          8        192          0       1536        672   startup_stm32l052xx.o
       144         20          0          4          0       4027   stm32l0xx_hal.o
       164         30          0          0          0      11491   stm32l0xx_hal_cortex.o
       460         12          0          0          0       3827   stm32l0xx_hal_dma.o
       448         60          0          0         24       6231   stm32l0xx_hal_flash.o
       164         24          0          0          0       2749   stm32l0xx_hal_flash_ex.o
       412         36          0          0          0       3115   stm32l0xx_hal_gpio.o
        24          4          0          0          0        470   stm32l0xx_hal_msp.o
        68         12          0          0          0       1219   stm32l0xx_hal_pwr.o
      1706         92          0          0          0       5816   stm32l0xx_hal_rcc.o
       376         14          0          0          0       1548   stm32l0xx_hal_rcc_ex.o
       748         14          0          0          0       5488   stm32l0xx_hal_rtc.o
       428         18          0          0          0       4119   stm32l0xx_hal_rtc_ex.o
      1464         22          0          0          0      12907   stm32l0xx_hal_spi.o
       586         20          0          0          0       8822   stm32l0xx_hal_tim.o
        60          0          0          0          0       1276   stm32l0xx_hal_tim_ex.o
      1270         76          0          0          0       7401   stm32l0xx_hal_uart.o
       234         54          0          4          0       5731   stm32l0xx_it.o
        84         18         33          4          0       1331   system_stm32l0xx.o
      1154        132         60         72         60       9858   tim.o
       360         36          0          0        272       3012   usart.o

    ----------------------------------------------------------------------
     19456       1640       1640        364       3272     657715   Object Totals
         0          0         32          0          0          0   (incl. Generated)
        46          0          2          8          0          0   (incl. Padding)

    ----------------------------------------------------------------------

      Code (inc. data)   RO Data    RW Data    ZI Data      Debug   Library Member Name

      1340         56          0          0          8       1109   sigfox_api.o
       126          8          0          0          0        150   sigfox_crc.o
       524         44          0          0          0        159   sigfox_decode.o
       116         12          0          0         32         80   sigfox_hmac.o
      3866         80          0          0          0       1593   sigfox_internal.o
       100          4          0          0          0         78   sigfox_pn.o
       140         16          0          0          0         79   sigfox_scramb.o
      3020         44        768        128        176       1834   retriever_api.o
        86          0          0          0          0          0   __dczerorl2.o
         0          0          0          0          0          0   entry.o
         0          0          0          0          0          0   entry10a.o
         0          0          0          0          0          0   entry11a.o
         8          4          0          0          0          0   entry2.o
         4          0          0          0          0          0   entry5.o
         0          0          0          0          0          0   entry7b.o
         0          0          0          0          0          0   entry8b.o
         8          4          0          0          0          0   entry9a.o
        30          0          0          0          0          0   handlers.o
        40          0          0          0          0         72   idiv.o
        36          8          0          0          0         68   init.o
       122          0          0          0          0         84   llmul.o
        32          0          0          0          0         68   llshl.o
        34          0          0          0          0         68   llushr.o
       192         20          0          0          0        144   malloc.o
        36          0          0          0          0         60   memcpya.o
        36          0          0          0          0        100   memseta.o
         0          0          0          8          0          0   mvars.o
       814         56          0          0          0        312   printf5.o
         0          0          0          4          0          0   stdout.o
        14          0          0          0          0         60   strlen.o
        44          0          0          0          0         72   uidiv.o
        96          0          0          0          0         84   uldiv.o

    ----------------------------------------------------------------------
     10872        356        768        140        216       6274   Library Totals
         8          0          0          0          0          0   (incl. Padding)

    ----------------------------------------------------------------------

      Code (inc. data)   RO Data    RW Data    ZI Data      Debug   Library Name

      6212        220          0          0         40       3248   SFX_LIB_MON_CortexM0+.a
      3020         44        768        128        176       1834   ST_RETRIEVER_LIB_STM32L053xx.a
      1632         92          0         12          0       1192   mc_p.l

    ----------------------------------------------------------------------
     10872        356        768        140        216       6274   Library Totals

    ----------------------------------------------------------------------

==============================================================================


      Code (inc. data)   RO Data    RW Data    ZI Data      Debug   

     30328       1996       2408        504       3488     650221   Grand Totals
     30328       1996       2408         76       3488     650221   ELF Image Totals (compressed)
     30328       1996       2408         76          0          0   ROM Totals

==============================================================================

    Total RO  Size (Code + RO Data)                32736 (  31.97kB)
    Total RW  Size (RW Data + ZI Data)              3992 (   3.90kB)
    Total ROM Size (Code + RO Data + RW Data)      32812 (  32.04kB)

==============================================================================

